117.136.70.250 - - [29/Apr/2015:00:18:04 +0800][0.000] "GET /v.gif?t=%E8%AF%A6%E6%83%85%E9%A1%B5%E9%9D%A2&did=8A2F9183-299E-4617-9862-573EEF58F386&p=app&page=%23%2Ftab%2Frank%2F50386145 HTTP/1.1" 200 0 "-" "Mozilla/5.0 (iPhone; CPU iPhone OS 8_1_3 like Mac OS X) AppleWebKit/600.1.4 (KHTML, like Gecko) Mobile/12B466 (5759917248)" -
49.116.211.131 - - [29/Apr/2015:00:18:09 +0800][0.000] "GET /v.gif?t=tab_%E5%88%B0%E6%9C%9F%E6%8F%90%E9%86%92&did=6475f91a8034347a&p=app&page=%23%2Ftab%2Fprofit%2Fstatus HTTP/1.1" 304 0 "-" "Mozilla/5.0 (Linux; Android 4.4.4; MI 4W Build/KTU84P) AppleWebKit/537.36 (KHTML, like Gecko) Version/4.0 Chrome/33.0.0.0 Mobile Safari/537.36" -
117.136.70.250 - - [29/Apr/2015:00:18:12 +0800][0.000] "GET /v.gif?rank_list_name=%E7%9F%A5%E5%90%8D%E9%93%B6%E8%A1%8C%E7%9F%AD%E6%9C%9F%E7%90%86%E8%B4%A2%E6%8E%92%E8%A1%8C&product_name=%E6%B2%83%E5%BE%B7%E6%B7%BB%E5%88%A91%E4%B8%AA%E6%9C%88&rank_index=8&t=rank_list_item_click_log&did=8A2F9183-299E-4617-9862-573EEF58F386&p=app&page=%23%2Ftab%2Frank%2Finfo%2F100181460 HTTP/1.1" 200 0 "-" "Mozilla/5.0 (iPhone; CPU iPhone OS 8_1_3 like Mac OS X) AppleWebKit/600.1.4 (KHTML, like Gecko) Mobile/12B466 (5759917248)" -
117.136.70.250 - - [29/Apr/2015:00:18:12 +0800][0.000] "GET /v.gif?rank_list_name=%E7%9F%A5%E5%90%8D%E9%93%B6%E8%A1%8C%E7%9F%AD%E6%9C%9F%E7%90%86%E8%B4%A2%E6%8E%92%E8%A1%8C&product_name=%E6%B2%83%E5%BE%B7%E6%B7%BB%E5%88%A92%E4%B8%AA%E6%9C%88&rank_index=7&t=rank_list_item_click_log&did=8A2F9183-299E-4617-9862-573EEF58F386&p=app&page=%23%2Ftab%2Frank%2F50345591 HTTP/1.1" 200 0 "-" "Mozilla/5.0 (iPhone; CPU iPhone OS 8_1_3 like Mac OS X) AppleWebKit/600.1.4 (KHTML, like Gecko) Mobile/12B466 (5759917248)" -
117.136.70.250 - - [29/Apr/2015:00:18:13 +0800][0.000] "GET /v.gif?t=%E8%AF%A6%E6%83%85%E9%A1%B5%E9%9D%A2&did=8A2F9183-299E-4617-9862-573EEF58F386&p=app&page=%23%2Ftab%2Frank%2F50345588 HTTP/1.1" 200 0 "-" "Mozilla/5.0 (iPhone; CPU iPhone OS 8_1_3 like Mac OS X) AppleWebKit/600.1.4 (KHTML, like Gecko) Mobile/12B466 (5759917248)" -
49.116.211.131 - - [29/Apr/2015:00:18:17 +0800][0.000] "GET /v.gif?t=%E6%B7%BB%E5%8A%A0%E9%A1%B5%E9%9D%A2&did=6475f91a8034347a&p=app&page=%23%2Ftab%2Fprofit%2Fadd%2Fbaby%2F40003687%3Fextra%3D%25E4%25BD%2599%25E9%25A2%259D%25E5%25AE%259D HTTP/1.1" 200 0 "-" "Mozilla/5.0 (Linux; Android 4.4.4; MI 4W Build/KTU84P) AppleWebKit/537.36 (KHTML, like Gecko) Version/4.0 Chrome/33.0.0.0 Mobile Safari/537.36" -
117.136.70.250 - - [29/Apr/2015:00:18:17 +0800][0.000] "GET /v.gif?rank_list_name=%E7%9F%A5%E5%90%8D%E9%93%B6%E8%A1%8C%E7%9F%AD%E6%9C%9F%E7%90%86%E8%B4%A2%E6%8E%92%E8%A1%8C&isSub=true&t=rank_list_click_log&did=8A2F9183-299E-4617-9862-573EEF58F386&p=app&page=%23%2Ftab%2Frank HTTP/1.1" 200 0 "-" "Mozilla/5.0 (iPhone; CPU iPhone OS 8_1_3 like Mac OS X) AppleWebKit/600.1.4 (KHTML, like Gecko) Mobile/12B466 (5759917248)" -
1.95.79.146 - - [29/Apr/2015:00:18:19 +0800][0.000] "GET /v.gif?t=web-start&did=web&p=app&page=%23%2Ftab%2Frank%2Fadd HTTP/1.1" 200 0 "http://localhost:8100/" "Mozilla/5.0 (iPhone; CPU iPhone OS 7_0 like Mac OS X; en-us) AppleWebKit/537.51.1 (KHTML, like Gecko) Version/7.0 Mobile/11A465 Safari/9537.53" -
117.136.70.250 - - [29/Apr/2015:00:18:19 +0800][0.000] "GET /v.gif?rank_list_name=%E7%9F%A5%E5%90%8D%E9%93%B6%E8%A1%8C%E7%9F%AD%E6%9C%9F%E7%90%86%E8%B4%A2%E6%8E%92%E8%A1%8C&product_name=2015%E5%B9%B4%E7%AC%AC17%E6%9C%9F%E5%A4%A9%E5%A4%A9%E4%B8%87%E5%88%A9%E5%AE%9DA%E6%AC%BE&rank_index=13&t=rank_list_item_click_log&did=8A2F9183-299E-4617-9862-573EEF58F386&p=app&page=%23%2Ftab%2Frank%2Finfo%2F100181460 HTTP/1.1" 200 0 "-" "Mozilla/5.0 (iPhone; CPU iPhone OS 8_1_3 like Mac OS X) AppleWebKit/600.1.4 (KHTML, like Gecko) Mobile/12B466 (5759917248)" -
117.136.70.250 - - [29/Apr/2015:00:18:20 +0800][0.000] "GET /v.gif?t=%E8%AF%A6%E6%83%85%E9%A1%B5%E9%9D%A2&did=8A2F9183-299E-4617-9862-573EEF58F386&p=app&page=%23%2Ftab%2Frank%2F50386690 HTTP/1.1" 200 0 "-" "Mozilla/5.0 (iPhone; CPU iPhone OS 8_1_3 like Mac OS X) AppleWebKit/600.1.4 (KHTML, like Gecko) Mobile/12B466 (5759917248)" -
60.255.181.35 - - [29/Apr/2015:00:18:22 +0800][0.000] "GET /v.gif?t=profits_status&did=813B7C16-D620-4E1E-8D16-E9DD90D9432B&p=app&page=%23%2Ftab%2Fprofit%2Fstatus HTTP/1.1" 200 0 "-" "Mozilla/5.0 (iPhone; CPU iPhone OS 8_2 like Mac OS X) AppleWebKit/600.1.4 (KHTML, like Gecko) Mobile/12D508 (341319152)" -
49.116.211.131 - - [29/Apr/2015:00:18:24 +0800][0.000] "GET /v.gif?t=%E6%B7%BB%E5%8A%A0%E9%A1%B5%E9%9D%A2&did=6475f91a8034347a&p=app&page=%23%2Ftab%2Fprofit%2Fadd%2Fbaby%2F40003684%3Fextra%3D%25E5%25BE%25AE%25E4%25BF%25A1%25E7%2590%2586%25E8%25B4%25A2%25E9%2580%259A HTTP/1.1" 200 0 "-" "Mozilla/5.0 (Linux; Android 4.4.4; MI 4W Build/KTU84P) AppleWebKit/537.36 (KHTML, like Gecko) Version/4.0 Chrome/33.0.0.0 Mobile Safari/537.36" -
117.136.70.250 - - [29/Apr/2015:00:18:25 +0800][0.000] "GET /v.gif?rank_list_name=%E7%9F%A5%E5%90%8D%E9%93%B6%E8%A1%8C%E7%9F%AD%E6%9C%9F%E7%90%86%E8%B4%A2%E6%8E%92%E8%A1%8C&product_name=2015%E5%B9%B4%E7%AC%AC17%E6%9C%9F%E5%A4%A9%E5%A4%A9%E4%B8%87%E5%88%A9%E5%AE%9DA%E6%AC%BE&rank_index=13&t=rank_list_item_click_log&did=8A2F9183-299E-4617-9862-573EEF58F386&p=app&page=%23%2Ftab%2Frank%2Finfo%2F100181460 HTTP/1.1" 200 0 "-" "Mozilla/5.0 (iPhone; CPU iPhone OS 8_1_3 like Mac OS X) AppleWebKit/600.1.4 (KHTML, like Gecko) Mobile/12B466 (5759917248)" -
117.136.70.250 - - [29/Apr/2015:00:18:25 +0800][0.000] "GET /v.gif?t=%E8%AF%A6%E6%83%85%E9%A1%B5%E9%9D%A2&did=8A2F9183-299E-4617-9862-573EEF58F386&p=app&page=%23%2Ftab%2Frank%2F50386690 HTTP/1.1" 200 0 "-" "Mozilla/5.0 (iPhone; CPU iPhone OS 8_1_3 like Mac OS X) AppleWebKit/600.1.4 (KHTML, like Gecko) Mobile/12B466 (5759917248)" -
60.255.181.35 - - [29/Apr/2015:00:18:35 +0800][0.000] "GET /v.gif?t=profit2detail&did=813B7C16-D620-4E1E-8D16-E9DD90D9432B&p=app&page=%23%2Ftab%2Fprofit%2Fstatus HTTP/1.1" 200 0 "-" "Mozilla/5.0 (iPhone; CPU iPhone OS 8_2 like Mac OS X) AppleWebKit/600.1.4 (KHTML, like Gecko) Mobile/12D508 (341319152)" -
60.255.181.35 - - [29/Apr/2015:00:18:35 +0800][0.000] "GET /v.gif?t=%E8%AF%A6%E6%83%85%E9%A1%B5%E9%9D%A2&did=813B7C16-D620-4E1E-8D16-E9DD90D9432B&p=app&page=%23%2Ftab%2Fprofit%2F30048838 HTTP/1.1" 200 0 "-" "Mozilla/5.0 (iPhone; CPU iPhone OS 8_2 like Mac OS X) AppleWebKit/600.1.4 (KHTML, like Gecko) Mobile/12D508 (341319152)" -
49.116.211.131 - - [29/Apr/2015:00:18:36 +0800][0.000] "GET /v.gif?t=tab_%E5%B7%B2%E8%B4%AD%E4%BA%A7%E5%93%81&did=6475f91a8034347a&p=app&page=%23%2Ftab%2Fprofit%2Fstatus HTTP/1.1" 304 0 "-" "Mozilla/5.0 (Linux; Android 4.4.4; MI 4W Build/KTU84P) AppleWebKit/537.36 (KHTML, like Gecko) Version/4.0 Chrome/33.0.0.0 Mobile Safari/537.36" -
49.116.211.131 - - [29/Apr/2015:00:18:41 +0800][0.000] "GET /v.gif?t=profit2detail&did=6475f91a8034347a&p=app&page=%23%2Ftab%2Fprofit%2Fstatus HTTP/1.1" 304 0 "-" "Mozilla/5.0 (Linux; Android 4.4.4; MI 4W Build/KTU84P) AppleWebKit/537.36 (KHTML, like Gecko) Version/4.0 Chrome/33.0.0.0 Mobile Safari/537.36" -
49.116.211.131 - - [29/Apr/2015:00:18:42 +0800][0.000] "GET /v.gif?t=%E8%AF%A6%E6%83%85%E9%A1%B5%E9%9D%A2&did=6475f91a8034347a&p=app&page=%23%2Ftab%2Fprofit%2F40003684 HTTP/1.1" 304 0 "-" "Mozilla/5.0 (Linux; Android 4.4.4; MI 4W Build/KTU84P) AppleWebKit/537.36 (KHTML, like Gecko) Version/4.0 Chrome/33.0.0.0 Mobile Safari/537.36" -
223.73.196.159 - - [29/Apr/2015:00:18:43 +0800][0.000] "GET /v.gif?rank_list_name=%E6%9C%88%E5%BA%A6%E6%9C%80%E8%B5%9A%E5%9F%BA%E9%87%91%E6%8E%92%E8%A1%8C&product_name=%E5%AF%8C%E5%9B%BD%E5%8C%BB%E7%96%97%E4%BF%9D%E5%81%A5%E8%A1%8C%E4%B8%9A&rank_index=2&t=rank_list_item_click_log&did=18146803-F776-4EEE-9EAD-8463C1451C47&p=app&page=%23%2Ftab%2Frank%2Finfo%2F100181465 HTTP/1.1" 200 0 "-" "Mozilla/5.0 (iPhone; CPU iPhone OS 8_2 like Mac OS X) AppleWebKit/600.1.4 (KHTML, like Gecko) Mobile/12D508 (5441180576)" -
223.73.196.159 - - [29/Apr/2015:00:18:43 +0800][0.000] "GET /v.gif?t=%E8%AF%A6%E6%83%85%E9%A1%B5%E9%9D%A2&did=18146803-F776-4EEE-9EAD-8463C1451C47&p=app&page=%23%2Ftab%2Frank%2F30003087 HTTP/1.1" 200 0 "-" "Mozilla/5.0 (iPhone; CPU iPhone OS 8_2 like Mac OS X) AppleWebKit/600.1.4 (KHTML, like Gecko) Mobile/12D508 (5441180576)" -
49.116.211.131 - - [29/Apr/2015:00:18:47 +0800][0.000] "GET /v.gif?t=calculate_profit&did=6475f91a8034347a&p=app&page=%23%2Ftab%2Fprofit%2F40003684 HTTP/1.1" 200 0 "-" "Mozilla/5.0 (Linux; Android 4.4.4; MI 4W Build/KTU84P) AppleWebKit/537.36 (KHTML, like Gecko) Version/4.0 Chrome/33.0.0.0 Mobile Safari/537.36" -
223.73.196.159 - - [29/Apr/2015:00:18:58 +0800][0.000] "GET /v.gif?rank_list_name=%E6%9C%88%E5%BA%A6%E6%9C%80%E8%B5%9A%E5%9F%BA%E9%87%91%E6%8E%92%E8%A1%8C&product_name=%E4%BF%A1%E8%AF%9A%E7%B2%BE%E8%90%83%E6%88%90%E9%95%BF&rank_index=3&t=rank_list_item_click_log&did=18146803-F776-4EEE-9EAD-8463C1451C47&p=app&page=%23%2Ftab%2Frank%2Finfo%2F100181465 HTTP/1.1" 200 0 "-" "Mozilla/5.0 (iPhone; CPU iPhone OS 8_2 like Mac OS X) AppleWebKit/600.1.4 (KHTML, like Gecko) Mobile/12D508 (5441180576)" -
223.73.196.159 - - [29/Apr/2015:00:18:58 +0800][0.000] "GET /v.gif?t=%E8%AF%A6%E6%83%85%E9%A1%B5%E9%9D%A2&did=18146803-F776-4EEE-9EAD-8463C1451C47&p=app&page=%23%2Ftab%2Frank%2F30003015 HTTP/1.1" 200 0 "-" "Mozilla/5.0 (iPhone; CPU iPhone OS 8_2 like Mac OS X) AppleWebKit/600.1.4 (KHTML, like Gecko) Mobile/12D508 (5441180576)" -
60.255.181.35 - - [29/Apr/2015:00:19:00 +0800][0.000] "GET /v.gif?t=profit2detail&did=813B7C16-D620-4E1E-8D16-E9DD90D9432B&p=app&page=%23%2Ftab%2Fprofit%2Fstatus HTTP/1.1" 200 0 "-" "Mozilla/5.0 (iPhone; CPU iPhone OS 8_2 like Mac OS X) AppleWebKit/600.1.4 (KHTML, like Gecko) Mobile/12D508 (341319152)" -
60.255.181.35 - - [29/Apr/2015:00:19:00 +0800][0.000] "GET /v.gif?t=%E8%AF%A6%E6%83%85%E9%A1%B5%E9%9D%A2&did=813B7C16-D620-4E1E-8D16-E9DD90D9432B&p=app&page=%23%2Ftab%2Fprofit%2F30048838 HTTP/1.1" 200 0 "-" "Mozilla/5.0 (iPhone; CPU iPhone OS 8_2 like Mac OS X) AppleWebKit/600.1.4 (KHTML, like Gecko) Mobile/12D508 (341319152)" -
223.73.196.159 - - [29/Apr/2015:00:19:03 +0800][0.000] "GET /v.gif?rank_list_name=%E6%9C%88%E5%BA%A6%E6%9C%80%E8%B5%9A%E5%9F%BA%E9%87%91%E6%8E%92%E8%A1%8C&product_name=%E4%B8%8A%E8%AF%81%E9%9D%9E%E5%91%A8%E6%9C%9F100ETF&rank_index=5&t=rank_list_item_click_log&did=18146803-F776-4EEE-9EAD-8463C1451C47&p=app&page=%23%2Ftab%2Frank%2Finfo%2F100181465 HTTP/1.1" 200 0 "-" "Mozilla/5.0 (iPhone; CPU iPhone OS 8_2 like Mac OS X) AppleWebKit/600.1.4 (KHTML, like Gecko) Mobile/12D508 (5441180576)" -
223.73.196.159 - - [29/Apr/2015:00:19:03 +0800][0.000] "GET /v.gif?t=%E8%AF%A6%E6%83%85%E9%A1%B5%E9%9D%A2&did=18146803-F776-4EEE-9EAD-8463C1451C47&p=app&page=%23%2Ftab%2Frank%2F30000175 HTTP/1.1" 200 0 "-" "Mozilla/5.0 (iPhone; CPU iPhone OS 8_2 like Mac OS X) AppleWebKit/600.1.4 (KHTML, like Gecko) Mobile/12D508 (5441180576)" -
223.73.196.159 - - [29/Apr/2015:00:19:04 +0800][0.000] "GET /v.gif?rank_list_name=%E6%9C%88%E5%BA%A6%E6%9C%80%E8%B5%9A%E5%9F%BA%E9%87%91%E6%8E%92%E8%A1%8C&product_name=%E4%B8%8A%E8%AF%81%E9%9D%9E%E5%91%A8%E6%9C%9F100ETF&rank_index=5&t=rank_list_item_click_log&did=18146803-F776-4EEE-9EAD-8463C1451C47&p=app&page=%23%2Ftab%2Frank%2F30000175 HTTP/1.1" 200 0 "-" "Mozilla/5.0 (iPhone; CPU iPhone OS 8_2 like Mac OS X) AppleWebKit/600.1.4 (KHTML, like Gecko) Mobile/12D508 (5441180576)" -
60.255.181.35 - - [29/Apr/2015:00:19:13 +0800][0.000] "GET /v.gif?t=profit2detail&did=813B7C16-D620-4E1E-8D16-E9DD90D9432B&p=app&page=%23%2Ftab%2Fprofit%2Fstatus HTTP/1.1" 200 0 "-" "Mozilla/5.0 (iPhone; CPU iPhone OS 8_2 like Mac OS X) AppleWebKit/600.1.4 (KHTML, like Gecko) Mobile/12D508 (341319152)" -
60.255.181.35 - - [29/Apr/2015:00:19:13 +0800][0.000] "GET /v.gif?t=%E8%AF%A6%E6%83%85%E9%A1%B5%E9%9D%A2&did=813B7C16-D620-4E1E-8D16-E9DD90D9432B&p=app&page=%23%2Ftab%2Fprofit%2F30003114 HTTP/1.1" 200 0 "-" "Mozilla/5.0 (iPhone; CPU iPhone OS 8_2 like Mac OS X) AppleWebKit/600.1.4 (KHTML, like Gecko) Mobile/12D508 (341319152)" -
60.255.181.35 - - [29/Apr/2015:00:19:18 +0800][0.000] "GET /v.gif?t=detail_page_switch_curve_duration&did=813B7C16-D620-4E1E-8D16-E9DD90D9432B&p=app&page=%23%2Ftab%2Fprofit%2F30003114 HTTP/1.1" 200 0 "-" "Mozilla/5.0 (iPhone; CPU iPhone OS 8_2 like Mac OS X) AppleWebKit/600.1.4 (KHTML, like Gecko) Mobile/12D508 (341319152)" -
114.98.17.244 - - [29/Apr/2015:00:19:37 +0800][0.000] "GET /v.gif?t=app-start&did=C3EAE388-6299-499D-AB87-5629FA9B8205&p=app&page=%23%2Ftab%2Frank HTTP/1.1" 200 0 "-" "Mozilla/5.0 (iPhone; CPU iPhone OS 8_2 like Mac OS X) AppleWebKit/600.1.4 (KHTML, like Gecko) Mobile/12D508 (5172717504)" -
114.98.17.244 - - [29/Apr/2015:00:19:40 +0800][0.000] "GET /v.gif?t=profits_status&did=C3EAE388-6299-499D-AB87-5629FA9B8205&p=app&page=%23%2Ftab%2Fprofit%2Fstatus HTTP/1.1" 200 0 "-" "Mozilla/5.0 (iPhone; CPU iPhone OS 8_2 like Mac OS X) AppleWebKit/600.1.4 (KHTML, like Gecko) Mobile/12D508 (5172717504)" -
114.98.17.244 - - [29/Apr/2015:00:19:44 +0800][0.000] "GET /v.gif?t=%E5%85%B3%E6%B3%A8%E9%A1%B5%E9%9D%A2&did=C3EAE388-6299-499D-AB87-5629FA9B8205&p=app&page=%23%2Ftab%2Fstar HTTP/1.1" 200 0 "-" "Mozilla/5.0 (iPhone; CPU iPhone OS 8_2 like Mac OS X) AppleWebKit/600.1.4 (KHTML, like Gecko) Mobile/12D508 (5172717504)" -
114.98.17.244 - - [29/Apr/2015:00:19:50 +0800][0.000] "GET /v.gif?t=%E6%96%B0%E6%89%8B%E5%BC%95%E5%AF%BC_%E5%B1%95%E7%8E%B0&did=C3EAE388-6299-499D-AB87-5629FA9B8205&p=app&page=%23%2Ftab%2Fprofit%2Fsearch%3Ffr%3Dadd HTTP/1.1" 200 0 "-" "Mozilla/5.0 (iPhone; CPU iPhone OS 8_2 like Mac OS X) AppleWebKit/600.1.4 (KHTML, like Gecko) Mobile/12D508 (5172717504)" -
114.98.17.244 - - [29/Apr/2015:00:19:50 +0800][0.000] "GET /v.gif?t=%E6%90%9C%E7%B4%A2%E9%A1%B5%E9%9D%A2&did=C3EAE388-6299-499D-AB87-5629FA9B8205&p=app&page=%23%2Ftab%2Fprofit%2Fsearch%3Ffr%3Dadd HTTP/1.1" 200 0 "-" "Mozilla/5.0 (iPhone; CPU iPhone OS 8_2 like Mac OS X) AppleWebKit/600.1.4 (KHTML, like Gecko) Mobile/12D508 (5172717504)" -
114.98.17.244 - - [29/Apr/2015:00:19:58 +0800][0.000] "GET /v.gif?t=search_do&did=C3EAE388-6299-499D-AB87-5629FA9B8205&p=app&page=%23%2Ftab%2Fprofit%2Fsearch%2Fresult%3Fquery%3D%25E4%25BD%2599%25E9%25A2%259D%25E5%25AE%259D%26fr%3Dadd HTTP/1.1" 200 0 "-" "Mozilla/5.0 (iPhone; CPU iPhone OS 8_2 like Mac OS X) AppleWebKit/600.1.4 (KHTML, like Gecko) Mobile/12D508 (5172717504)" -
114.98.17.244 - - [29/Apr/2015:00:20:05 +0800][0.000] "GET /v.gif?t=%E6%B7%BB%E5%8A%A0%E9%A1%B5%E9%9D%A2&did=C3EAE388-6299-499D-AB87-5629FA9B8205&p=app&page=%23%2Ftab%2Fprofit%2Fadd%2Fbaby%2F40003687 HTTP/1.1" 200 0 "-" "Mozilla/5.0 (iPhone; CPU iPhone OS 8_2 like Mac OS X) AppleWebKit/600.1.4 (KHTML, like Gecko) Mobile/12D508 (5172717504)" -
223.73.196.159 - - [29/Apr/2015:00:20:11 +0800][0.000] "GET /v.gif?rank_list_name=%E6%9C%88%E5%BA%A6%E6%9C%80%E8%B5%9A%E5%9F%BA%E9%87%91%E6%8E%92%E8%A1%8C&product_name=%E5%98%89%E5%AE%9E50&rank_index=10&t=rank_list_item_click_log&did=18146803-F776-4EEE-9EAD-8463C1451C47&p=app&page=%23%2Ftab%2Frank%2Finfo%2F100181465 HTTP/1.1" 200 0 "-" "Mozilla/5.0 (iPhone; CPU iPhone OS 8_2 like Mac OS X) AppleWebKit/600.1.4 (KHTML, like Gecko) Mobile/12D508 (5441180576)" -
223.73.196.159 - - [29/Apr/2015:00:20:11 +0800][0.000] "GET /v.gif?t=%E8%AF%A6%E6%83%85%E9%A1%B5%E9%9D%A2&did=18146803-F776-4EEE-9EAD-8463C1451C47&p=app&page=%23%2Ftab%2Frank%2F30000685 HTTP/1.1" 200 0 "-" "Mozilla/5.0 (iPhone; CPU iPhone OS 8_2 like Mac OS X) AppleWebKit/600.1.4 (KHTML, like Gecko) Mobile/12D508 (5441180576)" -
223.73.196.159 - - [29/Apr/2015:00:20:11 +0800][0.000] "GET /v.gif?rank_list_name=%E6%9C%88%E5%BA%A6%E6%9C%80%E8%B5%9A%E5%9F%BA%E9%87%91%E6%8E%92%E8%A1%8C&product_name=%E5%98%89%E5%AE%9E50&rank_index=10&t=rank_list_item_click_log&did=18146803-F776-4EEE-9EAD-8463C1451C47&p=app&page=%23%2Ftab%2Frank%2F30000685 HTTP/1.1" 200 0 "-" "Mozilla/5.0 (iPhone; CPU iPhone OS 8_2 like Mac OS X) AppleWebKit/600.1.4 (KHTML, like Gecko) Mobile/12D508 (5441180576)" -
223.73.196.159 - - [29/Apr/2015:00:20:19 +0800][0.000] "GET /v.gif?rank_list_name=%E6%9C%88%E5%BA%A6%E6%9C%80%E8%B5%9A%E5%9F%BA%E9%87%91%E6%8E%92%E8%A1%8C&product_name=%E6%98%93%E6%96%B9%E8%BE%BE%E6%96%B0%E5%85%B4%E6%88%90%E9%95%BF&rank_index=12&t=rank_list_item_click_log&did=18146803-F776-4EEE-9EAD-8463C1451C47&p=app&page=%23%2Ftab%2Frank%2Finfo%2F100181465 HTTP/1.1" 200 0 "-" "Mozilla/5.0 (iPhone; CPU iPhone OS 8_2 like Mac OS X) AppleWebKit/600.1.4 (KHTML, like Gecko) Mobile/12D508 (5441180576)" -
223.73.196.159 - - [29/Apr/2015:00:20:19 +0800][0.000] "GET /v.gif?t=%E8%AF%A6%E6%83%85%E9%A1%B5%E9%9D%A2&did=18146803-F776-4EEE-9EAD-8463C1451C47&p=app&page=%23%2Ftab%2Frank%2F30001482 HTTP/1.1" 200 0 "-" "Mozilla/5.0 (iPhone; CPU iPhone OS 8_2 like Mac OS X) AppleWebKit/600.1.4 (KHTML, like Gecko) Mobile/12D508 (5441180576)" -
223.73.196.159 - - [29/Apr/2015:00:20:19 +0800][0.000] "GET /v.gif?rank_list_name=%E6%9C%88%E5%BA%A6%E6%9C%80%E8%B5%9A%E5%9F%BA%E9%87%91%E6%8E%92%E8%A1%8C&product_name=%E6%98%93%E6%96%B9%E8%BE%BE%E6%96%B0%E5%85%B4%E6%88%90%E9%95%BF&rank_index=12&t=rank_list_item_click_log&did=18146803-F776-4EEE-9EAD-8463C1451C47&p=app&page=%23%2Ftab%2Frank%2F30001482 HTTP/1.1" 200 0 "-" "Mozilla/5.0 (iPhone; CPU iPhone OS 8_2 like Mac OS X) AppleWebKit/600.1.4 (KHTML, like Gecko) Mobile/12D508 (5441180576)" -
114.98.17.244 - - [29/Apr/2015:00:20:44 +0800][0.000] "GET /v.gif?t=tab_%E7%90%86%E8%B4%A2%E8%AF%8A%E6%96%AD&did=C3EAE388-6299-499D-AB87-5629FA9B8205&p=app&page=%23%2Ftab%2Fprofit%2Fstatus HTTP/1.1" 200 0 "-" "Mozilla/5.0 (iPhone; CPU iPhone OS 8_2 like Mac OS X) AppleWebKit/600.1.4 (KHTML, like Gecko) Mobile/12D508 (5172717504)" -
223.73.196.159 - - [29/Apr/2015:00:20:50 +0800][0.000] "GET /v.gif?rank_list_name=%E6%9C%88%E5%BA%A6%E6%9C%80%E8%B5%9A%E5%9F%BA%E9%87%91%E6%8E%92%E8%A1%8C&product_name=%E5%AE%9D%E7%9B%88%E6%96%B0%E4%BB%B7%E5%80%BC&rank_index=13&t=rank_list_item_click_log&did=18146803-F776-4EEE-9EAD-8463C1451C47&p=app&page=%23%2Ftab%2Frank%2Finfo%2F100181465 HTTP/1.1" 200 0 "-" "Mozilla/5.0 (iPhone; CPU iPhone OS 8_2 like Mac OS X) AppleWebKit/600.1.4 (KHTML, like Gecko) Mobile/12D508 (5441180576)" -
223.73.196.159 - - [29/Apr/2015:00:20:50 +0800][0.000] "GET /v.gif?t=%E8%AF%A6%E6%83%85%E9%A1%B5%E9%9D%A2&did=18146803-F776-4EEE-9EAD-8463C1451C47&p=app&page=%23%2Ftab%2Frank%2F30001536 HTTP/1.1" 200 0 "-" "Mozilla/5.0 (iPhone; CPU iPhone OS 8_2 like Mac OS X) AppleWebKit/600.1.4 (KHTML, like Gecko) Mobile/12D508 (5441180576)" -
114.98.17.244 - - [29/Apr/2015:00:21:10 +0800][0.000] "GET /v.gif?t=search_do&did=C3EAE388-6299-499D-AB87-5629FA9B8205&p=app&page=%23%2Ftab%2Fprofit%2Fsearch%2Fresult%3Fquery%3D%25E9%2599%2586%25E9%2587%2591%25E6%2589%2580%26fr%3Dadd HTTP/1.1" 200 0 "-" "Mozilla/5.0 (iPhone; CPU iPhone OS 8_2 like Mac OS X) AppleWebKit/600.1.4 (KHTML, like Gecko) Mobile/12D508 (5172717504)" -
123.81.161.33 - - [29/Apr/2015:00:21:17 +0800][0.000] "GET /v.gif?t=app-start&did=de0ea771e9c3e6bc&p=app&page= HTTP/1.1" 200 0 "-" "Mozilla/5.0 (Linux; U; Android 4.1.2; zh-cn; HUAWEI G520-5000 Build/HuaweiG520-5000) AppleWebKit/534.30 (KHTML, like Gecko) Version/4.0 Mobile Safari/534.30" -
123.81.161.33 - - [29/Apr/2015:00:21:22 +0800][0.000] "GET /v.gif?rank_list_name=%E4%BA%92%E8%81%94%E7%BD%91%E5%AE%9D%E5%AE%9D%E7%B1%BB%E7%90%86%E8%B4%A2%E6%9C%88%E6%8E%92%E8%A1%8C&isSub=true&t=rank_list_click_log&did=de0ea771e9c3e6bc&p=app&page=%23%2Ftab%2Frank HTTP/1.1" 200 0 "-" "Mozilla/5.0 (Linux; U; Android 4.1.2; zh-cn; HUAWEI G520-5000 Build/HuaweiG520-5000) AppleWebKit/534.30 (KHTML, like Gecko) Version/4.0 Mobile Safari/534.30" -
114.98.17.244 - - [29/Apr/2015:00:21:24 +0800][0.000] "GET /v.gif?t=add_search_enter&did=C3EAE388-6299-499D-AB87-5629FA9B8205&p=app&page=%23%2Ftab%2Fprofit%2Fsearch%3Ffr%3Dadd HTTP/1.1" 200 0 "-" "Mozilla/5.0 (iPhone; CPU iPhone OS 8_2 like Mac OS X) AppleWebKit/600.1.4 (KHTML, like Gecko) Mobile/12D508 (5172717504)" -
114.98.17.244 - - [29/Apr/2015:00:21:25 +0800][0.000] "GET /v.gif?t=search_do&did=C3EAE388-6299-499D-AB87-5629FA9B8205&p=app&page=%23%2Ftab%2Fprofit%2Fsearch%3Ffr%3Dadd HTTP/1.1" 200 0 "-" "Mozilla/5.0 (iPhone; CPU iPhone OS 8_2 like Mac OS X) AppleWebKit/600.1.4 (KHTML, like Gecko) Mobile/12D508 (5172717504)" -
123.81.161.33 - - [29/Apr/2015:00:21:33 +0800][0.000] "GET /v.gif?rank_list_name=%E4%BA%92%E8%81%94%E7%BD%91%E5%AE%9D%E5%AE%9D%E7%B1%BB%E7%90%86%E8%B4%A2%E6%9C%88%E6%8E%92%E8%A1%8C&product_name=%E4%B8%AD%E5%8A%A0%E5%A4%A9%E6%B7%BB%E5%AE%9D&rank_index=1&t=rank_list_item_click_log&did=de0ea771e9c3e6bc&p=app&page=%23%2Ftab%2Frank%2Finfo%2F100181419 HTTP/1.1" 200 0 "-" "Mozilla/5.0 (Linux; U; Android 4.1.2; zh-cn; HUAWEI G520-5000 Build/HuaweiG520-5000) AppleWebKit/534.30 (KHTML, like Gecko) Version/4.0 Mobile Safari/534.30" -
123.81.161.33 - - [29/Apr/2015:00:21:33 +0800][0.000] "GET /v.gif?t=%E8%AF%A6%E6%83%85%E9%A1%B5%E9%9D%A2&did=de0ea771e9c3e6bc&p=app&page=%23%2Ftab%2Frank%2F40003651 HTTP/1.1" 200 0 "-" "Mozilla/5.0 (Linux; U; Android 4.1.2; zh-cn; HUAWEI G520-5000 Build/HuaweiG520-5000) AppleWebKit/534.30 (KHTML, like Gecko) Version/4.0 Mobile Safari/534.30" -
223.73.196.159 - - [29/Apr/2015:00:21:35 +0800][0.000] "GET /v.gif?rank_list_name=%E4%BF%A1%E6%89%98%E4%BA%A7%E5%93%81%E6%94%B6%E7%9B%8A%E6%8E%92%E8%A1%8C&isSub=true&t=rank_list_click_log&did=18146803-F776-4EEE-9EAD-8463C1451C47&p=app&page=%23%2Ftab%2Frank HTTP/1.1" 200 0 "-" "Mozilla/5.0 (iPhone; CPU iPhone OS 8_2 like Mac OS X) AppleWebKit/600.1.4 (KHTML, like Gecko) Mobile/12D508 (5441180576)" -
223.73.196.159 - - [29/Apr/2015:00:21:44 +0800][0.000] "GET /v.gif?rank_list_name=%E4%BF%A1%E6%89%98%E4%BA%A7%E5%93%81%E6%94%B6%E7%9B%8A%E6%8E%92%E8%A1%8C&product_name=%E5%A4%AA%E9%BE%99%E9%87%91%E8%8C%82%E5%81%A5%E5%BA%B7%E4%BA%A7%E4%B8%9A%E5%B9%B6%E8%B4%AD%E5%9F%BA%E9%87%91%E9%9B%86%E5%90%88%E8%B5%84%E9%87%91%E4%BF%A1%E6%89%98%E8%AE%A1%E5%88%92&rank_index=1&t=rank_list_item_click_log&did=18146803-F776-4EEE-9EAD-8463C1451C47&p=app&page=%23%2Ftab%2Frank%2Finfo%2F100181714 HTTP/1.1" 200 0 "-" "Mozilla/5.0 (iPhone; CPU iPhone OS 8_2 like Mac OS X) AppleWebKit/600.1.4 (KHTML, like Gecko) Mobile/12D508 (5441180576)" -
223.73.196.159 - - [29/Apr/2015:00:21:45 +0800][0.000] "GET /v.gif?t=%E8%AF%A6%E6%83%85%E9%A1%B5%E9%9D%A2&did=18146803-F776-4EEE-9EAD-8463C1451C47&p=app&page=%23%2Ftab%2Frank%2F60297421 HTTP/1.1" 200 0 "-" "Mozilla/5.0 (iPhone; CPU iPhone OS 8_2 like Mac OS X) AppleWebKit/600.1.4 (KHTML, like Gecko) Mobile/12D508 (5441180576)" -
114.98.17.244 - - [29/Apr/2015:00:21:50 +0800][0.000] "GET /v.gif?t=search_do&did=C3EAE388-6299-499D-AB87-5629FA9B8205&p=app&page=%23%2Ftab%2Fprofit%2Fsearch%2Fresult%3Fquery%3D%25E4%25BB%25BB%25E6%2580%25A7%26fr%3Dadd HTTP/1.1" 200 0 "-" "Mozilla/5.0 (iPhone; CPU iPhone OS 8_2 like Mac OS X) AppleWebKit/600.1.4 (KHTML, like Gecko) Mobile/12D508 (5172717504)" -
223.73.196.159 - - [29/Apr/2015:00:21:58 +0800][0.000] "GET /v.gif?rank_list_name=2015%E5%B9%B4%E4%BA%92%E8%81%94%E7%BD%91%E7%90%86%E8%B4%A2%E5%93%AA%E5%AE%B6%E5%BC%BA&isSub=true&t=rank_list_click_log&did=18146803-F776-4EEE-9EAD-8463C1451C47&p=app&page=%23%2Ftab%2Frank HTTP/1.1" 200 0 "-" "Mozilla/5.0 (iPhone; CPU iPhone OS 8_2 like Mac OS X) AppleWebKit/600.1.4 (KHTML, like Gecko) Mobile/12D508 (5441180576)" -
114.98.17.244 - - [29/Apr/2015:00:22:04 +0800][0.000] "GET /v.gif?t=%E6%B7%BB%E5%8A%A0%E9%A1%B5%E9%9D%A2&did=C3EAE388-6299-499D-AB87-5629FA9B8205&p=app&page=%23%2Ftab%2Fprofit%2Fadd%2Fbaby%2F40003664 HTTP/1.1" 200 0 "-" "Mozilla/5.0 (iPhone; CPU iPhone OS 8_2 like Mac OS X) AppleWebKit/600.1.4 (KHTML, like Gecko) Mobile/12D508 (5172717504)" -
223.73.196.159 - - [29/Apr/2015:00:22:11 +0800][0.000] "GET /v.gif?rank_list_name=%E7%9F%A5%E5%90%8D%E9%93%B6%E8%A1%8C%E7%9F%AD%E6%9C%9F%E7%90%86%E8%B4%A2%E6%8E%92%E8%A1%8C&isSub=true&t=rank_list_click_log&did=18146803-F776-4EEE-9EAD-8463C1451C47&p=app&page=%23%2Ftab%2Frank HTTP/1.1" 200 0 "-" "Mozilla/5.0 (iPhone; CPU iPhone OS 8_2 like Mac OS X) AppleWebKit/600.1.4 (KHTML, like Gecko) Mobile/12D508 (5441180576)" -
114.98.17.244 - - [29/Apr/2015:00:22:16 +0800][0.000] "GET /v.gif?t=tab_%E5%B7%B2%E8%B4%AD%E4%BA%A7%E5%93%81&did=C3EAE388-6299-499D-AB87-5629FA9B8205&p=app&page=%23%2Ftab%2Fprofit%2Fstatus HTTP/1.1" 200 0 "-" "Mozilla/5.0 (iPhone; CPU iPhone OS 8_2 like Mac OS X) AppleWebKit/600.1.4 (KHTML, like Gecko) Mobile/12D508 (5172717504)" -
223.73.196.159 - - [29/Apr/2015:00:22:17 +0800][0.000] "GET /v.gif?t=profits_status&did=18146803-F776-4EEE-9EAD-8463C1451C47&p=app&page=%23%2Ftab%2Fprofit%2Fstatus HTTP/1.1" 200 0 "-" "Mozilla/5.0 (iPhone; CPU iPhone OS 8_2 like Mac OS X) AppleWebKit/600.1.4 (KHTML, like Gecko) Mobile/12D508 (5441180576)" -
114.98.17.244 - - [29/Apr/2015:00:22:20 +0800][0.000] "GET /v.gif?t=profit2detail&did=C3EAE388-6299-499D-AB87-5629FA9B8205&p=app&page=%23%2Ftab%2Fprofit%2Fstatus HTTP/1.1" 200 0 "-" "Mozilla/5.0 (iPhone; CPU iPhone OS 8_2 like Mac OS X) AppleWebKit/600.1.4 (KHTML, like Gecko) Mobile/12D508 (5172717504)" -
114.98.17.244 - - [29/Apr/2015:00:22:20 +0800][0.000] "GET /v.gif?t=%E8%AF%A6%E6%83%85%E9%A1%B5%E9%9D%A2&did=C3EAE388-6299-499D-AB87-5629FA9B8205&p=app&page=%23%2Ftab%2Fprofit%2F40003664 HTTP/1.1" 200 0 "-" "Mozilla/5.0 (iPhone; CPU iPhone OS 8_2 like Mac OS X) AppleWebKit/600.1.4 (KHTML, like Gecko) Mobile/12D508 (5172717504)" -
114.98.17.244 - - [29/Apr/2015:00:22:23 +0800][0.000] "GET /v.gif?t=profit2detail&did=C3EAE388-6299-499D-AB87-5629FA9B8205&p=app&page=%23%2Ftab%2Fprofit%2Fstatus HTTP/1.1" 200 0 "-" "Mozilla/5.0 (iPhone; CPU iPhone OS 8_2 like Mac OS X) AppleWebKit/600.1.4 (KHTML, like Gecko) Mobile/12D508 (5172717504)" -
223.73.196.159 - - [29/Apr/2015:00:22:24 +0800][0.000] "GET /v.gif?t=%E5%85%B3%E6%B3%A8%E9%A1%B5%E9%9D%A2&did=18146803-F776-4EEE-9EAD-8463C1451C47&p=app&page=%23%2Ftab%2Fstar HTTP/1.1" 200 0 "-" "Mozilla/5.0 (iPhone; CPU iPhone OS 8_2 like Mac OS X) AppleWebKit/600.1.4 (KHTML, like Gecko) Mobile/12D508 (5441180576)" -
114.98.17.244 - - [29/Apr/2015:00:22:25 +0800][0.000] "GET /v.gif?t=%E8%AF%A6%E6%83%85%E9%A1%B5%E9%9D%A2&did=C3EAE388-6299-499D-AB87-5629FA9B8205&p=app&page=%23%2Ftab%2Fprofit%2F40003687 HTTP/1.1" 200 0 "-" "Mozilla/5.0 (iPhone; CPU iPhone OS 8_2 like Mac OS X) AppleWebKit/600.1.4 (KHTML, like Gecko) Mobile/12D508 (5172717504)" -
223.73.196.159 - - [29/Apr/2015:00:22:27 +0800][0.000] "GET /v.gif?t=%E6%90%9C%E7%B4%A2%E9%A1%B5%E9%9D%A2&did=18146803-F776-4EEE-9EAD-8463C1451C47&p=app&page=%23%2Ftab%2Fsearch HTTP/1.1" 200 0 "-" "Mozilla/5.0 (iPhone; CPU iPhone OS 8_2 like Mac OS X) AppleWebKit/600.1.4 (KHTML, like Gecko) Mobile/12D508 (5441180576)" -
223.73.196.159 - - [29/Apr/2015:00:22:28 +0800][0.000] "GET /v.gif?t=%E6%9B%B4%E5%A4%9A%E9%A1%B5%E9%9D%A2&did=18146803-F776-4EEE-9EAD-8463C1451C47&p=app&page=%23%2Ftab%2Fmore HTTP/1.1" 200 0 "-" "Mozilla/5.0 (iPhone; CPU iPhone OS 8_2 like Mac OS X) AppleWebKit/600.1.4 (KHTML, like Gecko) Mobile/12D508 (5441180576)" -
114.98.17.244 - - [29/Apr/2015:00:22:33 +0800][0.000] "GET /v.gif?t=tab_%E7%90%86%E8%B4%A2%E8%AF%8A%E6%96%AD&did=C3EAE388-6299-499D-AB87-5629FA9B8205&p=app&page=%23%2Ftab%2Fprofit%2Fstatus HTTP/1.1" 200 0 "-" "Mozilla/5.0 (iPhone; CPU iPhone OS 8_2 like Mac OS X) AppleWebKit/600.1.4 (KHTML, like Gecko) Mobile/12D508 (5172717504)" -
114.98.17.244 - - [29/Apr/2015:00:22:45 +0800][0.000] "GET /v.gif?t=tab_%E5%88%B0%E6%9C%9F%E6%8F%90%E9%86%92&did=C3EAE388-6299-499D-AB87-5629FA9B8205&p=app&page=%23%2Ftab%2Fprofit%2Fstatus HTTP/1.1" 200 0 "-" "Mozilla/5.0 (iPhone; CPU iPhone OS 8_2 like Mac OS X) AppleWebKit/600.1.4 (KHTML, like Gecko) Mobile/12D508 (5172717504)" -
114.98.17.244 - - [29/Apr/2015:00:22:51 +0800][0.000] "GET /v.gif?t=%E6%90%9C%E7%B4%A2%E9%A1%B5%E9%9D%A2&did=C3EAE388-6299-499D-AB87-5629FA9B8205&p=app&page=%23%2Ftab%2Fsearch HTTP/1.1" 200 0 "-" "Mozilla/5.0 (iPhone; CPU iPhone OS 8_2 like Mac OS X) AppleWebKit/600.1.4 (KHTML, like Gecko) Mobile/12D508 (5172717504)" -
114.98.17.244 - - [29/Apr/2015:00:22:54 +0800][0.000] "GET /v.gif?t=%E6%9B%B4%E5%A4%9A%E9%A1%B5%E9%9D%A2&did=C3EAE388-6299-499D-AB87-5629FA9B8205&p=app&page=%23%2Ftab%2Fmore HTTP/1.1" 200 0 "-" "Mozilla/5.0 (iPhone; CPU iPhone OS 8_2 like Mac OS X) AppleWebKit/600.1.4 (KHTML, like Gecko) Mobile/12D508 (5172717504)" -
114.98.17.244 - - [29/Apr/2015:00:23:02 +0800][0.000] "GET /v.gif?rank_list_name=%E6%9C%88%E5%BA%A6%E6%9C%80%E8%B5%9A%E5%9F%BA%E9%87%91%E6%8E%92%E8%A1%8C&isSub=true&t=rank_list_click_log&did=C3EAE388-6299-499D-AB87-5629FA9B8205&p=app&page=%23%2Ftab%2Frank HTTP/1.1" 200 0 "-" "Mozilla/5.0 (iPhone; CPU iPhone OS 8_2 like Mac OS X) AppleWebKit/600.1.4 (KHTML, like Gecko) Mobile/12D508 (5172717504)" -
114.98.17.244 - - [29/Apr/2015:00:23:19 +0800][0.000] "GET /v.gif?rank_list_name=%E6%9C%88%E5%BA%A6%E6%9C%80%E8%B5%9A%E5%9F%BA%E9%87%91%E6%8E%92%E8%A1%8C&product_name=%E5%8D%97%E6%96%B9%E5%B0%8F%E5%BA%B7ETF&rank_index=1&t=rank_list_item_click_log&did=C3EAE388-6299-499D-AB87-5629FA9B8205&p=app&page=%23%2Ftab%2Frank%2Finfo%2F100181465 HTTP/1.1" 200 0 "-" "Mozilla/5.0 (iPhone; CPU iPhone OS 8_2 like Mac OS X) AppleWebKit/600.1.4 (KHTML, like Gecko) Mobile/12D508 (5172717504)" -
114.98.17.244 - - [29/Apr/2015:00:23:19 +0800][0.000] "GET /v.gif?t=%E8%AF%A6%E6%83%85%E9%A1%B5%E9%9D%A2&did=C3EAE388-6299-499D-AB87-5629FA9B8205&p=app&page=%23%2Ftab%2Frank%2F30000192 HTTP/1.1" 200 0 "-" "Mozilla/5.0 (iPhone; CPU iPhone OS 8_2 like Mac OS X) AppleWebKit/600.1.4 (KHTML, like Gecko) Mobile/12D508 (5172717504)" -
114.254.43.178 - - [29/Apr/2015:00:23:32 +0800][0.000] "GET /v.gif?t=app-start&did=944CC836-F76E-4F01-8CA9-7CA7F37D89BF&p=app&page=%23%2Ftab%2Fprofit%2Fstatus HTTP/1.1" 200 0 "-" "Mozilla/5.0 (iPhone; CPU iPhone OS 8_1_3 like Mac OS X) AppleWebKit/600.1.4 (KHTML, like Gecko) Mobile/12B466 (5316363616)" -
114.254.43.178 - - [29/Apr/2015:00:23:32 +0800][0.000] "GET /v.gif?t=profits_status&did=944CC836-F76E-4F01-8CA9-7CA7F37D89BF&p=app&page=%23%2Ftab%2Fprofit%2Fstatus HTTP/1.1" 200 0 "-" "Mozilla/5.0 (iPhone; CPU iPhone OS 8_1_3 like Mac OS X) AppleWebKit/600.1.4 (KHTML, like Gecko) Mobile/12B466 (5316363616)" -
114.98.17.244 - - [29/Apr/2015:00:23:55 +0800][0.000] "GET /v.gif?t=calculate_profit&did=C3EAE388-6299-499D-AB87-5629FA9B8205&p=app&page=%23%2Ftab%2Frank%2F30000192 HTTP/1.1" 200 0 "-" "Mozilla/5.0 (iPhone; CPU iPhone OS 8_2 like Mac OS X) AppleWebKit/600.1.4 (KHTML, like Gecko) Mobile/12D508 (5172717504)" -
114.98.17.244 - - [29/Apr/2015:00:24:31 +0800][0.000] "GET /v.gif?rank_list_name=2015%E5%B9%B4%E4%BA%92%E8%81%94%E7%BD%91%E7%90%86%E8%B4%A2%E5%93%AA%E5%AE%B6%E5%BC%BA&isSub=true&t=rank_list_click_log&did=C3EAE388-6299-499D-AB87-5629FA9B8205&p=app&page=%23%2Ftab%2Frank HTTP/1.1" 200 0 "-" "Mozilla/5.0 (iPhone; CPU iPhone OS 8_2 like Mac OS X) AppleWebKit/600.1.4 (KHTML, like Gecko) Mobile/12D508 (5172717504)" -
114.98.17.244 - - [29/Apr/2015:00:24:42 +0800][0.000] "GET /v.gif?rank_list_name=2015%E5%B9%B4%E4%BA%92%E8%81%94%E7%BD%91%E7%90%86%E8%B4%A2%E5%93%AA%E5%AE%B6%E5%BC%BA&product_name=%E8%85%BE%E8%AE%AF%E4%BD%A3%E9%87%91%E5%AE%9D&rank_index=1&t=rank_list_item_click_log&did=C3EAE388-6299-499D-AB87-5629FA9B8205&p=app&page=%23%2Ftab%2Frank%2Finfo%2F100181459 HTTP/1.1" 200 0 "-" "Mozilla/5.0 (iPhone; CPU iPhone OS 8_2 like Mac OS X) AppleWebKit/600.1.4 (KHTML, like Gecko) Mobile/12D508 (5172717504)" -
114.98.17.244 - - [29/Apr/2015:00:24:43 +0800][0.000] "GET /v.gif?t=%E8%AF%A6%E6%83%85%E9%A1%B5%E9%9D%A2&did=C3EAE388-6299-499D-AB87-5629FA9B8205&p=app&page=%23%2Ftab%2Frank%2F40003633 HTTP/1.1" 200 0 "-" "Mozilla/5.0 (iPhone; CPU iPhone OS 8_2 like Mac OS X) AppleWebKit/600.1.4 (KHTML, like Gecko) Mobile/12D508 (5172717504)" -
114.98.17.244 - - [29/Apr/2015:00:24:58 +0800][0.000] "GET /v.gif?t=calculate_profit&did=C3EAE388-6299-499D-AB87-5629FA9B8205&p=app&page=%23%2Ftab%2Frank%2F40003633 HTTP/1.1" 200 0 "-" "Mozilla/5.0 (iPhone; CPU iPhone OS 8_2 like Mac OS X) AppleWebKit/600.1.4 (KHTML, like Gecko) Mobile/12D508 (5172717504)" -
101.247.240.232 - - [29/Apr/2015:00:25:04 +0800][0.000] "GET /v.gif?t=profit2detail&did=34c739b8154bdb08&p=app&page=%23%2Ftab%2Fprofit%2Fstatus HTTP/1.1" 304 0 "-" "Mozilla/5.0 (Linux; Android 4.4.2; H60-L02 Build/HDH60-L02) AppleWebKit/537.36 (KHTML, like Gecko) Version/4.0 Chrome/30.0.0.0 Mobile Safari/537.36" -
101.247.240.232 - - [29/Apr/2015:00:25:04 +0800][0.000] "GET /v.gif?t=%E8%AF%A6%E6%83%85%E9%A1%B5%E9%9D%A2&did=34c739b8154bdb08&p=app&page=%23%2Ftab%2Fprofit%2F30374708 HTTP/1.1" 200 0 "-" "Mozilla/5.0 (Linux; Android 4.4.2; H60-L02 Build/HDH60-L02) AppleWebKit/537.36 (KHTML, like Gecko) Version/4.0 Chrome/30.0.0.0 Mobile Safari/537.36" -
123.81.161.33 - - [29/Apr/2015:00:25:10 +0800][0.000] "GET /v.gif?t=app-start&did=de0ea771e9c3e6bc&p=app&page= HTTP/1.1" 200 0 "-" "Mozilla/5.0 (Linux; U; Android 4.1.2; zh-cn; HUAWEI G520-5000 Build/HuaweiG520-5000) AppleWebKit/534.30 (KHTML, like Gecko) Version/4.0 Mobile Safari/534.30" -
117.136.75.175 - - [29/Apr/2015:00:25:46 +0800][0.000] "GET /v.gif?t=app-start&did=3d09514c7173a577&p=app&page= HTTP/1.1" 200 0 "-" "Mozilla/5.0 (Linux; Android 4.4.4; vivo X5S L Build/KTU84P) AppleWebKit/537.36 (KHTML, like Gecko) Version/4.0 Chrome/33.0.0.0 Mobile Safari/537.36" -
114.98.17.244 - - [29/Apr/2015:00:25:47 +0800][0.000] "GET /v.gif?rank_list_name=%E4%BA%92%E8%81%94%E7%BD%91%E5%AE%9D%E5%AE%9D%E7%B1%BB%E7%90%86%E8%B4%A2%E6%9C%88%E6%8E%92%E8%A1%8C&isSub=false&t=rank_list_click_log&did=C3EAE388-6299-499D-AB87-5629FA9B8205&p=app&page=%23%2Ftab%2Frank%2Fadd HTTP/1.1" 200 0 "-" "Mozilla/5.0 (iPhone; CPU iPhone OS 8_2 like Mac OS X) AppleWebKit/600.1.4 (KHTML, like Gecko) Mobile/12D508 (5172717504)" -
114.98.17.244 - - [29/Apr/2015:00:25:47 +0800][0.000] "GET /v.gif?rank_list_name=%E7%9F%A5%E5%90%8D%E9%93%B6%E8%A1%8C%E4%B8%AD%E9%95%BF%E6%9C%9F%E7%90%86%E8%B4%A2%E6%8E%92%E8%A1%8C&isSub=false&t=rank_list_click_log&did=C3EAE388-6299-499D-AB87-5629FA9B8205&p=app&page=%23%2Ftab%2Frank%2Fadd HTTP/1.1" 200 0 "-" "Mozilla/5.0 (iPhone; CPU iPhone OS 8_2 like Mac OS X) AppleWebKit/600.1.4 (KHTML, like Gecko) Mobile/12D508 (5172717504)" -
114.98.17.244 - - [29/Apr/2015:00:25:47 +0800][0.000] "GET /v.gif?rank_list_name=%E8%A5%BF%E4%BA%8C%E6%97%97%E7%A0%81%E5%86%9C%E5%B7%A5%E8%B5%84%E4%B9%B0%E4%BB%80%E4%B9%88&isSub=false&t=rank_list_click_log&did=C3EAE388-6299-499D-AB87-5629FA9B8205&p=app&page=%23%2Ftab%2Frank%2Fadd HTTP/1.1" 200 0 "-" "Mozilla/5.0 (iPhone; CPU iPhone OS 8_2 like Mac OS X) AppleWebKit/600.1.4 (KHTML, like Gecko) Mobile/12D508 (5172717504)" -
123.81.161.33 - - [29/Apr/2015:00:25:47 +0800][0.000] "GET /v.gif?t=app-start&did=de0ea771e9c3e6bc&p=app&page= HTTP/1.1" 304 0 "-" "Mozilla/5.0 (Linux; U; Android 4.1.2; zh-cn; HUAWEI G520-5000 Build/HuaweiG520-5000) AppleWebKit/534.30 (KHTML, like Gecko) Version/4.0 Mobile Safari/534.30" -
114.98.17.244 - - [29/Apr/2015:00:25:48 +0800][0.000] "GET /v.gif?rank_list_name=%E4%BE%BF%E6%8D%B7%E5%AD%98%E5%8F%96%E5%AE%9D%E5%AE%9D%E7%B1%BB%E7%90%86%E8%B4%A2%E5%91%A8%E6%8E%92%E8%A1%8C&isSub=false&t=rank_list_click_log&did=C3EAE388-6299-499D-AB87-5629FA9B8205&p=app&page=%23%2Ftab%2Frank%2Fadd HTTP/1.1" 200 0 "-" "Mozilla/5.0 (iPhone; CPU iPhone OS 8_2 like Mac OS X) AppleWebKit/600.1.4 (KHTML, like Gecko) Mobile/12D508 (5172717504)" -
114.98.17.244 - - [29/Apr/2015:00:25:48 +0800][0.000] "GET /v.gif?rank_list_name=%E9%93%B6%E8%A1%8C%E7%B3%BB%E5%AE%9D%E5%AE%9D%E7%B1%BB%E7%90%86%E8%B4%A2%E6%9C%88%E6%8E%92%E8%A1%8C&isSub=false&t=rank_list_click_log&did=C3EAE388-6299-499D-AB87-5629FA9B8205&p=app&page=%23%2Ftab%2Frank%2Fadd HTTP/1.1" 200 0 "-" "Mozilla/5.0 (iPhone; CPU iPhone OS 8_2 like Mac OS X) AppleWebKit/600.1.4 (KHTML, like Gecko) Mobile/12D508 (5172717504)" -
114.98.17.244 - - [29/Apr/2015:00:25:48 +0800][0.000] "GET /v.gif?rank_list_name=%E4%BA%92%E8%81%94%E7%BD%91%E5%AE%9D%E5%AE%9D%E7%B1%BB%E7%90%86%E8%B4%A2%E5%91%A8%E6%8E%92%E8%A1%8C&isSub=false&t=rank_list_click_log&did=C3EAE388-6299-499D-AB87-5629FA9B8205&p=app&page=%23%2Ftab%2Frank%2Fadd HTTP/1.1" 200 0 "-" "Mozilla/5.0 (iPhone; CPU iPhone OS 8_2 like Mac OS X) AppleWebKit/600.1.4 (KHTML, like Gecko) Mobile/12D508 (5172717504)" -
1.95.79.146 - - [29/Apr/2015:00:25:49 +0800][0.000] "GET /v.gif?t=web-start&did=web&p=app&page=%23%2Ftab%2Frank%2Fadd HTTP/1.1" 200 0 "http://localhost:8100/" "Mozilla/5.0 (iPhone; CPU iPhone OS 7_0 like Mac OS X; en-us) AppleWebKit/537.51.1 (KHTML, like Gecko) Version/7.0 Mobile/11A465 Safari/9537.53" -
114.98.17.244 - - [29/Apr/2015:00:25:49 +0800][0.000] "GET /v.gif?rank_list_name=%E9%93%B6%E8%A1%8C%E7%B3%BB%E5%AE%9D%E5%AE%9D%E7%B1%BB%E7%90%86%E8%B4%A2%E5%91%A8%E6%8E%92%E8%A1%8C&isSub=false&t=rank_list_click_log&did=C3EAE388-6299-499D-AB87-5629FA9B8205&p=app&page=%23%2Ftab%2Frank%2Fadd HTTP/1.1" 200 0 "-" "Mozilla/5.0 (iPhone; CPU iPhone OS 8_2 like Mac OS X) AppleWebKit/600.1.4 (KHTML, like Gecko) Mobile/12D508 (5172717504)" -
114.98.17.244 - - [29/Apr/2015:00:25:50 +0800][0.000] "GET /v.gif?rank_list_name=%E8%B4%A7%E5%B8%81%E5%9F%BA%E9%87%91%E6%9C%88%E6%8E%92%E8%A1%8C&isSub=false&t=rank_list_click_log&did=C3EAE388-6299-499D-AB87-5629FA9B8205&p=app&page=%23%2Ftab%2Frank%2Fadd HTTP/1.1" 200 0 "-" "Mozilla/5.0 (iPhone; CPU iPhone OS 8_2 like Mac OS X) AppleWebKit/600.1.4 (KHTML, like Gecko) Mobile/12D508 (5172717504)" -
123.81.161.33 - - [29/Apr/2015:00:25:55 +0800][0.000] "GET /v.gif?rank_list_name=%E6%9C%80%E5%8F%97%E6%AC%A2%E8%BF%8EP2P%E5%B9%B3%E5%8F%B0%E6%8E%92%E8%A1%8C&isSub=true&t=rank_list_click_log&did=de0ea771e9c3e6bc&p=app&page=%23%2Ftab%2Frank HTTP/1.1" 200 0 "-" "Mozilla/5.0 (Linux; U; Android 4.1.2; zh-cn; HUAWEI G520-5000 Build/HuaweiG520-5000) AppleWebKit/534.30 (KHTML, like Gecko) Version/4.0 Mobile Safari/534.30" -
117.136.75.175 - - [29/Apr/2015:00:25:58 +0800][0.000] "GET /v.gif?rank_list_name=%E4%BA%92%E8%81%94%E7%BD%91%E5%AE%9D%E5%AE%9D%E7%B1%BB%E7%90%86%E8%B4%A2%E6%9C%88%E6%8E%92%E8%A1%8C&isSub=true&t=rank_list_click_log&did=3d09514c7173a577&p=app&page=%23%2Ftab%2Frank HTTP/1.1" 200 0 "-" "Mozilla/5.0 (Linux; Android 4.4.4; vivo X5S L Build/KTU84P) AppleWebKit/537.36 (KHTML, like Gecko) Version/4.0 Chrome/33.0.0.0 Mobile Safari/537.36" -
114.98.17.244 - - [29/Apr/2015:00:26:02 +0800][0.000] "GET /v.gif?rank_list_name=%E4%BE%BF%E6%8D%B7%E5%AD%98%E5%8F%96%E5%AE%9D%E5%AE%9D%E7%B1%BB%E7%90%86%E8%B4%A2%E5%91%A8%E6%8E%92%E8%A1%8C&isSub=true&t=rank_list_click_log&did=C3EAE388-6299-499D-AB87-5629FA9B8205&p=app&page=%23%2Ftab%2Frank HTTP/1.1" 200 0 "-" "Mozilla/5.0 (iPhone; CPU iPhone OS 8_2 like Mac OS X) AppleWebKit/600.1.4 (KHTML, like Gecko) Mobile/12D508 (5172717504)" -
114.98.17.244 - - [29/Apr/2015:00:26:08 +0800][0.000] "GET /v.gif?rank_list_name=%E4%BE%BF%E6%8D%B7%E5%AD%98%E5%8F%96%E5%AE%9D%E5%AE%9D%E7%B1%BB%E7%90%86%E8%B4%A2%E5%91%A8%E6%8E%92%E8%A1%8C&product_name=%E5%9B%BD%E6%B3%B0%E8%B6%85%E7%BA%A7%E9%92%B1%E5%8C%85&rank_index=1&t=rank_list_item_click_log&did=C3EAE388-6299-499D-AB87-5629FA9B8205&p=app&page=%23%2Ftab%2Frank%2Finfo%2F100181463 HTTP/1.1" 200 0 "-" "Mozilla/5.0 (iPhone; CPU iPhone OS 8_2 like Mac OS X) AppleWebKit/600.1.4 (KHTML, like Gecko) Mobile/12D508 (5172717504)" -
114.98.17.244 - - [29/Apr/2015:00:26:09 +0800][0.000] "GET /v.gif?t=%E8%AF%A6%E6%83%85%E9%A1%B5%E9%9D%A2&did=C3EAE388-6299-499D-AB87-5629FA9B8205&p=app&page=%23%2Ftab%2Frank%2F40003639 HTTP/1.1" 200 0 "-" "Mozilla/5.0 (iPhone; CPU iPhone OS 8_2 like Mac OS X) AppleWebKit/600.1.4 (KHTML, like Gecko) Mobile/12D508 (5172717504)" -
1.95.79.146 - - [29/Apr/2015:00:26:15 +0800][0.000] "GET /v.gif?t=web-start&did=web&p=app&page=%23%2Ftab%2Frank%2Fadd HTTP/1.1" 200 0 "http://localhost:8100/" "Mozilla/5.0 (iPhone; CPU iPhone OS 7_0 like Mac OS X; en-us) AppleWebKit/537.51.1 (KHTML, like Gecko) Version/7.0 Mobile/11A465 Safari/9537.53" -
123.81.161.33 - - [29/Apr/2015:00:26:19 +0800][0.000] "GET /v.gif?rank_list_name=%E6%9C%80%E5%8F%97%E6%AC%A2%E8%BF%8EP2P%E5%B9%B3%E5%8F%B0%E6%8E%92%E8%A1%8C&product_name=%E4%BD%A0%E6%88%91%E8%B4%B7&rank_index=2&t=rank_list_item_click_log&did=de0ea771e9c3e6bc&p=app&page=%23%2Ftab%2Frank%2Finfo%2F100181471 HTTP/1.1" 200 0 "-" "Mozilla/5.0 (Linux; U; Android 4.1.2; zh-cn; HUAWEI G520-5000 Build/HuaweiG520-5000) AppleWebKit/534.30 (KHTML, like Gecko) Version/4.0 Mobile Safari/534.30" -
114.98.17.244 - - [29/Apr/2015:00:26:22 +0800][0.000] "GET /v.gif?t=calculate_profit&did=C3EAE388-6299-499D-AB87-5629FA9B8205&p=app&page=%23%2Ftab%2Frank%2F40003639 HTTP/1.1" 200 0 "-" "Mozilla/5.0 (iPhone; CPU iPhone OS 8_2 like Mac OS X) AppleWebKit/600.1.4 (KHTML, like Gecko) Mobile/12D508 (5172717504)" -
114.98.17.244 - - [29/Apr/2015:00:26:25 +0800][0.000] "GET /v.gif?t=buying_method_rank&did=C3EAE388-6299-499D-AB87-5629FA9B8205&p=app&page=%23%2Ftab%2Frank%2F40003639 HTTP/1.1" 200 0 "-" "Mozilla/5.0 (iPhone; CPU iPhone OS 8_2 like Mac OS X) AppleWebKit/600.1.4 (KHTML, like Gecko) Mobile/12D508 (5172717504)" -
114.98.17.244 - - [29/Apr/2015:00:26:26 +0800][0.000] "GET /v.gif?id=40003639&t=open_buy_link&did=C3EAE388-6299-499D-AB87-5629FA9B8205&p=app&page=%23%2Ftab%2Frank%2Fdetail_more%2F%3Ftype%3Dbuying_method%26_id%3D40003639 HTTP/1.1" 200 0 "-" "Mozilla/5.0 (iPhone; CPU iPhone OS 8_2 like Mac OS X) AppleWebKit/600.1.4 (KHTML, like Gecko) Mobile/12D508 (5172717504)" -
117.136.75.175 - - [29/Apr/2015:00:26:28 +0800][0.000] "GET /v.gif?rank_list_name=%E4%BA%92%E8%81%94%E7%BD%91%E5%AE%9D%E5%AE%9D%E7%B1%BB%E7%90%86%E8%B4%A2%E6%9C%88%E6%8E%92%E8%A1%8C&product_name=%E4%BD%99%E9%A2%9D%E5%AE%9D&rank_index=41&t=rank_list_item_click_log&did=3d09514c7173a577&p=app&page=%23%2Ftab%2Frank%2Finfo%2F100181419 HTTP/1.1" 200 0 "-" "Mozilla/5.0 (Linux; Android 4.4.4; vivo X5S L Build/KTU84P) AppleWebKit/537.36 (KHTML, like Gecko) Version/4.0 Chrome/33.0.0.0 Mobile Safari/537.36" -
117.136.75.175 - - [29/Apr/2015:00:26:29 +0800][0.000] "GET /v.gif?t=%E8%AF%A6%E6%83%85%E9%A1%B5%E9%9D%A2&did=3d09514c7173a577&p=app&page=%23%2Ftab%2Frank%2F40003687 HTTP/1.1" 200 0 "-" "Mozilla/5.0 (Linux; Android 4.4.4; vivo X5S L Build/KTU84P) AppleWebKit/537.36 (KHTML, like Gecko) Version/4.0 Chrome/33.0.0.0 Mobile Safari/537.36" -
1.95.79.146 - - [29/Apr/2015:00:26:41 +0800][0.000] "GET /v.gif?t=web-start&did=web&p=app&page=%23%2Ftab%2Frank%2Fadd HTTP/1.1" 200 0 "http://localhost:8100/" "Mozilla/5.0 (iPhone; CPU iPhone OS 7_0 like Mac OS X; en-us) AppleWebKit/537.51.1 (KHTML, like Gecko) Version/7.0 Mobile/11A465 Safari/9537.53" -
1.95.79.146 - - [29/Apr/2015:00:26:44 +0800][0.000] "GET /v.gif?t=web-start&did=web&p=app&page=%23%2Ftab%2Frank%2Fadd HTTP/1.1" 200 0 "http://localhost:8100/" "Mozilla/5.0 (iPhone; CPU iPhone OS 7_0 like Mac OS X; en-us) AppleWebKit/537.51.1 (KHTML, like Gecko) Version/7.0 Mobile/11A465 Safari/9537.53" -
117.136.75.175 - - [29/Apr/2015:00:26:46 +0800][0.000] "GET /v.gif?t=buying_method_rank&did=3d09514c7173a577&p=app&page=%23%2Ftab%2Frank%2F40003687 HTTP/1.1" 200 0 "-" "Mozilla/5.0 (Linux; Android 4.4.4; vivo X5S L Build/KTU84P) AppleWebKit/537.36 (KHTML, like Gecko) Version/4.0 Chrome/33.0.0.0 Mobile Safari/537.36" -
117.136.75.175 - - [29/Apr/2015:00:26:59 +0800][0.000] "GET /v.gif?rank_list_name=%E6%9C%80%E5%8F%97%E6%AC%A2%E8%BF%8EP2P%E5%B9%B3%E5%8F%B0%E6%8E%92%E8%A1%8C&isSub=true&t=rank_list_click_log&did=3d09514c7173a577&p=app&page=%23%2Ftab%2Frank HTTP/1.1" 200 0 "-" "Mozilla/5.0 (Linux; Android 4.4.4; vivo X5S L Build/KTU84P) AppleWebKit/537.36 (KHTML, like Gecko) Version/4.0 Chrome/33.0.0.0 Mobile Safari/537.36" -
1.95.79.146 - - [29/Apr/2015:00:27:00 +0800][0.000] "GET /v.gif?t=web-start&did=web&p=app&page=%23%2Ftab%2Frank%2Fadd HTTP/1.1" 200 0 "http://localhost:8100/" "Mozilla/5.0 (iPhone; CPU iPhone OS 7_0 like Mac OS X; en-us) AppleWebKit/537.51.1 (KHTML, like Gecko) Version/7.0 Mobile/11A465 Safari/9537.53" -
1.95.79.146 - - [29/Apr/2015:00:27:03 +0800][0.000] "GET /v.gif?t=web-start&did=web&p=app&page=%23%2Ftab%2Frank%2Fadd HTTP/1.1" 200 0 "http://localhost:8100/" "Mozilla/5.0 (iPhone; CPU iPhone OS 7_0 like Mac OS X; en-us) AppleWebKit/537.51.1 (KHTML, like Gecko) Version/7.0 Mobile/11A465 Safari/9537.53" -
117.136.75.175 - - [29/Apr/2015:00:27:30 +0800][0.000] "GET /v.gif?rank_list_name=%E6%9C%80%E5%8F%97%E6%AC%A2%E8%BF%8EP2P%E5%B9%B3%E5%8F%B0%E6%8E%92%E8%A1%8C&product_name=%E4%BD%A0%E6%88%91%E8%B4%B7&rank_index=2&t=rank_list_item_click_log&did=3d09514c7173a577&p=app&page=%23%2Ftab%2Frank%2Finfo%2F100181471 HTTP/1.1" 200 0 "-" "Mozilla/5.0 (Linux; Android 4.4.4; vivo X5S L Build/KTU84P) AppleWebKit/537.36 (KHTML, like Gecko) Version/4.0 Chrome/33.0.0.0 Mobile Safari/537.36" -
1.95.79.146 - - [29/Apr/2015:00:27:38 +0800][0.000] "GET /v.gif?t=web-start&did=web&p=app&page=%23%2Ftab%2Frank%2Fadd HTTP/1.1" 200 0 "http://localhost:8100/" "Mozilla/5.0 (iPhone; CPU iPhone OS 7_0 like Mac OS X; en-us) AppleWebKit/537.51.1 (KHTML, like Gecko) Version/7.0 Mobile/11A465 Safari/9537.53" -
117.136.75.175 - - [29/Apr/2015:00:27:41 +0800][0.000] "GET /v.gif?rank_list_name=%E6%9C%80%E5%8F%97%E6%AC%A2%E8%BF%8EP2P%E5%B9%B3%E5%8F%B0%E6%8E%92%E8%A1%8C&isSub=true&t=rank_list_click_log&did=3d09514c7173a577&p=app&page=%23%2Ftab%2Frank HTTP/1.1" 304 0 "-" "Mozilla/5.0 (Linux; Android 4.4.4; vivo X5S L Build/KTU84P) AppleWebKit/537.36 (KHTML, like Gecko) Version/4.0 Chrome/33.0.0.0 Mobile Safari/537.36" -
117.136.75.175 - - [29/Apr/2015:00:27:52 +0800][0.000] "GET /v.gif?rank_list_name=%E6%9C%80%E5%8F%97%E6%AC%A2%E8%BF%8EP2P%E5%B9%B3%E5%8F%B0%E6%8E%92%E8%A1%8C&product_name=%E6%8A%95%E5%93%AA%E7%BD%91&rank_index=8&t=rank_list_item_click_log&did=3d09514c7173a577&p=app&page=%23%2Ftab%2Frank%2Finfo%2F100181471 HTTP/1.1" 200 0 "-" "Mozilla/5.0 (Linux; Android 4.4.4; vivo X5S L Build/KTU84P) AppleWebKit/537.36 (KHTML, like Gecko) Version/4.0 Chrome/33.0.0.0 Mobile Safari/537.36" -
123.81.161.33 - - [29/Apr/2015:00:27:55 +0800][0.000] "GET /v.gif?t=app-start&did=de0ea771e9c3e6bc&p=app&page= HTTP/1.1" 304 0 "-" "Mozilla/5.0 (Linux; U; Android 4.1.2; zh-cn; HUAWEI G520-5000 Build/HuaweiG520-5000) AppleWebKit/534.30 (KHTML, like Gecko) Version/4.0 Mobile Safari/534.30" -
123.81.161.33 - - [29/Apr/2015:00:28:03 +0800][0.000] "GET /v.gif?rank_list_name=%E6%9C%88%E5%BA%A6%E6%9C%80%E8%B5%9A%E5%9F%BA%E9%87%91%E6%8E%92%E8%A1%8C&isSub=true&t=rank_list_click_log&did=de0ea771e9c3e6bc&p=app&page=%23%2Ftab%2Frank HTTP/1.1" 200 0 "-" "Mozilla/5.0 (Linux; U; Android 4.1.2; zh-cn; HUAWEI G520-5000 Build/HuaweiG520-5000) AppleWebKit/534.30 (KHTML, like Gecko) Version/4.0 Mobile Safari/534.30" -
1.95.79.146 - - [29/Apr/2015:00:28:07 +0800][0.000] "GET /v.gif?t=web-start&did=web&p=app&page=%23%2Ftab%2Frank%2Fadd HTTP/1.1" 200 0 "http://localhost:8100/" "Mozilla/5.0 (iPhone; CPU iPhone OS 7_0 like Mac OS X; en-us) AppleWebKit/537.51.1 (KHTML, like Gecko) Version/7.0 Mobile/11A465 Safari/9537.53" -
117.136.75.175 - - [29/Apr/2015:00:28:12 +0800][0.000] "GET /v.gif?rank_list_name=%E6%9C%80%E5%8F%97%E6%AC%A2%E8%BF%8EP2P%E5%B9%B3%E5%8F%B0%E6%8E%92%E8%A1%8C&product_name=%E7%BA%A2%E5%B2%AD%E5%88%9B%E6%8A%95&rank_index=1&t=rank_list_item_click_log&did=3d09514c7173a577&p=app&page=%23%2Ftab%2Frank%2Finfo%2F100181471 HTTP/1.1" 200 0 "-" "Mozilla/5.0 (Linux; Android 4.4.4; vivo X5S L Build/KTU84P) AppleWebKit/537.36 (KHTML, like Gecko) Version/4.0 Chrome/33.0.0.0 Mobile Safari/537.36" -
123.81.161.33 - - [29/Apr/2015:00:28:16 +0800][0.000] "GET /v.gif?rank_list_name=%E6%9C%88%E5%BA%A6%E6%9C%80%E8%B5%9A%E5%9F%BA%E9%87%91%E6%8E%92%E8%A1%8C&product_name=%E5%8D%97%E6%96%B9%E5%B0%8F%E5%BA%B7ETF&rank_index=1&t=rank_list_item_click_log&did=de0ea771e9c3e6bc&p=app&page=%23%2Ftab%2Frank%2Finfo%2F100181465 HTTP/1.1" 200 0 "-" "Mozilla/5.0 (Linux; U; Android 4.1.2; zh-cn; HUAWEI G520-5000 Build/HuaweiG520-5000) AppleWebKit/534.30 (KHTML, like Gecko) Version/4.0 Mobile Safari/534.30" -
1.95.79.146 - - [29/Apr/2015:00:28:16 +0800][0.000] "GET /v.gif?t=web-start&did=web&p=app&page=%23%2Ftab%2Frank%2Fadd HTTP/1.1" 200 0 "http://localhost:8100/" "Mozilla/5.0 (iPhone; CPU iPhone OS 7_0 like Mac OS X; en-us) AppleWebKit/537.51.1 (KHTML, like Gecko) Version/7.0 Mobile/11A465 Safari/9537.53" -
123.81.161.33 - - [29/Apr/2015:00:28:16 +0800][0.000] "GET /v.gif?t=%E8%AF%A6%E6%83%85%E9%A1%B5%E9%9D%A2&did=de0ea771e9c3e6bc&p=app&page=%23%2Ftab%2Frank%2F30000192 HTTP/1.1" 200 0 "-" "Mozilla/5.0 (Linux; U; Android 4.1.2; zh-cn; HUAWEI G520-5000 Build/HuaweiG520-5000) AppleWebKit/534.30 (KHTML, like Gecko) Version/4.0 Mobile Safari/534.30" -
117.136.75.175 - - [29/Apr/2015:00:28:32 +0800][0.000] "GET /v.gif?rank_list_name=%E6%9C%80%E5%8F%97%E6%AC%A2%E8%BF%8EP2P%E5%B9%B3%E5%8F%B0%E6%8E%92%E8%A1%8C&product_name=%E6%9C%89%E5%88%A9%E7%BD%91&rank_index=7&t=rank_list_item_click_log&did=3d09514c7173a577&p=app&page=%23%2Ftab%2Frank%2Finfo%2F100181471 HTTP/1.1" 200 0 "-" "Mozilla/5.0 (Linux; Android 4.4.4; vivo X5S L Build/KTU84P) AppleWebKit/537.36 (KHTML, like Gecko) Version/4.0 Chrome/33.0.0.0 Mobile Safari/537.36" -
117.136.75.175 - - [29/Apr/2015:00:28:40 +0800][0.000] "GET /v.gif?rank_list_name=%E6%9C%80%E5%8F%97%E6%AC%A2%E8%BF%8EP2P%E5%B9%B3%E5%8F%B0%E6%8E%92%E8%A1%8C&product_name=%E7%A7%AF%E6%9C%A8%E7%9B%92%E5%AD%90&rank_index=10&t=rank_list_item_click_log&did=3d09514c7173a577&p=app&page=%23%2Ftab%2Frank%2Finfo%2F100181471 HTTP/1.1" 200 0 "-" "Mozilla/5.0 (Linux; Android 4.4.4; vivo X5S L Build/KTU84P) AppleWebKit/537.36 (KHTML, like Gecko) Version/4.0 Chrome/33.0.0.0 Mobile Safari/537.36" -
121.10.54.97 - - [29/Apr/2015:00:28:49 +0800][0.000] "GET /v.gif?rank_list_name=%E6%9C%80%E5%8F%97%E6%AC%A2%E8%BF%8EP2P%E5%B9%B3%E5%8F%B0%E6%8E%92%E8%A1%8C&product_name=%E4%BD%A0%E6%88%91%E8%B4%B7&rank_index=2&t=rank_list_item_click_log&did=b3ad07c0eadca865&p=app&page=%23%2Ftab%2Frank%2Finfo%2F100181471 HTTP/1.1" 304 0 "-" "Mozilla/5.0 (Linux; U; Android 4.1.2; zh-cn; Coolpad 5930 Build/JZO54K) AppleWebKit/534.30 (KHTML, like Gecko) Version/4.0 Mobile Safari/534.30" -
117.136.75.175 - - [29/Apr/2015:00:28:52 +0800][0.000] "GET /v.gif?rank_list_name=%E6%9C%80%E5%8F%97%E6%AC%A2%E8%BF%8EP2P%E5%B9%B3%E5%8F%B0%E6%8E%92%E8%A1%8C&product_name=%E5%AE%9C%E4%BA%BA%E8%B4%B7&rank_index=5&t=rank_list_item_click_log&did=3d09514c7173a577&p=app&page=%23%2Ftab%2Frank%2Finfo%2F100181471 HTTP/1.1" 200 0 "-" "Mozilla/5.0 (Linux; Android 4.4.4; vivo X5S L Build/KTU84P) AppleWebKit/537.36 (KHTML, like Gecko) Version/4.0 Chrome/33.0.0.0 Mobile Safari/537.36" -
