114.242.250.1 - - [27/Apr/2015:01:34:15 +0800][0.000] "GET /v.gif?rank_list_name=%E4%BF%A1%E6%89%98%E4%BA%A7%E5%93%81%E6%94%B6%E7%9B%8A%E6%8E%92%E8%A1%8C&isSub=true&t=rank_list_click_log&did=E7FF3A71-61A2-44F9-8BFD-8D654A832C69&p=app&page=%23%2Ftab%2Frank HTTP/1.1" 200 0 "-" "Mozilla/5.0 (iPhone; CPU iPhone OS 8_1_2 like Mac OS X) AppleWebKit/600.1.4 (KHTML, like Gecko) Mobile/12B440 (5223101856)" -
106.117.167.146 - - [27/Apr/2015:01:34:30 +0800][0.000] "GET /v.gif?rank_list_name=2015%E5%B9%B4%E4%BA%92%E8%81%94%E7%BD%91%E7%90%86%E8%B4%A2%E5%93%AA%E5%AE%B6%E5%BC%BA&isSub=true&t=rank_list_click_log&did=c4a7f145351bdc3f&p=app&page=%23%2Ftab%2Frank HTTP/1.1" 200 0 "-" "Mozilla/5.0 (Linux; U; Android 4.2.1; zh-cn; 2013022 Build/HM2013022) AppleWebKit/534.30 (KHTML, like Gecko) Version/4.0 Mobile Safari/534.30" -
114.242.250.1 - - [27/Apr/2015:01:34:43 +0800][0.000] "GET /v.gif?rank_list_name=%E4%BF%A1%E6%89%98%E4%BA%A7%E5%93%81%E6%94%B6%E7%9B%8A%E6%8E%92%E8%A1%8C&product_name=%E5%A4%AA%E9%BE%99%E9%87%91%E8%8C%82%E5%81%A5%E5%BA%B7%E4%BA%A7%E4%B8%9A%E5%B9%B6%E8%B4%AD%E5%9F%BA%E9%87%91%E9%9B%86%E5%90%88%E8%B5%84%E9%87%91%E4%BF%A1%E6%89%98%E8%AE%A1%E5%88%92&rank_index=1&t=rank_list_item_click_log&did=E7FF3A71-61A2-44F9-8BFD-8D654A832C69&p=app&page=%23%2Ftab%2Frank%2Finfo%2F100181714 HTTP/1.1" 200 0 "-" "Mozilla/5.0 (iPhone; CPU iPhone OS 8_1_2 like Mac OS X) AppleWebKit/600.1.4 (KHTML, like Gecko) Mobile/12B440 (5223101856)" -
114.242.250.1 - - [27/Apr/2015:01:34:43 +0800][0.000] "GET /v.gif?t=%E8%AF%A6%E6%83%85%E9%A1%B5%E9%9D%A2&did=E7FF3A71-61A2-44F9-8BFD-8D654A832C69&p=app&page=%23%2Ftab%2Frank%2F60297421 HTTP/1.1" 200 0 "-" "Mozilla/5.0 (iPhone; CPU iPhone OS 8_1_2 like Mac OS X) AppleWebKit/600.1.4 (KHTML, like Gecko) Mobile/12B440 (5223101856)" -
114.242.250.1 - - [27/Apr/2015:01:35:34 +0800][0.000] "GET /v.gif?t=profits_status&did=E7FF3A71-61A2-44F9-8BFD-8D654A832C69&p=app&page=%23%2Ftab%2Fprofit%2Fstatus HTTP/1.1" 200 0 "-" "Mozilla/5.0 (iPhone; CPU iPhone OS 8_1_2 like Mac OS X) AppleWebKit/600.1.4 (KHTML, like Gecko) Mobile/12B440 (5223101856)" -
106.117.167.146 - - [27/Apr/2015:01:35:34 +0800][0.000] "GET /v.gif?t=app-start&did=c4a7f145351bdc3f&p=app&page= HTTP/1.1" 304 0 "-" "Mozilla/5.0 (Linux; U; Android 4.2.1; zh-cn; 2013022 Build/HM2013022) AppleWebKit/534.30 (KHTML, like Gecko) Version/4.0 Mobile Safari/534.30" -
114.242.250.1 - - [27/Apr/2015:01:35:35 +0800][0.000] "GET /v.gif?t=%E6%96%B0%E6%89%8B%E5%BC%95%E5%AF%BC_%E5%B1%95%E7%8E%B0&did=E7FF3A71-61A2-44F9-8BFD-8D654A832C69&p=app&page=%23%2Ftab%2Fprofit%2Fstatus HTTP/1.1" 200 0 "-" "Mozilla/5.0 (iPhone; CPU iPhone OS 8_1_2 like Mac OS X) AppleWebKit/600.1.4 (KHTML, like Gecko) Mobile/12B440 (5223101856)" -
111.222.208.249 - - [27/Apr/2015:01:35:36 +0800][0.000] "GET /v.gif?t=app-start&did=af975a9f9f38220d&p=app&page= HTTP/1.1" 200 0 "-" "Mozilla/5.0 (Linux; Android 4.4.4; Nexus 5 Build/KTU84P) AppleWebKit/537.36 (KHTML, like Gecko) Version/4.0 Chrome/33.0.0.0 Mobile Safari/537.36" -
111.222.208.249 - - [27/Apr/2015:01:35:44 +0800][0.000] "GET /v.gif?rank_list_name=%E6%9C%80%E5%8F%97%E6%AC%A2%E8%BF%8EP2P%E5%B9%B3%E5%8F%B0%E6%8E%92%E8%A1%8C&isSub=true&t=rank_list_click_log&did=af975a9f9f38220d&p=app&page=%23%2Ftab%2Frank HTTP/1.1" 200 0 "-" "Mozilla/5.0 (Linux; Android 4.4.4; Nexus 5 Build/KTU84P) AppleWebKit/537.36 (KHTML, like Gecko) Version/4.0 Chrome/33.0.0.0 Mobile Safari/537.36" -
106.117.167.146 - - [27/Apr/2015:01:35:48 +0800][0.000] "GET /v.gif?rank_list_name=%E4%BF%A1%E6%89%98%E4%BA%A7%E5%93%81%E6%94%B6%E7%9B%8A%E6%8E%92%E8%A1%8C&isSub=true&t=rank_list_click_log&did=c4a7f145351bdc3f&p=app&page=%23%2Ftab%2Frank HTTP/1.1" 200 0 "-" "Mozilla/5.0 (Linux; U; Android 4.2.1; zh-cn; 2013022 Build/HM2013022) AppleWebKit/534.30 (KHTML, like Gecko) Version/4.0 Mobile Safari/534.30" -
114.242.250.1 - - [27/Apr/2015:01:35:48 +0800][0.000] "GET /v.gif?t=%E5%85%B3%E6%B3%A8%E9%A1%B5%E9%9D%A2&did=E7FF3A71-61A2-44F9-8BFD-8D654A832C69&p=app&page=%23%2Ftab%2Fstar HTTP/1.1" 200 0 "-" "Mozilla/5.0 (iPhone; CPU iPhone OS 8_1_2 like Mac OS X) AppleWebKit/600.1.4 (KHTML, like Gecko) Mobile/12B440 (5223101856)" -
114.242.250.1 - - [27/Apr/2015:01:35:50 +0800][0.000] "GET /v.gif?t=%E6%90%9C%E7%B4%A2%E9%A1%B5%E9%9D%A2&did=E7FF3A71-61A2-44F9-8BFD-8D654A832C69&p=app&page=%23%2Ftab%2Fsearch HTTP/1.1" 200 0 "-" "Mozilla/5.0 (iPhone; CPU iPhone OS 8_1_2 like Mac OS X) AppleWebKit/600.1.4 (KHTML, like Gecko) Mobile/12B440 (5223101856)" -
114.242.250.1 - - [27/Apr/2015:01:36:00 +0800][0.000] "GET /v.gif?rank_list_name=%E6%9C%80%E5%8F%97%E6%AC%A2%E8%BF%8EP2P%E5%B9%B3%E5%8F%B0%E6%8E%92%E8%A1%8C&isSub=true&t=rank_list_click_log&did=E7FF3A71-61A2-44F9-8BFD-8D654A832C69&p=app&page=%23%2Ftab%2Frank HTTP/1.1" 200 0 "-" "Mozilla/5.0 (iPhone; CPU iPhone OS 8_1_2 like Mac OS X) AppleWebKit/600.1.4 (KHTML, like Gecko) Mobile/12B440 (5223101856)" -
106.117.167.146 - - [27/Apr/2015:01:36:02 +0800][0.000] "GET /v.gif?rank_list_name=2015%E5%B9%B4%E4%BA%92%E8%81%94%E7%BD%91%E7%90%86%E8%B4%A2%E5%93%AA%E5%AE%B6%E5%BC%BA&isSub=true&t=rank_list_click_log&did=c4a7f145351bdc3f&p=app&page=%23%2Ftab%2Frank HTTP/1.1" 304 0 "-" "Mozilla/5.0 (Linux; U; Android 4.2.1; zh-cn; 2013022 Build/HM2013022) AppleWebKit/534.30 (KHTML, like Gecko) Version/4.0 Mobile Safari/534.30" -
106.117.167.146 - - [27/Apr/2015:01:36:11 +0800][0.000] "GET /v.gif?rank_list_name=2015%E5%B9%B4%E4%BA%92%E8%81%94%E7%BD%91%E7%90%86%E8%B4%A2%E5%93%AA%E5%AE%B6%E5%BC%BA&product_name=%E8%85%BE%E8%AE%AF%E4%BD%A3%E9%87%91%E5%AE%9D&rank_index=1&t=rank_list_item_click_log&did=c4a7f145351bdc3f&p=app&page=%23%2Ftab%2Frank%2Finfo%2F100181459 HTTP/1.1" 200 0 "-" "Mozilla/5.0 (Linux; U; Android 4.2.1; zh-cn; 2013022 Build/HM2013022) AppleWebKit/534.30 (KHTML, like Gecko) Version/4.0 Mobile Safari/534.30" -
106.117.167.146 - - [27/Apr/2015:01:36:13 +0800][0.000] "GET /v.gif?rank_list_name=2015%E5%B9%B4%E4%BA%92%E8%81%94%E7%BD%91%E7%90%86%E8%B4%A2%E5%93%AA%E5%AE%B6%E5%BC%BA&product_name=%E8%85%BE%E8%AE%AF%E4%BD%A3%E9%87%91%E5%AE%9D&rank_index=1&t=rank_list_item_click_log&did=c4a7f145351bdc3f&p=app&page=%23%2Ftab%2Frank%2F40003633 HTTP/1.1" 200 0 "-" "Mozilla/5.0 (Linux; U; Android 4.2.1; zh-cn; 2013022 Build/HM2013022) AppleWebKit/534.30 (KHTML, like Gecko) Version/4.0 Mobile Safari/534.30" -
106.117.167.146 - - [27/Apr/2015:01:36:17 +0800][0.000] "GET /v.gif?t=%E8%AF%A6%E6%83%85%E9%A1%B5%E9%9D%A2&did=c4a7f145351bdc3f&p=app&page=%23%2Ftab%2Frank%2F40003633 HTTP/1.1" 200 0 "-" "Mozilla/5.0 (Linux; U; Android 4.2.1; zh-cn; 2013022 Build/HM2013022) AppleWebKit/534.30 (KHTML, like Gecko) Version/4.0 Mobile Safari/534.30" -
111.222.208.249 - - [27/Apr/2015:01:36:23 +0800][0.000] "GET /v.gif?rank_list_name=%E6%9C%80%E5%8F%97%E6%AC%A2%E8%BF%8EP2P%E5%B9%B3%E5%8F%B0%E6%8E%92%E8%A1%8C&product_name=%E7%BA%A2%E5%B2%AD%E5%88%9B%E6%8A%95&rank_index=1&t=rank_list_item_click_log&did=af975a9f9f38220d&p=app&page=%23%2Ftab%2Frank%2Finfo%2F100181471 HTTP/1.1" 200 0 "-" "Mozilla/5.0 (Linux; Android 4.4.4; Nexus 5 Build/KTU84P) AppleWebKit/537.36 (KHTML, like Gecko) Version/4.0 Chrome/33.0.0.0 Mobile Safari/537.36" -
183.21.96.171 - - [27/Apr/2015:01:36:43 +0800][0.000] "GET /v.gif?t=app-start&did=f719d5bee1d1a53c&p=app&page= HTTP/1.1" 200 0 "-" "Mozilla/5.0 (Linux; Android 4.4.2; HTC D816v Build/KOT49H) AppleWebKit/537.36 (KHTML, like Gecko) Version/4.0 Chrome/30.0.0.0 Mobile Safari/537.36" -
106.117.167.146 - - [27/Apr/2015:01:36:46 +0800][0.000] "GET /v.gif?t=detail_page_switch_curve_duration&did=c4a7f145351bdc3f&p=app&page=%23%2Ftab%2Frank%2F40003633 HTTP/1.1" 200 0 "-" "Mozilla/5.0 (Linux; U; Android 4.2.1; zh-cn; 2013022 Build/HM2013022) AppleWebKit/534.30 (KHTML, like Gecko) Version/4.0 Mobile Safari/534.30" -
106.117.167.146 - - [27/Apr/2015:01:36:53 +0800][0.000] "GET /v.gif?t=detail_page_switch_curve_duration&did=c4a7f145351bdc3f&p=app&page=%23%2Ftab%2Frank%2F40003633 HTTP/1.1" 304 0 "-" "Mozilla/5.0 (Linux; U; Android 4.2.1; zh-cn; 2013022 Build/HM2013022) AppleWebKit/534.30 (KHTML, like Gecko) Version/4.0 Mobile Safari/534.30" -
183.21.96.171 - - [27/Apr/2015:01:36:58 +0800][0.000] "GET /v.gif?rank_list_name=%E4%BA%92%E8%81%94%E7%BD%91%E5%AE%9D%E5%AE%9D%E7%B1%BB%E7%90%86%E8%B4%A2%E6%9C%88%E6%8E%92%E8%A1%8C&isSub=true&t=rank_list_click_log&did=f719d5bee1d1a53c&p=app&page=%23%2Ftab%2Frank HTTP/1.1" 200 0 "-" "Mozilla/5.0 (Linux; Android 4.4.2; HTC D816v Build/KOT49H) AppleWebKit/537.36 (KHTML, like Gecko) Version/4.0 Chrome/30.0.0.0 Mobile Safari/537.36" -
114.242.250.1 - - [27/Apr/2015:01:37:06 +0800][0.000] "GET /v.gif?rank_list_name=%E6%9C%80%E5%8F%97%E6%AC%A2%E8%BF%8EP2P%E5%B9%B3%E5%8F%B0%E6%8E%92%E8%A1%8C&product_name=%E5%AE%9C%E4%BA%BA%E8%B4%B7&rank_index=5&t=rank_list_item_click_log&did=E7FF3A71-61A2-44F9-8BFD-8D654A832C69&p=app&page=%23%2Ftab%2Frank%2Finfo%2F100181471 HTTP/1.1" 200 0 "-" "Mozilla/5.0 (iPhone; CPU iPhone OS 8_1_2 like Mac OS X) AppleWebKit/600.1.4 (KHTML, like Gecko) Mobile/12B440 (5223101856)" -
106.117.167.146 - - [27/Apr/2015:01:37:15 +0800][0.000] "GET /v.gif?t=calculate_profit&did=c4a7f145351bdc3f&p=app&page=%23%2Ftab%2Frank%2F40003633 HTTP/1.1" 200 0 "-" "Mozilla/5.0 (Linux; U; Android 4.2.1; zh-cn; 2013022 Build/HM2013022) AppleWebKit/534.30 (KHTML, like Gecko) Version/4.0 Mobile Safari/534.30" -
114.242.250.1 - - [27/Apr/2015:01:37:21 +0800][0.000] "GET /v.gif?rank_list_name=%E6%9C%80%E5%8F%97%E6%AC%A2%E8%BF%8EP2P%E5%B9%B3%E5%8F%B0%E6%8E%92%E8%A1%8C&product_name=%E5%BE%AE%E8%B4%B7%E7%BD%91&rank_index=6&t=rank_list_item_click_log&did=E7FF3A71-61A2-44F9-8BFD-8D654A832C69&p=app&page=%23%2Ftab%2Frank%2Finfo%2F100181471 HTTP/1.1" 200 0 "-" "Mozilla/5.0 (iPhone; CPU iPhone OS 8_1_2 like Mac OS X) AppleWebKit/600.1.4 (KHTML, like Gecko) Mobile/12B440 (5223101856)" -
106.117.167.146 - - [27/Apr/2015:01:37:24 +0800][0.000] "GET /v.gif?t=app-start&did=c4a7f145351bdc3f&p=app&page= HTTP/1.1" 304 0 "-" "Mozilla/5.0 (Linux; U; Android 4.2.1; zh-cn; 2013022 Build/HM2013022) AppleWebKit/534.30 (KHTML, like Gecko) Version/4.0 Mobile Safari/534.30" -
111.222.208.249 - - [27/Apr/2015:01:37:28 +0800][0.000] "GET /v.gif?rank_list_name=%E6%9C%80%E5%8F%97%E6%AC%A2%E8%BF%8EP2P%E5%B9%B3%E5%8F%B0%E6%8E%92%E8%A1%8C&product_name=PPmoney&rank_index=2&t=rank_list_item_click_log&did=af975a9f9f38220d&p=app&page=%23%2Ftab%2Frank%2Finfo%2F100181471 HTTP/1.1" 200 0 "-" "Mozilla/5.0 (Linux; Android 4.4.4; Nexus 5 Build/KTU84P) AppleWebKit/537.36 (KHTML, like Gecko) Version/4.0 Chrome/33.0.0.0 Mobile Safari/537.36" -
106.117.167.146 - - [27/Apr/2015:01:37:28 +0800][0.000] "GET /v.gif?rank_list_name=2015%E5%B9%B4%E4%BA%92%E8%81%94%E7%BD%91%E7%90%86%E8%B4%A2%E5%93%AA%E5%AE%B6%E5%BC%BA&isSub=true&t=rank_list_click_log&did=c4a7f145351bdc3f&p=app&page=%23%2Ftab%2Frank HTTP/1.1" 304 0 "-" "Mozilla/5.0 (Linux; U; Android 4.2.1; zh-cn; 2013022 Build/HM2013022) AppleWebKit/534.30 (KHTML, like Gecko) Version/4.0 Mobile Safari/534.30" -
106.117.167.146 - - [27/Apr/2015:01:37:31 +0800][0.000] "GET /v.gif?rank_list_name=2015%E5%B9%B4%E4%BA%92%E8%81%94%E7%BD%91%E7%90%86%E8%B4%A2%E5%93%AA%E5%AE%B6%E5%BC%BA&product_name=%E8%85%BE%E8%AE%AF%E4%BD%A3%E9%87%91%E5%AE%9D&rank_index=1&t=rank_list_item_click_log&did=c4a7f145351bdc3f&p=app&page=%23%2Ftab%2Frank%2Finfo%2F100181459 HTTP/1.1" 304 0 "-" "Mozilla/5.0 (Linux; U; Android 4.2.1; zh-cn; 2013022 Build/HM2013022) AppleWebKit/534.30 (KHTML, like Gecko) Version/4.0 Mobile Safari/534.30" -
106.117.167.146 - - [27/Apr/2015:01:37:31 +0800][0.000] "GET /v.gif?t=%E8%AF%A6%E6%83%85%E9%A1%B5%E9%9D%A2&did=c4a7f145351bdc3f&p=app&page=%23%2Ftab%2Frank%2F40003633 HTTP/1.1" 304 0 "-" "Mozilla/5.0 (Linux; U; Android 4.2.1; zh-cn; 2013022 Build/HM2013022) AppleWebKit/534.30 (KHTML, like Gecko) Version/4.0 Mobile Safari/534.30" -
106.117.167.146 - - [27/Apr/2015:01:37:35 +0800][0.000] "GET /v.gif?t=calculate_profit&did=c4a7f145351bdc3f&p=app&page=%23%2Ftab%2Frank%2F40003633 HTTP/1.1" 304 0 "-" "Mozilla/5.0 (Linux; U; Android 4.2.1; zh-cn; 2013022 Build/HM2013022) AppleWebKit/534.30 (KHTML, like Gecko) Version/4.0 Mobile Safari/534.30" -
114.242.250.1 - - [27/Apr/2015:01:37:45 +0800][0.000] "GET /v.gif?rank_list_name=%E6%9C%80%E5%8F%97%E6%AC%A2%E8%BF%8EP2P%E5%B9%B3%E5%8F%B0%E6%8E%92%E8%A1%8C&isSub=true&t=rank_list_click_log&did=E7FF3A71-61A2-44F9-8BFD-8D654A832C69&p=app&page=%23%2Ftab%2Frank HTTP/1.1" 200 0 "-" "Mozilla/5.0 (iPhone; CPU iPhone OS 8_1_2 like Mac OS X) AppleWebKit/600.1.4 (KHTML, like Gecko) Mobile/12B440 (5223101856)" -
114.242.250.1 - - [27/Apr/2015:01:37:47 +0800][0.000] "GET /v.gif?rank_list_name=%E6%9C%80%E5%8F%97%E6%AC%A2%E8%BF%8EP2P%E5%B9%B3%E5%8F%B0%E6%8E%92%E8%A1%8C&product_name=%E7%BA%A2%E5%B2%AD%E5%88%9B%E6%8A%95&rank_index=1&t=rank_list_item_click_log&did=E7FF3A71-61A2-44F9-8BFD-8D654A832C69&p=app&page=%23%2Ftab%2Frank%2Finfo%2F100181471 HTTP/1.1" 200 0 "-" "Mozilla/5.0 (iPhone; CPU iPhone OS 8_1_2 like Mac OS X) AppleWebKit/600.1.4 (KHTML, like Gecko) Mobile/12B440 (5223101856)" -
106.117.167.146 - - [27/Apr/2015:01:38:03 +0800][0.000] "GET /v.gif?rank_list_name=2015%E5%B9%B4%E4%BA%92%E8%81%94%E7%BD%91%E7%90%86%E8%B4%A2%E5%93%AA%E5%AE%B6%E5%BC%BA&product_name=%E4%BD%99%E9%A2%9D%E5%AE%9D&rank_index=10&t=rank_list_item_click_log&did=c4a7f145351bdc3f&p=app&page=%23%2Ftab%2Frank%2Finfo%2F100181459 HTTP/1.1" 200 0 "-" "Mozilla/5.0 (Linux; U; Android 4.2.1; zh-cn; 2013022 Build/HM2013022) AppleWebKit/534.30 (KHTML, like Gecko) Version/4.0 Mobile Safari/534.30" -
106.117.167.146 - - [27/Apr/2015:01:38:03 +0800][0.000] "GET /v.gif?t=%E8%AF%A6%E6%83%85%E9%A1%B5%E9%9D%A2&did=c4a7f145351bdc3f&p=app&page=%23%2Ftab%2Frank%2F40003687 HTTP/1.1" 200 0 "-" "Mozilla/5.0 (Linux; U; Android 4.2.1; zh-cn; 2013022 Build/HM2013022) AppleWebKit/534.30 (KHTML, like Gecko) Version/4.0 Mobile Safari/534.30" -
111.222.208.249 - - [27/Apr/2015:01:38:06 +0800][0.000] "GET /v.gif?rank_list_name=%E6%9C%80%E5%8F%97%E6%AC%A2%E8%BF%8EP2P%E5%B9%B3%E5%8F%B0%E6%8E%92%E8%A1%8C&product_name=%E6%B8%A9%E5%95%86%E8%B4%B7&rank_index=14&t=rank_list_item_click_log&did=af975a9f9f38220d&p=app&page=%23%2Ftab%2Frank%2Finfo%2F100181471 HTTP/1.1" 200 0 "-" "Mozilla/5.0 (Linux; Android 4.4.4; Nexus 5 Build/KTU84P) AppleWebKit/537.36 (KHTML, like Gecko) Version/4.0 Chrome/33.0.0.0 Mobile Safari/537.36" -
106.117.167.146 - - [27/Apr/2015:01:38:12 +0800][0.000] "GET /v.gif?t=calculate_profit&did=c4a7f145351bdc3f&p=app&page=%23%2Ftab%2Frank%2F40003687 HTTP/1.1" 200 0 "-" "Mozilla/5.0 (Linux; U; Android 4.2.1; zh-cn; 2013022 Build/HM2013022) AppleWebKit/534.30 (KHTML, like Gecko) Version/4.0 Mobile Safari/534.30" -
114.242.250.1 - - [27/Apr/2015:01:38:13 +0800][0.000] "GET /v.gif?rank_list_name=%E6%9C%80%E5%8F%97%E6%AC%A2%E8%BF%8EP2P%E5%B9%B3%E5%8F%B0%E6%8E%92%E8%A1%8C&product_name=PPmoney&rank_index=2&t=rank_list_item_click_log&did=E7FF3A71-61A2-44F9-8BFD-8D654A832C69&p=app&page=%23%2Ftab%2Frank%2Finfo%2F100181471 HTTP/1.1" 200 0 "-" "Mozilla/5.0 (iPhone; CPU iPhone OS 8_1_2 like Mac OS X) AppleWebKit/600.1.4 (KHTML, like Gecko) Mobile/12B440 (5223101856)" -
114.242.250.1 - - [27/Apr/2015:01:38:25 +0800][0.000] "GET /v.gif?rank_list_name=%E6%9C%80%E5%8F%97%E6%AC%A2%E8%BF%8EP2P%E5%B9%B3%E5%8F%B0%E6%8E%92%E8%A1%8C&product_name=%E4%BA%BA%E4%BA%BA%E8%B4%B7&rank_index=3&t=rank_list_item_click_log&did=E7FF3A71-61A2-44F9-8BFD-8D654A832C69&p=app&page=%23%2Ftab%2Frank%2Finfo%2F100181471 HTTP/1.1" 200 0 "-" "Mozilla/5.0 (iPhone; CPU iPhone OS 8_1_2 like Mac OS X) AppleWebKit/600.1.4 (KHTML, like Gecko) Mobile/12B440 (5223101856)" -
114.242.250.1 - - [27/Apr/2015:01:38:25 +0800][0.000] "GET /v.gif?rank_list_name=%E6%9C%80%E5%8F%97%E6%AC%A2%E8%BF%8EP2P%E5%B9%B3%E5%8F%B0%E6%8E%92%E8%A1%8C&product_name=%E4%BA%BA%E4%BA%BA%E8%B4%B7&rank_index=3&t=rank_list_item_click_log&did=E7FF3A71-61A2-44F9-8BFD-8D654A832C69&p=app&page=%23%2Ftab%2Frank%2Fplatform%2F90015930 HTTP/1.1" 200 0 "-" "Mozilla/5.0 (iPhone; CPU iPhone OS 8_1_2 like Mac OS X) AppleWebKit/600.1.4 (KHTML, like Gecko) Mobile/12B440 (5223101856)" -
106.117.167.146 - - [27/Apr/2015:01:38:36 +0800][0.000] "GET /v.gif?t=app-start&did=c4a7f145351bdc3f&p=app&page= HTTP/1.1" 304 0 "-" "Mozilla/5.0 (Linux; U; Android 4.2.1; zh-cn; 2013022 Build/HM2013022) AppleWebKit/534.30 (KHTML, like Gecko) Version/4.0 Mobile Safari/534.30" -
106.117.167.146 - - [27/Apr/2015:01:38:40 +0800][0.000] "GET /v.gif?t=profits_status&did=c4a7f145351bdc3f&p=app&page=%23%2Ftab%2Fprofit%2Fstatus HTTP/1.1" 200 0 "-" "Mozilla/5.0 (Linux; U; Android 4.2.1; zh-cn; 2013022 Build/HM2013022) AppleWebKit/534.30 (KHTML, like Gecko) Version/4.0 Mobile Safari/534.30" -
106.117.167.146 - - [27/Apr/2015:01:38:41 +0800][0.000] "GET /v.gif?t=%E6%96%B0%E6%89%8B%E5%BC%95%E5%AF%BC_%E5%B1%95%E7%8E%B0&did=c4a7f145351bdc3f&p=app&page=%23%2Ftab%2Fprofit%2Fstatus HTTP/1.1" 200 0 "-" "Mozilla/5.0 (Linux; U; Android 4.2.1; zh-cn; 2013022 Build/HM2013022) AppleWebKit/534.30 (KHTML, like Gecko) Version/4.0 Mobile Safari/534.30" -
111.222.208.249 - - [27/Apr/2015:01:38:42 +0800][0.000] "GET /v.gif?rank_list_name=%E4%BA%92%E8%81%94%E7%BD%91%E5%AE%9D%E5%AE%9D%E7%B1%BB%E7%90%86%E8%B4%A2%E6%9C%88%E6%8E%92%E8%A1%8C&isSub=true&t=rank_list_click_log&did=af975a9f9f38220d&p=app&page=%23%2Ftab%2Frank HTTP/1.1" 200 0 "-" "Mozilla/5.0 (Linux; Android 4.4.4; Nexus 5 Build/KTU84P) AppleWebKit/537.36 (KHTML, like Gecko) Version/4.0 Chrome/33.0.0.0 Mobile Safari/537.36" -
114.242.250.1 - - [27/Apr/2015:01:38:42 +0800][0.000] "GET /v.gif?rank_list_name=%E6%9C%80%E5%8F%97%E6%AC%A2%E8%BF%8EP2P%E5%B9%B3%E5%8F%B0%E6%8E%92%E8%A1%8C&product_name=%E6%8A%95%E5%93%AA%E7%BD%91&rank_index=7&t=rank_list_item_click_log&did=E7FF3A71-61A2-44F9-8BFD-8D654A832C69&p=app&page=%23%2Ftab%2Frank%2Finfo%2F100181471 HTTP/1.1" 200 0 "-" "Mozilla/5.0 (iPhone; CPU iPhone OS 8_1_2 like Mac OS X) AppleWebKit/600.1.4 (KHTML, like Gecko) Mobile/12B440 (5223101856)" -
111.222.208.249 - - [27/Apr/2015:01:39:27 +0800][0.000] "GET /v.gif?rank_list_name=%E4%BA%92%E8%81%94%E7%BD%91%E5%AE%9D%E5%AE%9D%E7%B1%BB%E7%90%86%E8%B4%A2%E6%9C%88%E6%8E%92%E8%A1%8C&product_name=%E4%B8%AD%E6%B5%B7e%E9%80%9A%E5%AE%9D&rank_index=1&t=rank_list_item_click_log&did=af975a9f9f38220d&p=app&page=%23%2Ftab%2Frank%2Finfo%2F100181419 HTTP/1.1" 200 0 "-" "Mozilla/5.0 (Linux; Android 4.4.4; Nexus 5 Build/KTU84P) AppleWebKit/537.36 (KHTML, like Gecko) Version/4.0 Chrome/33.0.0.0 Mobile Safari/537.36" -
111.222.208.249 - - [27/Apr/2015:01:39:27 +0800][0.000] "GET /v.gif?t=%E8%AF%A6%E6%83%85%E9%A1%B5%E9%9D%A2&did=af975a9f9f38220d&p=app&page=%23%2Ftab%2Frank%2F40003693 HTTP/1.1" 200 0 "-" "Mozilla/5.0 (Linux; Android 4.4.4; Nexus 5 Build/KTU84P) AppleWebKit/537.36 (KHTML, like Gecko) Version/4.0 Chrome/33.0.0.0 Mobile Safari/537.36" -
111.222.208.249 - - [27/Apr/2015:01:39:48 +0800][0.000] "GET /v.gif?t=%E8%AF%A6%E6%83%85%E9%A1%B5%E9%9D%A2&did=af975a9f9f38220d&p=app&page=%23%2Ftab%2Frank%2F40003651 HTTP/1.1" 200 0 "-" "Mozilla/5.0 (Linux; Android 4.4.4; Nexus 5 Build/KTU84P) AppleWebKit/537.36 (KHTML, like Gecko) Version/4.0 Chrome/33.0.0.0 Mobile Safari/537.36" -
111.222.208.249 - - [27/Apr/2015:01:40:20 +0800][0.000] "GET /v.gif?t=buying_method_rank&did=af975a9f9f38220d&p=app&page=%23%2Ftab%2Frank%2F40003693 HTTP/1.1" 200 0 "-" "Mozilla/5.0 (Linux; Android 4.4.4; Nexus 5 Build/KTU84P) AppleWebKit/537.36 (KHTML, like Gecko) Version/4.0 Chrome/33.0.0.0 Mobile Safari/537.36" -
111.222.208.249 - - [27/Apr/2015:01:40:27 +0800][0.000] "GET /v.gif?id=40003693&t=open_buy_link&did=af975a9f9f38220d&p=app&page=%23%2Ftab%2Frank%2Fdetail_more%2F%3Ftype%3Dbuying_method%26_id%3D40003693 HTTP/1.1" 200 0 "-" "Mozilla/5.0 (Linux; Android 4.4.4; Nexus 5 Build/KTU84P) AppleWebKit/537.36 (KHTML, like Gecko) Version/4.0 Chrome/33.0.0.0 Mobile Safari/537.36" -
106.117.167.146 - - [27/Apr/2015:01:40:56 +0800][0.000] "GET /v.gif?t=app-start&did=c4a7f145351bdc3f&p=app&page= HTTP/1.1" 304 0 "-" "Mozilla/5.0 (Linux; U; Android 4.2.1; zh-cn; 2013022 Build/HM2013022) AppleWebKit/534.30 (KHTML, like Gecko) Version/4.0 Mobile Safari/534.30" -
121.10.54.56 - - [27/Apr/2015:01:41:01 +0800][0.000] "GET /v.gif?t=app-start&did=b3ad07c0eadca865&p=app&page= HTTP/1.1" 200 0 "-" "Mozilla/5.0 (Linux; U; Android 4.1.2; zh-cn; Coolpad 5930 Build/JZO54K) AppleWebKit/534.30 (KHTML, like Gecko) Version/4.0 Mobile Safari/534.30" -
106.117.167.146 - - [27/Apr/2015:01:41:15 +0800][0.000] "GET /v.gif?rank_list_name=%E6%9C%80%E5%8F%97%E6%AC%A2%E8%BF%8EP2P%E5%B9%B3%E5%8F%B0%E6%8E%92%E8%A1%8C&isSub=true&t=rank_list_click_log&did=c4a7f145351bdc3f&p=app&page=%23%2Ftab%2Frank HTTP/1.1" 200 0 "-" "Mozilla/5.0 (Linux; U; Android 4.2.1; zh-cn; 2013022 Build/HM2013022) AppleWebKit/534.30 (KHTML, like Gecko) Version/4.0 Mobile Safari/534.30" -
121.10.54.56 - - [27/Apr/2015:01:41:19 +0800][0.000] "GET /v.gif?t=app-start&did=b3ad07c0eadca865&p=app&page= HTTP/1.1" 304 0 "-" "Mozilla/5.0 (Linux; U; Android 4.1.2; zh-cn; Coolpad 5930 Build/JZO54K) AppleWebKit/534.30 (KHTML, like Gecko) Version/4.0 Mobile Safari/534.30" -
121.10.54.56 - - [27/Apr/2015:01:41:37 +0800][0.000] "GET /v.gif?rank_list_name=%E4%BA%92%E8%81%94%E7%BD%91%E5%AE%9D%E5%AE%9D%E7%B1%BB%E7%90%86%E8%B4%A2%E6%9C%88%E6%8E%92%E8%A1%8C&isSub=true&t=rank_list_click_log&did=b3ad07c0eadca865&p=app&page=%23%2Ftab%2Frank HTTP/1.1" 200 0 "-" "Mozilla/5.0 (Linux; U; Android 4.1.2; zh-cn; Coolpad 5930 Build/JZO54K) AppleWebKit/534.30 (KHTML, like Gecko) Version/4.0 Mobile Safari/534.30" -
111.222.208.249 - - [27/Apr/2015:01:41:47 +0800][0.000] "GET /v.gif?rank_list_name=%E4%BA%92%E8%81%94%E7%BD%91%E5%AE%9D%E5%AE%9D%E7%B1%BB%E7%90%86%E8%B4%A2%E6%9C%88%E6%8E%92%E8%A1%8C&product_name=%E4%BD%99%E9%A2%9D%E5%AE%9D&rank_index=45&t=rank_list_item_click_log&did=af975a9f9f38220d&p=app&page=%23%2Ftab%2Frank%2Finfo%2F100181419 HTTP/1.1" 200 0 "-" "Mozilla/5.0 (Linux; Android 4.4.4; Nexus 5 Build/KTU84P) AppleWebKit/537.36 (KHTML, like Gecko) Version/4.0 Chrome/33.0.0.0 Mobile Safari/537.36" -
111.222.208.249 - - [27/Apr/2015:01:41:47 +0800][0.000] "GET /v.gif?t=%E8%AF%A6%E6%83%85%E9%A1%B5%E9%9D%A2&did=af975a9f9f38220d&p=app&page=%23%2Ftab%2Frank%2F40003687 HTTP/1.1" 200 0 "-" "Mozilla/5.0 (Linux; Android 4.4.4; Nexus 5 Build/KTU84P) AppleWebKit/537.36 (KHTML, like Gecko) Version/4.0 Chrome/33.0.0.0 Mobile Safari/537.36" -
106.117.167.146 - - [27/Apr/2015:01:42:05 +0800][0.000] "GET /v.gif?t=profits_status&did=c4a7f145351bdc3f&p=app&page=%23%2Ftab%2Fprofit%2Fstatus HTTP/1.1" 304 0 "-" "Mozilla/5.0 (Linux; U; Android 4.2.1; zh-cn; 2013022 Build/HM2013022) AppleWebKit/534.30 (KHTML, like Gecko) Version/4.0 Mobile Safari/534.30" -
111.222.208.249 - - [27/Apr/2015:01:42:07 +0800][0.000] "GET /v.gif?t=%E8%AF%A6%E6%83%85%E9%A1%B5%E9%9D%A2&did=af975a9f9f38220d&p=app&page=%23%2Ftab%2Frank%2F40003651 HTTP/1.1" 304 0 "-" "Mozilla/5.0 (Linux; Android 4.4.4; Nexus 5 Build/KTU84P) AppleWebKit/537.36 (KHTML, like Gecko) Version/4.0 Chrome/33.0.0.0 Mobile Safari/537.36" -
121.10.54.56 - - [27/Apr/2015:01:42:58 +0800][0.000] "GET /v.gif?rank_list_name=%E4%BA%92%E8%81%94%E7%BD%91%E5%AE%9D%E5%AE%9D%E7%B1%BB%E7%90%86%E8%B4%A2%E6%9C%88%E6%8E%92%E8%A1%8C&product_name=%E5%BE%AE%E4%BF%A1%E7%90%86%E8%B4%A2%E9%80%9A&rank_index=27&t=rank_list_item_click_log&did=b3ad07c0eadca865&p=app&page=%23%2Ftab%2Frank%2Finfo%2F100181419 HTTP/1.1" 200 0 "-" "Mozilla/5.0 (Linux; U; Android 4.1.2; zh-cn; Coolpad 5930 Build/JZO54K) AppleWebKit/534.30 (KHTML, like Gecko) Version/4.0 Mobile Safari/534.30" -
121.10.54.56 - - [27/Apr/2015:01:42:58 +0800][0.000] "GET /v.gif?t=%E8%AF%A6%E6%83%85%E9%A1%B5%E9%9D%A2&did=b3ad07c0eadca865&p=app&page=%23%2Ftab%2Frank%2F40294941 HTTP/1.1" 200 0 "-" "Mozilla/5.0 (Linux; U; Android 4.1.2; zh-cn; Coolpad 5930 Build/JZO54K) AppleWebKit/534.30 (KHTML, like Gecko) Version/4.0 Mobile Safari/534.30" -
121.10.54.56 - - [27/Apr/2015:01:43:06 +0800][0.000] "GET /v.gif?t=buying_method_rank&did=b3ad07c0eadca865&p=app&page=%23%2Ftab%2Frank%2F40294941 HTTP/1.1" 200 0 "-" "Mozilla/5.0 (Linux; U; Android 4.1.2; zh-cn; Coolpad 5930 Build/JZO54K) AppleWebKit/534.30 (KHTML, like Gecko) Version/4.0 Mobile Safari/534.30" -
111.222.208.249 - - [27/Apr/2015:01:43:13 +0800][0.000] "GET /v.gif?rank_list_name=2015%E5%B9%B4%E4%BA%92%E8%81%94%E7%BD%91%E7%90%86%E8%B4%A2%E5%93%AA%E5%AE%B6%E5%BC%BA&isSub=true&t=rank_list_click_log&did=af975a9f9f38220d&p=app&page=%23%2Ftab%2Frank HTTP/1.1" 200 0 "-" "Mozilla/5.0 (Linux; Android 4.4.4; Nexus 5 Build/KTU84P) AppleWebKit/537.36 (KHTML, like Gecko) Version/4.0 Chrome/33.0.0.0 Mobile Safari/537.36" -
111.222.208.249 - - [27/Apr/2015:01:43:30 +0800][0.000] "GET /v.gif?rank_list_name=2015%E5%B9%B4%E4%BA%92%E8%81%94%E7%BD%91%E7%90%86%E8%B4%A2%E5%93%AA%E5%AE%B6%E5%BC%BA&product_name=%E8%85%BE%E8%AE%AF%E4%BD%A3%E9%87%91%E5%AE%9D&rank_index=1&t=rank_list_item_click_log&did=af975a9f9f38220d&p=app&page=%23%2Ftab%2Frank%2Finfo%2F100181459 HTTP/1.1" 200 0 "-" "Mozilla/5.0 (Linux; Android 4.4.4; Nexus 5 Build/KTU84P) AppleWebKit/537.36 (KHTML, like Gecko) Version/4.0 Chrome/33.0.0.0 Mobile Safari/537.36" -
111.222.208.249 - - [27/Apr/2015:01:43:30 +0800][0.000] "GET /v.gif?t=%E8%AF%A6%E6%83%85%E9%A1%B5%E9%9D%A2&did=af975a9f9f38220d&p=app&page=%23%2Ftab%2Frank%2F40003633 HTTP/1.1" 200 0 "-" "Mozilla/5.0 (Linux; Android 4.4.4; Nexus 5 Build/KTU84P) AppleWebKit/537.36 (KHTML, like Gecko) Version/4.0 Chrome/33.0.0.0 Mobile Safari/537.36" -
218.68.160.101 - - [27/Apr/2015:01:43:32 +0800][0.000] "GET /v.gif?t=app-start&did=bdf5b58b3e2fdcfe&p=app&page= HTTP/1.1" 200 0 "-" "Mozilla/5.0 (Linux; Android 5.0.2; HTC M8St Build/LRX22G) AppleWebKit/537.36 (KHTML, like Gecko) Version/4.0 Chrome/37.0.0.0 Mobile Safari/537.36" -
111.222.208.249 - - [27/Apr/2015:01:43:52 +0800][0.000] "GET /v.gif?rank_list_name=2015%E5%B9%B4%E4%BA%92%E8%81%94%E7%BD%91%E7%90%86%E8%B4%A2%E5%93%AA%E5%AE%B6%E5%BC%BA&product_name=%E7%99%BE%E5%BA%A6%E7%99%BE%E8%B5%9A%E5%88%A9%E6%BB%9A%E5%88%A9&rank_index=2&t=rank_list_item_click_log&did=af975a9f9f38220d&p=app&page=%23%2Ftab%2Frank%2Finfo%2F100181459 HTTP/1.1" 200 0 "-" "Mozilla/5.0 (Linux; Android 4.4.4; Nexus 5 Build/KTU84P) AppleWebKit/537.36 (KHTML, like Gecko) Version/4.0 Chrome/33.0.0.0 Mobile Safari/537.36" -
111.222.208.249 - - [27/Apr/2015:01:43:52 +0800][0.000] "GET /v.gif?t=%E8%AF%A6%E6%83%85%E9%A1%B5%E9%9D%A2&did=af975a9f9f38220d&p=app&page=%23%2Ftab%2Frank%2F40003682 HTTP/1.1" 200 0 "-" "Mozilla/5.0 (Linux; Android 4.4.4; Nexus 5 Build/KTU84P) AppleWebKit/537.36 (KHTML, like Gecko) Version/4.0 Chrome/33.0.0.0 Mobile Safari/537.36" -
111.222.208.249 - - [27/Apr/2015:01:44:01 +0800][0.000] "GET /v.gif?rank_list_name=2015%E5%B9%B4%E4%BA%92%E8%81%94%E7%BD%91%E7%90%86%E8%B4%A2%E5%93%AA%E5%AE%B6%E5%BC%BA&product_name=%E4%BD%99%E9%A2%9D%E5%AE%9D&rank_index=10&t=rank_list_item_click_log&did=af975a9f9f38220d&p=app&page=%23%2Ftab%2Frank%2Finfo%2F100181459 HTTP/1.1" 200 0 "-" "Mozilla/5.0 (Linux; Android 4.4.4; Nexus 5 Build/KTU84P) AppleWebKit/537.36 (KHTML, like Gecko) Version/4.0 Chrome/33.0.0.0 Mobile Safari/537.36" -
111.222.208.249 - - [27/Apr/2015:01:44:02 +0800][0.000] "GET /v.gif?t=%E8%AF%A6%E6%83%85%E9%A1%B5%E9%9D%A2&did=af975a9f9f38220d&p=app&page=%23%2Ftab%2Frank%2F40003687 HTTP/1.1" 304 0 "-" "Mozilla/5.0 (Linux; Android 4.4.4; Nexus 5 Build/KTU84P) AppleWebKit/537.36 (KHTML, like Gecko) Version/4.0 Chrome/33.0.0.0 Mobile Safari/537.36" -
111.222.208.249 - - [27/Apr/2015:01:44:20 +0800][0.000] "GET /v.gif?rank_list_name=%E6%9C%80%E5%8F%97%E6%AC%A2%E8%BF%8EP2P%E5%B9%B3%E5%8F%B0%E6%8E%92%E8%A1%8C&isSub=true&t=rank_list_click_log&did=af975a9f9f38220d&p=app&page=%23%2Ftab%2Frank HTTP/1.1" 304 0 "-" "Mozilla/5.0 (Linux; Android 4.4.4; Nexus 5 Build/KTU84P) AppleWebKit/537.36 (KHTML, like Gecko) Version/4.0 Chrome/33.0.0.0 Mobile Safari/537.36" -
111.222.208.249 - - [27/Apr/2015:01:44:30 +0800][0.000] "GET /v.gif?rank_list_name=%E6%9C%80%E5%8F%97%E6%AC%A2%E8%BF%8EP2P%E5%B9%B3%E5%8F%B0%E6%8E%92%E8%A1%8C&product_name=%E7%BA%A2%E5%B2%AD%E5%88%9B%E6%8A%95&rank_index=1&t=rank_list_item_click_log&did=af975a9f9f38220d&p=app&page=%23%2Ftab%2Frank%2Finfo%2F100181471 HTTP/1.1" 304 0 "-" "Mozilla/5.0 (Linux; Android 4.4.4; Nexus 5 Build/KTU84P) AppleWebKit/537.36 (KHTML, like Gecko) Version/4.0 Chrome/33.0.0.0 Mobile Safari/537.36" -
121.10.54.56 - - [27/Apr/2015:01:45:18 +0800][0.000] "GET /v.gif?t=app-start&did=b3ad07c0eadca865&p=app&page= HTTP/1.1" 304 0 "-" "Mozilla/5.0 (Linux; U; Android 4.1.2; zh-cn; Coolpad 5930 Build/JZO54K) AppleWebKit/534.30 (KHTML, like Gecko) Version/4.0 Mobile Safari/534.30" -
121.10.54.56 - - [27/Apr/2015:01:45:23 +0800][0.000] "GET /v.gif?rank_list_name=%E6%9C%80%E5%8F%97%E6%AC%A2%E8%BF%8EP2P%E5%B9%B3%E5%8F%B0%E6%8E%92%E8%A1%8C&isSub=true&t=rank_list_click_log&did=b3ad07c0eadca865&p=app&page=%23%2Ftab%2Frank HTTP/1.1" 200 0 "-" "Mozilla/5.0 (Linux; U; Android 4.1.2; zh-cn; Coolpad 5930 Build/JZO54K) AppleWebKit/534.30 (KHTML, like Gecko) Version/4.0 Mobile Safari/534.30" -
120.11.224.195 - - [27/Apr/2015:01:48:50 +0800][0.000] "GET /v.gif?t=app-start&did=4ef35d64d92eb82b&p=app&page= HTTP/1.1" 200 0 "-" "Mozilla/5.0 (Linux; Android 4.4.2; SM-G9009W Build/KOT49H) AppleWebKit/537.36 (KHTML, like Gecko) Version/4.0 Chrome/30.0.0.0 Mobile Safari/537.36" -
221.221.222.23 - - [27/Apr/2015:01:50:38 +0800][0.000] "GET /v.gif?t=app-start&did=e2ce7a93bb291519&p=app&page= HTTP/1.1" 200 0 "-" "Mozilla/5.0 (Linux; U; Android 4.2.1; zh-cn; E3T Build/JOP40D) AppleWebKit/534.30 (KHTML, like Gecko) Version/4.0 Mobile Safari/534.30" -
121.10.54.56 - - [27/Apr/2015:01:51:08 +0800][0.000] "GET /v.gif?rank_list_name=%E6%9C%88%E5%BA%A6%E6%9C%80%E8%B5%9A%E5%9F%BA%E9%87%91%E6%8E%92%E8%A1%8C&isSub=true&t=rank_list_click_log&did=b3ad07c0eadca865&p=app&page=%23%2Ftab%2Frank HTTP/1.1" 200 0 "-" "Mozilla/5.0 (Linux; U; Android 4.1.2; zh-cn; Coolpad 5930 Build/JZO54K) AppleWebKit/534.30 (KHTML, like Gecko) Version/4.0 Mobile Safari/534.30" -
121.10.54.56 - - [27/Apr/2015:01:51:24 +0800][0.000] "GET /v.gif?rank_list_name=%E6%9C%88%E5%BA%A6%E6%9C%80%E8%B5%9A%E5%9F%BA%E9%87%91%E6%8E%92%E8%A1%8C&product_name=%E5%AF%8C%E5%9B%BD%E5%8C%BB%E7%96%97%E4%BF%9D%E5%81%A5%E8%A1%8C%E4%B8%9A&rank_index=1&t=rank_list_item_click_log&did=b3ad07c0eadca865&p=app&page=%23%2Ftab%2Frank%2Finfo%2F100181465 HTTP/1.1" 200 0 "-" "Mozilla/5.0 (Linux; U; Android 4.1.2; zh-cn; Coolpad 5930 Build/JZO54K) AppleWebKit/534.30 (KHTML, like Gecko) Version/4.0 Mobile Safari/534.30" -
121.10.54.56 - - [27/Apr/2015:01:51:25 +0800][0.000] "GET /v.gif?t=%E8%AF%A6%E6%83%85%E9%A1%B5%E9%9D%A2&did=b3ad07c0eadca865&p=app&page=%23%2Ftab%2Frank%2F30003087 HTTP/1.1" 200 0 "-" "Mozilla/5.0 (Linux; U; Android 4.1.2; zh-cn; Coolpad 5930 Build/JZO54K) AppleWebKit/534.30 (KHTML, like Gecko) Version/4.0 Mobile Safari/534.30" -
121.10.54.56 - - [27/Apr/2015:01:52:03 +0800][0.000] "GET /v.gif?rank_list_name=%E6%9C%88%E5%BA%A6%E6%9C%80%E8%B5%9A%E5%9F%BA%E9%87%91%E6%8E%92%E8%A1%8C&product_name=%E6%98%93%E6%96%B9%E8%BE%BE%E6%96%B0%E5%85%B4%E6%88%90%E9%95%BF&rank_index=21&t=rank_list_item_click_log&did=b3ad07c0eadca865&p=app&page=%23%2Ftab%2Frank%2Finfo%2F100181465 HTTP/1.1" 200 0 "-" "Mozilla/5.0 (Linux; U; Android 4.1.2; zh-cn; Coolpad 5930 Build/JZO54K) AppleWebKit/534.30 (KHTML, like Gecko) Version/4.0 Mobile Safari/534.30" -
121.10.54.56 - - [27/Apr/2015:01:52:03 +0800][0.000] "GET /v.gif?t=%E8%AF%A6%E6%83%85%E9%A1%B5%E9%9D%A2&did=b3ad07c0eadca865&p=app&page=%23%2Ftab%2Frank%2F30001482 HTTP/1.1" 200 0 "-" "Mozilla/5.0 (Linux; U; Android 4.1.2; zh-cn; Coolpad 5930 Build/JZO54K) AppleWebKit/534.30 (KHTML, like Gecko) Version/4.0 Mobile Safari/534.30" -
121.10.54.56 - - [27/Apr/2015:01:52:47 +0800][0.000] "GET /v.gif?t=app-start&did=b3ad07c0eadca865&p=app&page= HTTP/1.1" 304 0 "-" "Mozilla/5.0 (Linux; U; Android 4.1.2; zh-cn; Coolpad 5930 Build/JZO54K) AppleWebKit/534.30 (KHTML, like Gecko) Version/4.0 Mobile Safari/534.30" -
121.10.54.56 - - [27/Apr/2015:01:53:00 +0800][0.000] "GET /v.gif?t=app-start&did=b3ad07c0eadca865&p=app&page= HTTP/1.1" 304 0 "-" "Mozilla/5.0 (Linux; U; Android 4.1.2; zh-cn; Coolpad 5930 Build/JZO54K) AppleWebKit/534.30 (KHTML, like Gecko) Version/4.0 Mobile Safari/534.30" -
121.10.54.56 - - [27/Apr/2015:01:53:33 +0800][0.000] "GET /v.gif?t=%E5%85%B3%E6%B3%A8%E9%A1%B5%E9%9D%A2&did=b3ad07c0eadca865&p=app&page=%23%2Ftab%2Fstar HTTP/1.1" 200 0 "-" "Mozilla/5.0 (Linux; U; Android 4.1.2; zh-cn; Coolpad 5930 Build/JZO54K) AppleWebKit/534.30 (KHTML, like Gecko) Version/4.0 Mobile Safari/534.30" -
121.10.54.56 - - [27/Apr/2015:01:53:36 +0800][0.000] "GET /v.gif?t=%E6%90%9C%E7%B4%A2%E9%A1%B5%E9%9D%A2&did=b3ad07c0eadca865&p=app&page=%23%2Ftab%2Fsearch HTTP/1.1" 200 0 "-" "Mozilla/5.0 (Linux; U; Android 4.1.2; zh-cn; Coolpad 5930 Build/JZO54K) AppleWebKit/534.30 (KHTML, like Gecko) Version/4.0 Mobile Safari/534.30" -
121.10.54.56 - - [27/Apr/2015:01:54:35 +0800][0.000] "GET /v.gif?t=%E6%9B%B4%E5%A4%9A%E9%A1%B5%E9%9D%A2&did=b3ad07c0eadca865&p=app&page=%23%2Ftab%2Fmore HTTP/1.1" 200 0 "-" "Mozilla/5.0 (Linux; U; Android 4.1.2; zh-cn; Coolpad 5930 Build/JZO54K) AppleWebKit/534.30 (KHTML, like Gecko) Version/4.0 Mobile Safari/534.30" -
121.10.54.56 - - [27/Apr/2015:01:54:40 +0800][0.000] "GET /v.gif?t=about_us&did=b3ad07c0eadca865&p=app&page=%23%2Ftab%2Fmore HTTP/1.1" 200 0 "-" "Mozilla/5.0 (Linux; U; Android 4.1.2; zh-cn; Coolpad 5930 Build/JZO54K) AppleWebKit/534.30 (KHTML, like Gecko) Version/4.0 Mobile Safari/534.30" -
121.10.54.56 - - [27/Apr/2015:01:54:41 +0800][0.000] "GET /v.gif?t=%E6%9B%B4%E5%A4%9A%E9%A1%B5%E9%9D%A2&did=b3ad07c0eadca865&p=app&page=%23%2Ftab%2Fmore%2Fabout HTTP/1.1" 200 0 "-" "Mozilla/5.0 (Linux; U; Android 4.1.2; zh-cn; Coolpad 5930 Build/JZO54K) AppleWebKit/534.30 (KHTML, like Gecko) Version/4.0 Mobile Safari/534.30" -
111.161.138.7 - - [27/Apr/2015:01:58:12 +0800][0.000] "GET /v.gif?t=app-start&did=7CA5D3BF-E56C-409C-BCC5-F78340EE35FE&p=app&page=%23%2Ftab%2Frank HTTP/1.1" 200 0 "-" "Mozilla/5.0 (iPhone; CPU iPhone OS 7_1_2 like Mac OS X) AppleWebKit/537.51.2 (KHTML, like Gecko) Mobile/11D257 (342331488)" -
111.161.138.7 - - [27/Apr/2015:01:58:25 +0800][0.000] "GET /v.gif?t=profits_status&did=7CA5D3BF-E56C-409C-BCC5-F78340EE35FE&p=app&page=%23%2Ftab%2Fprofit%2Fstatus HTTP/1.1" 200 0 "-" "Mozilla/5.0 (iPhone; CPU iPhone OS 7_1_2 like Mac OS X) AppleWebKit/537.51.2 (KHTML, like Gecko) Mobile/11D257 (342331488)" -
111.161.138.7 - - [27/Apr/2015:01:58:25 +0800][0.000] "GET /v.gif?t=%E6%96%B0%E6%89%8B%E5%BC%95%E5%AF%BC_%E5%B1%95%E7%8E%B0&did=7CA5D3BF-E56C-409C-BCC5-F78340EE35FE&p=app&page=%23%2Ftab%2Fprofit%2Fstatus HTTP/1.1" 200 0 "-" "Mozilla/5.0 (iPhone; CPU iPhone OS 7_1_2 like Mac OS X) AppleWebKit/537.51.2 (KHTML, like Gecko) Mobile/11D257 (342331488)" -
111.161.138.7 - - [27/Apr/2015:01:58:33 +0800][0.000] "GET /v.gif?t=%E5%85%B3%E6%B3%A8%E9%A1%B5%E9%9D%A2&did=7CA5D3BF-E56C-409C-BCC5-F78340EE35FE&p=app&page=%23%2Ftab%2Fstar HTTP/1.1" 200 0 "-" "Mozilla/5.0 (iPhone; CPU iPhone OS 7_1_2 like Mac OS X) AppleWebKit/537.51.2 (KHTML, like Gecko) Mobile/11D257 (342331488)" -
111.161.138.7 - - [27/Apr/2015:01:58:34 +0800][0.000] "GET /v.gif?t=%E6%90%9C%E7%B4%A2%E9%A1%B5%E9%9D%A2&did=7CA5D3BF-E56C-409C-BCC5-F78340EE35FE&p=app&page=%23%2Ftab%2Fsearch HTTP/1.1" 200 0 "-" "Mozilla/5.0 (iPhone; CPU iPhone OS 7_1_2 like Mac OS X) AppleWebKit/537.51.2 (KHTML, like Gecko) Mobile/11D257 (342331488)" -
111.161.138.7 - - [27/Apr/2015:01:58:40 +0800][0.000] "GET /v.gif?t=%E6%9B%B4%E5%A4%9A%E9%A1%B5%E9%9D%A2&did=7CA5D3BF-E56C-409C-BCC5-F78340EE35FE&p=app&page=%23%2Ftab%2Fmore HTTP/1.1" 200 0 "-" "Mozilla/5.0 (iPhone; CPU iPhone OS 7_1_2 like Mac OS X) AppleWebKit/537.51.2 (KHTML, like Gecko) Mobile/11D257 (342331488)" -
112.11.9.145 - - [27/Apr/2015:02:20:28 +0800][0.000] "GET /v.gif?t=app-start&did=5ec8a1ac529ad998&p=app&page= HTTP/1.1" 200 0 "-" "Mozilla/5.0 (Linux; Android 4.4.4; R8107 Build/KTU84P) AppleWebKit/537.36 (KHTML, like Gecko) Version/4.0 Chrome/33.0.0.0 Mobile Safari/537.36" -
113.5.2.22 - - [27/Apr/2015:02:30:47 +0800][0.000] "GET /v.gif?t=app-start&did=eb4a31b82dbb42cc&p=app&page= HTTP/1.1" 200 0 "-" "Mozilla/5.0 (Linux; U; Android 4.2.1; zh-cn; MC002 Build/Retail_WGMC002) AppleWebKit/534.30 (KHTML, like Gecko) Version/4.0 Mobile Safari/534.30" -
113.5.2.22 - - [27/Apr/2015:02:30:52 +0800][0.000] "GET /v.gif?rank_list_name=%E4%BA%92%E8%81%94%E7%BD%91%E5%AE%9D%E5%AE%9D%E7%B1%BB%E7%90%86%E8%B4%A2%E6%9C%88%E6%8E%92%E8%A1%8C&isSub=true&t=rank_list_click_log&did=eb4a31b82dbb42cc&p=app&page=%23%2Ftab%2Frank HTTP/1.1" 200 0 "-" "Mozilla/5.0 (Linux; U; Android 4.2.1; zh-cn; MC002 Build/Retail_WGMC002) AppleWebKit/534.30 (KHTML, like Gecko) Version/4.0 Mobile Safari/534.30" -
113.5.2.22 - - [27/Apr/2015:02:31:22 +0800][0.000] "GET /v.gif?rank_list_name=%E4%BA%92%E8%81%94%E7%BD%91%E5%AE%9D%E5%AE%9D%E7%B1%BB%E7%90%86%E8%B4%A2%E6%9C%88%E6%8E%92%E8%A1%8C&product_name=%E4%B8%AD%E6%B5%B7e%E9%80%9A%E5%AE%9D&rank_index=1&t=rank_list_item_click_log&did=eb4a31b82dbb42cc&p=app&page=%23%2Ftab%2Frank%2Finfo%2F100181419 HTTP/1.1" 200 0 "-" "Mozilla/5.0 (Linux; U; Android 4.2.1; zh-cn; MC002 Build/Retail_WGMC002) AppleWebKit/534.30 (KHTML, like Gecko) Version/4.0 Mobile Safari/534.30" -
113.5.2.22 - - [27/Apr/2015:02:31:23 +0800][0.000] "GET /v.gif?t=%E8%AF%A6%E6%83%85%E9%A1%B5%E9%9D%A2&did=eb4a31b82dbb42cc&p=app&page=%23%2Ftab%2Frank%2F40003693 HTTP/1.1" 200 0 "-" "Mozilla/5.0 (Linux; U; Android 4.2.1; zh-cn; MC002 Build/Retail_WGMC002) AppleWebKit/534.30 (KHTML, like Gecko) Version/4.0 Mobile Safari/534.30" -
113.5.2.22 - - [27/Apr/2015:02:31:32 +0800][0.000] "GET /v.gif?t=buying_method_rank&did=eb4a31b82dbb42cc&p=app&page=%23%2Ftab%2Frank%2F40003693 HTTP/1.1" 200 0 "-" "Mozilla/5.0 (Linux; U; Android 4.2.1; zh-cn; MC002 Build/Retail_WGMC002) AppleWebKit/534.30 (KHTML, like Gecko) Version/4.0 Mobile Safari/534.30" -
113.5.2.22 - - [27/Apr/2015:02:31:36 +0800][0.000] "GET /v.gif?id=40003693&t=open_buy_link&did=eb4a31b82dbb42cc&p=app&page=%23%2Ftab%2Frank%2Fdetail_more%2F%3Ftype%3Dbuying_method%26_id%3D40003693 HTTP/1.1" 200 0 "-" "Mozilla/5.0 (Linux; U; Android 4.2.1; zh-cn; MC002 Build/Retail_WGMC002) AppleWebKit/534.30 (KHTML, like Gecko) Version/4.0 Mobile Safari/534.30" -
113.5.2.22 - - [27/Apr/2015:02:34:16 +0800][0.000] "GET /v.gif?rank_list_name=%E6%9C%80%E5%8F%97%E6%AC%A2%E8%BF%8EP2P%E5%B9%B3%E5%8F%B0%E6%8E%92%E8%A1%8C&isSub=true&t=rank_list_click_log&did=eb4a31b82dbb42cc&p=app&page=%23%2Ftab%2Frank HTTP/1.1" 200 0 "-" "Mozilla/5.0 (Linux; U; Android 4.2.1; zh-cn; MC002 Build/Retail_WGMC002) AppleWebKit/534.30 (KHTML, like Gecko) Version/4.0 Mobile Safari/534.30" -
113.5.2.22 - - [27/Apr/2015:02:35:02 +0800][0.000] "GET /v.gif?rank_list_name=%E6%9C%88%E5%BA%A6%E6%9C%80%E8%B5%9A%E5%9F%BA%E9%87%91%E6%8E%92%E8%A1%8C&isSub=true&t=rank_list_click_log&did=eb4a31b82dbb42cc&p=app&page=%23%2Ftab%2Frank HTTP/1.1" 200 0 "-" "Mozilla/5.0 (Linux; U; Android 4.2.1; zh-cn; MC002 Build/Retail_WGMC002) AppleWebKit/534.30 (KHTML, like Gecko) Version/4.0 Mobile Safari/534.30" -
113.5.2.22 - - [27/Apr/2015:02:35:16 +0800][0.000] "GET /v.gif?rank_list_name=%E7%9F%A5%E5%90%8D%E9%93%B6%E8%A1%8C%E7%9F%AD%E6%9C%9F%E7%90%86%E8%B4%A2%E6%8E%92%E8%A1%8C&isSub=true&t=rank_list_click_log&did=eb4a31b82dbb42cc&p=app&page=%23%2Ftab%2Frank HTTP/1.1" 200 0 "-" "Mozilla/5.0 (Linux; U; Android 4.2.1; zh-cn; MC002 Build/Retail_WGMC002) AppleWebKit/534.30 (KHTML, like Gecko) Version/4.0 Mobile Safari/534.30" -
113.5.2.22 - - [27/Apr/2015:02:35:34 +0800][0.000] "GET /v.gif?rank_list_name=%E7%9F%A5%E5%90%8D%E9%93%B6%E8%A1%8C%E7%9F%AD%E6%9C%9F%E7%90%86%E8%B4%A2%E6%8E%92%E8%A1%8C&product_name=%E9%9D%9E%E5%87%A1%E8%B5%84%E4%BA%A7%E7%AE%A1%E7%90%86%E5%8F%8C%E6%9C%88%E5%A2%9E%E5%88%A9%E7%AC%AC179%E6%9C%9F%EF%BC%88%E6%96%B0%E5%96%9C%EF%BC%89%E6%AC%BE&rank_index=1&t=rank_list_item_click_log&did=eb4a31b82dbb42cc&p=app&page=%23%2Ftab%2Frank%2Finfo%2F100181460 HTTP/1.1" 200 0 "-" "Mozilla/5.0 (Linux; U; Android 4.2.1; zh-cn; MC002 Build/Retail_WGMC002) AppleWebKit/534.30 (KHTML, like Gecko) Version/4.0 Mobile Safari/534.30" -
113.5.2.22 - - [27/Apr/2015:02:35:35 +0800][0.000] "GET /v.gif?t=%E8%AF%A6%E6%83%85%E9%A1%B5%E9%9D%A2&did=eb4a31b82dbb42cc&p=app&page=%23%2Ftab%2Frank%2F50335973 HTTP/1.1" 200 0 "-" "Mozilla/5.0 (Linux; U; Android 4.2.1; zh-cn; MC002 Build/Retail_WGMC002) AppleWebKit/534.30 (KHTML, like Gecko) Version/4.0 Mobile Safari/534.30" -
101.254.146.184 - - [27/Apr/2015:02:35:45 +0800][0.000] "GET /v.gif?t=app-start&did=3488b256e347f34a&p=app&page= HTTP/1.1" 200 0 "-" "Mozilla/5.0 (Linux; U; Android 4.2.2; zh-cn; vivo Y622 Build/JDQ39) AppleWebKit/534.30 (KHTML, like Gecko) Version/4.0 Mobile Safari/534.30" -
101.254.146.184 - - [27/Apr/2015:02:35:47 +0800][0.000] "GET /v.gif?rank_list_name=%E7%9F%A5%E5%90%8D%E9%93%B6%E8%A1%8C%E7%9F%AD%E6%9C%9F%E7%90%86%E8%B4%A2%E6%8E%92%E8%A1%8C&isSub=true&t=rank_list_click_log&did=3488b256e347f34a&p=app&page=%23%2Ftab%2Frank HTTP/1.1" 200 0 "-" "Mozilla/5.0 (Linux; U; Android 4.2.2; zh-cn; vivo Y622 Build/JDQ39) AppleWebKit/534.30 (KHTML, like Gecko) Version/4.0 Mobile Safari/534.30" -
113.5.2.22 - - [27/Apr/2015:02:36:20 +0800][0.000] "GET /v.gif?rank_list_name=2015%E5%B9%B4%E4%BA%92%E8%81%94%E7%BD%91%E7%90%86%E8%B4%A2%E5%93%AA%E5%AE%B6%E5%BC%BA&isSub=true&t=rank_list_click_log&did=eb4a31b82dbb42cc&p=app&page=%23%2Ftab%2Frank HTTP/1.1" 200 0 "-" "Mozilla/5.0 (Linux; U; Android 4.2.1; zh-cn; MC002 Build/Retail_WGMC002) AppleWebKit/534.30 (KHTML, like Gecko) Version/4.0 Mobile Safari/534.30" -
113.5.2.22 - - [27/Apr/2015:02:37:32 +0800][0.000] "GET /v.gif?rank_list_name=%E4%BF%A1%E6%89%98%E4%BA%A7%E5%93%81%E6%94%B6%E7%9B%8A%E6%8E%92%E8%A1%8C&isSub=true&t=rank_list_click_log&did=eb4a31b82dbb42cc&p=app&page=%23%2Ftab%2Frank HTTP/1.1" 200 0 "-" "Mozilla/5.0 (Linux; U; Android 4.2.1; zh-cn; MC002 Build/Retail_WGMC002) AppleWebKit/534.30 (KHTML, like Gecko) Version/4.0 Mobile Safari/534.30" -
113.5.2.22 - - [27/Apr/2015:02:38:18 +0800][0.000] "GET /v.gif?rank_list_name=%E4%BF%A1%E6%89%98%E4%BA%A7%E5%93%81%E6%94%B6%E7%9B%8A%E6%8E%92%E8%A1%8C&product_name=%E4%B8%AD%E5%8E%9F%E8%B4%A2%E5%AF%8C-%E5%AE%8F%E4%B8%9A149%E6%9C%9F-%E9%9B%86%E5%90%88%E4%BF%A1%E6%89%98%E8%AE%A1%E5%88%92&rank_index=5&t=rank_list_item_click_log&did=eb4a31b82dbb42cc&p=app&page=%23%2Ftab%2Frank%2Finfo%2F100181714 HTTP/1.1" 200 0 "-" "Mozilla/5.0 (Linux; U; Android 4.2.1; zh-cn; MC002 Build/Retail_WGMC002) AppleWebKit/534.30 (KHTML, like Gecko) Version/4.0 Mobile Safari/534.30" -
113.5.2.22 - - [27/Apr/2015:02:38:19 +0800][0.000] "GET /v.gif?t=%E8%AF%A6%E6%83%85%E9%A1%B5%E9%9D%A2&did=eb4a31b82dbb42cc&p=app&page=%23%2Ftab%2Frank%2F60181719 HTTP/1.1" 200 0 "-" "Mozilla/5.0 (Linux; U; Android 4.2.1; zh-cn; MC002 Build/Retail_WGMC002) AppleWebKit/534.30 (KHTML, like Gecko) Version/4.0 Mobile Safari/534.30" -
113.5.2.22 - - [27/Apr/2015:02:39:14 +0800][0.000] "GET /v.gif?rank_list_name=%E4%BA%92%E8%81%94%E7%BD%91%E5%AE%9D%E5%AE%9D%E7%B1%BB%E7%90%86%E8%B4%A2%E5%91%A8%E6%8E%92%E8%A1%8C&isSub=false&t=rank_list_click_log&did=eb4a31b82dbb42cc&p=app&page=%23%2Ftab%2Frank%2Fadd HTTP/1.1" 200 0 "-" "Mozilla/5.0 (Linux; U; Android 4.2.1; zh-cn; MC002 Build/Retail_WGMC002) AppleWebKit/534.30 (KHTML, like Gecko) Version/4.0 Mobile Safari/534.30" -
113.5.2.22 - - [27/Apr/2015:02:39:46 +0800][0.000] "GET /v.gif?rank_list_name=%E9%AB%98%E6%94%B6%E7%9B%8AP2P%E5%B9%B3%E5%8F%B0%E6%8E%92%E8%A1%8C&isSub=false&t=rank_list_click_log&did=eb4a31b82dbb42cc&p=app&page=%23%2Ftab%2Frank%2Fadd HTTP/1.1" 200 0 "-" "Mozilla/5.0 (Linux; U; Android 4.2.1; zh-cn; MC002 Build/Retail_WGMC002) AppleWebKit/534.30 (KHTML, like Gecko) Version/4.0 Mobile Safari/534.30" -
113.5.2.22 - - [27/Apr/2015:02:39:50 +0800][0.000] "GET /v.gif?rank_list_name=%E5%B9%B4%E5%BA%A6%E6%9C%80%E8%B5%9A%E5%9F%BA%E9%87%91%E6%8E%92%E8%A1%8C&isSub=false&t=rank_list_click_log&did=eb4a31b82dbb42cc&p=app&page=%23%2Ftab%2Frank%2Fadd HTTP/1.1" 200 0 "-" "Mozilla/5.0 (Linux; U; Android 4.2.1; zh-cn; MC002 Build/Retail_WGMC002) AppleWebKit/534.30 (KHTML, like Gecko) Version/4.0 Mobile Safari/534.30" -
113.5.2.22 - - [27/Apr/2015:02:40:01 +0800][0.000] "GET /v.gif?rank_list_name=%E4%BA%92%E8%81%94%E7%BD%91%E5%AE%9D%E5%AE%9D%E7%B1%BB%E7%90%86%E8%B4%A2%E5%91%A8%E6%8E%92%E8%A1%8C&isSub=false&t=rank_list_click_log&did=eb4a31b82dbb42cc&p=app&page=%23%2Ftab%2Frank%2Fadd HTTP/1.1" 304 0 "-" "Mozilla/5.0 (Linux; U; Android 4.2.1; zh-cn; MC002 Build/Retail_WGMC002) AppleWebKit/534.30 (KHTML, like Gecko) Version/4.0 Mobile Safari/534.30" -
113.5.2.22 - - [27/Apr/2015:02:40:09 +0800][0.000] "GET /v.gif?rank_list_name=%E9%93%B6%E8%A1%8C%E7%B3%BB%E5%AE%9D%E5%AE%9D%E7%B1%BB%E7%90%86%E8%B4%A2%E6%9C%88%E6%8E%92%E8%A1%8C&isSub=false&t=rank_list_click_log&did=eb4a31b82dbb42cc&p=app&page=%23%2Ftab%2Frank%2Fadd HTTP/1.1" 200 0 "-" "Mozilla/5.0 (Linux; U; Android 4.2.1; zh-cn; MC002 Build/Retail_WGMC002) AppleWebKit/534.30 (KHTML, like Gecko) Version/4.0 Mobile Safari/534.30" -
113.5.2.22 - - [27/Apr/2015:02:40:18 +0800][0.000] "GET /v.gif?rank_list_name=%E4%BA%92%E8%81%94%E7%BD%91%E5%AE%9D%E5%AE%9D%E7%B1%BB%E7%90%86%E8%B4%A2%E6%9C%88%E6%8E%92%E8%A1%8C&isSub=true&t=rank_list_click_log&did=eb4a31b82dbb42cc&p=app&page=%23%2Ftab%2Frank%2Fadd HTTP/1.1" 200 0 "-" "Mozilla/5.0 (Linux; U; Android 4.2.1; zh-cn; MC002 Build/Retail_WGMC002) AppleWebKit/534.30 (KHTML, like Gecko) Version/4.0 Mobile Safari/534.30" -
113.5.2.22 - - [27/Apr/2015:02:40:22 +0800][0.000] "GET /v.gif?rank_list_name=2015%E5%B9%B4%E4%BA%92%E8%81%94%E7%BD%91%E7%90%86%E8%B4%A2%E5%93%AA%E5%AE%B6%E5%BC%BA&isSub=true&t=rank_list_click_log&did=eb4a31b82dbb42cc&p=app&page=%23%2Ftab%2Frank%2Fadd HTTP/1.1" 200 0 "-" "Mozilla/5.0 (Linux; U; Android 4.2.1; zh-cn; MC002 Build/Retail_WGMC002) AppleWebKit/534.30 (KHTML, like Gecko) Version/4.0 Mobile Safari/534.30" -
113.5.2.22 - - [27/Apr/2015:02:40:25 +0800][0.000] "GET /v.gif?rank_list_name=2015%E5%B9%B4%E4%BA%92%E8%81%94%E7%BD%91%E7%90%86%E8%B4%A2%E5%93%AA%E5%AE%B6%E5%BC%BA&isSub=true&t=rank_list_click_log&did=eb4a31b82dbb42cc&p=app&page=%23%2Ftab%2Frank%2Fadd HTTP/1.1" 304 0 "-" "Mozilla/5.0 (Linux; U; Android 4.2.1; zh-cn; MC002 Build/Retail_WGMC002) AppleWebKit/534.30 (KHTML, like Gecko) Version/4.0 Mobile Safari/534.30" -
113.5.2.22 - - [27/Apr/2015:02:40:43 +0800][0.000] "GET /v.gif?rank_list_name=2015%E5%B9%B4%E4%BA%92%E8%81%94%E7%BD%91%E7%90%86%E8%B4%A2%E5%93%AA%E5%AE%B6%E5%BC%BA&isSub=true&t=rank_list_click_log&did=eb4a31b82dbb42cc&p=app&page=%23%2Ftab%2Frank HTTP/1.1" 304 0 "-" "Mozilla/5.0 (Linux; U; Android 4.2.1; zh-cn; MC002 Build/Retail_WGMC002) AppleWebKit/534.30 (KHTML, like Gecko) Version/4.0 Mobile Safari/534.30" -
113.5.2.22 - - [27/Apr/2015:02:40:54 +0800][0.000] "GET /v.gif?rank_list_name=%E4%BA%92%E8%81%94%E7%BD%91%E5%AE%9D%E5%AE%9D%E7%B1%BB%E7%90%86%E8%B4%A2%E5%91%A8%E6%8E%92%E8%A1%8C&isSub=true&t=rank_list_click_log&did=eb4a31b82dbb42cc&p=app&page=%23%2Ftab%2Frank HTTP/1.1" 200 0 "-" "Mozilla/5.0 (Linux; U; Android 4.2.1; zh-cn; MC002 Build/Retail_WGMC002) AppleWebKit/534.30 (KHTML, like Gecko) Version/4.0 Mobile Safari/534.30" -
223.104.18.94 - - [27/Apr/2015:02:41:10 +0800][0.000] "GET /v.gif?t=app-start&did=4789070E-EF50-4F65-9525-60ED2FDF78FE&p=app&page=%23%2Ftab%2Frank HTTP/1.1" 200 0 "-" "Mozilla/5.0 (iPhone; CPU iPhone OS 8_3 like Mac OS X) AppleWebKit/600.1.4 (KHTML, like Gecko) Mobile/12F70 (5491534592)" -
223.104.18.94 - - [27/Apr/2015:02:41:13 +0800][0.000] "GET /v.gif?t=profits_status&did=4789070E-EF50-4F65-9525-60ED2FDF78FE&p=app&page=%23%2Ftab%2Fprofit%2Fstatus HTTP/1.1" 200 0 "-" "Mozilla/5.0 (iPhone; CPU iPhone OS 8_3 like Mac OS X) AppleWebKit/600.1.4 (KHTML, like Gecko) Mobile/12F70 (5491534592)" -
113.5.2.22 - - [27/Apr/2015:02:41:15 +0800][0.000] "GET /v.gif?rank_list_name=%E9%AB%98%E6%94%B6%E7%9B%8AP2P%E5%B9%B3%E5%8F%B0%E6%8E%92%E8%A1%8C&isSub=true&t=rank_list_click_log&did=eb4a31b82dbb42cc&p=app&page=%23%2Ftab%2Frank HTTP/1.1" 200 0 "-" "Mozilla/5.0 (Linux; U; Android 4.2.1; zh-cn; MC002 Build/Retail_WGMC002) AppleWebKit/534.30 (KHTML, like Gecko) Version/4.0 Mobile Safari/534.30" -
113.5.2.22 - - [27/Apr/2015:02:41:46 +0800][0.000] "GET /v.gif?rank_list_name=%E6%9C%80%E5%8F%97%E6%AC%A2%E8%BF%8EP2P%E5%B9%B3%E5%8F%B0%E6%8E%92%E8%A1%8C&isSub=true&t=rank_list_click_log&did=eb4a31b82dbb42cc&p=app&page=%23%2Ftab%2Frank HTTP/1.1" 304 0 "-" "Mozilla/5.0 (Linux; U; Android 4.2.1; zh-cn; MC002 Build/Retail_WGMC002) AppleWebKit/534.30 (KHTML, like Gecko) Version/4.0 Mobile Safari/534.30" -
113.5.2.22 - - [27/Apr/2015:02:41:57 +0800][0.000] "GET /v.gif?t=profits_status&did=eb4a31b82dbb42cc&p=app&page=%23%2Ftab%2Fprofit%2Fstatus HTTP/1.1" 200 0 "-" "Mozilla/5.0 (Linux; U; Android 4.2.1; zh-cn; MC002 Build/Retail_WGMC002) AppleWebKit/534.30 (KHTML, like Gecko) Version/4.0 Mobile Safari/534.30" -
113.5.2.22 - - [27/Apr/2015:02:42:12 +0800][0.000] "GET /v.gif?t=%E5%85%B3%E6%B3%A8%E9%A1%B5%E9%9D%A2&did=eb4a31b82dbb42cc&p=app&page=%23%2Ftab%2Fstar HTTP/1.1" 200 0 "-" "Mozilla/5.0 (Linux; U; Android 4.2.1; zh-cn; MC002 Build/Retail_WGMC002) AppleWebKit/534.30 (KHTML, like Gecko) Version/4.0 Mobile Safari/534.30" -
113.5.2.22 - - [27/Apr/2015:02:42:14 +0800][0.000] "GET /v.gif?t=%E6%90%9C%E7%B4%A2%E9%A1%B5%E9%9D%A2&did=eb4a31b82dbb42cc&p=app&page=%23%2Ftab%2Fsearch HTTP/1.1" 200 0 "-" "Mozilla/5.0 (Linux; U; Android 4.2.1; zh-cn; MC002 Build/Retail_WGMC002) AppleWebKit/534.30 (KHTML, like Gecko) Version/4.0 Mobile Safari/534.30" -
113.5.2.22 - - [27/Apr/2015:02:42:44 +0800][0.000] "GET /v.gif?t=search_do&did=eb4a31b82dbb42cc&p=app&page=%23%2Ftab%2Fsearch%2Fresult%3Fquery%3D%25E5%258D%259A%25E6%2597%25B6%25E6%258B%259B%25E8%25B4%25A2%25E4%25B8%2580%25E5%258F%25B7%25E5%25A4%25A7%25E6%2595%25B0%25E6%258D%25AE%26fr%3D HTTP/1.1" 200 0 "-" "Mozilla/5.0 (Linux; U; Android 4.2.1; zh-cn; MC002 Build/Retail_WGMC002) AppleWebKit/534.30 (KHTML, like Gecko) Version/4.0 Mobile Safari/534.30" -
