222.41.41.196 - - [27/Apr/2015:06:29:53 +0800][0.000] "GET /v.gif?rank_list_name=%E6%9C%88%E5%BA%A6%E6%9C%80%E8%B5%9A%E5%9F%BA%E9%87%91%E6%8E%92%E8%A1%8C&product_name=%E9%95%BF%E5%9F%8E%E5%93%81%E7%89%8C%E4%BC%98%E9%80%89&rank_index=7&t=rank_list_item_click_log&did=17119266067adae1&p=app&page=%23%2Ftab%2Frank%2Finfo%2F100181465 HTTP/1.1" 200 0 "-" "Mozilla/5.0 (Linux; U; Android 4.3; zh-cn; SM-G7108 Build/JLS36C) AppleWebKit/534.30 (KHTML, like Gecko) Version/4.0 Mobile Safari/534.30" -
222.41.41.196 - - [27/Apr/2015:06:29:53 +0800][0.000] "GET /v.gif?t=%E8%AF%A6%E6%83%85%E9%A1%B5%E9%9D%A2&did=17119266067adae1&p=app&page=%23%2Ftab%2Frank%2F30002648 HTTP/1.1" 200 0 "-" "Mozilla/5.0 (Linux; U; Android 4.3; zh-cn; SM-G7108 Build/JLS36C) AppleWebKit/534.30 (KHTML, like Gecko) Version/4.0 Mobile Safari/534.30" -
222.41.41.196 - - [27/Apr/2015:06:30:08 +0800][0.000] "GET /v.gif?rank_list_name=%E6%9C%88%E5%BA%A6%E6%9C%80%E8%B5%9A%E5%9F%BA%E9%87%91%E6%8E%92%E8%A1%8C&product_name=%E5%AF%8C%E5%9B%BD%E5%8C%BB%E7%96%97%E4%BF%9D%E5%81%A5%E8%A1%8C%E4%B8%9A&rank_index=1&t=rank_list_item_click_log&did=17119266067adae1&p=app&page=%23%2Ftab%2Frank%2Finfo%2F100181465 HTTP/1.1" 200 0 "-" "Mozilla/5.0 (Linux; U; Android 4.3; zh-cn; SM-G7108 Build/JLS36C) AppleWebKit/534.30 (KHTML, like Gecko) Version/4.0 Mobile Safari/534.30" -
222.41.41.196 - - [27/Apr/2015:06:30:09 +0800][0.000] "GET /v.gif?t=%E8%AF%A6%E6%83%85%E9%A1%B5%E9%9D%A2&did=17119266067adae1&p=app&page=%23%2Ftab%2Frank%2F30003087 HTTP/1.1" 200 0 "-" "Mozilla/5.0 (Linux; U; Android 4.3; zh-cn; SM-G7108 Build/JLS36C) AppleWebKit/534.30 (KHTML, like Gecko) Version/4.0 Mobile Safari/534.30" -
222.41.41.196 - - [27/Apr/2015:06:31:16 +0800][0.000] "GET /v.gif?rank_list_name=%E6%9C%80%E5%8F%97%E6%AC%A2%E8%BF%8EP2P%E5%B9%B3%E5%8F%B0%E6%8E%92%E8%A1%8C&isSub=true&t=rank_list_click_log&did=17119266067adae1&p=app&page=%23%2Ftab%2Frank HTTP/1.1" 200 0 "-" "Mozilla/5.0 (Linux; U; Android 4.3; zh-cn; SM-G7108 Build/JLS36C) AppleWebKit/534.30 (KHTML, like Gecko) Version/4.0 Mobile Safari/534.30" -
222.41.41.196 - - [27/Apr/2015:06:32:07 +0800][0.000] "GET /v.gif?rank_list_name=%E8%A5%BF%E4%BA%8C%E6%97%97%E7%A0%81%E5%86%9C%E5%B7%A5%E8%B5%84%E4%B9%B0%E4%BB%80%E4%B9%88&isSub=false&t=rank_list_click_log&did=17119266067adae1&p=app&page=%23%2Ftab%2Frank%2Fadd HTTP/1.1" 200 0 "-" "Mozilla/5.0 (Linux; U; Android 4.3; zh-cn; SM-G7108 Build/JLS36C) AppleWebKit/534.30 (KHTML, like Gecko) Version/4.0 Mobile Safari/534.30" -
222.41.41.196 - - [27/Apr/2015:06:32:08 +0800][0.000] "GET /v.gif?rank_list_name=%E8%A5%BF%E4%BA%8C%E6%97%97%E7%A0%81%E5%86%9C%E5%B7%A5%E8%B5%84%E4%B9%B0%E4%BB%80%E4%B9%88&isSub=false&t=rank_list_click_log&did=17119266067adae1&p=app&page=%23%2Ftab%2Frank%2Fadd HTTP/1.1" 304 0 "-" "Mozilla/5.0 (Linux; U; Android 4.3; zh-cn; SM-G7108 Build/JLS36C) AppleWebKit/534.30 (KHTML, like Gecko) Version/4.0 Mobile Safari/534.30" -
222.41.41.196 - - [27/Apr/2015:06:32:38 +0800][0.000] "GET /v.gif?rank_list_name=%E4%BA%92%E8%81%94%E7%BD%91%E5%AE%9D%E5%AE%9D%E7%B1%BB%E7%90%86%E8%B4%A2%E5%91%A8%E6%8E%92%E8%A1%8C&isSub=false&t=rank_list_click_log&did=17119266067adae1&p=app&page=%23%2Ftab%2Frank%2Fadd HTTP/1.1" 200 0 "-" "Mozilla/5.0 (Linux; U; Android 4.3; zh-cn; SM-G7108 Build/JLS36C) AppleWebKit/534.30 (KHTML, like Gecko) Version/4.0 Mobile Safari/534.30" -
125.106.37.81 - - [27/Apr/2015:06:33:52 +0800][0.000] "GET /v.gif?t=app-start&did=FF67A9FF-CA65-47AB-9A0B-9994A14F305C&p=app&page=%23%2Ftab%2Frank HTTP/1.1" 200 0 "-" "Mozilla/5.0 (iPhone; CPU iPhone OS 8_1_2 like Mac OS X) AppleWebKit/600.1.4 (KHTML, like Gecko) Mobile/12B440 (5491471328)" -
125.106.37.81 - - [27/Apr/2015:06:33:58 +0800][0.000] "GET /v.gif?t=profits_status&did=FF67A9FF-CA65-47AB-9A0B-9994A14F305C&p=app&page=%23%2Ftab%2Fprofit%2Fstatus HTTP/1.1" 200 0 "-" "Mozilla/5.0 (iPhone; CPU iPhone OS 8_1_2 like Mac OS X) AppleWebKit/600.1.4 (KHTML, like Gecko) Mobile/12B440 (5491471328)" -
219.136.15.177 - - [27/Apr/2015:06:36:06 +0800][0.000] "GET /v.gif?t=app-start&did=d4f5944771a055dc&p=app&page= HTTP/1.1" 304 0 "-" "Mozilla/5.0 (Linux; Android 4.4.2; Lenovo A808t Build/KOT49H) AppleWebKit/537.36 (KHTML, like Gecko) Version/4.0 Chrome/30.0.0.0 Mobile Safari/537.36" -
219.136.15.177 - - [27/Apr/2015:06:36:10 +0800][0.000] "GET /v.gif?t=profits_status&did=d4f5944771a055dc&p=app&page=%23%2Ftab%2Fprofit%2Fstatus HTTP/1.1" 304 0 "-" "Mozilla/5.0 (Linux; Android 4.4.2; Lenovo A808t Build/KOT49H) AppleWebKit/537.36 (KHTML, like Gecko) Version/4.0 Chrome/30.0.0.0 Mobile Safari/537.36" -
223.104.31.24 - - [27/Apr/2015:06:36:17 +0800][0.000] "GET /v.gif?t=app-start&did=252202BB-00A7-4E1F-BBB7-510D69BF65E6&p=app&page=%23%2Ftab%2Frank HTTP/1.1" 200 0 "-" "Mozilla/5.0 (iPhone; CPU iPhone OS 7_1_1 like Mac OS X) AppleWebKit/537.51.2 (KHTML, like Gecko) Mobile/11D201 (341510064)" -
117.172.24.126 - - [27/Apr/2015:06:37:09 +0800][0.000] "GET /v.gif?t=app-start&did=7af47cb270962cee&p=app&page= HTTP/1.1" 304 0 "-" "Mozilla/5.0 (Linux; U; Android 4.2.2; zh-cn; GT-I9200 Build/JDQ39) AppleWebKit/534.30 (KHTML, like Gecko) Version/4.0 Safari/534.30" -
117.172.24.126 - - [27/Apr/2015:06:37:37 +0800][0.000] "GET /v.gif?rank_list_name=%E6%9C%80%E5%8F%97%E6%AC%A2%E8%BF%8EP2P%E5%B9%B3%E5%8F%B0%E6%8E%92%E8%A1%8C&isSub=true&t=rank_list_click_log&did=7af47cb270962cee&p=app&page=%23%2Ftab%2Frank HTTP/1.1" 304 0 "-" "Mozilla/5.0 (Linux; U; Android 4.2.2; zh-cn; GT-I9200 Build/JDQ39) AppleWebKit/534.30 (KHTML, like Gecko) Version/4.0 Safari/534.30" -
117.172.24.126 - - [27/Apr/2015:06:38:09 +0800][0.000] "GET /v.gif?rank_list_name=%E6%9C%88%E5%BA%A6%E6%9C%80%E8%B5%9A%E5%9F%BA%E9%87%91%E6%8E%92%E8%A1%8C&isSub=true&t=rank_list_click_log&did=7af47cb270962cee&p=app&page=%23%2Ftab%2Frank HTTP/1.1" 200 0 "-" "Mozilla/5.0 (Linux; U; Android 4.2.2; zh-cn; GT-I9200 Build/JDQ39) AppleWebKit/534.30 (KHTML, like Gecko) Version/4.0 Safari/534.30" -
117.172.24.126 - - [27/Apr/2015:06:38:23 +0800][0.000] "GET /v.gif?rank_list_name=2015%E5%B9%B4%E4%BA%92%E8%81%94%E7%BD%91%E7%90%86%E8%B4%A2%E5%93%AA%E5%AE%B6%E5%BC%BA&isSub=true&t=rank_list_click_log&did=7af47cb270962cee&p=app&page=%23%2Ftab%2Frank HTTP/1.1" 304 0 "-" "Mozilla/5.0 (Linux; U; Android 4.2.2; zh-cn; GT-I9200 Build/JDQ39) AppleWebKit/534.30 (KHTML, like Gecko) Version/4.0 Safari/534.30" -
121.10.54.56 - - [27/Apr/2015:06:38:48 +0800][0.000] "GET /v.gif?t=app-start&did=b3ad07c0eadca865&p=app&page= HTTP/1.1" 304 0 "-" "Mozilla/5.0 (Linux; U; Android 4.1.2; zh-cn; Coolpad 5930 Build/JZO54K) AppleWebKit/534.30 (KHTML, like Gecko) Version/4.0 Mobile Safari/534.30" -
121.10.54.56 - - [27/Apr/2015:06:38:55 +0800][0.000] "GET /v.gif?rank_list_name=%E4%BA%92%E8%81%94%E7%BD%91%E5%AE%9D%E5%AE%9D%E7%B1%BB%E7%90%86%E8%B4%A2%E6%9C%88%E6%8E%92%E8%A1%8C&isSub=true&t=rank_list_click_log&did=b3ad07c0eadca865&p=app&page=%23%2Ftab%2Frank HTTP/1.1" 304 0 "-" "Mozilla/5.0 (Linux; U; Android 4.1.2; zh-cn; Coolpad 5930 Build/JZO54K) AppleWebKit/534.30 (KHTML, like Gecko) Version/4.0 Mobile Safari/534.30" -
117.172.24.126 - - [27/Apr/2015:06:38:58 +0800][0.000] "GET /v.gif?t=%E6%90%9C%E7%B4%A2%E9%A1%B5%E9%9D%A2&did=7af47cb270962cee&p=app&page=%23%2Ftab%2Fsearch HTTP/1.1" 304 0 "-" "Mozilla/5.0 (Linux; U; Android 4.2.2; zh-cn; GT-I9200 Build/JDQ39) AppleWebKit/534.30 (KHTML, like Gecko) Version/4.0 Safari/534.30" -
218.67.141.38 - - [27/Apr/2015:06:39:05 +0800][0.000] "GET /v.gif?t=app-start&did=bf230437f2841fb2&p=app&page= HTTP/1.1" 200 0 "-" "Mozilla/5.0 (Linux; Android 4.4.4; SM-N9106W Build/KTU84P) AppleWebKit/537.36 (KHTML, like Gecko) Version/4.0 Chrome/33.0.0.0 Mobile Safari/537.36" -
117.172.24.126 - - [27/Apr/2015:06:39:08 +0800][0.000] "GET /v.gif?t=%E6%9B%B4%E5%A4%9A%E9%A1%B5%E9%9D%A2&did=7af47cb270962cee&p=app&page=%23%2Ftab%2Fmore HTTP/1.1" 200 0 "-" "Mozilla/5.0 (Linux; U; Android 4.2.2; zh-cn; GT-I9200 Build/JDQ39) AppleWebKit/534.30 (KHTML, like Gecko) Version/4.0 Safari/534.30" -
117.172.24.126 - - [27/Apr/2015:06:39:11 +0800][0.000] "GET /v.gif?t=profits_status&did=7af47cb270962cee&p=app&page=%23%2Ftab%2Fprofit%2Fstatus HTTP/1.1" 200 0 "-" "Mozilla/5.0 (Linux; U; Android 4.2.2; zh-cn; GT-I9200 Build/JDQ39) AppleWebKit/534.30 (KHTML, like Gecko) Version/4.0 Safari/534.30" -
218.67.141.38 - - [27/Apr/2015:06:39:56 +0800][0.000] "GET /v.gif?t=app-start&did=bf230437f2841fb2&p=app&page= HTTP/1.1" 200 0 "-" "Mozilla/5.0 (Linux; Android 4.4.4; SM-N9106W Build/KTU84P) AppleWebKit/537.36 (KHTML, like Gecko) Version/4.0 Chrome/33.0.0.0 Mobile Safari/537.36" -
112.96.109.69 - - [27/Apr/2015:06:40:10 +0800][0.000] "GET /v.gif?t=app-start&did=5751D43A-E3D9-4B0A-BBD8-AD05A572A1FF&p=app&page=%23%2Ftab%2Frank HTTP/1.1" 200 0 "-" "Mozilla/5.0 (iPhone; CPU iPhone OS 8_1_3 like Mac OS X) AppleWebKit/600.1.4 (KHTML, like Gecko) Mobile/12B466 (374933984)" -
112.96.109.69 - - [27/Apr/2015:06:40:20 +0800][0.000] "GET /v.gif?t=%E5%85%B3%E6%B3%A8%E9%A1%B5%E9%9D%A2&did=5751D43A-E3D9-4B0A-BBD8-AD05A572A1FF&p=app&page=%23%2Ftab%2Fstar HTTP/1.1" 200 0 "-" "Mozilla/5.0 (iPhone; CPU iPhone OS 8_1_3 like Mac OS X) AppleWebKit/600.1.4 (KHTML, like Gecko) Mobile/12B466 (374933984)" -
112.96.109.69 - - [27/Apr/2015:06:40:22 +0800][0.000] "GET /v.gif?t=profits_status&did=5751D43A-E3D9-4B0A-BBD8-AD05A572A1FF&p=app&page=%23%2Ftab%2Fprofit%2Fstatus HTTP/1.1" 200 0 "-" "Mozilla/5.0 (iPhone; CPU iPhone OS 8_1_3 like Mac OS X) AppleWebKit/600.1.4 (KHTML, like Gecko) Mobile/12B466 (374933984)" -
112.96.109.69 - - [27/Apr/2015:06:40:22 +0800][0.000] "GET /v.gif?t=%E6%96%B0%E6%89%8B%E5%BC%95%E5%AF%BC_%E5%B1%95%E7%8E%B0&did=5751D43A-E3D9-4B0A-BBD8-AD05A572A1FF&p=app&page=%23%2Ftab%2Fprofit%2Fstatus HTTP/1.1" 200 0 "-" "Mozilla/5.0 (iPhone; CPU iPhone OS 8_1_3 like Mac OS X) AppleWebKit/600.1.4 (KHTML, like Gecko) Mobile/12B466 (374933984)" -
112.96.109.69 - - [27/Apr/2015:06:40:27 +0800][0.000] "GET /v.gif?t=%E6%90%9C%E7%B4%A2%E9%A1%B5%E9%9D%A2&did=5751D43A-E3D9-4B0A-BBD8-AD05A572A1FF&p=app&page=%23%2Ftab%2Fprofit%2Fsearch%3Ffr%3Dadd HTTP/1.1" 200 0 "-" "Mozilla/5.0 (iPhone; CPU iPhone OS 8_1_3 like Mac OS X) AppleWebKit/600.1.4 (KHTML, like Gecko) Mobile/12B466 (374933984)" -
112.96.109.69 - - [27/Apr/2015:06:40:42 +0800][0.000] "GET /v.gif?t=add_search_enter&did=5751D43A-E3D9-4B0A-BBD8-AD05A572A1FF&p=app&page=%23%2Ftab%2Fprofit%2Fsearch%3Ffr%3Dadd HTTP/1.1" 200 0 "-" "Mozilla/5.0 (iPhone; CPU iPhone OS 8_1_3 like Mac OS X) AppleWebKit/600.1.4 (KHTML, like Gecko) Mobile/12B466 (374933984)" -
112.96.109.69 - - [27/Apr/2015:06:40:42 +0800][0.000] "GET /v.gif?t=search_do&did=5751D43A-E3D9-4B0A-BBD8-AD05A572A1FF&p=app&page=%23%2Ftab%2Fprofit%2Fsearch%3Ffr%3Dadd HTTP/1.1" 200 0 "-" "Mozilla/5.0 (iPhone; CPU iPhone OS 8_1_3 like Mac OS X) AppleWebKit/600.1.4 (KHTML, like Gecko) Mobile/12B466 (374933984)" -
112.96.109.69 - - [27/Apr/2015:06:40:45 +0800][0.000] "GET /v.gif?t=%E6%B7%BB%E5%8A%A0%E9%A1%B5%E9%9D%A2&did=5751D43A-E3D9-4B0A-BBD8-AD05A572A1FF&p=app&page=%23%2Ftab%2Fprofit%2Fadd%2Fbaby%2F40003650 HTTP/1.1" 200 0 "-" "Mozilla/5.0 (iPhone; CPU iPhone OS 8_1_3 like Mac OS X) AppleWebKit/600.1.4 (KHTML, like Gecko) Mobile/12B466 (374933984)" -
112.96.109.69 - - [27/Apr/2015:06:41:01 +0800][0.000] "GET /v.gif?t=add_search_enter&did=5751D43A-E3D9-4B0A-BBD8-AD05A572A1FF&p=app&page=%23%2Ftab%2Fprofit%2Fsearch%3Ffr%3Dadd HTTP/1.1" 200 0 "-" "Mozilla/5.0 (iPhone; CPU iPhone OS 8_1_3 like Mac OS X) AppleWebKit/600.1.4 (KHTML, like Gecko) Mobile/12B466 (374933984)" -
112.96.109.69 - - [27/Apr/2015:06:41:01 +0800][0.000] "GET /v.gif?t=search_do&did=5751D43A-E3D9-4B0A-BBD8-AD05A572A1FF&p=app&page=%23%2Ftab%2Fprofit%2Fsearch%3Ffr%3Dadd HTTP/1.1" 200 0 "-" "Mozilla/5.0 (iPhone; CPU iPhone OS 8_1_3 like Mac OS X) AppleWebKit/600.1.4 (KHTML, like Gecko) Mobile/12B466 (374933984)" -
112.96.109.69 - - [27/Apr/2015:06:41:04 +0800][0.000] "GET /v.gif?t=search_do&did=5751D43A-E3D9-4B0A-BBD8-AD05A572A1FF&p=app&page=%23%2Ftab%2Fprofit%2Fsearch%2Fresult%3Fquery%3D%25E6%25B2%2583%25E7%2599%25BE%25E5%25AF%258C%26fr%3Dadd HTTP/1.1" 200 0 "-" "Mozilla/5.0 (iPhone; CPU iPhone OS 8_1_3 like Mac OS X) AppleWebKit/600.1.4 (KHTML, like Gecko) Mobile/12B466 (374933984)" -
112.96.109.69 - - [27/Apr/2015:06:41:05 +0800][0.000] "GET /v.gif?t=%E6%B7%BB%E5%8A%A0%E9%A1%B5%E9%9D%A2&did=5751D43A-E3D9-4B0A-BBD8-AD05A572A1FF&p=app&page=%23%2Ftab%2Fprofit%2Fadd%2Fbaby%2F40003650 HTTP/1.1" 200 0 "-" "Mozilla/5.0 (iPhone; CPU iPhone OS 8_1_3 like Mac OS X) AppleWebKit/600.1.4 (KHTML, like Gecko) Mobile/12B466 (374933984)" -
112.96.109.69 - - [27/Apr/2015:06:41:35 +0800][0.000] "GET /v.gif?t=profit2detail&did=5751D43A-E3D9-4B0A-BBD8-AD05A572A1FF&p=app&page=%23%2Ftab%2Fprofit%2Fstatus HTTP/1.1" 200 0 "-" "Mozilla/5.0 (iPhone; CPU iPhone OS 8_1_3 like Mac OS X) AppleWebKit/600.1.4 (KHTML, like Gecko) Mobile/12B466 (374933984)" -
112.96.109.69 - - [27/Apr/2015:06:41:35 +0800][0.000] "GET /v.gif?t=profit2detail&did=5751D43A-E3D9-4B0A-BBD8-AD05A572A1FF&p=app&page=%23%2Ftab%2Fprofit%2F40003650 HTTP/1.1" 200 0 "-" "Mozilla/5.0 (iPhone; CPU iPhone OS 8_1_3 like Mac OS X) AppleWebKit/600.1.4 (KHTML, like Gecko) Mobile/12B466 (374933984)" -
112.96.109.69 - - [27/Apr/2015:06:41:35 +0800][0.000] "GET /v.gif?t=%E8%AF%A6%E6%83%85%E9%A1%B5%E9%9D%A2&did=5751D43A-E3D9-4B0A-BBD8-AD05A572A1FF&p=app&page=%23%2Ftab%2Fprofit%2F40003650 HTTP/1.1" 200 0 "-" "Mozilla/5.0 (iPhone; CPU iPhone OS 8_1_3 like Mac OS X) AppleWebKit/600.1.4 (KHTML, like Gecko) Mobile/12B466 (374933984)" -
112.96.109.69 - - [27/Apr/2015:06:41:51 +0800][0.000] "GET /v.gif?t=detail_page_switch_curve_duration&did=5751D43A-E3D9-4B0A-BBD8-AD05A572A1FF&p=app&page=%23%2Ftab%2Fprofit%2F40003650 HTTP/1.1" 200 0 "-" "Mozilla/5.0 (iPhone; CPU iPhone OS 8_1_3 like Mac OS X) AppleWebKit/600.1.4 (KHTML, like Gecko) Mobile/12B466 (374933984)" -
112.96.109.69 - - [27/Apr/2015:06:41:54 +0800][0.000] "GET /v.gif?t=detail_page_switch_curve_duration&did=5751D43A-E3D9-4B0A-BBD8-AD05A572A1FF&p=app&page=%23%2Ftab%2Fprofit%2F40003650 HTTP/1.1" 200 0 "-" "Mozilla/5.0 (iPhone; CPU iPhone OS 8_1_3 like Mac OS X) AppleWebKit/600.1.4 (KHTML, like Gecko) Mobile/12B466 (374933984)" -
112.96.109.69 - - [27/Apr/2015:06:41:55 +0800][0.000] "GET /v.gif?t=detail_page_switch_curve_duration&did=5751D43A-E3D9-4B0A-BBD8-AD05A572A1FF&p=app&page=%23%2Ftab%2Fprofit%2F40003650 HTTP/1.1" 200 0 "-" "Mozilla/5.0 (iPhone; CPU iPhone OS 8_1_3 like Mac OS X) AppleWebKit/600.1.4 (KHTML, like Gecko) Mobile/12B466 (374933984)" -
112.96.109.69 - - [27/Apr/2015:06:41:57 +0800][0.000] "GET /v.gif?t=detail_page_switch_curve_duration&did=5751D43A-E3D9-4B0A-BBD8-AD05A572A1FF&p=app&page=%23%2Ftab%2Fprofit%2F40003650 HTTP/1.1" 200 0 "-" "Mozilla/5.0 (iPhone; CPU iPhone OS 8_1_3 like Mac OS X) AppleWebKit/600.1.4 (KHTML, like Gecko) Mobile/12B466 (374933984)" -
112.96.109.69 - - [27/Apr/2015:06:41:58 +0800][0.000] "GET /v.gif?t=detail_page_switch_curve_duration&did=5751D43A-E3D9-4B0A-BBD8-AD05A572A1FF&p=app&page=%23%2Ftab%2Fprofit%2F40003650 HTTP/1.1" 200 0 "-" "Mozilla/5.0 (iPhone; CPU iPhone OS 8_1_3 like Mac OS X) AppleWebKit/600.1.4 (KHTML, like Gecko) Mobile/12B466 (374933984)" -
106.118.187.212 - - [27/Apr/2015:06:47:38 +0800][0.000] "GET /v.gif?t=app-start&did=d7c2ee244e1f8286&p=app&page= HTTP/1.1" 304 0 "-" "Mozilla/5.0 (Linux; Android 4.4.4; Che1-CL10 Build/Che1-CL10) AppleWebKit/537.36 (KHTML, like Gecko) Version/4.0 Chrome/33.0.0.0 Mobile Safari/537.36" -
115.238.207.13 - - [27/Apr/2015:06:47:43 +0800][0.000] "GET /v.gif?t=app-start&did=5d255a2ea9808e28&p=app&page= HTTP/1.1" 200 0 "-" "Mozilla/5.0 (Linux; Android 4.4.4; m1 note Build/KTU84P) AppleWebKit/537.36 (KHTML, like Gecko) Version/4.0 Chrome/33.0.0.0 Mobile Safari/537.36" -
106.118.187.212 - - [27/Apr/2015:06:47:43 +0800][0.000] "GET /v.gif?rank_list_name=%E7%9F%A5%E5%90%8D%E9%93%B6%E8%A1%8C%E7%9F%AD%E6%9C%9F%E7%90%86%E8%B4%A2%E6%8E%92%E8%A1%8C&isSub=true&t=rank_list_click_log&did=d7c2ee244e1f8286&p=app&page=%23%2Ftab%2Frank HTTP/1.1" 200 0 "-" "Mozilla/5.0 (Linux; Android 4.4.4; Che1-CL10 Build/Che1-CL10) AppleWebKit/537.36 (KHTML, like Gecko) Version/4.0 Chrome/33.0.0.0 Mobile Safari/537.36" -
106.118.187.212 - - [27/Apr/2015:06:48:05 +0800][0.000] "GET /v.gif?rank_list_name=%E6%9C%88%E5%BA%A6%E6%9C%80%E8%B5%9A%E5%9F%BA%E9%87%91%E6%8E%92%E8%A1%8C&isSub=true&t=rank_list_click_log&did=d7c2ee244e1f8286&p=app&page=%23%2Ftab%2Frank HTTP/1.1" 304 0 "-" "Mozilla/5.0 (Linux; Android 4.4.4; Che1-CL10 Build/Che1-CL10) AppleWebKit/537.36 (KHTML, like Gecko) Version/4.0 Chrome/33.0.0.0 Mobile Safari/537.36" -
110.72.18.146 - - [27/Apr/2015:06:48:07 +0800][0.000] "GET /v.gif?t=app-start&did=e453ca308a2e7cd6&p=app&page= HTTP/1.1" 304 0 "-" "Mozilla/5.0 (Linux; Android 4.4.2; H60-L02 Build/HDH60-L02) AppleWebKit/537.36 (KHTML, like Gecko) Version/4.0 Chrome/30.0.0.0 Mobile Safari/537.36" -
110.72.18.146 - - [27/Apr/2015:06:48:10 +0800][0.000] "GET /v.gif?t=profits_status&did=e453ca308a2e7cd6&p=app&page=%23%2Ftab%2Fprofit%2Fstatus HTTP/1.1" 304 0 "-" "Mozilla/5.0 (Linux; Android 4.4.2; H60-L02 Build/HDH60-L02) AppleWebKit/537.36 (KHTML, like Gecko) Version/4.0 Chrome/30.0.0.0 Mobile Safari/537.36" -
115.238.207.13 - - [27/Apr/2015:06:48:12 +0800][0.000] "GET /v.gif?rank_list_name=2015%E5%B9%B4%E4%BA%92%E8%81%94%E7%BD%91%E7%90%86%E8%B4%A2%E5%93%AA%E5%AE%B6%E5%BC%BA&isSub=true&t=rank_list_click_log&did=5d255a2ea9808e28&p=app&page=%23%2Ftab%2Frank HTTP/1.1" 200 0 "-" "Mozilla/5.0 (Linux; Android 4.4.4; m1 note Build/KTU84P) AppleWebKit/537.36 (KHTML, like Gecko) Version/4.0 Chrome/33.0.0.0 Mobile Safari/537.36" -
106.118.187.212 - - [27/Apr/2015:06:48:23 +0800][0.000] "GET /v.gif?rank_list_name=%E6%9C%88%E5%BA%A6%E6%9C%80%E8%B5%9A%E5%9F%BA%E9%87%91%E6%8E%92%E8%A1%8C&product_name=%E9%95%BF%E5%9F%8E%E5%93%81%E7%89%8C%E4%BC%98%E9%80%89&rank_index=7&t=rank_list_item_click_log&did=d7c2ee244e1f8286&p=app&page=%23%2Ftab%2Frank%2Finfo%2F100181465 HTTP/1.1" 200 0 "-" "Mozilla/5.0 (Linux; Android 4.4.4; Che1-CL10 Build/Che1-CL10) AppleWebKit/537.36 (KHTML, like Gecko) Version/4.0 Chrome/33.0.0.0 Mobile Safari/537.36" -
106.118.187.212 - - [27/Apr/2015:06:48:23 +0800][0.000] "GET /v.gif?t=%E8%AF%A6%E6%83%85%E9%A1%B5%E9%9D%A2&did=d7c2ee244e1f8286&p=app&page=%23%2Ftab%2Frank%2F30002648 HTTP/1.1" 200 0 "-" "Mozilla/5.0 (Linux; Android 4.4.4; Che1-CL10 Build/Che1-CL10) AppleWebKit/537.36 (KHTML, like Gecko) Version/4.0 Chrome/33.0.0.0 Mobile Safari/537.36" -
106.118.187.212 - - [27/Apr/2015:06:48:32 +0800][0.000] "GET /v.gif?t=calculate_profit&did=d7c2ee244e1f8286&p=app&page=%23%2Ftab%2Frank%2F30002648 HTTP/1.1" 200 0 "-" "Mozilla/5.0 (Linux; Android 4.4.4; Che1-CL10 Build/Che1-CL10) AppleWebKit/537.36 (KHTML, like Gecko) Version/4.0 Chrome/33.0.0.0 Mobile Safari/537.36" -
106.118.187.212 - - [27/Apr/2015:06:49:34 +0800][0.000] "GET /v.gif?rank_list_name=%E6%9C%88%E5%BA%A6%E6%9C%80%E8%B5%9A%E5%9F%BA%E9%87%91%E6%8E%92%E8%A1%8C&isSub=true&t=rank_list_click_log&did=d7c2ee244e1f8286&p=app&page=%23%2Ftab%2Frank HTTP/1.1" 304 0 "-" "Mozilla/5.0 (Linux; Android 4.4.4; Che1-CL10 Build/Che1-CL10) AppleWebKit/537.36 (KHTML, like Gecko) Version/4.0 Chrome/33.0.0.0 Mobile Safari/537.36" -
117.136.1.239 - - [27/Apr/2015:06:50:54 +0800][0.000] "GET /v.gif?t=profit2detail&did=29F63F3B-FA7D-4416-B1EA-DB5B6DC09D35&p=app&page=%23%2Ftab%2Fprofit%2Fstatus HTTP/1.1" 200 0 "-" "Mozilla/5.0 (iPhone; CPU iPhone OS 7_1_2 like Mac OS X) AppleWebKit/537.51.2 (KHTML, like Gecko) Mobile/11D257 (341306960)" -
117.136.1.239 - - [27/Apr/2015:06:50:54 +0800][0.000] "GET /v.gif?t=profit2detail&did=29F63F3B-FA7D-4416-B1EA-DB5B6DC09D35&p=app&page=%23%2Ftab%2Fprofit%2F30001707 HTTP/1.1" 200 0 "-" "Mozilla/5.0 (iPhone; CPU iPhone OS 7_1_2 like Mac OS X) AppleWebKit/537.51.2 (KHTML, like Gecko) Mobile/11D257 (341306960)" -
117.136.1.239 - - [27/Apr/2015:06:51:03 +0800][0.000] "GET /v.gif?t=profit2detail&did=29F63F3B-FA7D-4416-B1EA-DB5B6DC09D35&p=app&page=%23%2Ftab%2Fprofit%2Fstatus HTTP/1.1" 200 0 "-" "Mozilla/5.0 (iPhone; CPU iPhone OS 7_1_2 like Mac OS X) AppleWebKit/537.51.2 (KHTML, like Gecko) Mobile/11D257 (341306960)" -
117.136.1.239 - - [27/Apr/2015:06:52:22 +0800][0.000] "GET /v.gif?t=app-start&did=29F63F3B-FA7D-4416-B1EA-DB5B6DC09D35&p=app&page=%23%2Ftab%2Frank HTTP/1.1" 200 0 "-" "Mozilla/5.0 (iPhone; CPU iPhone OS 7_1_2 like Mac OS X) AppleWebKit/537.51.2 (KHTML, like Gecko) Mobile/11D257 (341294288)" -
117.136.1.239 - - [27/Apr/2015:06:52:27 +0800][0.000] "GET /v.gif?t=profits_status&did=29F63F3B-FA7D-4416-B1EA-DB5B6DC09D35&p=app&page=%23%2Ftab%2Fprofit%2Fstatus HTTP/1.1" 200 0 "-" "Mozilla/5.0 (iPhone; CPU iPhone OS 7_1_2 like Mac OS X) AppleWebKit/537.51.2 (KHTML, like Gecko) Mobile/11D257 (341294288)" -
112.224.21.238 - - [27/Apr/2015:06:53:32 +0800][0.000] "GET /v.gif?t=app-start&did=78366A11-26E8-4B42-BEE9-9D571348B3D7&p=app&page=%23%2Ftab%2Frank HTTP/1.1" 200 0 "-" "Mozilla/5.0 (iPhone; CPU iPhone OS 7_0_4 like Mac OS X) AppleWebKit/537.51.1 (KHTML, like Gecko) Mobile/11B554a (367676528)" -
121.10.54.56 - - [27/Apr/2015:06:55:57 +0800][0.000] "GET /v.gif?rank_list_name=%E6%9C%80%E5%8F%97%E6%AC%A2%E8%BF%8EP2P%E5%B9%B3%E5%8F%B0%E6%8E%92%E8%A1%8C&isSub=true&t=rank_list_click_log&did=b3ad07c0eadca865&p=app&page=%23%2Ftab%2Frank HTTP/1.1" 304 0 "-" "Mozilla/5.0 (Linux; U; Android 4.1.2; zh-cn; Coolpad 5930 Build/JZO54K) AppleWebKit/534.30 (KHTML, like Gecko) Version/4.0 Mobile Safari/534.30" -
223.73.73.119 - - [27/Apr/2015:07:00:21 +0800][0.000] "GET /v.gif?t=app-start&did=76e4549cbe021414&p=app&page= HTTP/1.1" 304 0 "-" "Mozilla/5.0 (Linux; Android 4.4.2; SM705 Build/SANFRANCISCO) AppleWebKit/537.36 (KHTML, like Gecko) Version/4.0 Chrome/30.0.0.0 Mobile Safari/537.36" -
183.61.126.67 - - [27/Apr/2015:07:00:23 +0800][0.000] "GET /v.gif?t=app-start&did=fe8654cfdffdfa0e&p=app&page= HTTP/1.0" 200 0 "-" "Mozilla/5.0 (Linux; Android 4.4.4; MI 3 Build/KTU84P) AppleWebKit/537.36 (KHTML, like Gecko) Version/4.0 Chrome/33.0.0.0 Mobile Safari/537.36" 117.136.75.203, 183.61.126.65
223.73.73.119 - - [27/Apr/2015:07:00:23 +0800][0.000] "GET /v.gif?t=profits_status&did=76e4549cbe021414&p=app&page=%23%2Ftab%2Fprofit%2Fstatus HTTP/1.1" 304 0 "-" "Mozilla/5.0 (Linux; Android 4.4.2; SM705 Build/SANFRANCISCO) AppleWebKit/537.36 (KHTML, like Gecko) Version/4.0 Chrome/30.0.0.0 Mobile Safari/537.36" -
183.61.126.67 - - [27/Apr/2015:07:00:45 +0800][0.000] "GET /v.gif?rank_list_name=%E6%9C%88%E5%BA%A6%E6%9C%80%E8%B5%9A%E5%9F%BA%E9%87%91%E6%8E%92%E8%A1%8C&isSub=true&t=rank_list_click_log&did=fe8654cfdffdfa0e&p=app&page=%23%2Ftab%2Frank HTTP/1.0" 200 0 "-" "Mozilla/5.0 (Linux; Android 4.4.4; MI 3 Build/KTU84P) AppleWebKit/537.36 (KHTML, like Gecko) Version/4.0 Chrome/33.0.0.0 Mobile Safari/537.36" 117.136.75.203, 183.61.126.66
183.61.126.67 - - [27/Apr/2015:07:01:20 +0800][0.000] "GET /v.gif?rank_list_name=%E6%9C%88%E5%BA%A6%E6%9C%80%E8%B5%9A%E5%9F%BA%E9%87%91%E6%8E%92%E8%A1%8C&product_name=%E5%AF%8C%E5%9B%BD%E5%8C%BB%E7%96%97%E4%BF%9D%E5%81%A5%E8%A1%8C%E4%B8%9A&rank_index=1&t=rank_list_item_click_log&did=fe8654cfdffdfa0e&p=app&page=%23%2Ftab%2Frank%2Finfo%2F100181465 HTTP/1.0" 200 0 "-" "Mozilla/5.0 (Linux; Android 4.4.4; MI 3 Build/KTU84P) AppleWebKit/537.36 (KHTML, like Gecko) Version/4.0 Chrome/33.0.0.0 Mobile Safari/537.36" 117.136.75.203, 183.61.126.65
121.10.54.56 - - [27/Apr/2015:07:01:20 +0800][0.000] "GET /v.gif?rank_list_name=%E6%9C%80%E5%8F%97%E6%AC%A2%E8%BF%8EP2P%E5%B9%B3%E5%8F%B0%E6%8E%92%E8%A1%8C&isSub=true&t=rank_list_click_log&did=b3ad07c0eadca865&p=app&page=%23%2Ftab%2Frank HTTP/1.1" 304 0 "-" "Mozilla/5.0 (Linux; U; Android 4.1.2; zh-cn; Coolpad 5930 Build/JZO54K) AppleWebKit/534.30 (KHTML, like Gecko) Version/4.0 Mobile Safari/534.30" -
183.61.126.67 - - [27/Apr/2015:07:01:21 +0800][0.000] "GET /v.gif?t=%E8%AF%A6%E6%83%85%E9%A1%B5%E9%9D%A2&did=fe8654cfdffdfa0e&p=app&page=%23%2Ftab%2Frank%2F30003087 HTTP/1.0" 200 0 "-" "Mozilla/5.0 (Linux; Android 4.4.4; MI 3 Build/KTU84P) AppleWebKit/537.36 (KHTML, like Gecko) Version/4.0 Chrome/33.0.0.0 Mobile Safari/537.36" 117.136.75.203, 183.61.126.65
121.10.54.56 - - [27/Apr/2015:07:02:13 +0800][0.000] "GET /v.gif?rank_list_name=%E6%9C%88%E5%BA%A6%E6%9C%80%E8%B5%9A%E5%9F%BA%E9%87%91%E6%8E%92%E8%A1%8C&isSub=true&t=rank_list_click_log&did=b3ad07c0eadca865&p=app&page=%23%2Ftab%2Frank HTTP/1.1" 304 0 "-" "Mozilla/5.0 (Linux; U; Android 4.1.2; zh-cn; Coolpad 5930 Build/JZO54K) AppleWebKit/534.30 (KHTML, like Gecko) Version/4.0 Mobile Safari/534.30" -
121.10.54.56 - - [27/Apr/2015:07:03:01 +0800][0.000] "GET /v.gif?rank_list_name=%E7%9F%A5%E5%90%8D%E9%93%B6%E8%A1%8C%E7%9F%AD%E6%9C%9F%E7%90%86%E8%B4%A2%E6%8E%92%E8%A1%8C&isSub=true&t=rank_list_click_log&did=b3ad07c0eadca865&p=app&page=%23%2Ftab%2Frank HTTP/1.1" 200 0 "-" "Mozilla/5.0 (Linux; U; Android 4.1.2; zh-cn; Coolpad 5930 Build/JZO54K) AppleWebKit/534.30 (KHTML, like Gecko) Version/4.0 Mobile Safari/534.30" -
121.10.54.56 - - [27/Apr/2015:07:03:13 +0800][0.000] "GET /v.gif?rank_list_name=2015%E5%B9%B4%E4%BA%92%E8%81%94%E7%BD%91%E7%90%86%E8%B4%A2%E5%93%AA%E5%AE%B6%E5%BC%BA&isSub=true&t=rank_list_click_log&did=b3ad07c0eadca865&p=app&page=%23%2Ftab%2Frank HTTP/1.1" 200 0 "-" "Mozilla/5.0 (Linux; U; Android 4.1.2; zh-cn; Coolpad 5930 Build/JZO54K) AppleWebKit/534.30 (KHTML, like Gecko) Version/4.0 Mobile Safari/534.30" -
121.10.54.56 - - [27/Apr/2015:07:05:07 +0800][0.000] "GET /v.gif?rank_list_name=%E4%BF%9D%E6%9C%AC%E6%9C%89%E5%90%8E%E5%8F%B0P2P%E5%B9%B3%E5%8F%B0%E6%8E%92%E8%A1%8C&isSub=false&t=rank_list_click_log&did=b3ad07c0eadca865&p=app&page=%23%2Ftab%2Frank%2Fadd HTTP/1.1" 200 0 "-" "Mozilla/5.0 (Linux; U; Android 4.1.2; zh-cn; Coolpad 5930 Build/JZO54K) AppleWebKit/534.30 (KHTML, like Gecko) Version/4.0 Mobile Safari/534.30" -
14.125.101.164 - - [27/Apr/2015:07:05:42 +0800][0.000] "GET /v.gif?t=app-start&did=d694c3fc5fbd324c&p=app&page= HTTP/1.1" 200 0 "-" "Mozilla/5.0 (Linux; Android 4.4.2; Lenovo A320t Build/KOT49H) AppleWebKit/537.36 (KHTML, like Gecko) Version/4.0 Chrome/30.0.0.0 Mobile Safari/537.36" -
121.10.54.56 - - [27/Apr/2015:07:05:53 +0800][0.000] "GET /v.gif?t=profits_status&did=b3ad07c0eadca865&p=app&page=%23%2Ftab%2Fprofit%2Fstatus HTTP/1.1" 200 0 "-" "Mozilla/5.0 (Linux; U; Android 4.1.2; zh-cn; Coolpad 5930 Build/JZO54K) AppleWebKit/534.30 (KHTML, like Gecko) Version/4.0 Mobile Safari/534.30" -
121.10.54.56 - - [27/Apr/2015:07:05:54 +0800][0.000] "GET /v.gif?t=%E6%96%B0%E6%89%8B%E5%BC%95%E5%AF%BC_%E5%B1%95%E7%8E%B0&did=b3ad07c0eadca865&p=app&page=%23%2Ftab%2Fprofit%2Fstatus HTTP/1.1" 200 0 "-" "Mozilla/5.0 (Linux; U; Android 4.1.2; zh-cn; Coolpad 5930 Build/JZO54K) AppleWebKit/534.30 (KHTML, like Gecko) Version/4.0 Mobile Safari/534.30" -
121.10.54.56 - - [27/Apr/2015:07:06:06 +0800][0.000] "GET /v.gif?t=%E5%85%B3%E6%B3%A8%E9%A1%B5%E9%9D%A2&did=b3ad07c0eadca865&p=app&page=%23%2Ftab%2Fstar HTTP/1.1" 304 0 "-" "Mozilla/5.0 (Linux; U; Android 4.1.2; zh-cn; Coolpad 5930 Build/JZO54K) AppleWebKit/534.30 (KHTML, like Gecko) Version/4.0 Mobile Safari/534.30" -
121.10.54.56 - - [27/Apr/2015:07:06:09 +0800][0.000] "GET /v.gif?t=%E6%90%9C%E7%B4%A2%E9%A1%B5%E9%9D%A2&did=b3ad07c0eadca865&p=app&page=%23%2Ftab%2Fsearch HTTP/1.1" 304 0 "-" "Mozilla/5.0 (Linux; U; Android 4.1.2; zh-cn; Coolpad 5930 Build/JZO54K) AppleWebKit/534.30 (KHTML, like Gecko) Version/4.0 Mobile Safari/534.30" -
183.61.126.67 - - [27/Apr/2015:07:06:13 +0800][0.000] "GET /v.gif?t=detail_page_switch_curve_duration&did=fe8654cfdffdfa0e&p=app&page=%23%2Ftab%2Frank%2F30003087 HTTP/1.0" 200 0 "-" "Mozilla/5.0 (Linux; Android 4.4.4; MI 3 Build/KTU84P) AppleWebKit/537.36 (KHTML, like Gecko) Version/4.0 Chrome/33.0.0.0 Mobile Safari/537.36" 117.136.75.203, 183.61.126.69
121.10.54.56 - - [27/Apr/2015:07:06:23 +0800][0.000] "GET /v.gif?t=search_do&did=b3ad07c0eadca865&p=app&page=%23%2Ftab%2Fsearch%2Fresult%3Fquery%3D%25E4%25BA%25BA%25E4%25BA%25BA%25E8%25B4%25B7%26fr%3D HTTP/1.1" 200 0 "-" "Mozilla/5.0 (Linux; U; Android 4.1.2; zh-cn; Coolpad 5930 Build/JZO54K) AppleWebKit/534.30 (KHTML, like Gecko) Version/4.0 Mobile Safari/534.30" -
183.61.126.67 - - [27/Apr/2015:07:06:32 +0800][0.000] "GET /v.gif?t=detail_page_switch_curve_duration&did=fe8654cfdffdfa0e&p=app&page=%23%2Ftab%2Frank%2F30003087 HTTP/1.0" 304 0 "-" "Mozilla/5.0 (Linux; Android 4.4.4; MI 3 Build/KTU84P) AppleWebKit/537.36 (KHTML, like Gecko) Version/4.0 Chrome/33.0.0.0 Mobile Safari/537.36" 117.136.75.203, 183.61.126.70
123.150.159.159 - - [27/Apr/2015:07:06:43 +0800][0.000] "GET /v.gif?t=app-start&did=f71c90cb0c0ef517&p=app&page= HTTP/1.1" 200 0 "-" "Mozilla/5.0 (Linux; Android 4.4.2; H60-L01 Build/HDH60-L01) AppleWebKit/537.36 (KHTML, like Gecko) Version/4.0 Chrome/30.0.0.0 Mobile Safari/537.36" -
121.10.54.56 - - [27/Apr/2015:07:06:45 +0800][0.000] "GET /v.gif?t=search_do&did=b3ad07c0eadca865&p=app&page=%23%2Ftab%2Fsearch%2Fresult%3Fquery%3D%25E9%2599%2586%25E9%2587%2591%25E6%2589%2580%26fr%3D HTTP/1.1" 200 0 "-" "Mozilla/5.0 (Linux; U; Android 4.1.2; zh-cn; Coolpad 5930 Build/JZO54K) AppleWebKit/534.30 (KHTML, like Gecko) Version/4.0 Mobile Safari/534.30" -
121.10.54.56 - - [27/Apr/2015:07:06:54 +0800][0.000] "GET /v.gif?t=%E6%9B%B4%E5%A4%9A%E9%A1%B5%E9%9D%A2&did=b3ad07c0eadca865&p=app&page=%23%2Ftab%2Fmore HTTP/1.1" 304 0 "-" "Mozilla/5.0 (Linux; U; Android 4.1.2; zh-cn; Coolpad 5930 Build/JZO54K) AppleWebKit/534.30 (KHTML, like Gecko) Version/4.0 Mobile Safari/534.30" -
121.10.54.56 - - [27/Apr/2015:07:06:58 +0800][0.000] "GET /v.gif?t=about_us&did=b3ad07c0eadca865&p=app&page=%23%2Ftab%2Fmore HTTP/1.1" 304 0 "-" "Mozilla/5.0 (Linux; U; Android 4.1.2; zh-cn; Coolpad 5930 Build/JZO54K) AppleWebKit/534.30 (KHTML, like Gecko) Version/4.0 Mobile Safari/534.30" -
121.10.54.56 - - [27/Apr/2015:07:06:58 +0800][0.000] "GET /v.gif?t=%E6%9B%B4%E5%A4%9A%E9%A1%B5%E9%9D%A2&did=b3ad07c0eadca865&p=app&page=%23%2Ftab%2Fmore%2Fabout HTTP/1.1" 304 0 "-" "Mozilla/5.0 (Linux; U; Android 4.1.2; zh-cn; Coolpad 5930 Build/JZO54K) AppleWebKit/534.30 (KHTML, like Gecko) Version/4.0 Mobile Safari/534.30" -
123.150.159.159 - - [27/Apr/2015:07:07:05 +0800][0.000] "GET /v.gif?rank_list_name=%E4%BA%92%E8%81%94%E7%BD%91%E5%AE%9D%E5%AE%9D%E7%B1%BB%E7%90%86%E8%B4%A2%E6%9C%88%E6%8E%92%E8%A1%8C&isSub=true&t=rank_list_click_log&did=f71c90cb0c0ef517&p=app&page=%23%2Ftab%2Frank HTTP/1.1" 200 0 "-" "Mozilla/5.0 (Linux; Android 4.4.2; H60-L01 Build/HDH60-L01) AppleWebKit/537.36 (KHTML, like Gecko) Version/4.0 Chrome/30.0.0.0 Mobile Safari/537.36" -
123.150.159.159 - - [27/Apr/2015:07:07:32 +0800][0.000] "GET /v.gif?t=profits_status&did=f71c90cb0c0ef517&p=app&page=%23%2Ftab%2Fprofit%2Fstatus HTTP/1.1" 200 0 "-" "Mozilla/5.0 (Linux; Android 4.4.2; H60-L01 Build/HDH60-L01) AppleWebKit/537.36 (KHTML, like Gecko) Version/4.0 Chrome/30.0.0.0 Mobile Safari/537.36" -
123.150.159.159 - - [27/Apr/2015:07:07:33 +0800][0.000] "GET /v.gif?t=%E6%96%B0%E6%89%8B%E5%BC%95%E5%AF%BC_%E5%B1%95%E7%8E%B0&did=f71c90cb0c0ef517&p=app&page=%23%2Ftab%2Fprofit%2Fstatus HTTP/1.1" 200 0 "-" "Mozilla/5.0 (Linux; Android 4.4.2; H60-L01 Build/HDH60-L01) AppleWebKit/537.36 (KHTML, like Gecko) Version/4.0 Chrome/30.0.0.0 Mobile Safari/537.36" -
123.150.159.159 - - [27/Apr/2015:07:07:37 +0800][0.000] "GET /v.gif?t=%E5%85%B3%E6%B3%A8%E9%A1%B5%E9%9D%A2&did=f71c90cb0c0ef517&p=app&page=%23%2Ftab%2Fstar HTTP/1.1" 200 0 "-" "Mozilla/5.0 (Linux; Android 4.4.2; H60-L01 Build/HDH60-L01) AppleWebKit/537.36 (KHTML, like Gecko) Version/4.0 Chrome/30.0.0.0 Mobile Safari/537.36" -
123.150.159.159 - - [27/Apr/2015:07:07:39 +0800][0.000] "GET /v.gif?t=%E6%90%9C%E7%B4%A2%E9%A1%B5%E9%9D%A2&did=f71c90cb0c0ef517&p=app&page=%23%2Ftab%2Fsearch HTTP/1.1" 200 0 "-" "Mozilla/5.0 (Linux; Android 4.4.2; H60-L01 Build/HDH60-L01) AppleWebKit/537.36 (KHTML, like Gecko) Version/4.0 Chrome/30.0.0.0 Mobile Safari/537.36" -
123.150.159.159 - - [27/Apr/2015:07:07:41 +0800][0.000] "GET /v.gif?t=%E6%9B%B4%E5%A4%9A%E9%A1%B5%E9%9D%A2&did=f71c90cb0c0ef517&p=app&page=%23%2Ftab%2Fmore HTTP/1.1" 200 0 "-" "Mozilla/5.0 (Linux; Android 4.4.2; H60-L01 Build/HDH60-L01) AppleWebKit/537.36 (KHTML, like Gecko) Version/4.0 Chrome/30.0.0.0 Mobile Safari/537.36" -
117.85.118.123 - - [27/Apr/2015:07:07:45 +0800][0.000] "GET /v.gif?t=app-start&did=40127666c1543d16&p=app&page= HTTP/1.1" 200 0 "-" "Mozilla/5.0 (Linux; Android 4.4.4; SM-A7000 Build/KTU84P) AppleWebKit/537.36 (KHTML, like Gecko) Version/4.0 Chrome/33.0.0.0 Mobile Safari/537.36" -
117.85.118.123 - - [27/Apr/2015:07:07:58 +0800][0.000] "GET /v.gif?t=app-start&did=40127666c1543d16&p=app&page= HTTP/1.1" 304 0 "-" "Mozilla/5.0 (Linux; Android 4.4.4; SM-A7000 Build/KTU84P) AppleWebKit/537.36 (KHTML, like Gecko) Version/4.0 Chrome/33.0.0.0 Mobile Safari/537.36" -
117.85.118.123 - - [27/Apr/2015:07:08:20 +0800][0.000] "GET /v.gif?t=%E5%85%B3%E6%B3%A8%E9%A1%B5%E9%9D%A2&did=40127666c1543d16&p=app&page=%23%2Ftab%2Fstar HTTP/1.1" 200 0 "-" "Mozilla/5.0 (Linux; Android 4.4.4; SM-A7000 Build/KTU84P) AppleWebKit/537.36 (KHTML, like Gecko) Version/4.0 Chrome/33.0.0.0 Mobile Safari/537.36" -
121.10.54.56 - - [27/Apr/2015:07:09:18 +0800][0.000] "GET /v.gif?t=%E6%9B%B4%E5%A4%9A%E9%A1%B5%E9%9D%A2&did=b3ad07c0eadca865&p=app&page=%23%2Ftab%2Fmore%2Fqa HTTP/1.1" 200 0 "-" "Mozilla/5.0 (Linux; U; Android 4.1.2; zh-cn; Coolpad 5930 Build/JZO54K) AppleWebKit/534.30 (KHTML, like Gecko) Version/4.0 Mobile Safari/534.30" -
110.184.52.117 - - [27/Apr/2015:07:10:13 +0800][0.000] "GET /v.gif?t=app-start&did=dd2b082ac0d7668d&p=app&page= HTTP/1.1" 304 0 "-" "Mozilla/5.0 (Linux; Android 4.4.4; MI 3C Build/KTU84P) AppleWebKit/537.36 (KHTML, like Gecko) Version/4.0 Chrome/33.0.0.0 Mobile Safari/537.36" -
121.10.54.56 - - [27/Apr/2015:07:10:33 +0800][0.000] "GET /v.gif?t=%E6%9B%B4%E5%A4%9A%E9%A1%B5%E9%9D%A2&did=b3ad07c0eadca865&p=app&page=%23%2Ftab%2Fmore%2Ffeedback HTTP/1.1" 200 0 "-" "Mozilla/5.0 (Linux; U; Android 4.1.2; zh-cn; Coolpad 5930 Build/JZO54K) AppleWebKit/534.30 (KHTML, like Gecko) Version/4.0 Mobile Safari/534.30" -
121.10.54.56 - - [27/Apr/2015:07:11:08 +0800][0.000] "GET /v.gif?t=%E6%B7%BB%E5%8A%A0%E9%A1%B5%E9%9D%A2&did=b3ad07c0eadca865&p=app&page=%23%2Ftab%2Fprofit%2Fadd%2Fp2p%2F90015953%3Fextra%3D%25E6%258A%2595%25E5%2593%25AA%25E7%25BD%2591 HTTP/1.1" 200 0 "-" "Mozilla/5.0 (Linux; U; Android 4.1.2; zh-cn; Coolpad 5930 Build/JZO54K) AppleWebKit/534.30 (KHTML, like Gecko) Version/4.0 Mobile Safari/534.30" -
121.10.54.56 - - [27/Apr/2015:07:12:28 +0800][0.000] "GET /v.gif?t=%E6%B7%BB%E5%8A%A0%E9%A1%B5%E9%9D%A2&did=b3ad07c0eadca865&p=app&page=%23%2Ftab%2Fprofit%2Fadd%2Fp2p%2F90017424%3Fextra%3D%25E7%2588%25B1%25E5%258F%25A3%25E8%25A2%258B HTTP/1.1" 200 0 "-" "Mozilla/5.0 (Linux; U; Android 4.1.2; zh-cn; Coolpad 5930 Build/JZO54K) AppleWebKit/534.30 (KHTML, like Gecko) Version/4.0 Mobile Safari/534.30" -
106.7.247.129 - - [27/Apr/2015:07:12:39 +0800][0.000] "GET /v.gif?t=app-start&did=BE1F2B42-257B-4E14-A736-42FB97C6C1B1&p=app&page=%23%2Ftab%2Frank HTTP/1.1" 200 0 "-" "Mozilla/5.0 (iPhone; CPU iPhone OS 8_3 like Mac OS X) AppleWebKit/600.1.4 (KHTML, like Gecko) Mobile/12F70 (5902532944)" -
106.7.247.129 - - [27/Apr/2015:07:12:49 +0800][0.000] "GET /v.gif?rank_list_name=%E6%9C%80%E5%8F%97%E6%AC%A2%E8%BF%8EP2P%E5%B9%B3%E5%8F%B0%E6%8E%92%E8%A1%8C&isSub=true&t=rank_list_click_log&did=BE1F2B42-257B-4E14-A736-42FB97C6C1B1&p=app&page=%23%2Ftab%2Frank HTTP/1.1" 200 0 "-" "Mozilla/5.0 (iPhone; CPU iPhone OS 8_3 like Mac OS X) AppleWebKit/600.1.4 (KHTML, like Gecko) Mobile/12F70 (5902532944)" -
106.7.247.129 - - [27/Apr/2015:07:13:03 +0800][0.000] "GET /v.gif?rank_list_name=%E6%9C%80%E5%8F%97%E6%AC%A2%E8%BF%8EP2P%E5%B9%B3%E5%8F%B0%E6%8E%92%E8%A1%8C&product_name=%E7%BA%A2%E5%B2%AD%E5%88%9B%E6%8A%95&rank_index=1&t=rank_list_item_click_log&did=BE1F2B42-257B-4E14-A736-42FB97C6C1B1&p=app&page=%23%2Ftab%2Frank%2Finfo%2F100181471 HTTP/1.1" 200 0 "-" "Mozilla/5.0 (iPhone; CPU iPhone OS 8_3 like Mac OS X) AppleWebKit/600.1.4 (KHTML, like Gecko) Mobile/12F70 (5902532944)" -
121.10.54.56 - - [27/Apr/2015:07:13:41 +0800][0.000] "GET /v.gif?rank_list_name=%E6%9C%80%E5%8F%97%E6%AC%A2%E8%BF%8EP2P%E5%B9%B3%E5%8F%B0%E6%8E%92%E8%A1%8C&isSub=true&t=rank_list_click_log&did=b3ad07c0eadca865&p=app&page=%23%2Ftab%2Frank HTTP/1.1" 304 0 "-" "Mozilla/5.0 (Linux; U; Android 4.1.2; zh-cn; Coolpad 5930 Build/JZO54K) AppleWebKit/534.30 (KHTML, like Gecko) Version/4.0 Mobile Safari/534.30" -
106.7.247.129 - - [27/Apr/2015:07:15:11 +0800][0.000] "GET /v.gif?rank_list_name=%E6%9C%80%E5%8F%97%E6%AC%A2%E8%BF%8EP2P%E5%B9%B3%E5%8F%B0%E6%8E%92%E8%A1%8C&product_name=PPmoney&rank_index=2&t=rank_list_item_click_log&did=BE1F2B42-257B-4E14-A736-42FB97C6C1B1&p=app&page=%23%2Ftab%2Frank%2Finfo%2F100181471 HTTP/1.1" 200 0 "-" "Mozilla/5.0 (iPhone; CPU iPhone OS 8_3 like Mac OS X) AppleWebKit/600.1.4 (KHTML, like Gecko) Mobile/12F70 (5902532944)" -
117.84.98.147 - - [27/Apr/2015:07:15:22 +0800][0.000] "GET /v.gif?t=app-start&did=71F6B2EB-178A-4008-88FF-69D5AC2AC6C7&p=app&page=%23%2Ftab%2Frank HTTP/1.1" 200 0 "-" "Mozilla/5.0 (iPhone; CPU iPhone OS 8_3 like Mac OS X) AppleWebKit/600.1.4 (KHTML, like Gecko) Mobile/12F70 (391423904)" -
110.184.52.117 - - [27/Apr/2015:07:16:25 +0800][0.000] "GET /v.gif?t=app-start&did=dd2b082ac0d7668d&p=app&page= HTTP/1.1" 304 0 "-" "Mozilla/5.0 (Linux; Android 4.4.4; MI 3C Build/KTU84P) AppleWebKit/537.36 (KHTML, like Gecko) Version/4.0 Chrome/33.0.0.0 Mobile Safari/537.36" -
110.184.52.117 - - [27/Apr/2015:07:16:31 +0800][0.000] "GET /v.gif?rank_list_name=%E6%9C%80%E5%8F%97%E6%AC%A2%E8%BF%8EP2P%E5%B9%B3%E5%8F%B0%E6%8E%92%E8%A1%8C&isSub=true&t=rank_list_click_log&did=dd2b082ac0d7668d&p=app&page=%23%2Ftab%2Frank HTTP/1.1" 304 0 "-" "Mozilla/5.0 (Linux; Android 4.4.4; MI 3C Build/KTU84P) AppleWebKit/537.36 (KHTML, like Gecko) Version/4.0 Chrome/33.0.0.0 Mobile Safari/537.36" -
220.200.44.186 - - [27/Apr/2015:07:17:04 +0800][0.000] "GET /v.gif?rank_list_name=%E6%9C%88%E5%BA%A6%E6%9C%80%E8%B5%9A%E5%9F%BA%E9%87%91%E6%8E%92%E8%A1%8C&product_name=%E9%95%BF%E5%9F%8E%E5%93%81%E7%89%8C%E4%BC%98%E9%80%89&rank_index=7&t=rank_list_item_click_log&did=fe8654cfdffdfa0e&p=app&page=%23%2Ftab%2Frank%2Finfo%2F100181465 HTTP/1.1" 200 0 "-" "Mozilla/5.0 (Linux; Android 4.4.4; MI 3 Build/KTU84P) AppleWebKit/537.36 (KHTML, like Gecko) Version/4.0 Chrome/33.0.0.0 Mobile Safari/537.36" -
220.200.44.186 - - [27/Apr/2015:07:17:04 +0800][0.000] "GET /v.gif?t=%E8%AF%A6%E6%83%85%E9%A1%B5%E9%9D%A2&did=fe8654cfdffdfa0e&p=app&page=%23%2Ftab%2Frank%2F30002648 HTTP/1.1" 200 0 "-" "Mozilla/5.0 (Linux; Android 4.4.4; MI 3 Build/KTU84P) AppleWebKit/537.36 (KHTML, like Gecko) Version/4.0 Chrome/33.0.0.0 Mobile Safari/537.36" -
110.184.52.117 - - [27/Apr/2015:07:17:28 +0800][0.000] "GET /v.gif?t=%E6%90%9C%E7%B4%A2%E9%A1%B5%E9%9D%A2&did=dd2b082ac0d7668d&p=app&page=%23%2Ftab%2Fsearch HTTP/1.1" 200 0 "-" "Mozilla/5.0 (Linux; Android 4.4.4; MI 3C Build/KTU84P) AppleWebKit/537.36 (KHTML, like Gecko) Version/4.0 Chrome/33.0.0.0 Mobile Safari/537.36" -
110.184.52.117 - - [27/Apr/2015:07:17:43 +0800][0.000] "GET /v.gif?t=%E5%85%B3%E6%B3%A8%E9%A1%B5%E9%9D%A2&did=dd2b082ac0d7668d&p=app&page=%23%2Ftab%2Fstar HTTP/1.1" 304 0 "-" "Mozilla/5.0 (Linux; Android 4.4.4; MI 3C Build/KTU84P) AppleWebKit/537.36 (KHTML, like Gecko) Version/4.0 Chrome/33.0.0.0 Mobile Safari/537.36" -
110.184.52.117 - - [27/Apr/2015:07:17:45 +0800][0.000] "GET /v.gif?t=%E6%9B%B4%E5%A4%9A%E9%A1%B5%E9%9D%A2&did=dd2b082ac0d7668d&p=app&page=%23%2Ftab%2Fmore HTTP/1.1" 200 0 "-" "Mozilla/5.0 (Linux; Android 4.4.4; MI 3C Build/KTU84P) AppleWebKit/537.36 (KHTML, like Gecko) Version/4.0 Chrome/33.0.0.0 Mobile Safari/537.36" -
110.184.52.117 - - [27/Apr/2015:07:17:48 +0800][0.000] "GET /v.gif?t=profits_status&did=dd2b082ac0d7668d&p=app&page=%23%2Ftab%2Fprofit%2Fstatus HTTP/1.1" 304 0 "-" "Mozilla/5.0 (Linux; Android 4.4.4; MI 3C Build/KTU84P) AppleWebKit/537.36 (KHTML, like Gecko) Version/4.0 Chrome/33.0.0.0 Mobile Safari/537.36" -
110.184.52.117 - - [27/Apr/2015:07:18:02 +0800][0.000] "GET /v.gif?rank_list_name=%E6%9C%80%E5%8F%97%E6%AC%A2%E8%BF%8EP2P%E5%B9%B3%E5%8F%B0%E6%8E%92%E8%A1%8C&isSub=true&t=rank_list_click_log&did=dd2b082ac0d7668d&p=app&page=%23%2Ftab%2Frank HTTP/1.1" 304 0 "-" "Mozilla/5.0 (Linux; Android 4.4.4; MI 3C Build/KTU84P) AppleWebKit/537.36 (KHTML, like Gecko) Version/4.0 Chrome/33.0.0.0 Mobile Safari/537.36" -
110.184.52.117 - - [27/Apr/2015:07:18:17 +0800][0.000] "GET /v.gif?rank_list_name=%E6%9C%80%E5%8F%97%E6%AC%A2%E8%BF%8EP2P%E5%B9%B3%E5%8F%B0%E6%8E%92%E8%A1%8C&product_name=%E7%BA%A2%E5%B2%AD%E5%88%9B%E6%8A%95&rank_index=1&t=rank_list_item_click_log&did=dd2b082ac0d7668d&p=app&page=%23%2Ftab%2Frank%2Finfo%2F100181471 HTTP/1.1" 200 0 "-" "Mozilla/5.0 (Linux; Android 4.4.4; MI 3C Build/KTU84P) AppleWebKit/537.36 (KHTML, like Gecko) Version/4.0 Chrome/33.0.0.0 Mobile Safari/537.36" -
110.184.52.117 - - [27/Apr/2015:07:18:43 +0800][0.000] "GET /v.gif?rank_list_name=%E6%9C%80%E5%8F%97%E6%AC%A2%E8%BF%8EP2P%E5%B9%B3%E5%8F%B0%E6%8E%92%E8%A1%8C&product_name=PPmoney&rank_index=2&t=rank_list_item_click_log&did=dd2b082ac0d7668d&p=app&page=%23%2Ftab%2Frank%2Finfo%2F100181471 HTTP/1.1" 200 0 "-" "Mozilla/5.0 (Linux; Android 4.4.4; MI 3C Build/KTU84P) AppleWebKit/537.36 (KHTML, like Gecko) Version/4.0 Chrome/33.0.0.0 Mobile Safari/537.36" -
110.184.52.117 - - [27/Apr/2015:07:18:49 +0800][0.000] "GET /v.gif?rank_list_name=%E6%9C%80%E5%8F%97%E6%AC%A2%E8%BF%8EP2P%E5%B9%B3%E5%8F%B0%E6%8E%92%E8%A1%8C&product_name=%E4%BA%BA%E4%BA%BA%E8%B4%B7&rank_index=3&t=rank_list_item_click_log&did=dd2b082ac0d7668d&p=app&page=%23%2Ftab%2Frank%2Finfo%2F100181471 HTTP/1.1" 200 0 "-" "Mozilla/5.0 (Linux; Android 4.4.4; MI 3C Build/KTU84P) AppleWebKit/537.36 (KHTML, like Gecko) Version/4.0 Chrome/33.0.0.0 Mobile Safari/537.36" -
110.184.52.117 - - [27/Apr/2015:07:19:00 +0800][0.000] "GET /v.gif?rank_list_name=%E6%9C%80%E5%8F%97%E6%AC%A2%E8%BF%8EP2P%E5%B9%B3%E5%8F%B0%E6%8E%92%E8%A1%8C&product_name=%E4%BD%A0%E6%88%91%E8%B4%B7&rank_index=4&t=rank_list_item_click_log&did=dd2b082ac0d7668d&p=app&page=%23%2Ftab%2Frank%2Finfo%2F100181471 HTTP/1.1" 200 0 "-" "Mozilla/5.0 (Linux; Android 4.4.4; MI 3C Build/KTU84P) AppleWebKit/537.36 (KHTML, like Gecko) Version/4.0 Chrome/33.0.0.0 Mobile Safari/537.36" -
110.184.52.117 - - [27/Apr/2015:07:19:09 +0800][0.000] "GET /v.gif?rank_list_name=%E6%9C%80%E5%8F%97%E6%AC%A2%E8%BF%8EP2P%E5%B9%B3%E5%8F%B0%E6%8E%92%E8%A1%8C&product_name=%E5%AE%9C%E4%BA%BA%E8%B4%B7&rank_index=5&t=rank_list_item_click_log&did=dd2b082ac0d7668d&p=app&page=%23%2Ftab%2Frank%2Finfo%2F100181471 HTTP/1.1" 200 0 "-" "Mozilla/5.0 (Linux; Android 4.4.4; MI 3C Build/KTU84P) AppleWebKit/537.36 (KHTML, like Gecko) Version/4.0 Chrome/33.0.0.0 Mobile Safari/537.36" -
110.184.52.117 - - [27/Apr/2015:07:19:15 +0800][0.000] "GET /v.gif?rank_list_name=%E6%9C%80%E5%8F%97%E6%AC%A2%E8%BF%8EP2P%E5%B9%B3%E5%8F%B0%E6%8E%92%E8%A1%8C&product_name=%E5%BE%AE%E8%B4%B7%E7%BD%91&rank_index=6&t=rank_list_item_click_log&did=dd2b082ac0d7668d&p=app&page=%23%2Ftab%2Frank%2Finfo%2F100181471 HTTP/1.1" 200 0 "-" "Mozilla/5.0 (Linux; Android 4.4.4; MI 3C Build/KTU84P) AppleWebKit/537.36 (KHTML, like Gecko) Version/4.0 Chrome/33.0.0.0 Mobile Safari/537.36" -
110.184.52.117 - - [27/Apr/2015:07:19:21 +0800][0.000] "GET /v.gif?rank_list_name=%E6%9C%80%E5%8F%97%E6%AC%A2%E8%BF%8EP2P%E5%B9%B3%E5%8F%B0%E6%8E%92%E8%A1%8C&product_name=%E7%88%B1%E6%8A%95%E8%B5%84&rank_index=8&t=rank_list_item_click_log&did=dd2b082ac0d7668d&p=app&page=%23%2Ftab%2Frank%2Finfo%2F100181471 HTTP/1.1" 200 0 "-" "Mozilla/5.0 (Linux; Android 4.4.4; MI 3C Build/KTU84P) AppleWebKit/537.36 (KHTML, like Gecko) Version/4.0 Chrome/33.0.0.0 Mobile Safari/537.36" -
110.184.52.117 - - [27/Apr/2015:07:19:24 +0800][0.000] "GET /v.gif?rank_list_name=%E6%9C%80%E5%8F%97%E6%AC%A2%E8%BF%8EP2P%E5%B9%B3%E5%8F%B0%E6%8E%92%E8%A1%8C&product_name=%E7%A7%AF%E6%9C%A8%E7%9B%92%E5%AD%90&rank_index=9&t=rank_list_item_click_log&did=dd2b082ac0d7668d&p=app&page=%23%2Ftab%2Frank%2Finfo%2F100181471 HTTP/1.1" 200 0 "-" "Mozilla/5.0 (Linux; Android 4.4.4; MI 3C Build/KTU84P) AppleWebKit/537.36 (KHTML, like Gecko) Version/4.0 Chrome/33.0.0.0 Mobile Safari/537.36" -
110.184.52.117 - - [27/Apr/2015:07:19:34 +0800][0.000] "GET /v.gif?rank_list_name=%E6%9C%80%E5%8F%97%E6%AC%A2%E8%BF%8EP2P%E5%B9%B3%E5%8F%B0%E6%8E%92%E8%A1%8C&product_name=%E6%9C%89%E5%88%A9%E7%BD%91&rank_index=10&t=rank_list_item_click_log&did=dd2b082ac0d7668d&p=app&page=%23%2Ftab%2Frank%2Finfo%2F100181471 HTTP/1.1" 200 0 "-" "Mozilla/5.0 (Linux; Android 4.4.4; MI 3C Build/KTU84P) AppleWebKit/537.36 (KHTML, like Gecko) Version/4.0 Chrome/33.0.0.0 Mobile Safari/537.36" -
110.184.52.117 - - [27/Apr/2015:07:19:44 +0800][0.000] "GET /v.gif?rank_list_name=%E6%9C%80%E5%8F%97%E6%AC%A2%E8%BF%8EP2P%E5%B9%B3%E5%8F%B0%E6%8E%92%E8%A1%8C&product_name=%E6%B8%A9%E5%B7%9E%E8%B4%B7&rank_index=11&t=rank_list_item_click_log&did=dd2b082ac0d7668d&p=app&page=%23%2Ftab%2Frank%2Finfo%2F100181471 HTTP/1.1" 200 0 "-" "Mozilla/5.0 (Linux; Android 4.4.4; MI 3C Build/KTU84P) AppleWebKit/537.36 (KHTML, like Gecko) Version/4.0 Chrome/33.0.0.0 Mobile Safari/537.36" -
110.184.52.117 - - [27/Apr/2015:07:19:50 +0800][0.000] "GET /v.gif?rank_list_name=%E6%9C%80%E5%8F%97%E6%AC%A2%E8%BF%8EP2P%E5%B9%B3%E5%8F%B0%E6%8E%92%E8%A1%8C&product_name=%E8%9E%8D%E9%87%91%E6%89%80&rank_index=12&t=rank_list_item_click_log&did=dd2b082ac0d7668d&p=app&page=%23%2Ftab%2Frank%2Finfo%2F100181471 HTTP/1.1" 200 0 "-" "Mozilla/5.0 (Linux; Android 4.4.4; MI 3C Build/KTU84P) AppleWebKit/537.36 (KHTML, like Gecko) Version/4.0 Chrome/33.0.0.0 Mobile Safari/537.36" -
110.184.52.117 - - [27/Apr/2015:07:19:54 +0800][0.000] "GET /v.gif?rank_list_name=%E6%9C%80%E5%8F%97%E6%AC%A2%E8%BF%8EP2P%E5%B9%B3%E5%8F%B0%E6%8E%92%E8%A1%8C&product_name=%E9%91%AB%E5%90%88%E6%B1%87&rank_index=13&t=rank_list_item_click_log&did=dd2b082ac0d7668d&p=app&page=%23%2Ftab%2Frank%2Finfo%2F100181471 HTTP/1.1" 200 0 "-" "Mozilla/5.0 (Linux; Android 4.4.4; MI 3C Build/KTU84P) AppleWebKit/537.36 (KHTML, like Gecko) Version/4.0 Chrome/33.0.0.0 Mobile Safari/537.36" -
110.184.52.117 - - [27/Apr/2015:07:20:03 +0800][0.000] "GET /v.gif?rank_list_name=%E6%9C%80%E5%8F%97%E6%AC%A2%E8%BF%8EP2P%E5%B9%B3%E5%8F%B0%E6%8E%92%E8%A1%8C&product_name=%E5%9B%BD%E8%AF%9A%E9%87%91%E8%9E%8D&rank_index=18&t=rank_list_item_click_log&did=dd2b082ac0d7668d&p=app&page=%23%2Ftab%2Frank%2Finfo%2F100181471 HTTP/1.1" 200 0 "-" "Mozilla/5.0 (Linux; Android 4.4.4; MI 3C Build/KTU84P) AppleWebKit/537.36 (KHTML, like Gecko) Version/4.0 Chrome/33.0.0.0 Mobile Safari/537.36" -
183.206.177.85 - - [27/Apr/2015:07:20:34 +0800][0.000] "GET /v.gif?t=app-start&did=fd1ec34435068023&p=app&page= HTTP/1.1" 304 0 "-" "Mozilla/5.0 (Linux; Android 4.4.4; MI 3C Build/KTU84P) AppleWebKit/537.36 (KHTML, like Gecko) Version/4.0 Chrome/33.0.0.0 Mobile Safari/537.36" -
183.206.177.85 - - [27/Apr/2015:07:20:37 +0800][0.000] "GET /v.gif?rank_list_name=%E4%BA%92%E8%81%94%E7%BD%91%E5%AE%9D%E5%AE%9D%E7%B1%BB%E7%90%86%E8%B4%A2%E6%9C%88%E6%8E%92%E8%A1%8C&isSub=true&t=rank_list_click_log&did=fd1ec34435068023&p=app&page=%23%2Ftab%2Frank HTTP/1.1" 304 0 "-" "Mozilla/5.0 (Linux; Android 4.4.4; MI 3C Build/KTU84P) AppleWebKit/537.36 (KHTML, like Gecko) Version/4.0 Chrome/33.0.0.0 Mobile Safari/537.36" -
183.206.177.85 - - [27/Apr/2015:07:20:45 +0800][0.000] "GET /v.gif?rank_list_name=%E6%9C%88%E5%BA%A6%E6%9C%80%E8%B5%9A%E5%9F%BA%E9%87%91%E6%8E%92%E8%A1%8C&isSub=true&t=rank_list_click_log&did=fd1ec34435068023&p=app&page=%23%2Ftab%2Frank HTTP/1.1" 304 0 "-" "Mozilla/5.0 (Linux; Android 4.4.4; MI 3C Build/KTU84P) AppleWebKit/537.36 (KHTML, like Gecko) Version/4.0 Chrome/33.0.0.0 Mobile Safari/537.36" -
183.206.177.85 - - [27/Apr/2015:07:21:09 +0800][0.000] "GET /v.gif?t=profits_status&did=fd1ec34435068023&p=app&page=%23%2Ftab%2Fprofit%2Fstatus HTTP/1.1" 304 0 "-" "Mozilla/5.0 (Linux; Android 4.4.4; MI 3C Build/KTU84P) AppleWebKit/537.36 (KHTML, like Gecko) Version/4.0 Chrome/33.0.0.0 Mobile Safari/537.36" -
183.206.177.85 - - [27/Apr/2015:07:21:12 +0800][0.000] "GET /v.gif?t=%E5%85%B3%E6%B3%A8%E9%A1%B5%E9%9D%A2&did=fd1ec34435068023&p=app&page=%23%2Ftab%2Fstar HTTP/1.1" 304 0 "-" "Mozilla/5.0 (Linux; Android 4.4.4; MI 3C Build/KTU84P) AppleWebKit/537.36 (KHTML, like Gecko) Version/4.0 Chrome/33.0.0.0 Mobile Safari/537.36" -
110.184.52.117 - - [27/Apr/2015:07:21:14 +0800][0.000] "GET /v.gif?rank_list_name=2015%E5%B9%B4%E4%BA%92%E8%81%94%E7%BD%91%E7%90%86%E8%B4%A2%E5%93%AA%E5%AE%B6%E5%BC%BA&isSub=true&t=rank_list_click_log&did=dd2b082ac0d7668d&p=app&page=%23%2Ftab%2Frank%2Fadd HTTP/1.1" 200 0 "-" "Mozilla/5.0 (Linux; Android 4.4.4; MI 3C Build/KTU84P) AppleWebKit/537.36 (KHTML, like Gecko) Version/4.0 Chrome/33.0.0.0 Mobile Safari/537.36" -
183.206.177.85 - - [27/Apr/2015:07:21:14 +0800][0.000] "GET /v.gif?t=%E6%90%9C%E7%B4%A2%E9%A1%B5%E9%9D%A2&did=fd1ec34435068023&p=app&page=%23%2Ftab%2Fsearch HTTP/1.1" 200 0 "-" "Mozilla/5.0 (Linux; Android 4.4.4; MI 3C Build/KTU84P) AppleWebKit/537.36 (KHTML, like Gecko) Version/4.0 Chrome/33.0.0.0 Mobile Safari/537.36" -
183.206.177.85 - - [27/Apr/2015:07:21:20 +0800][0.000] "GET /v.gif?t=search_do&did=fd1ec34435068023&p=app&page=%23%2Ftab%2Fsearch%2Fresult%3Fquery%3D%25E5%258D%259A%25E6%2597%25B6%25E6%258B%259B%25E8%25B4%25A2%25E4%25B8%2580%25E5%258F%25B7%25E5%25A4%25A7%25E6%2595%25B0%25E6%258D%25AE%26fr%3D HTTP/1.1" 200 0 "-" "Mozilla/5.0 (Linux; Android 4.4.4; MI 3C Build/KTU84P) AppleWebKit/537.36 (KHTML, like Gecko) Version/4.0 Chrome/33.0.0.0 Mobile Safari/537.36" -
183.206.177.85 - - [27/Apr/2015:07:21:25 +0800][0.000] "GET /v.gif?t=%E6%9B%B4%E5%A4%9A%E9%A1%B5%E9%9D%A2&did=fd1ec34435068023&p=app&page=%23%2Ftab%2Fmore HTTP/1.1" 200 0 "-" "Mozilla/5.0 (Linux; Android 4.4.4; MI 3C Build/KTU84P) AppleWebKit/537.36 (KHTML, like Gecko) Version/4.0 Chrome/33.0.0.0 Mobile Safari/537.36" -
183.206.177.85 - - [27/Apr/2015:07:21:31 +0800][0.000] "GET /v.gif?t=search_do&did=fd1ec34435068023&p=app&page=%23%2Ftab%2Fsearch%2Fresult%3Fquery%3D%25E6%258B%259B%25E5%2595%2586%25E9%2593%25B6%25E8%25A1%258C%26fr%3D HTTP/1.1" 200 0 "-" "Mozilla/5.0 (Linux; Android 4.4.4; MI 3C Build/KTU84P) AppleWebKit/537.36 (KHTML, like Gecko) Version/4.0 Chrome/33.0.0.0 Mobile Safari/537.36" -
