1.95.79.146 - - [29/Apr/2015:00:00:08 +0800][0.000] "GET /v.gif?t=web-start&did=web&p=app&page=%23%2Ftab%2Frank%2Fadd HTTP/1.1" 200 0 "http://localhost:8100/" "Mozilla/5.0 (iPhone; CPU iPhone OS 7_0 like Mac OS X; en-us) AppleWebKit/537.51.1 (KHTML, like Gecko) Version/7.0 Mobile/11A465 Safari/9537.53" -
1.95.79.146 - - [29/Apr/2015:00:00:10 +0800][0.000] "GET /v.gif?t=web-start&did=web&p=app&page=%23%2Ftab%2Frank%2Fadd HTTP/1.1" 200 0 "http://localhost:8100/" "Mozilla/5.0 (iPhone; CPU iPhone OS 7_0 like Mac OS X; en-us) AppleWebKit/537.51.1 (KHTML, like Gecko) Version/7.0 Mobile/11A465 Safari/9537.53" -
117.136.60.23 - - [29/Apr/2015:00:00:19 +0800][0.000] "GET /v.gif?t=app-start&did=49E213E1-B3F2-4F4D-9CBB-F8B213B17D02&p=app&page=%23%2Ftab%2Frank HTTP/1.1" 200 0 "-" "Mozilla/5.0 (iPhone; CPU iPhone OS 8_3 like Mac OS X) AppleWebKit/600.1.4 (KHTML, like Gecko) Mobile/12F70 (5852183376)" -
117.136.60.23 - - [29/Apr/2015:00:00:21 +0800][0.000] "GET /v.gif?t=profits_status&did=49E213E1-B3F2-4F4D-9CBB-F8B213B17D02&p=app&page=%23%2Ftab%2Fprofit%2Fstatus HTTP/1.1" 200 0 "-" "Mozilla/5.0 (iPhone; CPU iPhone OS 8_3 like Mac OS X) AppleWebKit/600.1.4 (KHTML, like Gecko) Mobile/12F70 (5852183376)" -
60.223.111.183 - - [29/Apr/2015:00:00:29 +0800][0.000] "GET /v.gif?t=app-start&did=36f6eb47a872867c&p=app&page= HTTP/1.1" 304 0 "-" "Mozilla/5.0 (Linux; U; Android 4.2.2; zh-cn; DOOV D330 Build/JDQ39) AppleWebKit/534.30 (KHTML, like Gecko) Version/4.0 Mobile Safari/534.30" -
117.136.60.23 - - [29/Apr/2015:00:00:34 +0800][0.000] "GET /v.gif?t=profit2detail&did=49E213E1-B3F2-4F4D-9CBB-F8B213B17D02&p=app&page=%23%2Ftab%2Fprofit%2Fstatus HTTP/1.1" 200 0 "-" "Mozilla/5.0 (iPhone; CPU iPhone OS 8_3 like Mac OS X) AppleWebKit/600.1.4 (KHTML, like Gecko) Mobile/12F70 (5852183376)" -
117.136.60.23 - - [29/Apr/2015:00:00:34 +0800][0.000] "GET /v.gif?t=%E8%AF%A6%E6%83%85%E9%A1%B5%E9%9D%A2&did=49E213E1-B3F2-4F4D-9CBB-F8B213B17D02&p=app&page=%23%2Ftab%2Fprofit%2F30110706 HTTP/1.1" 200 0 "-" "Mozilla/5.0 (iPhone; CPU iPhone OS 8_3 like Mac OS X) AppleWebKit/600.1.4 (KHTML, like Gecko) Mobile/12F70 (5852183376)" -
14.135.86.91 - - [29/Apr/2015:00:01:00 +0800][0.000] "GET /v.gif?t=app-start&did=C25EEEF8-6029-477E-95E4-A9BA7E6E0669&p=app&page=%23%2Ftab%2Frank HTTP/1.1" 200 0 "-" "Mozilla/5.0 (iPhone; CPU iPhone OS 8_3 like Mac OS X) AppleWebKit/600.1.4 (KHTML, like Gecko) Mobile/12F70 (5458984752)" -
182.131.117.248 - - [29/Apr/2015:00:01:08 +0800][0.000] "GET /v.gif?t=app-start&did=01CE1B61-2965-4EA2-856B-CDECED5325E0&p=app&page=%23%2Ftab%2Frank HTTP/1.1" 200 0 "-" "Mozilla/5.0 (iPhone; CPU iPhone OS 8_1_3 like Mac OS X) AppleWebKit/600.1.4 (KHTML, like Gecko) Mobile/12B466 (5617311184)" -
14.135.86.91 - - [29/Apr/2015:00:01:15 +0800][0.000] "GET /v.gif?t=profits_status&did=C25EEEF8-6029-477E-95E4-A9BA7E6E0669&p=app&page=%23%2Ftab%2Fprofit%2Fstatus HTTP/1.1" 200 0 "-" "Mozilla/5.0 (iPhone; CPU iPhone OS 8_3 like Mac OS X) AppleWebKit/600.1.4 (KHTML, like Gecko) Mobile/12F70 (5458984752)" -
182.131.117.248 - - [29/Apr/2015:00:01:44 +0800][0.000] "GET /v.gif?rank_list_name=%E4%BA%92%E8%81%94%E7%BD%91%E5%AE%9D%E5%AE%9D%E7%B1%BB%E7%90%86%E8%B4%A2%E6%9C%88%E6%8E%92%E8%A1%8C&isSub=true&t=rank_list_click_log&did=01CE1B61-2965-4EA2-856B-CDECED5325E0&p=app&page=%23%2Ftab%2Frank HTTP/1.1" 200 0 "-" "Mozilla/5.0 (iPhone; CPU iPhone OS 8_1_3 like Mac OS X) AppleWebKit/600.1.4 (KHTML, like Gecko) Mobile/12B466 (5617311184)" -
222.43.229.64 - - [29/Apr/2015:00:01:49 +0800][0.000] "GET /v.gif?t=app-start&did=D013A800-7877-4791-B873-DDBE2402C514&p=app&page=%23%2Ftab%2Frank HTTP/1.1" 200 0 "-" "Mozilla/5.0 (iPhone; CPU iPhone OS 8_1 like Mac OS X) AppleWebKit/600.1.4 (KHTML, like Gecko) Mobile/12B411 (5189539120)" -
222.43.229.64 - - [29/Apr/2015:00:01:52 +0800][0.000] "GET /v.gif?t=profits_status&did=D013A800-7877-4791-B873-DDBE2402C514&p=app&page=%23%2Ftab%2Fprofit%2Fstatus HTTP/1.1" 200 0 "-" "Mozilla/5.0 (iPhone; CPU iPhone OS 8_1 like Mac OS X) AppleWebKit/600.1.4 (KHTML, like Gecko) Mobile/12B411 (5189539120)" -
113.110.157.12 - - [29/Apr/2015:00:01:54 +0800][0.000] "GET /v.gif?t=app-start&did=60B8ED15-7D83-4CFD-8D27-B795D74D0EC7&p=app&page=%23%2Ftab%2Frank HTTP/1.1" 200 0 "-" "Mozilla/5.0 (iPhone; CPU iPhone OS 8_2 like Mac OS X) AppleWebKit/600.1.4 (KHTML, like Gecko) Mobile/12D508 (5072072704)" -
222.43.229.64 - - [29/Apr/2015:00:01:57 +0800][0.000] "GET /v.gif?t=profit2detail&did=D013A800-7877-4791-B873-DDBE2402C514&p=app&page=%23%2Ftab%2Fprofit%2Fstatus HTTP/1.1" 200 0 "-" "Mozilla/5.0 (iPhone; CPU iPhone OS 8_1 like Mac OS X) AppleWebKit/600.1.4 (KHTML, like Gecko) Mobile/12B411 (5189539120)" -
222.43.229.64 - - [29/Apr/2015:00:01:57 +0800][0.000] "GET /v.gif?t=%E8%AF%A6%E6%83%85%E9%A1%B5%E9%9D%A2&did=D013A800-7877-4791-B873-DDBE2402C514&p=app&page=%23%2Ftab%2Fprofit%2F30002734 HTTP/1.1" 200 0 "-" "Mozilla/5.0 (iPhone; CPU iPhone OS 8_1 like Mac OS X) AppleWebKit/600.1.4 (KHTML, like Gecko) Mobile/12B411 (5189539120)" -
113.110.157.12 - - [29/Apr/2015:00:01:57 +0800][0.000] "GET /v.gif?t=profits_status&did=60B8ED15-7D83-4CFD-8D27-B795D74D0EC7&p=app&page=%23%2Ftab%2Fprofit%2Fstatus HTTP/1.1" 200 0 "-" "Mozilla/5.0 (iPhone; CPU iPhone OS 8_2 like Mac OS X) AppleWebKit/600.1.4 (KHTML, like Gecko) Mobile/12D508 (5072072704)" -
182.131.117.248 - - [29/Apr/2015:00:02:05 +0800][0.000] "GET /v.gif?rank_list_name=%E6%9C%80%E5%8F%97%E6%AC%A2%E8%BF%8EP2P%E5%B9%B3%E5%8F%B0%E6%8E%92%E8%A1%8C&isSub=true&t=rank_list_click_log&did=01CE1B61-2965-4EA2-856B-CDECED5325E0&p=app&page=%23%2Ftab%2Frank HTTP/1.1" 200 0 "-" "Mozilla/5.0 (iPhone; CPU iPhone OS 8_1_3 like Mac OS X) AppleWebKit/600.1.4 (KHTML, like Gecko) Mobile/12B466 (5617311184)" -
114.181.43.15 - - [29/Apr/2015:00:02:13 +0800][0.000] "GET /v.gif?t=app-start&did=8942d7b409bfd8e2&p=app&page= HTTP/1.1" 304 0 "-" "Mozilla/5.0 (Linux; U; Android 4.3; zh-cn; GT-I9300I Build/JLS36C) AppleWebKit/534.30 (KHTML, like Gecko) Version/4.0 Mobile Safari/534.30" -
182.131.117.248 - - [29/Apr/2015:00:02:16 +0800][0.000] "GET /v.gif?rank_list_name=%E6%9C%88%E5%BA%A6%E6%9C%80%E8%B5%9A%E5%9F%BA%E9%87%91%E6%8E%92%E8%A1%8C&isSub=true&t=rank_list_click_log&did=01CE1B61-2965-4EA2-856B-CDECED5325E0&p=app&page=%23%2Ftab%2Frank HTTP/1.1" 200 0 "-" "Mozilla/5.0 (iPhone; CPU iPhone OS 8_1_3 like Mac OS X) AppleWebKit/600.1.4 (KHTML, like Gecko) Mobile/12B466 (5617311184)" -
114.181.43.15 - - [29/Apr/2015:00:02:19 +0800][0.000] "GET /v.gif?rank_list_name=%E6%9C%88%E5%BA%A6%E6%9C%80%E8%B5%9A%E5%9F%BA%E9%87%91%E6%8E%92%E8%A1%8C&isSub=true&t=rank_list_click_log&did=8942d7b409bfd8e2&p=app&page=%23%2Ftab%2Frank HTTP/1.1" 304 0 "-" "Mozilla/5.0 (Linux; U; Android 4.3; zh-cn; GT-I9300I Build/JLS36C) AppleWebKit/534.30 (KHTML, like Gecko) Version/4.0 Mobile Safari/534.30" -
182.131.117.248 - - [29/Apr/2015:00:02:28 +0800][0.000] "GET /v.gif?rank_list_name=%E7%9F%A5%E5%90%8D%E9%93%B6%E8%A1%8C%E7%9F%AD%E6%9C%9F%E7%90%86%E8%B4%A2%E6%8E%92%E8%A1%8C&isSub=true&t=rank_list_click_log&did=01CE1B61-2965-4EA2-856B-CDECED5325E0&p=app&page=%23%2Ftab%2Frank HTTP/1.1" 200 0 "-" "Mozilla/5.0 (iPhone; CPU iPhone OS 8_1_3 like Mac OS X) AppleWebKit/600.1.4 (KHTML, like Gecko) Mobile/12B466 (5617311184)" -
182.131.117.248 - - [29/Apr/2015:00:02:38 +0800][0.000] "GET /v.gif?rank_list_name=%E4%BF%A1%E6%89%98%E4%BA%A7%E5%93%81%E6%94%B6%E7%9B%8A%E6%8E%92%E8%A1%8C&isSub=true&t=rank_list_click_log&did=01CE1B61-2965-4EA2-856B-CDECED5325E0&p=app&page=%23%2Ftab%2Frank HTTP/1.1" 200 0 "-" "Mozilla/5.0 (iPhone; CPU iPhone OS 8_1_3 like Mac OS X) AppleWebKit/600.1.4 (KHTML, like Gecko) Mobile/12B466 (5617311184)" -
182.131.117.248 - - [29/Apr/2015:00:02:51 +0800][0.000] "GET /v.gif?t=profits_status&did=01CE1B61-2965-4EA2-856B-CDECED5325E0&p=app&page=%23%2Ftab%2Fprofit%2Fstatus HTTP/1.1" 200 0 "-" "Mozilla/5.0 (iPhone; CPU iPhone OS 8_1_3 like Mac OS X) AppleWebKit/600.1.4 (KHTML, like Gecko) Mobile/12B466 (5617311184)" -
182.131.117.248 - - [29/Apr/2015:00:02:51 +0800][0.000] "GET /v.gif?t=%E6%96%B0%E6%89%8B%E5%BC%95%E5%AF%BC_%E5%B1%95%E7%8E%B0&did=01CE1B61-2965-4EA2-856B-CDECED5325E0&p=app&page=%23%2Ftab%2Fprofit%2Fstatus HTTP/1.1" 200 0 "-" "Mozilla/5.0 (iPhone; CPU iPhone OS 8_1_3 like Mac OS X) AppleWebKit/600.1.4 (KHTML, like Gecko) Mobile/12B466 (5617311184)" -
182.131.117.248 - - [29/Apr/2015:00:03:01 +0800][0.000] "GET /v.gif?rank_list_name=%E4%BA%92%E8%81%94%E7%BD%91%E5%AE%9D%E5%AE%9D%E7%B1%BB%E7%90%86%E8%B4%A2%E6%9C%88%E6%8E%92%E8%A1%8C&isSub=true&t=rank_list_click_log&did=01CE1B61-2965-4EA2-856B-CDECED5325E0&p=app&page=%23%2Ftab%2Frank HTTP/1.1" 200 0 "-" "Mozilla/5.0 (iPhone; CPU iPhone OS 8_1_3 like Mac OS X) AppleWebKit/600.1.4 (KHTML, like Gecko) Mobile/12B466 (5617311184)" -
114.246.168.38 - - [29/Apr/2015:00:03:10 +0800][0.000] "GET /v.gif?t=app-start&did=16907A62-25E8-44A7-A371-76B3D865F659&p=app&page=%23%2Ftab%2Frank HTTP/1.1" 200 0 "-" "Mozilla/5.0 (iPhone; CPU iPhone OS 8_1_1 like Mac OS X) AppleWebKit/600.1.4 (KHTML, like Gecko) Mobile/12B436 (5868956944)" -
182.131.117.248 - - [29/Apr/2015:00:03:11 +0800][0.000] "GET /v.gif?rank_list_name=%E4%BA%92%E8%81%94%E7%BD%91%E5%AE%9D%E5%AE%9D%E7%B1%BB%E7%90%86%E8%B4%A2%E6%9C%88%E6%8E%92%E8%A1%8C&product_name=%E4%B8%AD%E5%8A%A0%E5%A4%A9%E6%B7%BB%E5%AE%9D&rank_index=1&t=rank_list_item_click_log&did=01CE1B61-2965-4EA2-856B-CDECED5325E0&p=app&page=%23%2Ftab%2Frank%2Finfo%2F100181419 HTTP/1.1" 200 0 "-" "Mozilla/5.0 (iPhone; CPU iPhone OS 8_1_3 like Mac OS X) AppleWebKit/600.1.4 (KHTML, like Gecko) Mobile/12B466 (5617311184)" -
182.131.117.248 - - [29/Apr/2015:00:03:11 +0800][0.000] "GET /v.gif?t=%E8%AF%A6%E6%83%85%E9%A1%B5%E9%9D%A2&did=01CE1B61-2965-4EA2-856B-CDECED5325E0&p=app&page=%23%2Ftab%2Frank%2F40003651 HTTP/1.1" 200 0 "-" "Mozilla/5.0 (iPhone; CPU iPhone OS 8_1_3 like Mac OS X) AppleWebKit/600.1.4 (KHTML, like Gecko) Mobile/12B466 (5617311184)" -
222.43.229.64 - - [29/Apr/2015:00:03:38 +0800][0.000] "GET /v.gif?t=%E8%BF%91%E4%B8%80%E4%B8%AA%E6%9C%88%E5%B9%B4%E5%8C%96%E6%94%B6%E7%9B%8A&did=D013A800-7877-4791-B873-DDBE2402C514&p=app&page=%23%2Ftab%2Fprofit%2Fstatus HTTP/1.1" 200 0 "-" "Mozilla/5.0 (iPhone; CPU iPhone OS 8_1 like Mac OS X) AppleWebKit/600.1.4 (KHTML, like Gecko) Mobile/12B411 (5189539120)" -
222.43.229.64 - - [29/Apr/2015:00:03:41 +0800][0.000] "GET /v.gif?rank_list_name=%E6%9C%88%E5%BA%A6%E6%9C%80%E8%B5%9A%E5%9F%BA%E9%87%91%E6%8E%92%E8%A1%8C&isSub=true&t=rank_list_click_log&did=D013A800-7877-4791-B873-DDBE2402C514&p=app&page=%23%2Ftab%2Frank HTTP/1.1" 200 0 "-" "Mozilla/5.0 (iPhone; CPU iPhone OS 8_1 like Mac OS X) AppleWebKit/600.1.4 (KHTML, like Gecko) Mobile/12B411 (5189539120)" -
117.136.70.250 - - [29/Apr/2015:00:04:06 +0800][0.000] "GET /v.gif?t=app-start&did=8A2F9183-299E-4617-9862-573EEF58F386&p=app&page=%23%2Ftab%2Frank HTTP/1.1" 200 0 "-" "Mozilla/5.0 (iPhone; CPU iPhone OS 8_1_3 like Mac OS X) AppleWebKit/600.1.4 (KHTML, like Gecko) Mobile/12B466 (5759917248)" -
117.136.70.250 - - [29/Apr/2015:00:04:24 +0800][0.000] "GET /v.gif?rank_list_name=%E4%BA%92%E8%81%94%E7%BD%91%E5%AE%9D%E5%AE%9D%E7%B1%BB%E7%90%86%E8%B4%A2%E6%9C%88%E6%8E%92%E8%A1%8C&isSub=true&t=rank_list_click_log&did=8A2F9183-299E-4617-9862-573EEF58F386&p=app&page=%23%2Ftab%2Frank HTTP/1.1" 200 0 "-" "Mozilla/5.0 (iPhone; CPU iPhone OS 8_1_3 like Mac OS X) AppleWebKit/600.1.4 (KHTML, like Gecko) Mobile/12B466 (5759917248)" -
114.181.43.15 - - [29/Apr/2015:00:04:34 +0800][0.000] "GET /v.gif?rank_list_name=%E6%9C%88%E5%BA%A6%E6%9C%80%E8%B5%9A%E5%9F%BA%E9%87%91%E6%8E%92%E8%A1%8C&product_name=%E5%8D%97%E6%96%B9%E5%B0%8F%E5%BA%B7ETF&rank_index=1&t=rank_list_item_click_log&did=8942d7b409bfd8e2&p=app&page=%23%2Ftab%2Frank%2Finfo%2F100181465 HTTP/1.1" 200 0 "-" "Mozilla/5.0 (Linux; U; Android 4.3; zh-cn; GT-I9300I Build/JLS36C) AppleWebKit/534.30 (KHTML, like Gecko) Version/4.0 Mobile Safari/534.30" -
114.181.43.15 - - [29/Apr/2015:00:04:35 +0800][0.000] "GET /v.gif?t=%E8%AF%A6%E6%83%85%E9%A1%B5%E9%9D%A2&did=8942d7b409bfd8e2&p=app&page=%23%2Ftab%2Frank%2F30000192 HTTP/1.1" 200 0 "-" "Mozilla/5.0 (Linux; U; Android 4.3; zh-cn; GT-I9300I Build/JLS36C) AppleWebKit/534.30 (KHTML, like Gecko) Version/4.0 Mobile Safari/534.30" -
121.32.200.197 - - [29/Apr/2015:00:05:22 +0800][0.000] "GET /v.gif?t=app-start&did=265c4bcf2d9765e3&p=app&page= HTTP/1.1" 200 0 "-" "Mozilla/5.0 (Linux; Android 4.4.2; SM-N9005 Build/KOT49H) AppleWebKit/537.36 (KHTML, like Gecko) Version/4.0 Chrome/30.0.0.0 Mobile Safari/537.36" -
1.95.79.146 - - [29/Apr/2015:00:05:25 +0800][0.000] "GET /v.gif?t=web-start&did=web&p=app&page=%23%2Ftab%2Frank%2Fadd HTTP/1.1" 200 0 "http://localhost:8100/" "Mozilla/5.0 (iPhone; CPU iPhone OS 7_0 like Mac OS X; en-us) AppleWebKit/537.51.1 (KHTML, like Gecko) Version/7.0 Mobile/11A465 Safari/9537.53" -
117.136.70.250 - - [29/Apr/2015:00:05:26 +0800][0.000] "GET /v.gif?rank_list_name=%E4%BA%92%E8%81%94%E7%BD%91%E5%AE%9D%E5%AE%9D%E7%B1%BB%E7%90%86%E8%B4%A2%E6%9C%88%E6%8E%92%E8%A1%8C&product_name=%E4%B8%AD%E5%8A%A0%E5%A4%A9%E6%B7%BB%E5%AE%9D&rank_index=1&t=rank_list_item_click_log&did=8A2F9183-299E-4617-9862-573EEF58F386&p=app&page=%23%2Ftab%2Frank%2Finfo%2F100181419 HTTP/1.1" 200 0 "-" "Mozilla/5.0 (iPhone; CPU iPhone OS 8_1_3 like Mac OS X) AppleWebKit/600.1.4 (KHTML, like Gecko) Mobile/12B466 (5759917248)" -
117.136.70.250 - - [29/Apr/2015:00:05:26 +0800][0.000] "GET /v.gif?t=%E8%AF%A6%E6%83%85%E9%A1%B5%E9%9D%A2&did=8A2F9183-299E-4617-9862-573EEF58F386&p=app&page=%23%2Ftab%2Frank%2F40003651 HTTP/1.1" 200 0 "-" "Mozilla/5.0 (iPhone; CPU iPhone OS 8_1_3 like Mac OS X) AppleWebKit/600.1.4 (KHTML, like Gecko) Mobile/12B466 (5759917248)" -
221.225.53.45 - - [29/Apr/2015:00:05:38 +0800][0.000] "GET /v.gif?t=app-start&did=36a27788e97f9778&p=app&page= HTTP/1.1" 304 0 "-" "Mozilla/5.0 (Linux; Android 4.4.2; 2013023 Build/HM2013023) AppleWebKit/537.36 (KHTML, like Gecko) Version/4.0 Chrome/30.0.0.0 Mobile Safari/537.36" -
117.136.70.250 - - [29/Apr/2015:00:05:40 +0800][0.000] "GET /v.gif?t=detail_page_switch_curve_duration&did=8A2F9183-299E-4617-9862-573EEF58F386&p=app&page=%23%2Ftab%2Frank%2F40003651 HTTP/1.1" 200 0 "-" "Mozilla/5.0 (iPhone; CPU iPhone OS 8_1_3 like Mac OS X) AppleWebKit/600.1.4 (KHTML, like Gecko) Mobile/12B466 (5759917248)" -
221.225.53.45 - - [29/Apr/2015:00:05:41 +0800][0.000] "GET /v.gif?t=profits_status&did=36a27788e97f9778&p=app&page=%23%2Ftab%2Fprofit%2Fstatus HTTP/1.1" 304 0 "-" "Mozilla/5.0 (Linux; Android 4.4.2; 2013023 Build/HM2013023) AppleWebKit/537.36 (KHTML, like Gecko) Version/4.0 Chrome/30.0.0.0 Mobile Safari/537.36" -
117.136.70.250 - - [29/Apr/2015:00:05:43 +0800][0.000] "GET /v.gif?t=detail_page_switch_curve_duration&did=8A2F9183-299E-4617-9862-573EEF58F386&p=app&page=%23%2Ftab%2Frank%2F40003651 HTTP/1.1" 200 0 "-" "Mozilla/5.0 (iPhone; CPU iPhone OS 8_1_3 like Mac OS X) AppleWebKit/600.1.4 (KHTML, like Gecko) Mobile/12B466 (5759917248)" -
117.136.70.250 - - [29/Apr/2015:00:06:05 +0800][0.000] "GET /v.gif?rank_list_name=%E6%9C%80%E5%8F%97%E6%AC%A2%E8%BF%8EP2P%E5%B9%B3%E5%8F%B0%E6%8E%92%E8%A1%8C&isSub=true&t=rank_list_click_log&did=8A2F9183-299E-4617-9862-573EEF58F386&p=app&page=%23%2Ftab%2Frank HTTP/1.1" 200 0 "-" "Mozilla/5.0 (iPhone; CPU iPhone OS 8_1_3 like Mac OS X) AppleWebKit/600.1.4 (KHTML, like Gecko) Mobile/12B466 (5759917248)" -
117.136.70.250 - - [29/Apr/2015:00:06:26 +0800][0.000] "GET /v.gif?rank_list_name=%E6%9C%88%E5%BA%A6%E6%9C%80%E8%B5%9A%E5%9F%BA%E9%87%91%E6%8E%92%E8%A1%8C&isSub=true&t=rank_list_click_log&did=8A2F9183-299E-4617-9862-573EEF58F386&p=app&page=%23%2Ftab%2Frank HTTP/1.1" 200 0 "-" "Mozilla/5.0 (iPhone; CPU iPhone OS 8_1_3 like Mac OS X) AppleWebKit/600.1.4 (KHTML, like Gecko) Mobile/12B466 (5759917248)" -
123.159.50.21 - - [29/Apr/2015:00:06:54 +0800][0.000] "GET /v.gif?t=app-start&did=62E2C1D6-6C3E-4043-8D79-71D2656C7FDD&p=app&page=%23%2Ftab%2Frank HTTP/1.1" 200 0 "-" "Mozilla/5.0 (iPhone; CPU iPhone OS 8_3 like Mac OS X) AppleWebKit/600.1.4 (KHTML, like Gecko) Mobile/12F70 (5072093216)" -
123.159.50.21 - - [29/Apr/2015:00:06:57 +0800][0.000] "GET /v.gif?rank_list_name=%E6%9C%88%E5%BA%A6%E6%9C%80%E8%B5%9A%E5%9F%BA%E9%87%91%E6%8E%92%E8%A1%8C&isSub=true&t=rank_list_click_log&did=62E2C1D6-6C3E-4043-8D79-71D2656C7FDD&p=app&page=%23%2Ftab%2Frank HTTP/1.1" 200 0 "-" "Mozilla/5.0 (iPhone; CPU iPhone OS 8_3 like Mac OS X) AppleWebKit/600.1.4 (KHTML, like Gecko) Mobile/12F70 (5072093216)" -
1.95.79.146 - - [29/Apr/2015:00:06:57 +0800][0.000] "GET /v.gif?t=web-start&did=web&p=app&page=%23%2Ftab%2Frank%2Fadd HTTP/1.1" 200 0 "http://localhost:8100/" "Mozilla/5.0 (iPhone; CPU iPhone OS 7_0 like Mac OS X; en-us) AppleWebKit/537.51.1 (KHTML, like Gecko) Version/7.0 Mobile/11A465 Safari/9537.53" -
117.136.70.250 - - [29/Apr/2015:00:06:57 +0800][0.000] "GET /v.gif?t=profits_status&did=8A2F9183-299E-4617-9862-573EEF58F386&p=app&page=%23%2Ftab%2Fprofit%2Fstatus HTTP/1.1" 200 0 "-" "Mozilla/5.0 (iPhone; CPU iPhone OS 8_1_3 like Mac OS X) AppleWebKit/600.1.4 (KHTML, like Gecko) Mobile/12B466 (5759917248)" -
117.136.70.250 - - [29/Apr/2015:00:06:58 +0800][0.000] "GET /v.gif?t=%E6%96%B0%E6%89%8B%E5%BC%95%E5%AF%BC_%E5%B1%95%E7%8E%B0&did=8A2F9183-299E-4617-9862-573EEF58F386&p=app&page=%23%2Ftab%2Fprofit%2Fstatus HTTP/1.1" 200 0 "-" "Mozilla/5.0 (iPhone; CPU iPhone OS 8_1_3 like Mac OS X) AppleWebKit/600.1.4 (KHTML, like Gecko) Mobile/12B466 (5759917248)" -
117.136.70.250 - - [29/Apr/2015:00:07:08 +0800][0.000] "GET /v.gif?t=%E6%96%B0%E6%89%8B%E5%BC%95%E5%AF%BC_%E7%AB%8B%E5%8D%B3%E6%B7%BB%E5%8A%A0&did=8A2F9183-299E-4617-9862-573EEF58F386&p=app&page=%23%2Ftab%2Fprofit%2Fstatus HTTP/1.1" 200 0 "-" "Mozilla/5.0 (iPhone; CPU iPhone OS 8_1_3 like Mac OS X) AppleWebKit/600.1.4 (KHTML, like Gecko) Mobile/12B466 (5759917248)" -
117.136.70.250 - - [29/Apr/2015:00:07:08 +0800][0.000] "GET /v.gif?t=%E6%90%9C%E7%B4%A2%E9%A1%B5%E9%9D%A2&did=8A2F9183-299E-4617-9862-573EEF58F386&p=app&page=%23%2Ftab%2Fprofit%2Fsearch%3Ffr%3Dadd HTTP/1.1" 200 0 "-" "Mozilla/5.0 (iPhone; CPU iPhone OS 8_1_3 like Mac OS X) AppleWebKit/600.1.4 (KHTML, like Gecko) Mobile/12B466 (5759917248)" -
1.95.79.146 - - [29/Apr/2015:00:07:17 +0800][0.000] "GET /v.gif?t=web-start&did=web&p=app&page=%23%2Ftab%2Frank%2Fadd HTTP/1.1" 200 0 "http://localhost:8100/" "Mozilla/5.0 (iPhone; CPU iPhone OS 7_0 like Mac OS X; en-us) AppleWebKit/537.51.1 (KHTML, like Gecko) Version/7.0 Mobile/11A465 Safari/9537.53" -
117.136.70.250 - - [29/Apr/2015:00:07:18 +0800][0.000] "GET /v.gif?t=%E6%90%9C%E7%B4%A2%E9%A1%B5%E9%9D%A2&did=8A2F9183-299E-4617-9862-573EEF58F386&p=app&page=%23%2Ftab%2Fsearch HTTP/1.1" 200 0 "-" "Mozilla/5.0 (iPhone; CPU iPhone OS 8_1_3 like Mac OS X) AppleWebKit/600.1.4 (KHTML, like Gecko) Mobile/12B466 (5759917248)" -
117.136.70.250 - - [29/Apr/2015:00:07:20 +0800][0.000] "GET /v.gif?t=%E6%9B%B4%E5%A4%9A%E9%A1%B5%E9%9D%A2&did=8A2F9183-299E-4617-9862-573EEF58F386&p=app&page=%23%2Ftab%2Fmore HTTP/1.1" 200 0 "-" "Mozilla/5.0 (iPhone; CPU iPhone OS 8_1_3 like Mac OS X) AppleWebKit/600.1.4 (KHTML, like Gecko) Mobile/12B466 (5759917248)" -
117.136.70.250 - - [29/Apr/2015:00:07:35 +0800][0.000] "GET /v.gif?rank_list_name=2015%E5%B9%B4%E4%BA%92%E8%81%94%E7%BD%91%E7%90%86%E8%B4%A2%E5%93%AA%E5%AE%B6%E5%BC%BA&isSub=true&t=rank_list_click_log&did=8A2F9183-299E-4617-9862-573EEF58F386&p=app&page=%23%2Ftab%2Frank HTTP/1.1" 200 0 "-" "Mozilla/5.0 (iPhone; CPU iPhone OS 8_1_3 like Mac OS X) AppleWebKit/600.1.4 (KHTML, like Gecko) Mobile/12B466 (5759917248)" -
117.136.70.250 - - [29/Apr/2015:00:07:35 +0800][0.000] "GET /v.gif?rank_list_name=2015%E5%B9%B4%E4%BA%92%E8%81%94%E7%BD%91%E7%90%86%E8%B4%A2%E5%93%AA%E5%AE%B6%E5%BC%BA&isSub=true&t=rank_list_click_log&did=8A2F9183-299E-4617-9862-573EEF58F386&p=app&page=%23%2Ftab%2Frank%2Finfo%2F100181459 HTTP/1.1" 200 0 "-" "Mozilla/5.0 (iPhone; CPU iPhone OS 8_1_3 like Mac OS X) AppleWebKit/600.1.4 (KHTML, like Gecko) Mobile/12B466 (5759917248)" -
114.181.43.15 - - [29/Apr/2015:00:09:32 +0800][0.000] "GET /v.gif?rank_list_name=%E6%9C%88%E5%BA%A6%E6%9C%80%E8%B5%9A%E5%9F%BA%E9%87%91%E6%8E%92%E8%A1%8C&product_name=%E5%8D%97%E6%96%B9%E5%B0%8F%E5%BA%B7ETF&rank_index=1&t=rank_list_item_click_log&did=8942d7b409bfd8e2&p=app&page=%23%2Ftab%2Frank%2Finfo%2F100181465 HTTP/1.1" 304 0 "-" "Mozilla/5.0 (Linux; U; Android 4.3; zh-cn; GT-I9300I Build/JLS36C) AppleWebKit/534.30 (KHTML, like Gecko) Version/4.0 Mobile Safari/534.30" -
114.181.43.15 - - [29/Apr/2015:00:09:33 +0800][0.000] "GET /v.gif?t=%E8%AF%A6%E6%83%85%E9%A1%B5%E9%9D%A2&did=8942d7b409bfd8e2&p=app&page=%23%2Ftab%2Frank%2F30000192 HTTP/1.1" 304 0 "-" "Mozilla/5.0 (Linux; U; Android 4.3; zh-cn; GT-I9300I Build/JLS36C) AppleWebKit/534.30 (KHTML, like Gecko) Version/4.0 Mobile Safari/534.30" -
1.95.79.146 - - [29/Apr/2015:00:09:38 +0800][0.000] "GET /v.gif?t=web-start&did=web&p=app&page=%23%2Ftab%2Frank%2Fadd HTTP/1.1" 200 0 "http://localhost:8100/" "Mozilla/5.0 (iPhone; CPU iPhone OS 7_0 like Mac OS X; en-us) AppleWebKit/537.51.1 (KHTML, like Gecko) Version/7.0 Mobile/11A465 Safari/9537.53" -
114.181.43.15 - - [29/Apr/2015:00:10:22 +0800][0.000] "GET /v.gif?rank_list_name=%E6%9C%88%E5%BA%A6%E6%9C%80%E8%B5%9A%E5%9F%BA%E9%87%91%E6%8E%92%E8%A1%8C&isSub=true&t=rank_list_click_log&did=8942d7b409bfd8e2&p=app&page=%23%2Ftab%2Frank HTTP/1.1" 304 0 "-" "Mozilla/5.0 (Linux; U; Android 4.3; zh-cn; GT-I9300I Build/JLS36C) AppleWebKit/534.30 (KHTML, like Gecko) Version/4.0 Mobile Safari/534.30" -
117.136.70.250 - - [29/Apr/2015:00:11:06 +0800][0.000] "GET /v.gif?rank_list_name=%E7%9F%A5%E5%90%8D%E9%93%B6%E8%A1%8C%E7%9F%AD%E6%9C%9F%E7%90%86%E8%B4%A2%E6%8E%92%E8%A1%8C&isSub=true&t=rank_list_click_log&did=8A2F9183-299E-4617-9862-573EEF58F386&p=app&page=%23%2Ftab%2Frank HTTP/1.1" 200 0 "-" "Mozilla/5.0 (iPhone; CPU iPhone OS 8_1_3 like Mac OS X) AppleWebKit/600.1.4 (KHTML, like Gecko) Mobile/12B466 (5759917248)" -
114.181.43.15 - - [29/Apr/2015:00:11:22 +0800][0.000] "GET /v.gif?rank_list_name=%E6%9C%88%E5%BA%A6%E6%9C%80%E8%B5%9A%E5%9F%BA%E9%87%91%E6%8E%92%E8%A1%8C&product_name=%E5%8D%97%E6%96%B9%E5%B0%8F%E5%BA%B7ETF%E8%81%94%E6%8E%A5&rank_index=4&t=rank_list_item_click_log&did=8942d7b409bfd8e2&p=app&page=%23%2Ftab%2Frank%2Finfo%2F100181465 HTTP/1.1" 200 0 "-" "Mozilla/5.0 (Linux; U; Android 4.3; zh-cn; GT-I9300I Build/JLS36C) AppleWebKit/534.30 (KHTML, like Gecko) Version/4.0 Mobile Safari/534.30" -
117.136.70.250 - - [29/Apr/2015:00:11:22 +0800][0.000] "GET /v.gif?rank_list_name=%E7%9F%A5%E5%90%8D%E9%93%B6%E8%A1%8C%E7%9F%AD%E6%9C%9F%E7%90%86%E8%B4%A2%E6%8E%92%E8%A1%8C&isSub=true&t=rank_list_click_log&did=8A2F9183-299E-4617-9862-573EEF58F386&p=app&page=%23%2Ftab%2Frank HTTP/1.1" 200 0 "-" "Mozilla/5.0 (iPhone; CPU iPhone OS 8_1_3 like Mac OS X) AppleWebKit/600.1.4 (KHTML, like Gecko) Mobile/12B466 (5759917248)" -
117.136.70.250 - - [29/Apr/2015:00:12:01 +0800][0.000] "GET /v.gif?rank_list_name=%E7%9F%A5%E5%90%8D%E9%93%B6%E8%A1%8C%E7%9F%AD%E6%9C%9F%E7%90%86%E8%B4%A2%E6%8E%92%E8%A1%8C&product_name=T%E8%AE%A1%E5%88%92424-36%E5%A4%A9&rank_index=5&t=rank_list_item_click_log&did=8A2F9183-299E-4617-9862-573EEF58F386&p=app&page=%23%2Ftab%2Frank%2Finfo%2F100181460 HTTP/1.1" 200 0 "-" "Mozilla/5.0 (iPhone; CPU iPhone OS 8_1_3 like Mac OS X) AppleWebKit/600.1.4 (KHTML, like Gecko) Mobile/12B466 (5759917248)" -
117.136.70.250 - - [29/Apr/2015:00:12:01 +0800][0.000] "GET /v.gif?t=%E8%AF%A6%E6%83%85%E9%A1%B5%E9%9D%A2&did=8A2F9183-299E-4617-9862-573EEF58F386&p=app&page=%23%2Ftab%2Frank%2F50352310 HTTP/1.1" 200 0 "-" "Mozilla/5.0 (iPhone; CPU iPhone OS 8_1_3 like Mac OS X) AppleWebKit/600.1.4 (KHTML, like Gecko) Mobile/12B466 (5759917248)" -
117.136.70.250 - - [29/Apr/2015:00:12:19 +0800][0.000] "GET /v.gif?rank_list_name=%E7%9F%A5%E5%90%8D%E9%93%B6%E8%A1%8C%E7%9F%AD%E6%9C%9F%E7%90%86%E8%B4%A2%E6%8E%92%E8%A1%8C&product_name=%E6%B2%83%E5%BE%B7%E6%B7%BB%E5%88%A983%E5%A4%A9&rank_index=1&t=rank_list_item_click_log&did=8A2F9183-299E-4617-9862-573EEF58F386&p=app&page=%23%2Ftab%2Frank%2Finfo%2F100181460 HTTP/1.1" 200 0 "-" "Mozilla/5.0 (iPhone; CPU iPhone OS 8_1_3 like Mac OS X) AppleWebKit/600.1.4 (KHTML, like Gecko) Mobile/12B466 (5759917248)" -
117.136.70.250 - - [29/Apr/2015:00:12:19 +0800][0.000] "GET /v.gif?rank_list_name=%E7%9F%A5%E5%90%8D%E9%93%B6%E8%A1%8C%E7%9F%AD%E6%9C%9F%E7%90%86%E8%B4%A2%E6%8E%92%E8%A1%8C&product_name=%E6%B2%83%E5%BE%B7%E6%B7%BB%E5%88%A983%E5%A4%A9&rank_index=1&t=rank_list_item_click_log&did=8A2F9183-299E-4617-9862-573EEF58F386&p=app&page=%23%2Ftab%2Frank%2F50385167 HTTP/1.1" 200 0 "-" "Mozilla/5.0 (iPhone; CPU iPhone OS 8_1_3 like Mac OS X) AppleWebKit/600.1.4 (KHTML, like Gecko) Mobile/12B466 (5759917248)" -
117.136.70.250 - - [29/Apr/2015:00:12:19 +0800][0.000] "GET /v.gif?t=%E8%AF%A6%E6%83%85%E9%A1%B5%E9%9D%A2&did=8A2F9183-299E-4617-9862-573EEF58F386&p=app&page=%23%2Ftab%2Frank%2F50385167 HTTP/1.1" 200 0 "-" "Mozilla/5.0 (iPhone; CPU iPhone OS 8_1_3 like Mac OS X) AppleWebKit/600.1.4 (KHTML, like Gecko) Mobile/12B466 (5759917248)" -
117.136.70.250 - - [29/Apr/2015:00:12:34 +0800][0.000] "GET /v.gif?rank_list_name=%E7%9F%A5%E5%90%8D%E9%93%B6%E8%A1%8C%E7%9F%AD%E6%9C%9F%E7%90%86%E8%B4%A2%E6%8E%92%E8%A1%8C&product_name=%E4%BA%A4%E9%93%B6%E6%B7%BB%E5%88%A91%E4%B8%AA%E6%9C%88&rank_index=11&t=rank_list_item_click_log&did=8A2F9183-299E-4617-9862-573EEF58F386&p=app&page=%23%2Ftab%2Frank%2Finfo%2F100181460 HTTP/1.1" 200 0 "-" "Mozilla/5.0 (iPhone; CPU iPhone OS 8_1_3 like Mac OS X) AppleWebKit/600.1.4 (KHTML, like Gecko) Mobile/12B466 (5759917248)" -
117.136.70.250 - - [29/Apr/2015:00:12:34 +0800][0.000] "GET /v.gif?t=%E8%AF%A6%E6%83%85%E9%A1%B5%E9%9D%A2&did=8A2F9183-299E-4617-9862-573EEF58F386&p=app&page=%23%2Ftab%2Frank%2F50385168 HTTP/1.1" 200 0 "-" "Mozilla/5.0 (iPhone; CPU iPhone OS 8_1_3 like Mac OS X) AppleWebKit/600.1.4 (KHTML, like Gecko) Mobile/12B466 (5759917248)" -
114.181.43.15 - - [29/Apr/2015:00:12:38 +0800][0.000] "GET /v.gif?t=%E8%AF%A6%E6%83%85%E9%A1%B5%E9%9D%A2&did=8942d7b409bfd8e2&p=app&page=%23%2Ftab%2Frank%2F30000699 HTTP/1.1" 200 0 "-" "Mozilla/5.0 (Linux; U; Android 4.3; zh-cn; GT-I9300I Build/JLS36C) AppleWebKit/534.30 (KHTML, like Gecko) Version/4.0 Mobile Safari/534.30" -
117.136.70.250 - - [29/Apr/2015:00:12:41 +0800][0.000] "GET /v.gif?rank_list_name=%E7%9F%A5%E5%90%8D%E9%93%B6%E8%A1%8C%E7%9F%AD%E6%9C%9F%E7%90%86%E8%B4%A2%E6%8E%92%E8%A1%8C&product_name=2015%E5%B9%B4%E7%AC%AC17%E6%9C%9F%E5%A4%A9%E5%A4%A9%E4%B8%87%E5%88%A9%E5%AE%9DA%E6%AC%BE&rank_index=13&t=rank_list_item_click_log&did=8A2F9183-299E-4617-9862-573EEF58F386&p=app&page=%23%2Ftab%2Frank%2Finfo%2F100181460 HTTP/1.1" 200 0 "-" "Mozilla/5.0 (iPhone; CPU iPhone OS 8_1_3 like Mac OS X) AppleWebKit/600.1.4 (KHTML, like Gecko) Mobile/12B466 (5759917248)" -
117.136.70.250 - - [29/Apr/2015:00:12:41 +0800][0.000] "GET /v.gif?t=%E8%AF%A6%E6%83%85%E9%A1%B5%E9%9D%A2&did=8A2F9183-299E-4617-9862-573EEF58F386&p=app&page=%23%2Ftab%2Frank%2F50386690 HTTP/1.1" 200 0 "-" "Mozilla/5.0 (iPhone; CPU iPhone OS 8_1_3 like Mac OS X) AppleWebKit/600.1.4 (KHTML, like Gecko) Mobile/12B466 (5759917248)" -
117.136.70.250 - - [29/Apr/2015:00:13:00 +0800][0.000] "GET /v.gif?rank_list_name=%E7%9F%A5%E5%90%8D%E9%93%B6%E8%A1%8C%E7%9F%AD%E6%9C%9F%E7%90%86%E8%B4%A2%E6%8E%92%E8%A1%8C&product_name=T%E8%AE%A1%E5%88%92425-87%E5%A4%A9&rank_index=3&t=rank_list_item_click_log&did=8A2F9183-299E-4617-9862-573EEF58F386&p=app&page=%23%2Ftab%2Frank%2Finfo%2F100181460 HTTP/1.1" 200 0 "-" "Mozilla/5.0 (iPhone; CPU iPhone OS 8_1_3 like Mac OS X) AppleWebKit/600.1.4 (KHTML, like Gecko) Mobile/12B466 (5759917248)" -
117.136.70.250 - - [29/Apr/2015:00:13:01 +0800][0.000] "GET /v.gif?t=%E8%AF%A6%E6%83%85%E9%A1%B5%E9%9D%A2&did=8A2F9183-299E-4617-9862-573EEF58F386&p=app&page=%23%2Ftab%2Frank%2F50352292 HTTP/1.1" 200 0 "-" "Mozilla/5.0 (iPhone; CPU iPhone OS 8_1_3 like Mac OS X) AppleWebKit/600.1.4 (KHTML, like Gecko) Mobile/12B466 (5759917248)" -
117.136.70.250 - - [29/Apr/2015:00:13:36 +0800][0.000] "GET /v.gif?rank_list_name=%E7%9F%A5%E5%90%8D%E9%93%B6%E8%A1%8C%E7%9F%AD%E6%9C%9F%E7%90%86%E8%B4%A2%E6%8E%92%E8%A1%8C&product_name=T%E8%AE%A1%E5%88%92424-36%E5%A4%A9&rank_index=5&t=rank_list_item_click_log&did=8A2F9183-299E-4617-9862-573EEF58F386&p=app&page=%23%2Ftab%2Frank%2Finfo%2F100181460 HTTP/1.1" 200 0 "-" "Mozilla/5.0 (iPhone; CPU iPhone OS 8_1_3 like Mac OS X) AppleWebKit/600.1.4 (KHTML, like Gecko) Mobile/12B466 (5759917248)" -
117.136.70.250 - - [29/Apr/2015:00:13:37 +0800][0.000] "GET /v.gif?t=%E8%AF%A6%E6%83%85%E9%A1%B5%E9%9D%A2&did=8A2F9183-299E-4617-9862-573EEF58F386&p=app&page=%23%2Ftab%2Frank%2F50352310 HTTP/1.1" 200 0 "-" "Mozilla/5.0 (iPhone; CPU iPhone OS 8_1_3 like Mac OS X) AppleWebKit/600.1.4 (KHTML, like Gecko) Mobile/12B466 (5759917248)" -
117.136.70.250 - - [29/Apr/2015:00:13:37 +0800][0.000] "GET /v.gif?rank_list_name=%E7%9F%A5%E5%90%8D%E9%93%B6%E8%A1%8C%E7%9F%AD%E6%9C%9F%E7%90%86%E8%B4%A2%E6%8E%92%E8%A1%8C&product_name=T%E8%AE%A1%E5%88%92424-36%E5%A4%A9&rank_index=5&t=rank_list_item_click_log&did=8A2F9183-299E-4617-9862-573EEF58F386&p=app&page=%23%2Ftab%2Frank%2F50352310 HTTP/1.1" 200 0 "-" "Mozilla/5.0 (iPhone; CPU iPhone OS 8_1_3 like Mac OS X) AppleWebKit/600.1.4 (KHTML, like Gecko) Mobile/12B466 (5759917248)" -
117.136.22.126 - - [29/Apr/2015:00:13:44 +0800][0.000] "GET /v.gif?t=app-start&did=006AA4AB-C665-42D5-B2C2-F56CFCD3361D&p=app&page=%23%2Ftab%2Frank HTTP/1.1" 200 0 "-" "Mozilla/5.0 (iPhone; CPU iPhone OS 8_1_2 like Mac OS X) AppleWebKit/600.1.4 (KHTML, like Gecko) Mobile/12B440 (400139136)" -
117.136.22.126 - - [29/Apr/2015:00:13:48 +0800][0.000] "GET /v.gif?t=profits_status&did=006AA4AB-C665-42D5-B2C2-F56CFCD3361D&p=app&page=%23%2Ftab%2Fprofit%2Fstatus HTTP/1.1" 200 0 "-" "Mozilla/5.0 (iPhone; CPU iPhone OS 8_1_2 like Mac OS X) AppleWebKit/600.1.4 (KHTML, like Gecko) Mobile/12B440 (400139136)" -
117.136.70.250 - - [29/Apr/2015:00:13:49 +0800][0.000] "GET /v.gif?rank_list_name=%E7%9F%A5%E5%90%8D%E9%93%B6%E8%A1%8C%E7%9F%AD%E6%9C%9F%E7%90%86%E8%B4%A2%E6%8E%92%E8%A1%8C&product_name=T%E8%AE%A1%E5%88%92425-87%E5%A4%A9&rank_index=3&t=rank_list_item_click_log&did=8A2F9183-299E-4617-9862-573EEF58F386&p=app&page=%23%2Ftab%2Frank%2Finfo%2F100181460 HTTP/1.1" 200 0 "-" "Mozilla/5.0 (iPhone; CPU iPhone OS 8_1_3 like Mac OS X) AppleWebKit/600.1.4 (KHTML, like Gecko) Mobile/12B466 (5759917248)" -
117.136.70.250 - - [29/Apr/2015:00:13:50 +0800][0.000] "GET /v.gif?t=%E8%AF%A6%E6%83%85%E9%A1%B5%E9%9D%A2&did=8A2F9183-299E-4617-9862-573EEF58F386&p=app&page=%23%2Ftab%2Frank%2F50352292 HTTP/1.1" 200 0 "-" "Mozilla/5.0 (iPhone; CPU iPhone OS 8_1_3 like Mac OS X) AppleWebKit/600.1.4 (KHTML, like Gecko) Mobile/12B466 (5759917248)" -
223.73.196.159 - - [29/Apr/2015:00:13:53 +0800][0.000] "GET /v.gif?t=app-start&did=18146803-F776-4EEE-9EAD-8463C1451C47&p=app&page=%23%2Ftab%2Frank HTTP/1.1" 200 0 "-" "Mozilla/5.0 (iPhone; CPU iPhone OS 8_2 like Mac OS X) AppleWebKit/600.1.4 (KHTML, like Gecko) Mobile/12D508 (5441180576)" -
223.73.196.159 - - [29/Apr/2015:00:13:57 +0800][0.000] "GET /v.gif?rank_list_name=%E6%9C%80%E5%8F%97%E6%AC%A2%E8%BF%8EP2P%E5%B9%B3%E5%8F%B0%E6%8E%92%E8%A1%8C&isSub=true&t=rank_list_click_log&did=18146803-F776-4EEE-9EAD-8463C1451C47&p=app&page=%23%2Ftab%2Frank HTTP/1.1" 200 0 "-" "Mozilla/5.0 (iPhone; CPU iPhone OS 8_2 like Mac OS X) AppleWebKit/600.1.4 (KHTML, like Gecko) Mobile/12D508 (5441180576)" -
223.73.196.159 - - [29/Apr/2015:00:14:02 +0800][0.000] "GET /v.gif?rank_list_name=%E6%9C%80%E5%8F%97%E6%AC%A2%E8%BF%8EP2P%E5%B9%B3%E5%8F%B0%E6%8E%92%E8%A1%8C&product_name=%E7%BA%A2%E5%B2%AD%E5%88%9B%E6%8A%95&rank_index=1&t=rank_list_item_click_log&did=18146803-F776-4EEE-9EAD-8463C1451C47&p=app&page=%23%2Ftab%2Frank%2Finfo%2F100181471 HTTP/1.1" 200 0 "-" "Mozilla/5.0 (iPhone; CPU iPhone OS 8_2 like Mac OS X) AppleWebKit/600.1.4 (KHTML, like Gecko) Mobile/12D508 (5441180576)" -
117.136.22.126 - - [29/Apr/2015:00:14:09 +0800][0.000] "GET /v.gif?t=profit2detail&did=006AA4AB-C665-42D5-B2C2-F56CFCD3361D&p=app&page=%23%2Ftab%2Fprofit%2Fstatus HTTP/1.1" 200 0 "-" "Mozilla/5.0 (iPhone; CPU iPhone OS 8_1_2 like Mac OS X) AppleWebKit/600.1.4 (KHTML, like Gecko) Mobile/12B440 (400139136)" -
117.136.22.126 - - [29/Apr/2015:00:14:12 +0800][0.000] "GET /v.gif?t=%E8%AF%A6%E6%83%85%E9%A1%B5%E9%9D%A2&did=006AA4AB-C665-42D5-B2C2-F56CFCD3361D&p=app&page=%23%2Ftab%2Fprofit%2F30002688 HTTP/1.1" 200 0 "-" "Mozilla/5.0 (iPhone; CPU iPhone OS 8_1_2 like Mac OS X) AppleWebKit/600.1.4 (KHTML, like Gecko) Mobile/12B440 (400139136)" -
223.73.196.159 - - [29/Apr/2015:00:14:37 +0800][0.000] "GET /v.gif?rank_list_name=%E6%9C%80%E5%8F%97%E6%AC%A2%E8%BF%8EP2P%E5%B9%B3%E5%8F%B0%E6%8E%92%E8%A1%8C&product_name=PPmoney&rank_index=4&t=rank_list_item_click_log&did=18146803-F776-4EEE-9EAD-8463C1451C47&p=app&page=%23%2Ftab%2Frank%2Finfo%2F100181471 HTTP/1.1" 200 0 "-" "Mozilla/5.0 (iPhone; CPU iPhone OS 8_2 like Mac OS X) AppleWebKit/600.1.4 (KHTML, like Gecko) Mobile/12D508 (5441180576)" -
117.136.70.250 - - [29/Apr/2015:00:14:39 +0800][0.000] "GET /v.gif?t=calculate_profit&did=8A2F9183-299E-4617-9862-573EEF58F386&p=app&page=%23%2Ftab%2Frank%2F50352292 HTTP/1.1" 200 0 "-" "Mozilla/5.0 (iPhone; CPU iPhone OS 8_1_3 like Mac OS X) AppleWebKit/600.1.4 (KHTML, like Gecko) Mobile/12B466 (5759917248)" -
223.73.196.159 - - [29/Apr/2015:00:14:42 +0800][0.000] "GET /v.gif?rank_list_name=%E6%9C%80%E5%8F%97%E6%AC%A2%E8%BF%8EP2P%E5%B9%B3%E5%8F%B0%E6%8E%92%E8%A1%8C&product_name=%E4%BD%A0%E6%88%91%E8%B4%B7&rank_index=2&t=rank_list_item_click_log&did=18146803-F776-4EEE-9EAD-8463C1451C47&p=app&page=%23%2Ftab%2Frank%2Finfo%2F100181471 HTTP/1.1" 200 0 "-" "Mozilla/5.0 (iPhone; CPU iPhone OS 8_2 like Mac OS X) AppleWebKit/600.1.4 (KHTML, like Gecko) Mobile/12D508 (5441180576)" -
223.73.196.159 - - [29/Apr/2015:00:14:47 +0800][0.000] "GET /v.gif?rank_list_name=%E6%9C%80%E5%8F%97%E6%AC%A2%E8%BF%8EP2P%E5%B9%B3%E5%8F%B0%E6%8E%92%E8%A1%8C&product_name=%E4%BA%BA%E4%BA%BA%E8%B4%B7&rank_index=3&t=rank_list_item_click_log&did=18146803-F776-4EEE-9EAD-8463C1451C47&p=app&page=%23%2Ftab%2Frank%2Finfo%2F100181471 HTTP/1.1" 200 0 "-" "Mozilla/5.0 (iPhone; CPU iPhone OS 8_2 like Mac OS X) AppleWebKit/600.1.4 (KHTML, like Gecko) Mobile/12D508 (5441180576)" -
117.136.22.126 - - [29/Apr/2015:00:14:52 +0800][0.000] "GET /v.gif?t=profit2detail&did=006AA4AB-C665-42D5-B2C2-F56CFCD3361D&p=app&page=%23%2Ftab%2Fprofit%2Fstatus HTTP/1.1" 200 0 "-" "Mozilla/5.0 (iPhone; CPU iPhone OS 8_1_2 like Mac OS X) AppleWebKit/600.1.4 (KHTML, like Gecko) Mobile/12B440 (400139136)" -
223.73.196.159 - - [29/Apr/2015:00:14:54 +0800][0.000] "GET /v.gif?rank_list_name=%E6%9C%80%E5%8F%97%E6%AC%A2%E8%BF%8EP2P%E5%B9%B3%E5%8F%B0%E6%8E%92%E8%A1%8C&product_name=%E7%BA%A2%E5%B2%AD%E5%88%9B%E6%8A%95&rank_index=1&t=rank_list_item_click_log&did=18146803-F776-4EEE-9EAD-8463C1451C47&p=app&page=%23%2Ftab%2Frank%2Finfo%2F100181471 HTTP/1.1" 200 0 "-" "Mozilla/5.0 (iPhone; CPU iPhone OS 8_2 like Mac OS X) AppleWebKit/600.1.4 (KHTML, like Gecko) Mobile/12D508 (5441180576)" -
117.136.22.126 - - [29/Apr/2015:00:14:55 +0800][0.000] "GET /v.gif?t=profit2detail&did=006AA4AB-C665-42D5-B2C2-F56CFCD3361D&p=app&page=%23%2Ftab%2Fprofit%2F30000861 HTTP/1.1" 200 0 "-" "Mozilla/5.0 (iPhone; CPU iPhone OS 8_1_2 like Mac OS X) AppleWebKit/600.1.4 (KHTML, like Gecko) Mobile/12B440 (400139136)" -
223.73.196.159 - - [29/Apr/2015:00:14:57 +0800][0.000] "GET /v.gif?rank_list_name=%E6%9C%80%E5%8F%97%E6%AC%A2%E8%BF%8EP2P%E5%B9%B3%E5%8F%B0%E6%8E%92%E8%A1%8C&product_name=%E4%BD%A0%E6%88%91%E8%B4%B7&rank_index=2&t=rank_list_item_click_log&did=18146803-F776-4EEE-9EAD-8463C1451C47&p=app&page=%23%2Ftab%2Frank%2Finfo%2F100181471 HTTP/1.1" 200 0 "-" "Mozilla/5.0 (iPhone; CPU iPhone OS 8_2 like Mac OS X) AppleWebKit/600.1.4 (KHTML, like Gecko) Mobile/12D508 (5441180576)" -
117.136.22.126 - - [29/Apr/2015:00:14:59 +0800][0.000] "GET /v.gif?t=%E8%AF%A6%E6%83%85%E9%A1%B5%E9%9D%A2&did=006AA4AB-C665-42D5-B2C2-F56CFCD3361D&p=app&page=%23%2Ftab%2Fprofit%2F30000861 HTTP/1.1" 200 0 "-" "Mozilla/5.0 (iPhone; CPU iPhone OS 8_1_2 like Mac OS X) AppleWebKit/600.1.4 (KHTML, like Gecko) Mobile/12B440 (400139136)" -
117.136.70.250 - - [29/Apr/2015:00:15:10 +0800][0.000] "GET /v.gif?rank_list_name=%E7%9F%A5%E5%90%8D%E9%93%B6%E8%A1%8C%E7%9F%AD%E6%9C%9F%E7%90%86%E8%B4%A2%E6%8E%92%E8%A1%8C&product_name=%E6%B2%83%E5%BE%B7%E6%B7%BB%E5%88%A983%E5%A4%A9&rank_index=1&t=rank_list_item_click_log&did=8A2F9183-299E-4617-9862-573EEF58F386&p=app&page=%23%2Ftab%2Frank%2Finfo%2F100181460 HTTP/1.1" 200 0 "-" "Mozilla/5.0 (iPhone; CPU iPhone OS 8_1_3 like Mac OS X) AppleWebKit/600.1.4 (KHTML, like Gecko) Mobile/12B466 (5759917248)" -
117.136.70.250 - - [29/Apr/2015:00:15:10 +0800][0.000] "GET /v.gif?rank_list_name=%E7%9F%A5%E5%90%8D%E9%93%B6%E8%A1%8C%E7%9F%AD%E6%9C%9F%E7%90%86%E8%B4%A2%E6%8E%92%E8%A1%8C&product_name=%E6%B2%83%E5%BE%B7%E6%B7%BB%E5%88%A983%E5%A4%A9&rank_index=1&t=rank_list_item_click_log&did=8A2F9183-299E-4617-9862-573EEF58F386&p=app&page=%23%2Ftab%2Frank%2Finfo%2F100181460 HTTP/1.1" 200 0 "-" "Mozilla/5.0 (iPhone; CPU iPhone OS 8_1_3 like Mac OS X) AppleWebKit/600.1.4 (KHTML, like Gecko) Mobile/12B466 (5759917248)" -
117.136.70.250 - - [29/Apr/2015:00:15:10 +0800][0.000] "GET /v.gif?t=%E8%AF%A6%E6%83%85%E9%A1%B5%E9%9D%A2&did=8A2F9183-299E-4617-9862-573EEF58F386&p=app&page=%23%2Ftab%2Frank%2F50385167 HTTP/1.1" 200 0 "-" "Mozilla/5.0 (iPhone; CPU iPhone OS 8_1_3 like Mac OS X) AppleWebKit/600.1.4 (KHTML, like Gecko) Mobile/12B466 (5759917248)" -
223.73.196.159 - - [29/Apr/2015:00:15:10 +0800][0.000] "GET /v.gif?rank_list_name=%E7%9F%A5%E5%90%8D%E9%93%B6%E8%A1%8C%E7%9F%AD%E6%9C%9F%E7%90%86%E8%B4%A2%E6%8E%92%E8%A1%8C&isSub=true&t=rank_list_click_log&did=18146803-F776-4EEE-9EAD-8463C1451C47&p=app&page=%23%2Ftab%2Frank HTTP/1.1" 200 0 "-" "Mozilla/5.0 (iPhone; CPU iPhone OS 8_2 like Mac OS X) AppleWebKit/600.1.4 (KHTML, like Gecko) Mobile/12D508 (5441180576)" -
223.73.196.159 - - [29/Apr/2015:00:15:17 +0800][0.000] "GET /v.gif?rank_list_name=2015%E5%B9%B4%E4%BA%92%E8%81%94%E7%BD%91%E7%90%86%E8%B4%A2%E5%93%AA%E5%AE%B6%E5%BC%BA&isSub=true&t=rank_list_click_log&did=18146803-F776-4EEE-9EAD-8463C1451C47&p=app&page=%23%2Ftab%2Frank HTTP/1.1" 200 0 "-" "Mozilla/5.0 (iPhone; CPU iPhone OS 8_2 like Mac OS X) AppleWebKit/600.1.4 (KHTML, like Gecko) Mobile/12D508 (5441180576)" -
122.193.116.22 - - [29/Apr/2015:00:15:21 +0800][0.000] "GET /v.gif?t=app-start&did=6DB2CDC1-FD61-4ACA-971A-5130C5DDACDB&p=app&page=%23%2Ftab%2Frank HTTP/1.1" 200 0 "-" "Mozilla/5.0 (iPhone; CPU iPhone OS 7_1_2 like Mac OS X) AppleWebKit/537.51.2 (KHTML, like Gecko) Mobile/11D257 (5484114960)" -
122.193.116.22 - - [29/Apr/2015:00:15:24 +0800][0.000] "GET /v.gif?t=profits_status&did=6DB2CDC1-FD61-4ACA-971A-5130C5DDACDB&p=app&page=%23%2Ftab%2Fprofit%2Fstatus HTTP/1.1" 200 0 "-" "Mozilla/5.0 (iPhone; CPU iPhone OS 7_1_2 like Mac OS X) AppleWebKit/537.51.2 (KHTML, like Gecko) Mobile/11D257 (5484114960)" -
223.73.196.159 - - [29/Apr/2015:00:15:25 +0800][0.000] "GET /v.gif?rank_list_name=2015%E5%B9%B4%E4%BA%92%E8%81%94%E7%BD%91%E7%90%86%E8%B4%A2%E5%93%AA%E5%AE%B6%E5%BC%BA&product_name=%E8%85%BE%E8%AE%AF%E4%BD%A3%E9%87%91%E5%AE%9D&rank_index=1&t=rank_list_item_click_log&did=18146803-F776-4EEE-9EAD-8463C1451C47&p=app&page=%23%2Ftab%2Frank%2Finfo%2F100181459 HTTP/1.1" 200 0 "-" "Mozilla/5.0 (iPhone; CPU iPhone OS 8_2 like Mac OS X) AppleWebKit/600.1.4 (KHTML, like Gecko) Mobile/12D508 (5441180576)" -
223.73.196.159 - - [29/Apr/2015:00:15:25 +0800][0.000] "GET /v.gif?t=%E8%AF%A6%E6%83%85%E9%A1%B5%E9%9D%A2&did=18146803-F776-4EEE-9EAD-8463C1451C47&p=app&page=%23%2Ftab%2Frank%2F40003633 HTTP/1.1" 200 0 "-" "Mozilla/5.0 (iPhone; CPU iPhone OS 8_2 like Mac OS X) AppleWebKit/600.1.4 (KHTML, like Gecko) Mobile/12D508 (5441180576)" -
117.136.70.250 - - [29/Apr/2015:00:15:29 +0800][0.000] "GET /v.gif?rank_list_name=%E7%9F%A5%E5%90%8D%E9%93%B6%E8%A1%8C%E7%9F%AD%E6%9C%9F%E7%90%86%E8%B4%A2%E6%8E%92%E8%A1%8C&product_name=%E6%B2%83%E5%BE%B7%E6%B7%BB%E5%88%A983%E5%A4%A9&rank_index=1&t=rank_list_item_click_log&did=8A2F9183-299E-4617-9862-573EEF58F386&p=app&page=%23%2Ftab%2Frank%2Finfo%2F100181460 HTTP/1.1" 200 0 "-" "Mozilla/5.0 (iPhone; CPU iPhone OS 8_1_3 like Mac OS X) AppleWebKit/600.1.4 (KHTML, like Gecko) Mobile/12B466 (5759917248)" -
117.136.70.250 - - [29/Apr/2015:00:15:29 +0800][0.000] "GET /v.gif?t=%E8%AF%A6%E6%83%85%E9%A1%B5%E9%9D%A2&did=8A2F9183-299E-4617-9862-573EEF58F386&p=app&page=%23%2Ftab%2Frank%2F50385167 HTTP/1.1" 200 0 "-" "Mozilla/5.0 (iPhone; CPU iPhone OS 8_1_3 like Mac OS X) AppleWebKit/600.1.4 (KHTML, like Gecko) Mobile/12B466 (5759917248)" -
117.136.70.250 - - [29/Apr/2015:00:15:31 +0800][0.000] "GET /v.gif?t=calculate_profit&did=8A2F9183-299E-4617-9862-573EEF58F386&p=app&page=%23%2Ftab%2Frank%2F50385167 HTTP/1.1" 200 0 "-" "Mozilla/5.0 (iPhone; CPU iPhone OS 8_1_3 like Mac OS X) AppleWebKit/600.1.4 (KHTML, like Gecko) Mobile/12B466 (5759917248)" -
202.175.21.125 - - [29/Apr/2015:00:15:42 +0800][0.000] "GET /v.gif?t=%E5%85%B3%E6%B3%A8%E9%A1%B5%E9%9D%A2&did=F3ECA53E-61A6-48AB-A718-608475A027E4&p=app&page=%23%2Ftab%2Fstar HTTP/1.1" 200 0 "-" "Mozilla/5.0 (iPhone; CPU iPhone OS 8_3 like Mac OS X) AppleWebKit/600.1.4 (KHTML, like Gecko) Mobile/12F70 (5063656992)" -
223.73.196.159 - - [29/Apr/2015:00:15:42 +0800][0.000] "GET /v.gif?rank_list_name=%E6%9C%88%E5%BA%A6%E6%9C%80%E8%B5%9A%E5%9F%BA%E9%87%91%E6%8E%92%E8%A1%8C&isSub=true&t=rank_list_click_log&did=18146803-F776-4EEE-9EAD-8463C1451C47&p=app&page=%23%2Ftab%2Frank HTTP/1.1" 200 0 "-" "Mozilla/5.0 (iPhone; CPU iPhone OS 8_2 like Mac OS X) AppleWebKit/600.1.4 (KHTML, like Gecko) Mobile/12D508 (5441180576)" -
202.175.21.125 - - [29/Apr/2015:00:15:43 +0800][0.000] "GET /v.gif?t=%E6%90%9C%E7%B4%A2%E9%A1%B5%E9%9D%A2&did=F3ECA53E-61A6-48AB-A718-608475A027E4&p=app&page=%23%2Ftab%2Fsearch HTTP/1.1" 200 0 "-" "Mozilla/5.0 (iPhone; CPU iPhone OS 8_3 like Mac OS X) AppleWebKit/600.1.4 (KHTML, like Gecko) Mobile/12F70 (5063656992)" -
1.95.79.146 - - [29/Apr/2015:00:15:45 +0800][0.000] "GET /v.gif?t=web-start&did=web&p=app&page=%23%2Ftab%2Frank%2Fadd HTTP/1.1" 200 0 "http://localhost:8100/" "Mozilla/5.0 (iPhone; CPU iPhone OS 7_0 like Mac OS X; en-us) AppleWebKit/537.51.1 (KHTML, like Gecko) Version/7.0 Mobile/11A465 Safari/9537.53" -
223.73.196.159 - - [29/Apr/2015:00:15:46 +0800][0.000] "GET /v.gif?rank_list_name=%E6%9C%88%E5%BA%A6%E6%9C%80%E8%B5%9A%E5%9F%BA%E9%87%91%E6%8E%92%E8%A1%8C&product_name=%E5%AF%8C%E5%9B%BD%E5%8C%BB%E7%96%97%E4%BF%9D%E5%81%A5%E8%A1%8C%E4%B8%9A&rank_index=2&t=rank_list_item_click_log&did=18146803-F776-4EEE-9EAD-8463C1451C47&p=app&page=%23%2Ftab%2Frank%2Finfo%2F100181465 HTTP/1.1" 200 0 "-" "Mozilla/5.0 (iPhone; CPU iPhone OS 8_2 like Mac OS X) AppleWebKit/600.1.4 (KHTML, like Gecko) Mobile/12D508 (5441180576)" -
223.73.196.159 - - [29/Apr/2015:00:15:46 +0800][0.000] "GET /v.gif?t=%E8%AF%A6%E6%83%85%E9%A1%B5%E9%9D%A2&did=18146803-F776-4EEE-9EAD-8463C1451C47&p=app&page=%23%2Ftab%2Frank%2F30003087 HTTP/1.1" 200 0 "-" "Mozilla/5.0 (iPhone; CPU iPhone OS 8_2 like Mac OS X) AppleWebKit/600.1.4 (KHTML, like Gecko) Mobile/12D508 (5441180576)" -
1.95.79.146 - - [29/Apr/2015:00:15:47 +0800][0.000] "GET /v.gif?t=web-start&did=web&p=app&page=%23%2Ftab%2Frank%2Fadd HTTP/1.1" 200 0 "http://localhost:8100/" "Mozilla/5.0 (iPhone; CPU iPhone OS 7_0 like Mac OS X; en-us) AppleWebKit/537.51.1 (KHTML, like Gecko) Version/7.0 Mobile/11A465 Safari/9537.53" -
117.136.70.250 - - [29/Apr/2015:00:16:34 +0800][0.000] "GET /v.gif?t=buying_method_rank&did=8A2F9183-299E-4617-9862-573EEF58F386&p=app&page=%23%2Ftab%2Frank%2F50385167 HTTP/1.1" 200 0 "-" "Mozilla/5.0 (iPhone; CPU iPhone OS 8_1_3 like Mac OS X) AppleWebKit/600.1.4 (KHTML, like Gecko) Mobile/12B466 (5759917248)" -
202.175.21.125 - - [29/Apr/2015:00:16:58 +0800][0.000] "GET /v.gif?t=profit2detail&did=F3ECA53E-61A6-48AB-A718-608475A027E4&p=app&page=%23%2Ftab%2Fprofit%2Fstatus HTTP/1.1" 200 0 "-" "Mozilla/5.0 (iPhone; CPU iPhone OS 8_3 like Mac OS X) AppleWebKit/600.1.4 (KHTML, like Gecko) Mobile/12F70 (5063656992)" -
202.175.21.125 - - [29/Apr/2015:00:16:58 +0800][0.000] "GET /v.gif?t=%E8%AF%A6%E6%83%85%E9%A1%B5%E9%9D%A2&did=F3ECA53E-61A6-48AB-A718-608475A027E4&p=app&page=%23%2Ftab%2Fprofit%2F30000877 HTTP/1.1" 200 0 "-" "Mozilla/5.0 (iPhone; CPU iPhone OS 8_3 like Mac OS X) AppleWebKit/600.1.4 (KHTML, like Gecko) Mobile/12F70 (5063656992)" -
1.95.79.146 - - [29/Apr/2015:00:17:11 +0800][0.000] "GET /v.gif?t=web-start&did=web&p=app&page=%23%2Ftab%2Frank%2Fadd HTTP/1.1" 200 0 "http://localhost:8100/" "Mozilla/5.0 (iPhone; CPU iPhone OS 7_0 like Mac OS X; en-us) AppleWebKit/537.51.1 (KHTML, like Gecko) Version/7.0 Mobile/11A465 Safari/9537.53" -
1.95.79.146 - - [29/Apr/2015:00:17:16 +0800][0.000] "GET /v.gif?t=web-start&did=web&p=app&page=%23%2Ftab%2Frank%2Fadd HTTP/1.1" 200 0 "http://localhost:8100/" "Mozilla/5.0 (iPhone; CPU iPhone OS 7_0 like Mac OS X; en-us) AppleWebKit/537.51.1 (KHTML, like Gecko) Version/7.0 Mobile/11A465 Safari/9537.53" -
223.73.196.159 - - [29/Apr/2015:00:17:21 +0800][0.000] "GET /v.gif?rank_list_name=%E6%9C%88%E5%BA%A6%E6%9C%80%E8%B5%9A%E5%9F%BA%E9%87%91%E6%8E%92%E8%A1%8C&product_name=%E5%8D%97%E6%96%B9%E5%B0%8F%E5%BA%B7ETF&rank_index=1&t=rank_list_item_click_log&did=18146803-F776-4EEE-9EAD-8463C1451C47&p=app&page=%23%2Ftab%2Frank%2Finfo%2F100181465 HTTP/1.1" 200 0 "-" "Mozilla/5.0 (iPhone; CPU iPhone OS 8_2 like Mac OS X) AppleWebKit/600.1.4 (KHTML, like Gecko) Mobile/12D508 (5441180576)" -
223.73.196.159 - - [29/Apr/2015:00:17:21 +0800][0.000] "GET /v.gif?t=%E8%AF%A6%E6%83%85%E9%A1%B5%E9%9D%A2&did=18146803-F776-4EEE-9EAD-8463C1451C47&p=app&page=%23%2Ftab%2Frank%2F30000192 HTTP/1.1" 200 0 "-" "Mozilla/5.0 (iPhone; CPU iPhone OS 8_2 like Mac OS X) AppleWebKit/600.1.4 (KHTML, like Gecko) Mobile/12D508 (5441180576)" -
49.116.211.131 - - [29/Apr/2015:00:17:27 +0800][0.000] "GET /v.gif?t=app-start&did=6475f91a8034347a&p=app&page= HTTP/1.1" 304 0 "-" "Mozilla/5.0 (Linux; Android 4.4.4; MI 4W Build/KTU84P) AppleWebKit/537.36 (KHTML, like Gecko) Version/4.0 Chrome/33.0.0.0 Mobile Safari/537.36" -
49.116.211.131 - - [29/Apr/2015:00:17:33 +0800][0.000] "GET /v.gif?t=profits_status&did=6475f91a8034347a&p=app&page=%23%2Ftab%2Fprofit%2Fstatus HTTP/1.1" 304 0 "-" "Mozilla/5.0 (Linux; Android 4.4.4; MI 4W Build/KTU84P) AppleWebKit/537.36 (KHTML, like Gecko) Version/4.0 Chrome/33.0.0.0 Mobile Safari/537.36" -
1.95.79.146 - - [29/Apr/2015:00:17:37 +0800][0.000] "GET /v.gif?t=web-start&did=web&p=app&page=%23%2Ftab%2Frank%2Fadd HTTP/1.1" 200 0 "http://localhost:8100/" "Mozilla/5.0 (iPhone; CPU iPhone OS 7_0 like Mac OS X; en-us) AppleWebKit/537.51.1 (KHTML, like Gecko) Version/7.0 Mobile/11A465 Safari/9537.53" -
223.73.196.159 - - [29/Apr/2015:00:17:45 +0800][0.000] "GET /v.gif?rank_list_name=%E6%9C%88%E5%BA%A6%E6%9C%80%E8%B5%9A%E5%9F%BA%E9%87%91%E6%8E%92%E8%A1%8C&product_name=%E4%BF%A1%E8%AF%9A%E7%B2%BE%E8%90%83%E6%88%90%E9%95%BF&rank_index=3&t=rank_list_item_click_log&did=18146803-F776-4EEE-9EAD-8463C1451C47&p=app&page=%23%2Ftab%2Frank%2Finfo%2F100181465 HTTP/1.1" 200 0 "-" "Mozilla/5.0 (iPhone; CPU iPhone OS 8_2 like Mac OS X) AppleWebKit/600.1.4 (KHTML, like Gecko) Mobile/12D508 (5441180576)" -
223.73.196.159 - - [29/Apr/2015:00:17:45 +0800][0.000] "GET /v.gif?t=%E8%AF%A6%E6%83%85%E9%A1%B5%E9%9D%A2&did=18146803-F776-4EEE-9EAD-8463C1451C47&p=app&page=%23%2Ftab%2Frank%2F30003015 HTTP/1.1" 200 0 "-" "Mozilla/5.0 (iPhone; CPU iPhone OS 8_2 like Mac OS X) AppleWebKit/600.1.4 (KHTML, like Gecko) Mobile/12D508 (5441180576)" -
223.73.196.159 - - [29/Apr/2015:00:17:58 +0800][0.000] "GET /v.gif?rank_list_name=%E6%9C%88%E5%BA%A6%E6%9C%80%E8%B5%9A%E5%9F%BA%E9%87%91%E6%8E%92%E8%A1%8C&product_name=%E5%8D%97%E6%96%B9%E5%B0%8F%E5%BA%B7ETF&rank_index=1&t=rank_list_item_click_log&did=18146803-F776-4EEE-9EAD-8463C1451C47&p=app&page=%23%2Ftab%2Frank%2Finfo%2F100181465 HTTP/1.1" 200 0 "-" "Mozilla/5.0 (iPhone; CPU iPhone OS 8_2 like Mac OS X) AppleWebKit/600.1.4 (KHTML, like Gecko) Mobile/12D508 (5441180576)" -
49.116.211.131 - - [29/Apr/2015:00:17:58 +0800][0.000] "GET /v.gif?t=tab_%E7%90%86%E8%B4%A2%E8%AF%8A%E6%96%AD&did=6475f91a8034347a&p=app&page=%23%2Ftab%2Fprofit%2Fstatus HTTP/1.1" 304 0 "-" "Mozilla/5.0 (Linux; Android 4.4.4; MI 4W Build/KTU84P) AppleWebKit/537.36 (KHTML, like Gecko) Version/4.0 Chrome/33.0.0.0 Mobile Safari/537.36" -
223.73.196.159 - - [29/Apr/2015:00:17:59 +0800][0.000] "GET /v.gif?t=%E8%AF%A6%E6%83%85%E9%A1%B5%E9%9D%A2&did=18146803-F776-4EEE-9EAD-8463C1451C47&p=app&page=%23%2Ftab%2Frank%2F30000192 HTTP/1.1" 200 0 "-" "Mozilla/5.0 (iPhone; CPU iPhone OS 8_2 like Mac OS X) AppleWebKit/600.1.4 (KHTML, like Gecko) Mobile/12D508 (5441180576)" -
218.19.121.55 - - [29/Apr/2015:00:17:59 +0800][0.000] "GET /v.gif?t=app-start&did=c28ecb3995c5fd76&p=app&page= HTTP/1.1" 304 0 "-" "Mozilla/5.0 (Linux; Android 4.4.4; MI 4LTE Build/KTU84P) AppleWebKit/537.36 (KHTML, like Gecko) Version/4.0 Chrome/33.0.0.0 Mobile Safari/537.36" -
60.255.181.35 - - [29/Apr/2015:00:18:03 +0800][0.000] "GET /v.gif?t=app-start&did=813B7C16-D620-4E1E-8D16-E9DD90D9432B&p=app&page=%23%2Ftab%2Frank HTTP/1.1" 200 0 "-" "Mozilla/5.0 (iPhone; CPU iPhone OS 8_2 like Mac OS X) AppleWebKit/600.1.4 (KHTML, like Gecko) Mobile/12D508 (341319152)" -
1.95.79.146 - - [29/Apr/2015:00:18:04 +0800][0.000] "GET /v.gif?t=web-start&did=web&p=app&page=%23%2Ftab%2Frank%2Fadd HTTP/1.1" 200 0 "http://localhost:8100/" "Mozilla/5.0 (iPhone; CPU iPhone OS 7_0 like Mac OS X; en-us) AppleWebKit/537.51.1 (KHTML, like Gecko) Version/7.0 Mobile/11A465 Safari/9537.53" -
117.136.70.250 - - [29/Apr/2015:00:18:04 +0800][0.000] "GET /v.gif?rank_list_name=%E7%9F%A5%E5%90%8D%E9%93%B6%E8%A1%8C%E7%9F%AD%E6%9C%9F%E7%90%86%E8%B4%A2%E6%8E%92%E8%A1%8C&product_name=%E9%9D%9E%E5%87%A1%E8%B5%84%E4%BA%A7%E7%AE%A1%E7%90%86%E5%8F%8C%E6%9C%88%E5%A2%9E%E5%88%A9%E7%AC%AC180%E6%9C%9F%EF%BC%88%E4%BA%94%E4%B8%80%E7%89%B9%EF%BC%89%E9%AB%98%E7%AB%AF%E6%AC%BE&rank_index=2&t=rank_list_item_click_log&did=8A2F9183-299E-4617-9862-573EEF58F386&p=app&page=%23%2Ftab%2Frank%2Finfo%2F100181460 HTTP/1.1" 200 0 "-" "Mozilla/5.0 (iPhone; CPU iPhone OS 8_1_3 like Mac OS X) AppleWebKit/600.1.4 (KHTML, like Gecko) Mobile/12B466 (5759917248)" -
