223.73.14.150 - - [29/Apr/2015:01:02:52 +0800][0.000] "GET /v.gif?t=search_do&did=5928564ec750d274&p=app&page=%23%2Ftab%2Fsearch%2Fresult%3Fquery%3D%25E9%2599%2586%25E9%2587%2591%25E6%2589%2580%26fr%3D HTTP/1.1" 304 0 "-" "Mozilla/5.0 (Linux; U; Android 4.1.1; zh-cn; MI 2SC Build/JRO03L) AppleWebKit/534.30 (KHTML, like Gecko) Version/4.0 Mobile Safari/534.30" -
106.6.161.183 - - [29/Apr/2015:01:02:54 +0800][0.000] "GET /v.gif?t=app-start&did=c5d4cb6c65850326&p=app&page= HTTP/1.1" 304 0 "-" "Mozilla/5.0 (Linux; Android 4.4.2; HUAWEI P7-L09 Build/HuaweiP7-L09) AppleWebKit/537.36 (KHTML, like Gecko) Version/4.0 Chrome/30.0.0.0 Mobile Safari/537.36" -
223.73.14.150 - - [29/Apr/2015:01:02:55 +0800][0.000] "GET /v.gif?t=search2detail&did=5928564ec750d274&p=app&page=%23%2Ftab%2Fsearch%2Fresult%3Fquery%3D%25E9%2599%2586%25E9%2587%2591%25E6%2589%2580%26fr%3D HTTP/1.1" 304 0 "-" "Mozilla/5.0 (Linux; U; Android 4.1.1; zh-cn; MI 2SC Build/JRO03L) AppleWebKit/534.30 (KHTML, like Gecko) Version/4.0 Mobile Safari/534.30" -
223.73.14.150 - - [29/Apr/2015:01:02:56 +0800][0.000] "GET /v.gif?t=%E8%AF%A6%E6%83%85%E9%A1%B5%E9%9D%A2&did=5928564ec750d274&p=app&page=%23%2Ftab%2Fsearch%2F90377073 HTTP/1.1" 200 0 "-" "Mozilla/5.0 (Linux; U; Android 4.1.1; zh-cn; MI 2SC Build/JRO03L) AppleWebKit/534.30 (KHTML, like Gecko) Version/4.0 Mobile Safari/534.30" -
27.188.88.30 - - [29/Apr/2015:01:02:57 +0800][0.000] "GET /v.gif?t=search2detail&did=c4a7f145351bdc3f&p=app&page=%23%2Ftab%2Fsearch%2Fresult%3Fquery%3D%25E8%258D%2589%25E6%25A0%25B9%25E6%258A%2595%25E8%25B5%2584 HTTP/1.1" 304 0 "-" "Mozilla/5.0 (Linux; U; Android 4.2.1; zh-cn; 2013022 Build/HM2013022) AppleWebKit/534.30 (KHTML, like Gecko) Version/4.0 Mobile Safari/534.30" -
117.136.20.151 - - [29/Apr/2015:01:03:03 +0800][0.000] "GET /v.gif?rank_list_name=2015%E5%B9%B4%E4%BA%92%E8%81%94%E7%BD%91%E7%90%86%E8%B4%A2%E5%93%AA%E5%AE%B6%E5%BC%BA&isSub=true&t=rank_list_click_log&did=8c66e2c2d3bee956&p=app&page=%23%2Ftab%2Frank HTTP/1.1" 200 0 "-" "Mozilla/5.0 (Linux; U; Android 4.2.2; zh-cn; MF353ZP/A Build/JDQ39) AppleWebKit/534.30 (KHTML, like Gecko) Version/4.0 Mobile Safari/534.30" -
1.95.79.146 - - [29/Apr/2015:01:03:03 +0800][0.000] "GET /v.gif?t=profits_status&did=undefined&p=app&page=%23%2Ftab%2Fprofit%2Fstatus HTTP/1.1" 200 0 "http://localhost:8100/index.html" "Mozilla/5.0 (iPhone; CPU iPhone OS 7_0 like Mac OS X; en-us) AppleWebKit/537.51.1 (KHTML, like Gecko) Version/7.0 Mobile/11A465 Safari/9537.53" -
1.95.79.146 - - [29/Apr/2015:01:03:03 +0800][0.000] "GET /v.gif?t=web-start&did=web&p=app&page=%23%2Ftab%2Fprofit%2Fstatus HTTP/1.1" 200 0 "http://localhost:8100/index.html" "Mozilla/5.0 (iPhone; CPU iPhone OS 7_0 like Mac OS X; en-us) AppleWebKit/537.51.1 (KHTML, like Gecko) Version/7.0 Mobile/11A465 Safari/9537.53" -
223.73.14.150 - - [29/Apr/2015:01:03:04 +0800][0.000] "GET /v.gif?t=search_do&did=5928564ec750d274&p=app&page=%23%2Ftab%2Fsearch%2Fresult%3Fquery%3D%25E5%25B9%25B3%25E5%25AE%2589%25E4%25BF%25A1%25E6%2589%2598%26fr%3D HTTP/1.1" 200 0 "-" "Mozilla/5.0 (Linux; U; Android 4.1.1; zh-cn; MI 2SC Build/JRO03L) AppleWebKit/534.30 (KHTML, like Gecko) Version/4.0 Mobile Safari/534.30" -
223.73.14.150 - - [29/Apr/2015:01:03:08 +0800][0.000] "GET /v.gif?t=search2detail&did=5928564ec750d274&p=app&page=%23%2Ftab%2Fsearch%2Fresult%3Fquery%3D%25E5%25B9%25B3%25E5%25AE%2589%25E4%25BF%25A1%25E6%2589%2598%26fr%3D HTTP/1.1" 200 0 "-" "Mozilla/5.0 (Linux; U; Android 4.1.1; zh-cn; MI 2SC Build/JRO03L) AppleWebKit/534.30 (KHTML, like Gecko) Version/4.0 Mobile Safari/534.30" -
223.73.14.150 - - [29/Apr/2015:01:03:09 +0800][0.000] "GET /v.gif?t=%E8%AF%A6%E6%83%85%E9%A1%B5%E9%9D%A2&did=5928564ec750d274&p=app&page=%23%2Ftab%2Fsearch%2F60006818 HTTP/1.1" 200 0 "-" "Mozilla/5.0 (Linux; U; Android 4.1.1; zh-cn; MI 2SC Build/JRO03L) AppleWebKit/534.30 (KHTML, like Gecko) Version/4.0 Mobile Safari/534.30" -
106.6.161.183 - - [29/Apr/2015:01:03:13 +0800][0.000] "GET /v.gif?t=profits_status&did=c5d4cb6c65850326&p=app&page=%23%2Ftab%2Fprofit%2Fstatus HTTP/1.1" 304 0 "-" "Mozilla/5.0 (Linux; Android 4.4.2; HUAWEI P7-L09 Build/HuaweiP7-L09) AppleWebKit/537.36 (KHTML, like Gecko) Version/4.0 Chrome/30.0.0.0 Mobile Safari/537.36" -
117.136.20.151 - - [29/Apr/2015:01:03:22 +0800][0.000] "GET /v.gif?rank_list_name=2015%E5%B9%B4%E4%BA%92%E8%81%94%E7%BD%91%E7%90%86%E8%B4%A2%E5%93%AA%E5%AE%B6%E5%BC%BA&product_name=%E4%BA%AC%E4%B8%9C%E5%B0%8F%E9%87%91%E5%BA%93&rank_index=4&t=rank_list_item_click_log&did=8c66e2c2d3bee956&p=app&page=%23%2Ftab%2Frank%2Finfo%2F100181459 HTTP/1.1" 200 0 "-" "Mozilla/5.0 (Linux; U; Android 4.2.2; zh-cn; MF353ZP/A Build/JDQ39) AppleWebKit/534.30 (KHTML, like Gecko) Version/4.0 Mobile Safari/534.30" -
117.136.20.151 - - [29/Apr/2015:01:03:23 +0800][0.000] "GET /v.gif?t=%E8%AF%A6%E6%83%85%E9%A1%B5%E9%9D%A2&did=8c66e2c2d3bee956&p=app&page=%23%2Ftab%2Frank%2F40003675 HTTP/1.1" 200 0 "-" "Mozilla/5.0 (Linux; U; Android 4.2.2; zh-cn; MF353ZP/A Build/JDQ39) AppleWebKit/534.30 (KHTML, like Gecko) Version/4.0 Mobile Safari/534.30" -
106.6.161.183 - - [29/Apr/2015:01:03:26 +0800][0.000] "GET /v.gif?t=profit2detail&did=c5d4cb6c65850326&p=app&page=%23%2Ftab%2Fprofit%2Fstatus HTTP/1.1" 304 0 "-" "Mozilla/5.0 (Linux; Android 4.4.2; HUAWEI P7-L09 Build/HuaweiP7-L09) AppleWebKit/537.36 (KHTML, like Gecko) Version/4.0 Chrome/30.0.0.0 Mobile Safari/537.36" -
106.6.161.183 - - [29/Apr/2015:01:03:26 +0800][0.000] "GET /v.gif?t=%E8%AF%A6%E6%83%85%E9%A1%B5%E9%9D%A2&did=c5d4cb6c65850326&p=app&page=%23%2Ftab%2Fprofit%2F40003669 HTTP/1.1" 304 0 "-" "Mozilla/5.0 (Linux; Android 4.4.2; HUAWEI P7-L09 Build/HuaweiP7-L09) AppleWebKit/537.36 (KHTML, like Gecko) Version/4.0 Chrome/30.0.0.0 Mobile Safari/537.36" -
117.136.20.151 - - [29/Apr/2015:01:03:34 +0800][0.000] "GET /v.gif?rank_list_name=2015%E5%B9%B4%E4%BA%92%E8%81%94%E7%BD%91%E7%90%86%E8%B4%A2%E5%93%AA%E5%AE%B6%E5%BC%BA&product_name=%E8%85%BE%E8%AE%AF%E4%BD%A3%E9%87%91%E5%AE%9D&rank_index=1&t=rank_list_item_click_log&did=8c66e2c2d3bee956&p=app&page=%23%2Ftab%2Frank%2Finfo%2F100181459 HTTP/1.1" 200 0 "-" "Mozilla/5.0 (Linux; U; Android 4.2.2; zh-cn; MF353ZP/A Build/JDQ39) AppleWebKit/534.30 (KHTML, like Gecko) Version/4.0 Mobile Safari/534.30" -
117.136.20.151 - - [29/Apr/2015:01:03:36 +0800][0.000] "GET /v.gif?t=%E8%AF%A6%E6%83%85%E9%A1%B5%E9%9D%A2&did=8c66e2c2d3bee956&p=app&page=%23%2Ftab%2Frank%2F40003633 HTTP/1.1" 200 0 "-" "Mozilla/5.0 (Linux; U; Android 4.2.2; zh-cn; MF353ZP/A Build/JDQ39) AppleWebKit/534.30 (KHTML, like Gecko) Version/4.0 Mobile Safari/534.30" -
106.6.161.183 - - [29/Apr/2015:01:03:43 +0800][0.000] "GET /v.gif?t=profit2detail&did=c5d4cb6c65850326&p=app&page=%23%2Ftab%2Fprofit%2Fstatus HTTP/1.1" 304 0 "-" "Mozilla/5.0 (Linux; Android 4.4.2; HUAWEI P7-L09 Build/HuaweiP7-L09) AppleWebKit/537.36 (KHTML, like Gecko) Version/4.0 Chrome/30.0.0.0 Mobile Safari/537.36" -
106.6.161.183 - - [29/Apr/2015:01:03:43 +0800][0.000] "GET /v.gif?t=%E8%AF%A6%E6%83%85%E9%A1%B5%E9%9D%A2&did=c5d4cb6c65850326&p=app&page=%23%2Ftab%2Fprofit%2F30174925 HTTP/1.1" 304 0 "-" "Mozilla/5.0 (Linux; Android 4.4.2; HUAWEI P7-L09 Build/HuaweiP7-L09) AppleWebKit/537.36 (KHTML, like Gecko) Version/4.0 Chrome/30.0.0.0 Mobile Safari/537.36" -
1.95.79.146 - - [29/Apr/2015:01:03:44 +0800][0.000] "GET /v.gif?t=profits_status&did=undefined&p=app&page=%23%2Ftab%2Fprofit%2Fstatus HTTP/1.1" 200 0 "http://localhost:8100/index.html" "Mozilla/5.0 (iPhone; CPU iPhone OS 7_0 like Mac OS X; en-us) AppleWebKit/537.51.1 (KHTML, like Gecko) Version/7.0 Mobile/11A465 Safari/9537.53" -
1.95.79.146 - - [29/Apr/2015:01:03:44 +0800][0.000] "GET /v.gif?t=web-start&did=web&p=app&page=%23%2Ftab%2Fprofit%2Fstatus HTTP/1.1" 200 0 "http://localhost:8100/index.html" "Mozilla/5.0 (iPhone; CPU iPhone OS 7_0 like Mac OS X; en-us) AppleWebKit/537.51.1 (KHTML, like Gecko) Version/7.0 Mobile/11A465 Safari/9537.53" -
106.6.161.183 - - [29/Apr/2015:01:03:51 +0800][0.000] "GET /v.gif?t=profit2detail&did=c5d4cb6c65850326&p=app&page=%23%2Ftab%2Fprofit%2Fstatus HTTP/1.1" 304 0 "-" "Mozilla/5.0 (Linux; Android 4.4.2; HUAWEI P7-L09 Build/HuaweiP7-L09) AppleWebKit/537.36 (KHTML, like Gecko) Version/4.0 Chrome/30.0.0.0 Mobile Safari/537.36" -
106.6.161.183 - - [29/Apr/2015:01:03:51 +0800][0.000] "GET /v.gif?t=%E8%AF%A6%E6%83%85%E9%A1%B5%E9%9D%A2&did=c5d4cb6c65850326&p=app&page=%23%2Ftab%2Fprofit%2F30000931 HTTP/1.1" 304 0 "-" "Mozilla/5.0 (Linux; Android 4.4.2; HUAWEI P7-L09 Build/HuaweiP7-L09) AppleWebKit/537.36 (KHTML, like Gecko) Version/4.0 Chrome/30.0.0.0 Mobile Safari/537.36" -
106.6.161.183 - - [29/Apr/2015:01:03:54 +0800][0.000] "GET /v.gif?t=detail_page_switch_curve_duration&did=c5d4cb6c65850326&p=app&page=%23%2Ftab%2Fprofit%2F30000931 HTTP/1.1" 200 0 "-" "Mozilla/5.0 (Linux; Android 4.4.2; HUAWEI P7-L09 Build/HuaweiP7-L09) AppleWebKit/537.36 (KHTML, like Gecko) Version/4.0 Chrome/30.0.0.0 Mobile Safari/537.36" -
1.95.79.146 - - [29/Apr/2015:01:03:57 +0800][0.000] "GET /v.gif?t=profits_status&did=undefined&p=app&page=%23%2Ftab%2Fprofit%2Fstatus HTTP/1.1" 200 0 "http://localhost:8100/index.html" "Mozilla/5.0 (iPhone; CPU iPhone OS 7_0 like Mac OS X; en-us) AppleWebKit/537.51.1 (KHTML, like Gecko) Version/7.0 Mobile/11A465 Safari/9537.53" -
1.95.79.146 - - [29/Apr/2015:01:03:57 +0800][0.000] "GET /v.gif?t=web-start&did=web&p=app&page=%23%2Ftab%2Fprofit%2Fstatus HTTP/1.1" 200 0 "http://localhost:8100/index.html" "Mozilla/5.0 (iPhone; CPU iPhone OS 7_0 like Mac OS X; en-us) AppleWebKit/537.51.1 (KHTML, like Gecko) Version/7.0 Mobile/11A465 Safari/9537.53" -
1.95.79.146 - - [29/Apr/2015:01:04:11 +0800][0.000] "GET /v.gif?t=profits_status&did=undefined&p=app&page=%23%2Ftab%2Fprofit%2Fstatus HTTP/1.1" 200 0 "http://localhost:8100/index.html" "Mozilla/5.0 (iPhone; CPU iPhone OS 7_0 like Mac OS X; en-us) AppleWebKit/537.51.1 (KHTML, like Gecko) Version/7.0 Mobile/11A465 Safari/9537.53" -
1.95.79.146 - - [29/Apr/2015:01:04:12 +0800][0.000] "GET /v.gif?t=web-start&did=web&p=app&page=%23%2Ftab%2Fprofit%2Fstatus HTTP/1.1" 200 0 "http://localhost:8100/index.html" "Mozilla/5.0 (iPhone; CPU iPhone OS 7_0 like Mac OS X; en-us) AppleWebKit/537.51.1 (KHTML, like Gecko) Version/7.0 Mobile/11A465 Safari/9537.53" -
106.6.161.183 - - [29/Apr/2015:01:04:27 +0800][0.000] "GET /v.gif?t=%E8%AF%A6%E6%83%85%E9%A1%B5%E9%9D%A2&did=c5d4cb6c65850326&p=app&page=%23%2Ftab%2Fprofit%2F30002917 HTTP/1.1" 304 0 "-" "Mozilla/5.0 (Linux; Android 4.4.2; HUAWEI P7-L09 Build/HuaweiP7-L09) AppleWebKit/537.36 (KHTML, like Gecko) Version/4.0 Chrome/30.0.0.0 Mobile Safari/537.36" -
106.6.161.183 - - [29/Apr/2015:01:04:45 +0800][0.000] "GET /v.gif?t=profit2detail&did=c5d4cb6c65850326&p=app&page=%23%2Ftab%2Fprofit%2Fstatus HTTP/1.1" 304 0 "-" "Mozilla/5.0 (Linux; Android 4.4.2; HUAWEI P7-L09 Build/HuaweiP7-L09) AppleWebKit/537.36 (KHTML, like Gecko) Version/4.0 Chrome/30.0.0.0 Mobile Safari/537.36" -
106.6.161.183 - - [29/Apr/2015:01:04:45 +0800][0.000] "GET /v.gif?t=%E8%AF%A6%E6%83%85%E9%A1%B5%E9%9D%A2&did=c5d4cb6c65850326&p=app&page=%23%2Ftab%2Fprofit%2F30000931 HTTP/1.1" 304 0 "-" "Mozilla/5.0 (Linux; Android 4.4.2; HUAWEI P7-L09 Build/HuaweiP7-L09) AppleWebKit/537.36 (KHTML, like Gecko) Version/4.0 Chrome/30.0.0.0 Mobile Safari/537.36" -
1.95.79.146 - - [29/Apr/2015:01:04:58 +0800][0.000] "GET /v.gif?t=profits_status&did=undefined&p=app&page=%23%2Ftab%2Fprofit%2Fstatus HTTP/1.1" 200 0 "http://localhost:8100/index.html" "Mozilla/5.0 (iPhone; CPU iPhone OS 7_0 like Mac OS X; en-us) AppleWebKit/537.51.1 (KHTML, like Gecko) Version/7.0 Mobile/11A465 Safari/9537.53" -
1.95.79.146 - - [29/Apr/2015:01:04:58 +0800][0.000] "GET /v.gif?t=web-start&did=web&p=app&page=%23%2Ftab%2Fprofit%2Fstatus HTTP/1.1" 200 0 "http://localhost:8100/index.html" "Mozilla/5.0 (iPhone; CPU iPhone OS 7_0 like Mac OS X; en-us) AppleWebKit/537.51.1 (KHTML, like Gecko) Version/7.0 Mobile/11A465 Safari/9537.53" -
106.6.161.183 - - [29/Apr/2015:01:05:13 +0800][0.000] "GET /v.gif?t=profit2detail&did=c5d4cb6c65850326&p=app&page=%23%2Ftab%2Fprofit%2Fstatus HTTP/1.1" 304 0 "-" "Mozilla/5.0 (Linux; Android 4.4.2; HUAWEI P7-L09 Build/HuaweiP7-L09) AppleWebKit/537.36 (KHTML, like Gecko) Version/4.0 Chrome/30.0.0.0 Mobile Safari/537.36" -
106.6.161.183 - - [29/Apr/2015:01:05:13 +0800][0.000] "GET /v.gif?t=%E8%AF%A6%E6%83%85%E9%A1%B5%E9%9D%A2&did=c5d4cb6c65850326&p=app&page=%23%2Ftab%2Fprofit%2F30374708 HTTP/1.1" 200 0 "-" "Mozilla/5.0 (Linux; Android 4.4.2; HUAWEI P7-L09 Build/HuaweiP7-L09) AppleWebKit/537.36 (KHTML, like Gecko) Version/4.0 Chrome/30.0.0.0 Mobile Safari/537.36" -
106.6.161.183 - - [29/Apr/2015:01:05:27 +0800][0.000] "GET /v.gif?t=%E6%9B%B4%E5%A4%9A%E9%A1%B5%E9%9D%A2&did=c5d4cb6c65850326&p=app&page=%23%2Ftab%2Fmore HTTP/1.1" 304 0 "-" "Mozilla/5.0 (Linux; Android 4.4.2; HUAWEI P7-L09 Build/HuaweiP7-L09) AppleWebKit/537.36 (KHTML, like Gecko) Version/4.0 Chrome/30.0.0.0 Mobile Safari/537.36" -
1.95.79.146 - - [29/Apr/2015:01:05:37 +0800][0.000] "GET /v.gif?t=profits_status&did=undefined&p=app&page=%23%2Ftab%2Fprofit%2Fstatus HTTP/1.1" 200 0 "http://localhost:8100/index.html" "Mozilla/5.0 (iPhone; CPU iPhone OS 7_0 like Mac OS X; en-us) AppleWebKit/537.51.1 (KHTML, like Gecko) Version/7.0 Mobile/11A465 Safari/9537.53" -
1.95.79.146 - - [29/Apr/2015:01:05:37 +0800][0.000] "GET /v.gif?t=web-start&did=web&p=app&page=%23%2Ftab%2Fprofit%2Fstatus HTTP/1.1" 200 0 "http://localhost:8100/index.html" "Mozilla/5.0 (iPhone; CPU iPhone OS 7_0 like Mac OS X; en-us) AppleWebKit/537.51.1 (KHTML, like Gecko) Version/7.0 Mobile/11A465 Safari/9537.53" -
1.95.79.146 - - [29/Apr/2015:01:05:41 +0800][0.000] "GET /v.gif?t=profits_status&did=undefined&p=app&page=%23%2Ftab%2Fprofit%2Fstatus HTTP/1.1" 200 0 "http://localhost:8100/index.html" "Mozilla/5.0 (iPhone; CPU iPhone OS 7_0 like Mac OS X; en-us) AppleWebKit/537.51.1 (KHTML, like Gecko) Version/7.0 Mobile/11A465 Safari/9537.53" -
1.95.79.146 - - [29/Apr/2015:01:05:42 +0800][0.000] "GET /v.gif?t=web-start&did=web&p=app&page=%23%2Ftab%2Fprofit%2Fstatus HTTP/1.1" 200 0 "http://localhost:8100/index.html" "Mozilla/5.0 (iPhone; CPU iPhone OS 7_0 like Mac OS X; en-us) AppleWebKit/537.51.1 (KHTML, like Gecko) Version/7.0 Mobile/11A465 Safari/9537.53" -
1.95.79.146 - - [29/Apr/2015:01:05:44 +0800][0.000] "GET /v.gif?t=profits_status&did=undefined&p=app&page=%23%2Ftab%2Fprofit%2Fstatus HTTP/1.1" 200 0 "http://localhost:8100/index.html" "Mozilla/5.0 (iPhone; CPU iPhone OS 7_0 like Mac OS X; en-us) AppleWebKit/537.51.1 (KHTML, like Gecko) Version/7.0 Mobile/11A465 Safari/9537.53" -
1.95.79.146 - - [29/Apr/2015:01:05:45 +0800][0.000] "GET /v.gif?t=web-start&did=web&p=app&page=%23%2Ftab%2Fprofit%2Fstatus HTTP/1.1" 200 0 "http://localhost:8100/index.html" "Mozilla/5.0 (iPhone; CPU iPhone OS 7_0 like Mac OS X; en-us) AppleWebKit/537.51.1 (KHTML, like Gecko) Version/7.0 Mobile/11A465 Safari/9537.53" -
27.188.88.30 - - [29/Apr/2015:01:05:51 +0800][0.000] "GET /v.gif?t=search2detail&did=c4a7f145351bdc3f&p=app&page=%23%2Ftab%2Fsearch%2Fresult%3Fquery%3D%25E8%258D%2589%25E6%25A0%25B9%25E6%258A%2595%25E8%25B5%2584 HTTP/1.1" 304 0 "-" "Mozilla/5.0 (Linux; U; Android 4.2.1; zh-cn; 2013022 Build/HM2013022) AppleWebKit/534.30 (KHTML, like Gecko) Version/4.0 Mobile Safari/534.30" -
119.4.181.43 - - [29/Apr/2015:01:05:57 +0800][0.000] "GET /v.gif?t=profit2detail&did=DBC6038D-4EBE-4E2B-9F50-877D140E2178&p=app&page=%23%2Ftab%2Fprofit%2Fstatus HTTP/1.1" 200 0 "-" "Mozilla/5.0 (iPhone; CPU iPhone OS 8_1 like Mac OS X) AppleWebKit/600.1.4 (KHTML, like Gecko) Mobile/12B411 (5852198464)" -
119.4.181.43 - - [29/Apr/2015:01:05:57 +0800][0.000] "GET /v.gif?t=%E8%AF%A6%E6%83%85%E9%A1%B5%E9%9D%A2&did=DBC6038D-4EBE-4E2B-9F50-877D140E2178&p=app&page=%23%2Ftab%2Fprofit%2F30000681 HTTP/1.1" 200 0 "-" "Mozilla/5.0 (iPhone; CPU iPhone OS 8_1 like Mac OS X) AppleWebKit/600.1.4 (KHTML, like Gecko) Mobile/12B411 (5852198464)" -
221.220.42.219 - - [29/Apr/2015:01:06:07 +0800][0.000] "GET /v.gif?t=app-start&did=39a136f2ca3b0da7&p=app&page= HTTP/1.1" 200 0 "-" "Mozilla/5.0 (Linux; Android 4.4.4; Che1-CL20 Build/Che1-CL20) AppleWebKit/537.36 (KHTML, like Gecko) Version/4.0 Chrome/33.0.0.0 Mobile Safari/537.36" -
1.95.79.146 - - [29/Apr/2015:01:06:23 +0800][0.000] "GET /v.gif?t=profits_status&did=undefined&p=app&page=%23%2Ftab%2Fprofit%2Fstatus HTTP/1.1" 200 0 "http://localhost:8100/index.html" "Mozilla/5.0 (iPhone; CPU iPhone OS 7_0 like Mac OS X; en-us) AppleWebKit/537.51.1 (KHTML, like Gecko) Version/7.0 Mobile/11A465 Safari/9537.53" -
27.188.88.30 - - [29/Apr/2015:01:06:23 +0800][0.000] "GET /v.gif?t=search_do&did=c4a7f145351bdc3f&p=app&page=%23%2Ftab%2Fsearch%2Fresult%3Fquery%3D%25E4%25BD%2599%25E9%25A2%259D%25E5%25AE%259D%26fr%3D HTTP/1.1" 200 0 "-" "Mozilla/5.0 (Linux; U; Android 4.2.1; zh-cn; 2013022 Build/HM2013022) AppleWebKit/534.30 (KHTML, like Gecko) Version/4.0 Mobile Safari/534.30" -
1.95.79.146 - - [29/Apr/2015:01:06:23 +0800][0.000] "GET /v.gif?t=web-start&did=web&p=app&page=%23%2Ftab%2Fprofit%2Fstatus HTTP/1.1" 200 0 "http://localhost:8100/index.html" "Mozilla/5.0 (iPhone; CPU iPhone OS 7_0 like Mac OS X; en-us) AppleWebKit/537.51.1 (KHTML, like Gecko) Version/7.0 Mobile/11A465 Safari/9537.53" -
221.220.42.219 - - [29/Apr/2015:01:06:26 +0800][0.000] "GET /v.gif?rank_list_name=%E4%BA%92%E8%81%94%E7%BD%91%E5%AE%9D%E5%AE%9D%E7%B1%BB%E7%90%86%E8%B4%A2%E6%9C%88%E6%8E%92%E8%A1%8C&isSub=true&t=rank_list_click_log&did=39a136f2ca3b0da7&p=app&page=%23%2Ftab%2Frank HTTP/1.1" 200 0 "-" "Mozilla/5.0 (Linux; Android 4.4.4; Che1-CL20 Build/Che1-CL20) AppleWebKit/537.36 (KHTML, like Gecko) Version/4.0 Chrome/33.0.0.0 Mobile Safari/537.36" -
27.188.88.30 - - [29/Apr/2015:01:06:40 +0800][0.000] "GET /v.gif?t=search2detail&did=c4a7f145351bdc3f&p=app&page=%23%2Ftab%2Fsearch%2Fresult%3Fquery%3D%25E4%25BD%2599%25E9%25A2%259D%25E5%25AE%259D%26fr%3D HTTP/1.1" 200 0 "-" "Mozilla/5.0 (Linux; U; Android 4.2.1; zh-cn; 2013022 Build/HM2013022) AppleWebKit/534.30 (KHTML, like Gecko) Version/4.0 Mobile Safari/534.30" -
1.95.79.146 - - [29/Apr/2015:01:06:40 +0800][0.000] "GET /v.gif?t=%E5%85%B3%E6%B3%A8%E9%A1%B5%E9%9D%A2&did=web&p=app&page=%23%2Ftab%2Fstar HTTP/1.1" 200 0 "http://localhost:8100/index.html" "Mozilla/5.0 (iPhone; CPU iPhone OS 7_0 like Mac OS X; en-us) AppleWebKit/537.51.1 (KHTML, like Gecko) Version/7.0 Mobile/11A465 Safari/9537.53" -
27.188.88.30 - - [29/Apr/2015:01:06:41 +0800][0.000] "GET /v.gif?t=%E8%AF%A6%E6%83%85%E9%A1%B5%E9%9D%A2&did=c4a7f145351bdc3f&p=app&page=%23%2Ftab%2Fsearch%2F90355299 HTTP/1.1" 200 0 "-" "Mozilla/5.0 (Linux; U; Android 4.2.1; zh-cn; 2013022 Build/HM2013022) AppleWebKit/534.30 (KHTML, like Gecko) Version/4.0 Mobile Safari/534.30" -
1.95.79.146 - - [29/Apr/2015:01:06:43 +0800][0.000] "GET /v.gif?t=profits_status&did=undefined&p=app&page=%23%2Ftab%2Fprofit%2Fstatus HTTP/1.1" 200 0 "http://localhost:8100/index.html" "Mozilla/5.0 (iPhone; CPU iPhone OS 7_0 like Mac OS X; en-us) AppleWebKit/537.51.1 (KHTML, like Gecko) Version/7.0 Mobile/11A465 Safari/9537.53" -
1.95.79.146 - - [29/Apr/2015:01:06:43 +0800][0.000] "GET /v.gif?t=web-start&did=web&p=app&page=%23%2Ftab%2Fprofit%2Fstatus HTTP/1.1" 200 0 "http://localhost:8100/index.html" "Mozilla/5.0 (iPhone; CPU iPhone OS 7_0 like Mac OS X; en-us) AppleWebKit/537.51.1 (KHTML, like Gecko) Version/7.0 Mobile/11A465 Safari/9537.53" -
1.95.79.146 - - [29/Apr/2015:01:06:53 +0800][0.000] "GET /v.gif?t=profits_status&did=undefined&p=app&page=%23%2Ftab%2Fprofit%2Fstatus HTTP/1.1" 200 0 "http://localhost:8100/index.html" "Mozilla/5.0 (iPhone; CPU iPhone OS 7_0 like Mac OS X; en-us) AppleWebKit/537.51.1 (KHTML, like Gecko) Version/7.0 Mobile/11A465 Safari/9537.53" -
1.95.79.146 - - [29/Apr/2015:01:06:53 +0800][0.000] "GET /v.gif?t=web-start&did=web&p=app&page=%23%2Ftab%2Fprofit%2Fstatus HTTP/1.1" 200 0 "http://localhost:8100/index.html" "Mozilla/5.0 (iPhone; CPU iPhone OS 7_0 like Mac OS X; en-us) AppleWebKit/537.51.1 (KHTML, like Gecko) Version/7.0 Mobile/11A465 Safari/9537.53" -
1.95.79.146 - - [29/Apr/2015:01:06:57 +0800][0.000] "GET /v.gif?t=%E5%85%B3%E6%B3%A8%E9%A1%B5%E9%9D%A2&did=web&p=app&page=%23%2Ftab%2Fstar HTTP/1.1" 200 0 "http://localhost:8100/index.html" "Mozilla/5.0 (iPhone; CPU iPhone OS 7_0 like Mac OS X; en-us) AppleWebKit/537.51.1 (KHTML, like Gecko) Version/7.0 Mobile/11A465 Safari/9537.53" -
221.220.42.219 - - [29/Apr/2015:01:07:03 +0800][0.000] "GET /v.gif?t=app-start&did=39a136f2ca3b0da7&p=app&page= HTTP/1.1" 304 0 "-" "Mozilla/5.0 (Linux; Android 4.4.4; Che1-CL20 Build/Che1-CL20) AppleWebKit/537.36 (KHTML, like Gecko) Version/4.0 Chrome/33.0.0.0 Mobile Safari/537.36" -
1.95.79.146 - - [29/Apr/2015:01:07:06 +0800][0.000] "GET /v.gif?t=profits_status&did=undefined&p=app&page=%23%2Ftab%2Fprofit%2Fstatus HTTP/1.1" 200 0 "http://localhost:8100/index.html" "Mozilla/5.0 (iPhone; CPU iPhone OS 7_0 like Mac OS X; en-us) AppleWebKit/537.51.1 (KHTML, like Gecko) Version/7.0 Mobile/11A465 Safari/9537.53" -
1.95.79.146 - - [29/Apr/2015:01:07:06 +0800][0.000] "GET /v.gif?t=web-start&did=web&p=app&page=%23%2Ftab%2Fprofit%2Fstatus HTTP/1.1" 200 0 "http://localhost:8100/index.html" "Mozilla/5.0 (iPhone; CPU iPhone OS 7_0 like Mac OS X; en-us) AppleWebKit/537.51.1 (KHTML, like Gecko) Version/7.0 Mobile/11A465 Safari/9537.53" -
119.4.181.43 - - [29/Apr/2015:01:07:07 +0800][0.000] "GET /v.gif?rank_list_name=%E6%9C%88%E5%BA%A6%E6%9C%80%E8%B5%9A%E5%9F%BA%E9%87%91%E6%8E%92%E8%A1%8C&isSub=true&t=rank_list_click_log&did=DBC6038D-4EBE-4E2B-9F50-877D140E2178&p=app&page=%23%2Ftab%2Frank HTTP/1.1" 200 0 "-" "Mozilla/5.0 (iPhone; CPU iPhone OS 8_1 like Mac OS X) AppleWebKit/600.1.4 (KHTML, like Gecko) Mobile/12B411 (5852198464)" -
119.4.181.43 - - [29/Apr/2015:01:07:08 +0800][0.000] "GET /v.gif?rank_list_name=%E6%9C%88%E5%BA%A6%E6%9C%80%E8%B5%9A%E5%9F%BA%E9%87%91%E6%8E%92%E8%A1%8C&isSub=true&t=rank_list_click_log&did=DBC6038D-4EBE-4E2B-9F50-877D140E2178&p=app&page=%23%2Ftab%2Frank%2Finfo%2F100181465 HTTP/1.1" 200 0 "-" "Mozilla/5.0 (iPhone; CPU iPhone OS 8_1 like Mac OS X) AppleWebKit/600.1.4 (KHTML, like Gecko) Mobile/12B411 (5852198464)" -
119.4.181.43 - - [29/Apr/2015:01:07:10 +0800][0.000] "GET /v.gif?rank_list_name=%E6%9C%88%E5%BA%A6%E6%9C%80%E8%B5%9A%E5%9F%BA%E9%87%91%E6%8E%92%E8%A1%8C&product_name=%E5%8D%97%E6%96%B9%E5%B0%8F%E5%BA%B7ETF&rank_index=1&t=rank_list_item_click_log&did=DBC6038D-4EBE-4E2B-9F50-877D140E2178&p=app&page=%23%2Ftab%2Frank%2Finfo%2F100181465 HTTP/1.1" 200 0 "-" "Mozilla/5.0 (iPhone; CPU iPhone OS 8_1 like Mac OS X) AppleWebKit/600.1.4 (KHTML, like Gecko) Mobile/12B411 (5852198464)" -
119.4.181.43 - - [29/Apr/2015:01:07:11 +0800][0.000] "GET /v.gif?t=%E8%AF%A6%E6%83%85%E9%A1%B5%E9%9D%A2&did=DBC6038D-4EBE-4E2B-9F50-877D140E2178&p=app&page=%23%2Ftab%2Frank%2F30000192 HTTP/1.1" 200 0 "-" "Mozilla/5.0 (iPhone; CPU iPhone OS 8_1 like Mac OS X) AppleWebKit/600.1.4 (KHTML, like Gecko) Mobile/12B411 (5852198464)" -
1.95.79.146 - - [29/Apr/2015:01:07:16 +0800][0.000] "GET /v.gif?t=profits_status&did=undefined&p=app&page=%23%2Ftab%2Fprofit%2Fstatus HTTP/1.1" 200 0 "http://localhost:8100/index.html" "Mozilla/5.0 (iPhone; CPU iPhone OS 7_0 like Mac OS X; en-us) AppleWebKit/537.51.1 (KHTML, like Gecko) Version/7.0 Mobile/11A465 Safari/9537.53" -
1.95.79.146 - - [29/Apr/2015:01:07:16 +0800][0.000] "GET /v.gif?t=web-start&did=web&p=app&page=%23%2Ftab%2Fprofit%2Fstatus HTTP/1.1" 200 0 "http://localhost:8100/index.html" "Mozilla/5.0 (iPhone; CPU iPhone OS 7_0 like Mac OS X; en-us) AppleWebKit/537.51.1 (KHTML, like Gecko) Version/7.0 Mobile/11A465 Safari/9537.53" -
119.4.181.43 - - [29/Apr/2015:01:07:17 +0800][0.000] "GET /v.gif?rank_list_name=%E6%9C%88%E5%BA%A6%E6%9C%80%E8%B5%9A%E5%9F%BA%E9%87%91%E6%8E%92%E8%A1%8C&product_name=%E5%8D%97%E6%96%B9%E5%B0%8F%E5%BA%B7ETF&rank_index=1&t=rank_list_item_click_log&did=DBC6038D-4EBE-4E2B-9F50-877D140E2178&p=app&page=%23%2Ftab%2Frank%2Finfo%2F100181465 HTTP/1.1" 200 0 "-" "Mozilla/5.0 (iPhone; CPU iPhone OS 8_1 like Mac OS X) AppleWebKit/600.1.4 (KHTML, like Gecko) Mobile/12B411 (5852198464)" -
119.4.181.43 - - [29/Apr/2015:01:07:17 +0800][0.000] "GET /v.gif?t=%E8%AF%A6%E6%83%85%E9%A1%B5%E9%9D%A2&did=DBC6038D-4EBE-4E2B-9F50-877D140E2178&p=app&page=%23%2Ftab%2Frank%2F30000192 HTTP/1.1" 200 0 "-" "Mozilla/5.0 (iPhone; CPU iPhone OS 8_1 like Mac OS X) AppleWebKit/600.1.4 (KHTML, like Gecko) Mobile/12B411 (5852198464)" -
1.95.79.146 - - [29/Apr/2015:01:07:21 +0800][0.000] "GET /v.gif?t=profits_status&did=undefined&p=app&page=%23%2Ftab%2Fprofit%2Fstatus HTTP/1.1" 200 0 "http://localhost:8100/index.html" "Mozilla/5.0 (iPhone; CPU iPhone OS 7_0 like Mac OS X; en-us) AppleWebKit/537.51.1 (KHTML, like Gecko) Version/7.0 Mobile/11A465 Safari/9537.53" -
1.95.79.146 - - [29/Apr/2015:01:07:22 +0800][0.000] "GET /v.gif?t=web-start&did=web&p=app&page=%23%2Ftab%2Fprofit%2Fstatus HTTP/1.1" 200 0 "http://localhost:8100/index.html" "Mozilla/5.0 (iPhone; CPU iPhone OS 7_0 like Mac OS X; en-us) AppleWebKit/537.51.1 (KHTML, like Gecko) Version/7.0 Mobile/11A465 Safari/9537.53" -
27.188.88.30 - - [29/Apr/2015:01:07:29 +0800][0.000] "GET /v.gif?t=search2detail&did=c4a7f145351bdc3f&p=app&page=%23%2Ftab%2Fsearch%2Fresult%3Fquery%3D%25E4%25BD%2599%25E9%25A2%259D%25E5%25AE%259D HTTP/1.1" 200 0 "-" "Mozilla/5.0 (Linux; U; Android 4.2.1; zh-cn; 2013022 Build/HM2013022) AppleWebKit/534.30 (KHTML, like Gecko) Version/4.0 Mobile Safari/534.30" -
27.188.88.30 - - [29/Apr/2015:01:07:30 +0800][0.000] "GET /v.gif?t=%E8%AF%A6%E6%83%85%E9%A1%B5%E9%9D%A2&did=c4a7f145351bdc3f&p=app&page=%23%2Ftab%2Fsearch%2F40003687 HTTP/1.1" 200 0 "-" "Mozilla/5.0 (Linux; U; Android 4.2.1; zh-cn; 2013022 Build/HM2013022) AppleWebKit/534.30 (KHTML, like Gecko) Version/4.0 Mobile Safari/534.30" -
119.4.181.43 - - [29/Apr/2015:01:07:48 +0800][0.000] "GET /v.gif?rank_list_name=%E6%9C%88%E5%BA%A6%E6%9C%80%E8%B5%9A%E5%9F%BA%E9%87%91%E6%8E%92%E8%A1%8C&product_name=%E5%AF%8C%E5%9B%BD%E5%8C%BB%E7%96%97%E4%BF%9D%E5%81%A5%E8%A1%8C%E4%B8%9A&rank_index=2&t=rank_list_item_click_log&did=DBC6038D-4EBE-4E2B-9F50-877D140E2178&p=app&page=%23%2Ftab%2Frank%2Finfo%2F100181465 HTTP/1.1" 200 0 "-" "Mozilla/5.0 (iPhone; CPU iPhone OS 8_1 like Mac OS X) AppleWebKit/600.1.4 (KHTML, like Gecko) Mobile/12B411 (5852198464)" -
119.4.181.43 - - [29/Apr/2015:01:07:48 +0800][0.000] "GET /v.gif?t=%E8%AF%A6%E6%83%85%E9%A1%B5%E9%9D%A2&did=DBC6038D-4EBE-4E2B-9F50-877D140E2178&p=app&page=%23%2Ftab%2Frank%2F30003087 HTTP/1.1" 200 0 "-" "Mozilla/5.0 (iPhone; CPU iPhone OS 8_1 like Mac OS X) AppleWebKit/600.1.4 (KHTML, like Gecko) Mobile/12B411 (5852198464)" -
119.4.181.43 - - [29/Apr/2015:01:07:50 +0800][0.000] "GET /v.gif?rank_list_name=%E6%9C%88%E5%BA%A6%E6%9C%80%E8%B5%9A%E5%9F%BA%E9%87%91%E6%8E%92%E8%A1%8C&product_name=%E4%BF%A1%E8%AF%9A%E7%B2%BE%E8%90%83%E6%88%90%E9%95%BF&rank_index=3&t=rank_list_item_click_log&did=DBC6038D-4EBE-4E2B-9F50-877D140E2178&p=app&page=%23%2Ftab%2Frank%2Finfo%2F100181465 HTTP/1.1" 200 0 "-" "Mozilla/5.0 (iPhone; CPU iPhone OS 8_1 like Mac OS X) AppleWebKit/600.1.4 (KHTML, like Gecko) Mobile/12B411 (5852198464)" -
119.4.181.43 - - [29/Apr/2015:01:07:50 +0800][0.000] "GET /v.gif?t=%E8%AF%A6%E6%83%85%E9%A1%B5%E9%9D%A2&did=DBC6038D-4EBE-4E2B-9F50-877D140E2178&p=app&page=%23%2Ftab%2Frank%2F30003015 HTTP/1.1" 200 0 "-" "Mozilla/5.0 (iPhone; CPU iPhone OS 8_1 like Mac OS X) AppleWebKit/600.1.4 (KHTML, like Gecko) Mobile/12B411 (5852198464)" -
202.127.144.253 - - [29/Apr/2015:01:07:51 +0800][0.000] "GET /v.gif?t=app-start&did=A4EE63B3-C26A-40CB-B8AD-5B92E43C8B47&p=app&page=%23%2Ftab%2Frank HTTP/1.1" 200 0 "-" "Mozilla/5.0 (iPhone; CPU iPhone OS 7_1_2 like Mac OS X) AppleWebKit/537.51.2 (KHTML, like Gecko) Mobile/11D257 (376029360)" -
39.186.130.106 - - [29/Apr/2015:01:07:59 +0800][0.000] "GET /v.gif?t=profit2detail&did=FF67A9FF-CA65-47AB-9A0B-9994A14F305C&p=app&page=%23%2Ftab%2Fprofit%2Fstatus HTTP/1.1" 200 0 "-" "Mozilla/5.0 (iPhone; CPU iPhone OS 8_1_2 like Mac OS X) AppleWebKit/600.1.4 (KHTML, like Gecko) Mobile/12B440 (5348865664)" -
39.186.130.106 - - [29/Apr/2015:01:07:59 +0800][0.000] "GET /v.gif?t=%E8%AF%A6%E6%83%85%E9%A1%B5%E9%9D%A2&did=FF67A9FF-CA65-47AB-9A0B-9994A14F305C&p=app&page=%23%2Ftab%2Fprofit%2F30002661 HTTP/1.1" 200 0 "-" "Mozilla/5.0 (iPhone; CPU iPhone OS 8_1_2 like Mac OS X) AppleWebKit/600.1.4 (KHTML, like Gecko) Mobile/12B440 (5348865664)" -
202.127.144.253 - - [29/Apr/2015:01:08:05 +0800][0.000] "GET /v.gif?t=profits_status&did=A4EE63B3-C26A-40CB-B8AD-5B92E43C8B47&p=app&page=%23%2Ftab%2Fprofit%2Fstatus HTTP/1.1" 200 0 "-" "Mozilla/5.0 (iPhone; CPU iPhone OS 7_1_2 like Mac OS X) AppleWebKit/537.51.2 (KHTML, like Gecko) Mobile/11D257 (376029360)" -
39.186.130.106 - - [29/Apr/2015:01:08:16 +0800][0.000] "GET /v.gif?t=profit2detail&did=FF67A9FF-CA65-47AB-9A0B-9994A14F305C&p=app&page=%23%2Ftab%2Fprofit%2Fstatus HTTP/1.1" 200 0 "-" "Mozilla/5.0 (iPhone; CPU iPhone OS 8_1_2 like Mac OS X) AppleWebKit/600.1.4 (KHTML, like Gecko) Mobile/12B440 (5348865664)" -
39.186.130.106 - - [29/Apr/2015:01:08:16 +0800][0.000] "GET /v.gif?t=%E8%AF%A6%E6%83%85%E9%A1%B5%E9%9D%A2&did=FF67A9FF-CA65-47AB-9A0B-9994A14F305C&p=app&page=%23%2Ftab%2Fprofit%2F30002917 HTTP/1.1" 200 0 "-" "Mozilla/5.0 (iPhone; CPU iPhone OS 8_1_2 like Mac OS X) AppleWebKit/600.1.4 (KHTML, like Gecko) Mobile/12B440 (5348865664)" -
1.95.79.146 - - [29/Apr/2015:01:08:18 +0800][0.000] "GET /v.gif?t=profits_status&did=undefined&p=app&page=%23%2Ftab%2Fprofit%2Fstatus HTTP/1.1" 200 0 "http://localhost:8100/index.html" "Mozilla/5.0 (iPhone; CPU iPhone OS 7_0 like Mac OS X; en-us) AppleWebKit/537.51.1 (KHTML, like Gecko) Version/7.0 Mobile/11A465 Safari/9537.53" -
1.95.79.146 - - [29/Apr/2015:01:08:18 +0800][0.000] "GET /v.gif?t=web-start&did=web&p=app&page=%23%2Ftab%2Fprofit%2Fstatus HTTP/1.1" 200 0 "http://localhost:8100/index.html" "Mozilla/5.0 (iPhone; CPU iPhone OS 7_0 like Mac OS X; en-us) AppleWebKit/537.51.1 (KHTML, like Gecko) Version/7.0 Mobile/11A465 Safari/9537.53" -
1.95.79.146 - - [29/Apr/2015:01:08:22 +0800][0.000] "GET /v.gif?t=profits_status&did=undefined&p=app&page=%23%2Ftab%2Fprofit%2Fstatus HTTP/1.1" 200 0 "http://localhost:8100/index.html" "Mozilla/5.0 (iPhone; CPU iPhone OS 7_0 like Mac OS X; en-us) AppleWebKit/537.51.1 (KHTML, like Gecko) Version/7.0 Mobile/11A465 Safari/9537.53" -
1.95.79.146 - - [29/Apr/2015:01:08:22 +0800][0.000] "GET /v.gif?t=web-start&did=web&p=app&page=%23%2Ftab%2Fprofit%2Fstatus HTTP/1.1" 200 0 "http://localhost:8100/index.html" "Mozilla/5.0 (iPhone; CPU iPhone OS 7_0 like Mac OS X; en-us) AppleWebKit/537.51.1 (KHTML, like Gecko) Version/7.0 Mobile/11A465 Safari/9537.53" -
119.4.181.43 - - [29/Apr/2015:01:08:24 +0800][0.000] "GET /v.gif?rank_list_name=%E6%9C%88%E5%BA%A6%E6%9C%80%E8%B5%9A%E5%9F%BA%E9%87%91%E6%8E%92%E8%A1%8C&product_name=%E5%8D%97%E6%96%B9%E5%B0%8F%E5%BA%B7ETF%E8%81%94%E6%8E%A5&rank_index=4&t=rank_list_item_click_log&did=DBC6038D-4EBE-4E2B-9F50-877D140E2178&p=app&page=%23%2Ftab%2Frank%2Finfo%2F100181465 HTTP/1.1" 200 0 "-" "Mozilla/5.0 (iPhone; CPU iPhone OS 8_1 like Mac OS X) AppleWebKit/600.1.4 (KHTML, like Gecko) Mobile/12B411 (5852198464)" -
119.4.181.43 - - [29/Apr/2015:01:08:24 +0800][0.000] "GET /v.gif?t=%E8%AF%A6%E6%83%85%E9%A1%B5%E9%9D%A2&did=DBC6038D-4EBE-4E2B-9F50-877D140E2178&p=app&page=%23%2Ftab%2Frank%2F30000699 HTTP/1.1" 200 0 "-" "Mozilla/5.0 (iPhone; CPU iPhone OS 8_1 like Mac OS X) AppleWebKit/600.1.4 (KHTML, like Gecko) Mobile/12B411 (5852198464)" -
119.4.181.43 - - [29/Apr/2015:01:09:03 +0800][0.000] "GET /v.gif?rank_list_name=%E6%9C%88%E5%BA%A6%E6%9C%80%E8%B5%9A%E5%9F%BA%E9%87%91%E6%8E%92%E8%A1%8C&product_name=%E6%98%93%E6%96%B9%E8%BE%BE%E5%8C%BB%E7%96%97%E4%BF%9D%E5%81%A5%E5%9F%BA%E9%87%91&rank_index=6&t=rank_list_item_click_log&did=DBC6038D-4EBE-4E2B-9F50-877D140E2178&p=app&page=%23%2Ftab%2Frank%2Finfo%2F100181465 HTTP/1.1" 200 0 "-" "Mozilla/5.0 (iPhone; CPU iPhone OS 8_1 like Mac OS X) AppleWebKit/600.1.4 (KHTML, like Gecko) Mobile/12B411 (5852198464)" -
119.4.181.43 - - [29/Apr/2015:01:09:03 +0800][0.000] "GET /v.gif?t=%E8%AF%A6%E6%83%85%E9%A1%B5%E9%9D%A2&did=DBC6038D-4EBE-4E2B-9F50-877D140E2178&p=app&page=%23%2Ftab%2Frank%2F30002639 HTTP/1.1" 200 0 "-" "Mozilla/5.0 (iPhone; CPU iPhone OS 8_1 like Mac OS X) AppleWebKit/600.1.4 (KHTML, like Gecko) Mobile/12B411 (5852198464)" -
1.95.79.146 - - [29/Apr/2015:01:11:38 +0800][0.000] "GET /v.gif?t=app-start&did=72d1095eea721799&p=app&page= HTTP/1.1" 200 0 "-" "Mozilla/5.0 (Linux; Android 4.4.4; 2014811 Build/KTU84P) AppleWebKit/537.36 (KHTML, like Gecko) Version/4.0 Chrome/33.0.0.0 Mobile Safari/537.36" -
1.95.79.146 - - [29/Apr/2015:01:11:38 +0800][0.000] "GET /v.gif?t=profits_status&did=72d1095eea721799&p=app&page=%23%2Ftab%2Fprofit%2Fstatus HTTP/1.1" 200 0 "-" "Mozilla/5.0 (Linux; Android 4.4.4; 2014811 Build/KTU84P) AppleWebKit/537.36 (KHTML, like Gecko) Version/4.0 Chrome/33.0.0.0 Mobile Safari/537.36" -
117.136.54.27 - - [29/Apr/2015:01:13:27 +0800][0.000] "GET /v.gif?t=app-start&did=c6ac4d9e458c70e4&p=app&page= HTTP/1.1" 200 0 "-" "Mozilla/5.0 (Linux; Android 4.4.4; MI 3 Build/KTU84P) AppleWebKit/537.36 (KHTML, like Gecko) Version/4.0 Chrome/33.0.0.0 Mobile Safari/537.36" -
117.136.54.27 - - [29/Apr/2015:01:13:35 +0800][0.000] "GET /v.gif?t=profits_status&did=c6ac4d9e458c70e4&p=app&page=%23%2Ftab%2Fprofit%2Fstatus HTTP/1.1" 200 0 "-" "Mozilla/5.0 (Linux; Android 4.4.4; MI 3 Build/KTU84P) AppleWebKit/537.36 (KHTML, like Gecko) Version/4.0 Chrome/33.0.0.0 Mobile Safari/537.36" -
117.136.54.27 - - [29/Apr/2015:01:13:36 +0800][0.000] "GET /v.gif?t=%E6%96%B0%E6%89%8B%E5%BC%95%E5%AF%BC_%E5%B1%95%E7%8E%B0&did=c6ac4d9e458c70e4&p=app&page=%23%2Ftab%2Fprofit%2Fstatus HTTP/1.1" 200 0 "-" "Mozilla/5.0 (Linux; Android 4.4.4; MI 3 Build/KTU84P) AppleWebKit/537.36 (KHTML, like Gecko) Version/4.0 Chrome/33.0.0.0 Mobile Safari/537.36" -
117.136.54.27 - - [29/Apr/2015:01:13:39 +0800][0.000] "GET /v.gif?t=%E6%96%B0%E6%89%8B%E5%BC%95%E5%AF%BC_%E7%AB%8B%E5%8D%B3%E6%B7%BB%E5%8A%A0&did=c6ac4d9e458c70e4&p=app&page=%23%2Ftab%2Fprofit%2Fstatus HTTP/1.1" 200 0 "-" "Mozilla/5.0 (Linux; Android 4.4.4; MI 3 Build/KTU84P) AppleWebKit/537.36 (KHTML, like Gecko) Version/4.0 Chrome/33.0.0.0 Mobile Safari/537.36" -
1.95.79.146 - - [29/Apr/2015:01:14:04 +0800][0.000] "GET /v.gif?t=app-start&did=72d1095eea721799&p=app&page= HTTP/1.1" 200 0 "-" "Mozilla/5.0 (Linux; Android 4.4.4; 2014811 Build/KTU84P) AppleWebKit/537.36 (KHTML, like Gecko) Version/4.0 Chrome/33.0.0.0 Mobile Safari/537.36" -
1.95.79.146 - - [29/Apr/2015:01:14:04 +0800][0.000] "GET /v.gif?t=profits_status&did=72d1095eea721799&p=app&page=%23%2Ftab%2Fprofit%2Fstatus HTTP/1.1" 200 0 "-" "Mozilla/5.0 (Linux; Android 4.4.4; 2014811 Build/KTU84P) AppleWebKit/537.36 (KHTML, like Gecko) Version/4.0 Chrome/33.0.0.0 Mobile Safari/537.36" -
1.95.79.146 - - [29/Apr/2015:01:15:13 +0800][0.000] "GET /v.gif?t=app-start&did=72d1095eea721799&p=app&page= HTTP/1.1" 200 0 "-" "Mozilla/5.0 (Linux; Android 4.4.4; 2014811 Build/KTU84P) AppleWebKit/537.36 (KHTML, like Gecko) Version/4.0 Chrome/33.0.0.0 Mobile Safari/537.36" -
1.95.79.146 - - [29/Apr/2015:01:15:13 +0800][0.000] "GET /v.gif?t=profits_status&did=72d1095eea721799&p=app&page=%23%2Ftab%2Fprofit%2Fstatus HTTP/1.1" 200 0 "-" "Mozilla/5.0 (Linux; Android 4.4.4; 2014811 Build/KTU84P) AppleWebKit/537.36 (KHTML, like Gecko) Version/4.0 Chrome/33.0.0.0 Mobile Safari/537.36" -
1.95.79.146 - - [29/Apr/2015:01:16:55 +0800][0.000] "GET /v.gif?t=%E5%85%B3%E6%B3%A8%E9%A1%B5%E9%9D%A2&did=72d1095eea721799&p=app&page=%23%2Ftab%2Fstar HTTP/1.1" 200 0 "-" "Mozilla/5.0 (Linux; Android 4.4.4; 2014811 Build/KTU84P) AppleWebKit/537.36 (KHTML, like Gecko) Version/4.0 Chrome/33.0.0.0 Mobile Safari/537.36" -
1.95.79.146 - - [29/Apr/2015:01:16:56 +0800][0.000] "GET /v.gif?t=page_enter_search&did=72d1095eea721799&p=app&page=%23%2Ftab%2Fsearch HTTP/1.1" 200 0 "-" "Mozilla/5.0 (Linux; Android 4.4.4; 2014811 Build/KTU84P) AppleWebKit/537.36 (KHTML, like Gecko) Version/4.0 Chrome/33.0.0.0 Mobile Safari/537.36" -
1.95.79.146 - - [29/Apr/2015:01:16:57 +0800][0.000] "GET /v.gif?t=%E6%9B%B4%E5%A4%9A%E9%A1%B5%E9%9D%A2&did=72d1095eea721799&p=app&page=%23%2Ftab%2Fmore HTTP/1.1" 200 0 "-" "Mozilla/5.0 (Linux; Android 4.4.4; 2014811 Build/KTU84P) AppleWebKit/537.36 (KHTML, like Gecko) Version/4.0 Chrome/33.0.0.0 Mobile Safari/537.36" -
1.95.79.146 - - [29/Apr/2015:01:17:14 +0800][0.000] "GET /v.gif?t=app-start&did=72d1095eea721799&p=app&page= HTTP/1.1" 304 0 "-" "Mozilla/5.0 (Linux; Android 4.4.4; 2014811 Build/KTU84P) AppleWebKit/537.36 (KHTML, like Gecko) Version/4.0 Chrome/33.0.0.0 Mobile Safari/537.36" -
1.95.79.146 - - [29/Apr/2015:01:17:14 +0800][0.000] "GET /v.gif?t=%E6%94%B6%E7%9B%8A%E9%A1%B5%E9%9D%A2&did=72d1095eea721799&p=app&page=%23%2Ftab%2Fprofit%2Fstatus HTTP/1.1" 200 0 "-" "Mozilla/5.0 (Linux; Android 4.4.4; 2014811 Build/KTU84P) AppleWebKit/537.36 (KHTML, like Gecko) Version/4.0 Chrome/33.0.0.0 Mobile Safari/537.36" -
1.95.79.146 - - [29/Apr/2015:01:18:20 +0800][0.000] "GET /v.gif?t=tab_%E7%90%86%E8%B4%A2%E8%AF%8A%E6%96%AD&did=72d1095eea721799&p=app&page=%23%2Ftab%2Fprofit%2Fstatus HTTP/1.1" 200 0 "-" "Mozilla/5.0 (Linux; Android 4.4.4; 2014811 Build/KTU84P) AppleWebKit/537.36 (KHTML, like Gecko) Version/4.0 Chrome/33.0.0.0 Mobile Safari/537.36" -
1.95.79.146 - - [29/Apr/2015:01:18:22 +0800][0.000] "GET /v.gif?t=%E6%9B%B4%E5%A4%9A%E9%A1%B5%E9%9D%A2&did=72d1095eea721799&p=app&page=%23%2Ftab%2Fmore HTTP/1.1" 304 0 "-" "Mozilla/5.0 (Linux; Android 4.4.4; 2014811 Build/KTU84P) AppleWebKit/537.36 (KHTML, like Gecko) Version/4.0 Chrome/33.0.0.0 Mobile Safari/537.36" -
1.95.79.146 - - [29/Apr/2015:01:18:30 +0800][0.000] "GET /v.gif?t=app-start&did=72d1095eea721799&p=app&page= HTTP/1.1" 304 0 "-" "Mozilla/5.0 (Linux; Android 4.4.4; 2014811 Build/KTU84P) AppleWebKit/537.36 (KHTML, like Gecko) Version/4.0 Chrome/33.0.0.0 Mobile Safari/537.36" -
1.95.79.146 - - [29/Apr/2015:01:18:30 +0800][0.000] "GET /v.gif?t=%E6%94%B6%E7%9B%8A%E9%A1%B5%E9%9D%A2&did=72d1095eea721799&p=app&page=%23%2Ftab%2Fprofit%2Fstatus HTTP/1.1" 304 0 "-" "Mozilla/5.0 (Linux; Android 4.4.4; 2014811 Build/KTU84P) AppleWebKit/537.36 (KHTML, like Gecko) Version/4.0 Chrome/33.0.0.0 Mobile Safari/537.36" -
1.95.79.146 - - [29/Apr/2015:01:18:34 +0800][0.000] "GET /v.gif?t=%E6%9B%B4%E5%A4%9A%E9%A1%B5%E9%9D%A2&did=72d1095eea721799&p=app&page=%23%2Ftab%2Fmore HTTP/1.1" 304 0 "-" "Mozilla/5.0 (Linux; Android 4.4.4; 2014811 Build/KTU84P) AppleWebKit/537.36 (KHTML, like Gecko) Version/4.0 Chrome/33.0.0.0 Mobile Safari/537.36" -
1.95.79.146 - - [29/Apr/2015:01:18:41 +0800][0.000] "GET /v.gif?t=rank_%E4%BA%92%E8%81%94%E7%BD%91&did=72d1095eea721799&p=app&page=%23%2Ftab%2Frank HTTP/1.1" 200 0 "-" "Mozilla/5.0 (Linux; Android 4.4.4; 2014811 Build/KTU84P) AppleWebKit/537.36 (KHTML, like Gecko) Version/4.0 Chrome/33.0.0.0 Mobile Safari/537.36" -
115.192.121.8 - - [29/Apr/2015:01:18:49 +0800][0.000] "GET /v.gif?t=app-start&did=473F96AB-66A2-4143-9028-885EDBD966F1&p=app&page=%23%2Ftab%2Frank HTTP/1.1" 200 0 "-" "Mozilla/5.0 (iPhone; CPU iPhone OS 7_1 like Mac OS X) AppleWebKit/537.51.2 (KHTML, like Gecko) Mobile/11D167 (399900768)" -
115.192.121.8 - - [29/Apr/2015:01:19:00 +0800][0.000] "GET /v.gif?t=profits_status&did=473F96AB-66A2-4143-9028-885EDBD966F1&p=app&page=%23%2Ftab%2Fprofit%2Fstatus HTTP/1.1" 200 0 "-" "Mozilla/5.0 (iPhone; CPU iPhone OS 7_1 like Mac OS X) AppleWebKit/537.51.2 (KHTML, like Gecko) Mobile/11D167 (399900768)" -
1.95.79.146 - - [29/Apr/2015:01:19:14 +0800][0.000] "GET /v.gif?t=app-start&did=72d1095eea721799&p=app&page= HTTP/1.1" 304 0 "-" "Mozilla/5.0 (Linux; Android 4.4.4; 2014811 Build/KTU84P) AppleWebKit/537.36 (KHTML, like Gecko) Version/4.0 Chrome/33.0.0.0 Mobile Safari/537.36" -
1.95.79.146 - - [29/Apr/2015:01:19:15 +0800][0.000] "GET /v.gif?t=profits_status&did=72d1095eea721799&p=app&page=%23%2Ftab%2Fprofit%2Fstatus HTTP/1.1" 304 0 "-" "Mozilla/5.0 (Linux; Android 4.4.4; 2014811 Build/KTU84P) AppleWebKit/537.36 (KHTML, like Gecko) Version/4.0 Chrome/33.0.0.0 Mobile Safari/537.36" -
1.95.79.146 - - [29/Apr/2015:01:19:17 +0800][0.000] "GET /v.gif?t=app-start&did=72d1095eea721799&p=app&page= HTTP/1.1" 304 0 "-" "Mozilla/5.0 (Linux; Android 4.4.4; 2014811 Build/KTU84P) AppleWebKit/537.36 (KHTML, like Gecko) Version/4.0 Chrome/33.0.0.0 Mobile Safari/537.36" -
1.95.79.146 - - [29/Apr/2015:01:19:18 +0800][0.000] "GET /v.gif?t=profits_status&did=72d1095eea721799&p=app&page=%23%2Ftab%2Fprofit%2Fstatus HTTP/1.1" 304 0 "-" "Mozilla/5.0 (Linux; Android 4.4.4; 2014811 Build/KTU84P) AppleWebKit/537.36 (KHTML, like Gecko) Version/4.0 Chrome/33.0.0.0 Mobile Safari/537.36" -
1.95.79.146 - - [29/Apr/2015:01:19:21 +0800][0.000] "GET /v.gif?t=%E6%9B%B4%E5%A4%9A%E9%A1%B5%E9%9D%A2&did=72d1095eea721799&p=app&page=%23%2Ftab%2Fmore HTTP/1.1" 304 0 "-" "Mozilla/5.0 (Linux; Android 4.4.4; 2014811 Build/KTU84P) AppleWebKit/537.36 (KHTML, like Gecko) Version/4.0 Chrome/33.0.0.0 Mobile Safari/537.36" -
1.95.79.146 - - [29/Apr/2015:01:19:31 +0800][0.000] "GET /v.gif?t=app-start&did=72d1095eea721799&p=app&page= HTTP/1.1" 304 0 "-" "Mozilla/5.0 (Linux; Android 4.4.4; 2014811 Build/KTU84P) AppleWebKit/537.36 (KHTML, like Gecko) Version/4.0 Chrome/33.0.0.0 Mobile Safari/537.36" -
1.95.79.146 - - [29/Apr/2015:01:19:32 +0800][0.000] "GET /v.gif?t=profits_status&did=72d1095eea721799&p=app&page=%23%2Ftab%2Fprofit%2Fstatus HTTP/1.1" 304 0 "-" "Mozilla/5.0 (Linux; Android 4.4.4; 2014811 Build/KTU84P) AppleWebKit/537.36 (KHTML, like Gecko) Version/4.0 Chrome/33.0.0.0 Mobile Safari/537.36" -
1.95.79.146 - - [29/Apr/2015:01:19:36 +0800][0.000] "GET /v.gif?t=%E6%9B%B4%E5%A4%9A%E9%A1%B5%E9%9D%A2&did=72d1095eea721799&p=app&page=%23%2Ftab%2Fmore HTTP/1.1" 304 0 "-" "Mozilla/5.0 (Linux; Android 4.4.4; 2014811 Build/KTU84P) AppleWebKit/537.36 (KHTML, like Gecko) Version/4.0 Chrome/33.0.0.0 Mobile Safari/537.36" -
1.95.79.146 - - [29/Apr/2015:01:19:43 +0800][0.000] "GET /v.gif?t=page_enter_search&did=72d1095eea721799&p=app&page=%23%2Ftab%2Fsearch HTTP/1.1" 304 0 "-" "Mozilla/5.0 (Linux; Android 4.4.4; 2014811 Build/KTU84P) AppleWebKit/537.36 (KHTML, like Gecko) Version/4.0 Chrome/33.0.0.0 Mobile Safari/537.36" -
1.95.79.146 - - [29/Apr/2015:01:19:44 +0800][0.000] "GET /v.gif?t=%E5%85%B3%E6%B3%A8%E9%A1%B5%E9%9D%A2&did=72d1095eea721799&p=app&page=%23%2Ftab%2Fstar HTTP/1.1" 304 0 "-" "Mozilla/5.0 (Linux; Android 4.4.4; 2014811 Build/KTU84P) AppleWebKit/537.36 (KHTML, like Gecko) Version/4.0 Chrome/33.0.0.0 Mobile Safari/537.36" -
1.95.79.146 - - [29/Apr/2015:01:20:13 +0800][0.000] "GET /v.gif?t=profits_status&did=undefined&p=app&page=%23%2Ftab%2Fprofit%2Fstatus HTTP/1.1" 200 0 "http://localhost:8100/index.html" "Mozilla/5.0 (iPhone; CPU iPhone OS 7_0 like Mac OS X; en-us) AppleWebKit/537.51.1 (KHTML, like Gecko) Version/7.0 Mobile/11A465 Safari/9537.53" -
1.95.79.146 - - [29/Apr/2015:01:20:13 +0800][0.000] "GET /v.gif?t=web-start&did=web&p=app&page=%23%2Ftab%2Fprofit%2Fstatus HTTP/1.1" 200 0 "http://localhost:8100/index.html" "Mozilla/5.0 (iPhone; CPU iPhone OS 7_0 like Mac OS X; en-us) AppleWebKit/537.51.1 (KHTML, like Gecko) Version/7.0 Mobile/11A465 Safari/9537.53" -
1.95.79.146 - - [29/Apr/2015:01:22:18 +0800][0.000] "GET /v.gif?t=app-start&did=72d1095eea721799&p=app&page= HTTP/1.1" 304 0 "-" "Mozilla/5.0 (Linux; Android 4.4.4; 2014811 Build/KTU84P) AppleWebKit/537.36 (KHTML, like Gecko) Version/4.0 Chrome/33.0.0.0 Mobile Safari/537.36" -
1.95.79.146 - - [29/Apr/2015:01:22:18 +0800][0.000] "GET /v.gif?t=profits_status&did=72d1095eea721799&p=app&page=%23%2Ftab%2Fprofit%2Fstatus HTTP/1.1" 304 0 "-" "Mozilla/5.0 (Linux; Android 4.4.4; 2014811 Build/KTU84P) AppleWebKit/537.36 (KHTML, like Gecko) Version/4.0 Chrome/33.0.0.0 Mobile Safari/537.36" -
1.95.79.146 - - [29/Apr/2015:01:22:20 +0800][0.000] "GET /v.gif?t=app-start&did=72d1095eea721799&p=app&page= HTTP/1.1" 304 0 "-" "Mozilla/5.0 (Linux; Android 4.4.4; 2014811 Build/KTU84P) AppleWebKit/537.36 (KHTML, like Gecko) Version/4.0 Chrome/33.0.0.0 Mobile Safari/537.36" -
1.95.79.146 - - [29/Apr/2015:01:22:21 +0800][0.000] "GET /v.gif?t=profits_status&did=72d1095eea721799&p=app&page=%23%2Ftab%2Fprofit%2Fstatus HTTP/1.1" 304 0 "-" "Mozilla/5.0 (Linux; Android 4.4.4; 2014811 Build/KTU84P) AppleWebKit/537.36 (KHTML, like Gecko) Version/4.0 Chrome/33.0.0.0 Mobile Safari/537.36" -
1.95.79.146 - - [29/Apr/2015:01:22:26 +0800][0.000] "GET /v.gif?t=%E6%9B%B4%E5%A4%9A%E9%A1%B5%E9%9D%A2&did=72d1095eea721799&p=app&page=%23%2Ftab%2Fmore HTTP/1.1" 304 0 "-" "Mozilla/5.0 (Linux; Android 4.4.4; 2014811 Build/KTU84P) AppleWebKit/537.36 (KHTML, like Gecko) Version/4.0 Chrome/33.0.0.0 Mobile Safari/537.36" -
1.95.79.146 - - [29/Apr/2015:01:22:36 +0800][0.000] "GET /v.gif?t=app-start&did=72d1095eea721799&p=app&page= HTTP/1.1" 304 0 "-" "Mozilla/5.0 (Linux; Android 4.4.4; 2014811 Build/KTU84P) AppleWebKit/537.36 (KHTML, like Gecko) Version/4.0 Chrome/33.0.0.0 Mobile Safari/537.36" -
1.95.79.146 - - [29/Apr/2015:01:22:37 +0800][0.000] "GET /v.gif?t=profits_status&did=72d1095eea721799&p=app&page=%23%2Ftab%2Fprofit%2Fstatus HTTP/1.1" 304 0 "-" "Mozilla/5.0 (Linux; Android 4.4.4; 2014811 Build/KTU84P) AppleWebKit/537.36 (KHTML, like Gecko) Version/4.0 Chrome/33.0.0.0 Mobile Safari/537.36" -
1.95.79.146 - - [29/Apr/2015:01:22:41 +0800][0.000] "GET /v.gif?t=%E6%9B%B4%E5%A4%9A%E9%A1%B5%E9%9D%A2&did=72d1095eea721799&p=app&page=%23%2Ftab%2Fmore HTTP/1.1" 304 0 "-" "Mozilla/5.0 (Linux; Android 4.4.4; 2014811 Build/KTU84P) AppleWebKit/537.36 (KHTML, like Gecko) Version/4.0 Chrome/33.0.0.0 Mobile Safari/537.36" -
183.9.179.139 - - [29/Apr/2015:01:24:40 +0800][0.000] "GET /v.gif?t=app-start&did=afbb3d3a66dcc08e&p=app&page= HTTP/1.1" 200 0 "-" "Mozilla/5.0 (Linux; U; Android 4.3; zh-cn; GT-I9500 Build/JSS15J) AppleWebKit/534.30 (KHTML, like Gecko) Version/4.0 Mobile Safari/534.30" -
183.9.179.139 - - [29/Apr/2015:01:24:58 +0800][0.000] "GET /v.gif?rank_list_name=2015%E5%B9%B4%E4%BA%92%E8%81%94%E7%BD%91%E7%90%86%E8%B4%A2%E5%93%AA%E5%AE%B6%E5%BC%BA&isSub=true&t=rank_list_click_log&did=afbb3d3a66dcc08e&p=app&page=%23%2Ftab%2Frank HTTP/1.1" 200 0 "-" "Mozilla/5.0 (Linux; U; Android 4.3; zh-cn; GT-I9500 Build/JSS15J) AppleWebKit/534.30 (KHTML, like Gecko) Version/4.0 Mobile Safari/534.30" -
183.9.179.139 - - [29/Apr/2015:01:24:59 +0800][0.000] "GET /v.gif?rank_list_name=2015%E5%B9%B4%E4%BA%92%E8%81%94%E7%BD%91%E7%90%86%E8%B4%A2%E5%93%AA%E5%AE%B6%E5%BC%BA&product_name=%E5%BE%AE%E4%BF%A1%E7%90%86%E8%B4%A2%E9%80%9A&rank_index=3&t=rank_list_item_click_log&did=afbb3d3a66dcc08e&p=app&page=%23%2Ftab%2Frank%2Finfo%2F100181459 HTTP/1.1" 200 0 "-" "Mozilla/5.0 (Linux; U; Android 4.3; zh-cn; GT-I9500 Build/JSS15J) AppleWebKit/534.30 (KHTML, like Gecko) Version/4.0 Mobile Safari/534.30" -
183.9.179.139 - - [29/Apr/2015:01:25:00 +0800][0.000] "GET /v.gif?t=%E8%AF%A6%E6%83%85%E9%A1%B5%E9%9D%A2&did=afbb3d3a66dcc08e&p=app&page=%23%2Ftab%2Frank%2F40003684 HTTP/1.1" 200 0 "-" "Mozilla/5.0 (Linux; U; Android 4.3; zh-cn; GT-I9500 Build/JSS15J) AppleWebKit/534.30 (KHTML, like Gecko) Version/4.0 Mobile Safari/534.30" -
1.95.79.146 - - [29/Apr/2015:01:26:36 +0800][0.000] "GET /v.gif?t=app-start&did=72d1095eea721799&p=app&page= HTTP/1.1" 200 0 "-" "Mozilla/5.0 (Linux; Android 4.4.4; 2014811 Build/KTU84P) AppleWebKit/537.36 (KHTML, like Gecko) Version/4.0 Chrome/33.0.0.0 Mobile Safari/537.36" -
1.95.79.146 - - [29/Apr/2015:01:26:37 +0800][0.000] "GET /v.gif?t=profits_status&did=72d1095eea721799&p=app&page=%23%2Ftab%2Fprofit%2Fstatus HTTP/1.1" 200 0 "-" "Mozilla/5.0 (Linux; Android 4.4.4; 2014811 Build/KTU84P) AppleWebKit/537.36 (KHTML, like Gecko) Version/4.0 Chrome/33.0.0.0 Mobile Safari/537.36" -
1.95.79.146 - - [29/Apr/2015:01:27:35 +0800][0.000] "GET /v.gif?t=%E5%85%B3%E6%B3%A8%E9%A1%B5%E9%9D%A2&did=72d1095eea721799&p=app&page=%23%2Ftab%2Fstar HTTP/1.1" 200 0 "-" "Mozilla/5.0 (Linux; Android 4.4.4; 2014811 Build/KTU84P) AppleWebKit/537.36 (KHTML, like Gecko) Version/4.0 Chrome/33.0.0.0 Mobile Safari/537.36" -
1.95.79.146 - - [29/Apr/2015:01:27:37 +0800][0.000] "GET /v.gif?t=page_enter_search&did=72d1095eea721799&p=app&page=%23%2Ftab%2Fsearch HTTP/1.1" 200 0 "-" "Mozilla/5.0 (Linux; Android 4.4.4; 2014811 Build/KTU84P) AppleWebKit/537.36 (KHTML, like Gecko) Version/4.0 Chrome/33.0.0.0 Mobile Safari/537.36" -
1.95.79.146 - - [29/Apr/2015:01:27:38 +0800][0.000] "GET /v.gif?t=%E6%9B%B4%E5%A4%9A%E9%A1%B5%E9%9D%A2&did=72d1095eea721799&p=app&page=%23%2Ftab%2Fmore HTTP/1.1" 200 0 "-" "Mozilla/5.0 (Linux; Android 4.4.4; 2014811 Build/KTU84P) AppleWebKit/537.36 (KHTML, like Gecko) Version/4.0 Chrome/33.0.0.0 Mobile Safari/537.36" -
1.95.79.146 - - [29/Apr/2015:01:27:47 +0800][0.000] "GET /v.gif?t=app-start&did=72d1095eea721799&p=app&page= HTTP/1.1" 304 0 "-" "Mozilla/5.0 (Linux; Android 4.4.4; 2014811 Build/KTU84P) AppleWebKit/537.36 (KHTML, like Gecko) Version/4.0 Chrome/33.0.0.0 Mobile Safari/537.36" -
1.95.79.146 - - [29/Apr/2015:01:27:47 +0800][0.000] "GET /v.gif?t=profits_status&did=72d1095eea721799&p=app&page=%23%2Ftab%2Fprofit%2Fstatus HTTP/1.1" 304 0 "-" "Mozilla/5.0 (Linux; Android 4.4.4; 2014811 Build/KTU84P) AppleWebKit/537.36 (KHTML, like Gecko) Version/4.0 Chrome/33.0.0.0 Mobile Safari/537.36" -
1.95.79.146 - - [29/Apr/2015:01:27:52 +0800][0.000] "GET /v.gif?t=%E5%85%B3%E6%B3%A8%E9%A1%B5%E9%9D%A2&did=72d1095eea721799&p=app&page=%23%2Ftab%2Fstar HTTP/1.1" 304 0 "-" "Mozilla/5.0 (Linux; Android 4.4.4; 2014811 Build/KTU84P) AppleWebKit/537.36 (KHTML, like Gecko) Version/4.0 Chrome/33.0.0.0 Mobile Safari/537.36" -
1.95.79.146 - - [29/Apr/2015:01:27:54 +0800][0.000] "GET /v.gif?t=page_enter_search&did=72d1095eea721799&p=app&page=%23%2Ftab%2Fsearch HTTP/1.1" 304 0 "-" "Mozilla/5.0 (Linux; Android 4.4.4; 2014811 Build/KTU84P) AppleWebKit/537.36 (KHTML, like Gecko) Version/4.0 Chrome/33.0.0.0 Mobile Safari/537.36" -
1.95.79.146 - - [29/Apr/2015:01:27:55 +0800][0.000] "GET /v.gif?t=%E6%9B%B4%E5%A4%9A%E9%A1%B5%E9%9D%A2&did=72d1095eea721799&p=app&page=%23%2Ftab%2Fmore HTTP/1.1" 304 0 "-" "Mozilla/5.0 (Linux; Android 4.4.4; 2014811 Build/KTU84P) AppleWebKit/537.36 (KHTML, like Gecko) Version/4.0 Chrome/33.0.0.0 Mobile Safari/537.36" -
