115.193.186.100 - - [27/Apr/2015:00:38:30 +0800][0.000] "GET /v.gif?rank_list_name=%E4%BF%9D%E6%9C%AC%E6%9C%89%E5%90%8E%E5%8F%B0P2P%E5%B9%B3%E5%8F%B0%E6%8E%92%E8%A1%8C&isSub=true&t=rank_list_click_log&did=3F042D7C-16A8-4189-A4C2-3E8233F73F1D&p=app&page=%23%2Ftab%2Frank%2Fadd HTTP/1.1" 200 0 "-" "Mozilla/5.0 (iPhone; CPU iPhone OS 8_1_3 like Mac OS X) AppleWebKit/600.1.4 (KHTML, like Gecko) Mobile/12B466 (5717941264)" -
115.193.186.100 - - [27/Apr/2015:00:38:32 +0800][0.000] "GET /v.gif?rank_list_name=%E4%BF%9D%E6%9C%AC%E6%9C%89%E5%90%8E%E5%8F%B0P2P%E5%B9%B3%E5%8F%B0%E6%8E%92%E8%A1%8C&product_name=%E4%BC%97%E4%BF%A1%E9%87%91%E8%9E%8D&rank_index=1&t=rank_list_item_click_log&did=3F042D7C-16A8-4189-A4C2-3E8233F73F1D&p=app&page=%23%2Ftab%2Frank%2Finfo%2F100181462 HTTP/1.1" 200 0 "-" "Mozilla/5.0 (iPhone; CPU iPhone OS 8_1_3 like Mac OS X) AppleWebKit/600.1.4 (KHTML, like Gecko) Mobile/12B466 (5717941264)" -
115.193.186.100 - - [27/Apr/2015:00:38:37 +0800][0.000] "GET /v.gif?rank_list_name=%E4%BF%9D%E6%9C%AC%E6%9C%89%E5%90%8E%E5%8F%B0P2P%E5%B9%B3%E5%8F%B0%E6%8E%92%E8%A1%8C&product_name=365%E6%98%93%E8%B4%B7&rank_index=2&t=rank_list_item_click_log&did=3F042D7C-16A8-4189-A4C2-3E8233F73F1D&p=app&page=%23%2Ftab%2Frank%2Finfo%2F100181462 HTTP/1.1" 200 0 "-" "Mozilla/5.0 (iPhone; CPU iPhone OS 8_1_3 like Mac OS X) AppleWebKit/600.1.4 (KHTML, like Gecko) Mobile/12B466 (5717941264)" -
113.67.132.16 - - [27/Apr/2015:00:38:50 +0800][0.000] "GET /v.gif?t=%E8%AF%A6%E6%83%85%E9%A1%B5%E9%9D%A2&did=59b2565e5f1fc9b4&p=app&page=%23%2Ftab%2Frank%2F40003693 HTTP/1.1" 200 0 "-" "Mozilla/5.0 (Linux; Android 4.4.2; HUAWEI P7-L09 Build/HuaweiP7-L09) AppleWebKit/537.36 (KHTML, like Gecko) Version/4.0 Chrome/30.0.0.0 Mobile Safari/537.36" -
115.193.186.100 - - [27/Apr/2015:00:38:56 +0800][0.000] "GET /v.gif?rank_list_name=%E5%B9%B4%E5%BA%A6%E6%9C%80%E8%B5%9A%E5%9F%BA%E9%87%91%E6%8E%92%E8%A1%8C&isSub=false&t=rank_list_click_log&did=3F042D7C-16A8-4189-A4C2-3E8233F73F1D&p=app&page=%23%2Ftab%2Frank%2Fadd HTTP/1.1" 200 0 "-" "Mozilla/5.0 (iPhone; CPU iPhone OS 8_1_3 like Mac OS X) AppleWebKit/600.1.4 (KHTML, like Gecko) Mobile/12B466 (5717941264)" -
115.193.186.100 - - [27/Apr/2015:00:39:03 +0800][0.000] "GET /v.gif?rank_list_name=%E5%B9%B4%E5%BA%A6%E6%9C%80%E8%B5%9A%E5%9F%BA%E9%87%91%E6%8E%92%E8%A1%8C&product_name=%E5%8D%8E%E6%B3%B0%E6%9F%8F%E7%91%9E%E7%A7%AF%E6%9E%81%E6%88%90%E9%95%BF&rank_index=14&t=rank_list_item_click_log&did=3F042D7C-16A8-4189-A4C2-3E8233F73F1D&p=app&page=%23%2Ftab%2Frank%2Finfo%2F100181464 HTTP/1.1" 200 0 "-" "Mozilla/5.0 (iPhone; CPU iPhone OS 8_1_3 like Mac OS X) AppleWebKit/600.1.4 (KHTML, like Gecko) Mobile/12B466 (5717941264)" -
115.193.186.100 - - [27/Apr/2015:00:39:03 +0800][0.000] "GET /v.gif?t=%E8%AF%A6%E6%83%85%E9%A1%B5%E9%9D%A2&did=3F042D7C-16A8-4189-A4C2-3E8233F73F1D&p=app&page=%23%2Ftab%2Frank%2F30001078 HTTP/1.1" 200 0 "-" "Mozilla/5.0 (iPhone; CPU iPhone OS 8_1_3 like Mac OS X) AppleWebKit/600.1.4 (KHTML, like Gecko) Mobile/12B466 (5717941264)" -
113.67.132.16 - - [27/Apr/2015:00:39:15 +0800][0.000] "GET /v.gif?t=buying_method_rank&did=59b2565e5f1fc9b4&p=app&page=%23%2Ftab%2Frank%2F40003693 HTTP/1.1" 200 0 "-" "Mozilla/5.0 (Linux; Android 4.4.2; HUAWEI P7-L09 Build/HuaweiP7-L09) AppleWebKit/537.36 (KHTML, like Gecko) Version/4.0 Chrome/30.0.0.0 Mobile Safari/537.36" -
115.193.186.100 - - [27/Apr/2015:00:39:22 +0800][0.000] "GET /v.gif?t=calculate_profit&did=3F042D7C-16A8-4189-A4C2-3E8233F73F1D&p=app&page=%23%2Ftab%2Frank%2F30001078 HTTP/1.1" 200 0 "-" "Mozilla/5.0 (iPhone; CPU iPhone OS 8_1_3 like Mac OS X) AppleWebKit/600.1.4 (KHTML, like Gecko) Mobile/12B466 (5717941264)" -
185.5.153.20 - - [27/Apr/2015:00:39:29 +0800][0.000] "GET /v.gif?t=add_search_enter&did=6dc36bac73868fcf&p=app&page=%23%2Ftab%2Fprofit%2Fsearch%3Ffr%3Dadd HTTP/1.1" 304 0 "-" "Mozilla/5.0 (Linux; Android 4.4.4; Coolpad 8675-W00 Build/KTU84P) AppleWebKit/537.36 (KHTML, like Gecko) Version/4.0 Chrome/33.0.0.0 Mobile Safari/537.36" -
185.5.153.20 - - [27/Apr/2015:00:39:29 +0800][0.000] "GET /v.gif?t=search_do&did=6dc36bac73868fcf&p=app&page=%23%2Ftab%2Fprofit%2Fsearch%3Ffr%3Dadd HTTP/1.1" 304 0 "-" "Mozilla/5.0 (Linux; Android 4.4.4; Coolpad 8675-W00 Build/KTU84P) AppleWebKit/537.36 (KHTML, like Gecko) Version/4.0 Chrome/33.0.0.0 Mobile Safari/537.36" -
185.5.153.20 - - [27/Apr/2015:00:39:31 +0800][0.000] "GET /v.gif?t=%E6%B7%BB%E5%8A%A0%E9%A1%B5%E9%9D%A2&did=6dc36bac73868fcf&p=app&page=%23%2Ftab%2Fprofit%2Fadd%2Ffund%2F30001009 HTTP/1.1" 200 0 "-" "Mozilla/5.0 (Linux; Android 4.4.4; Coolpad 8675-W00 Build/KTU84P) AppleWebKit/537.36 (KHTML, like Gecko) Version/4.0 Chrome/33.0.0.0 Mobile Safari/537.36" -
115.193.186.100 - - [27/Apr/2015:00:39:44 +0800][0.000] "GET /v.gif?t=buying_method_rank&did=3F042D7C-16A8-4189-A4C2-3E8233F73F1D&p=app&page=%23%2Ftab%2Frank%2F30001078 HTTP/1.1" 200 0 "-" "Mozilla/5.0 (iPhone; CPU iPhone OS 8_1_3 like Mac OS X) AppleWebKit/600.1.4 (KHTML, like Gecko) Mobile/12B466 (5717941264)" -
115.193.186.100 - - [27/Apr/2015:00:39:49 +0800][0.000] "GET /v.gif?id=30001078&t=open_buy_link&did=3F042D7C-16A8-4189-A4C2-3E8233F73F1D&p=app&page=%23%2Ftab%2Frank%2Fdetail_more%2F%3Ftype%3Dbuying_method%26_id%3D30001078 HTTP/1.1" 200 0 "-" "Mozilla/5.0 (iPhone; CPU iPhone OS 8_1_3 like Mac OS X) AppleWebKit/600.1.4 (KHTML, like Gecko) Mobile/12B466 (5717941264)" -
60.3.83.159 - - [27/Apr/2015:00:40:03 +0800][0.000] "GET /v.gif?t=app-start&did=498bea950a033fd4&p=app&page= HTTP/1.1" 304 0 "-" "Mozilla/5.0 (Linux; U; Android 4.2.2; zh-cn; vivo S7i(t) Build/JDQ39) AppleWebKit/534.30 (KHTML, like Gecko) Version/4.0 Mobile Safari/534.30" -
60.3.83.159 - - [27/Apr/2015:00:40:15 +0800][0.000] "GET /v.gif?rank_list_name=%E6%9C%80%E5%8F%97%E6%AC%A2%E8%BF%8EP2P%E5%B9%B3%E5%8F%B0%E6%8E%92%E8%A1%8C&isSub=true&t=rank_list_click_log&did=498bea950a033fd4&p=app&page=%23%2Ftab%2Frank HTTP/1.1" 304 0 "-" "Mozilla/5.0 (Linux; U; Android 4.2.2; zh-cn; vivo S7i(t) Build/JDQ39) AppleWebKit/534.30 (KHTML, like Gecko) Version/4.0 Mobile Safari/534.30" -
117.136.41.110 - - [27/Apr/2015:00:40:25 +0800][0.000] "GET /v.gif?t=app-start&did=8ffc2c8faa30ff90&p=app&page= HTTP/1.1" 200 0 "-" "Mozilla/5.0 (Linux; U; Android 4.1.1; zh-cn; GT-N7100 Build/JRO03C) AppleWebKit/534.30 (KHTML, like Gecko) Version/4.0 Mobile Safari/534.30" -
60.3.83.159 - - [27/Apr/2015:00:40:35 +0800][0.000] "GET /v.gif?rank_list_name=%E6%9C%80%E5%8F%97%E6%AC%A2%E8%BF%8EP2P%E5%B9%B3%E5%8F%B0%E6%8E%92%E8%A1%8C&product_name=PPmoney&rank_index=2&t=rank_list_item_click_log&did=498bea950a033fd4&p=app&page=%23%2Ftab%2Frank%2Finfo%2F100181471 HTTP/1.1" 304 0 "-" "Mozilla/5.0 (Linux; U; Android 4.2.2; zh-cn; vivo S7i(t) Build/JDQ39) AppleWebKit/534.30 (KHTML, like Gecko) Version/4.0 Mobile Safari/534.30" -
117.136.41.110 - - [27/Apr/2015:00:40:37 +0800][0.000] "GET /v.gif?rank_list_name=%E4%BA%92%E8%81%94%E7%BD%91%E5%AE%9D%E5%AE%9D%E7%B1%BB%E7%90%86%E8%B4%A2%E6%9C%88%E6%8E%92%E8%A1%8C&isSub=true&t=rank_list_click_log&did=8ffc2c8faa30ff90&p=app&page=%23%2Ftab%2Frank HTTP/1.1" 200 0 "-" "Mozilla/5.0 (Linux; U; Android 4.1.1; zh-cn; GT-N7100 Build/JRO03C) AppleWebKit/534.30 (KHTML, like Gecko) Version/4.0 Mobile Safari/534.30" -
117.136.41.110 - - [27/Apr/2015:00:40:47 +0800][0.000] "GET /v.gif?rank_list_name=%E4%BA%92%E8%81%94%E7%BD%91%E5%AE%9D%E5%AE%9D%E7%B1%BB%E7%90%86%E8%B4%A2%E6%9C%88%E6%8E%92%E8%A1%8C&product_name=%E4%B8%AD%E6%B5%B7e%E9%80%9A%E5%AE%9D&rank_index=1&t=rank_list_item_click_log&did=8ffc2c8faa30ff90&p=app&page=%23%2Ftab%2Frank%2Finfo%2F100181419 HTTP/1.1" 200 0 "-" "Mozilla/5.0 (Linux; U; Android 4.1.1; zh-cn; GT-N7100 Build/JRO03C) AppleWebKit/534.30 (KHTML, like Gecko) Version/4.0 Mobile Safari/534.30" -
222.93.192.150 - - [27/Apr/2015:00:40:52 +0800][0.000] "GET /v.gif?t=app-start&did=4cd050f727551024&p=app&page= HTTP/1.1" 304 0 "-" "Mozilla/5.0 (Linux; Android 4.4.4; M463C Build/KTU84P) AppleWebKit/537.36 (KHTML, like Gecko) Version/4.0 Chrome/33.0.0.0 Mobile Safari/537.36" -
117.136.41.110 - - [27/Apr/2015:00:40:53 +0800][0.000] "GET /v.gif?t=%E8%AF%A6%E6%83%85%E9%A1%B5%E9%9D%A2&did=8ffc2c8faa30ff90&p=app&page=%23%2Ftab%2Frank%2F40003693 HTTP/1.1" 200 0 "-" "Mozilla/5.0 (Linux; U; Android 4.1.1; zh-cn; GT-N7100 Build/JRO03C) AppleWebKit/534.30 (KHTML, like Gecko) Version/4.0 Mobile Safari/534.30" -
222.93.192.150 - - [27/Apr/2015:00:40:56 +0800][0.000] "GET /v.gif?t=profits_status&did=4cd050f727551024&p=app&page=%23%2Ftab%2Fprofit%2Fstatus HTTP/1.1" 304 0 "-" "Mozilla/5.0 (Linux; Android 4.4.4; M463C Build/KTU84P) AppleWebKit/537.36 (KHTML, like Gecko) Version/4.0 Chrome/33.0.0.0 Mobile Safari/537.36" -
117.136.41.110 - - [27/Apr/2015:00:41:25 +0800][0.000] "GET /v.gif?t=calculate_profit&did=8ffc2c8faa30ff90&p=app&page=%23%2Ftab%2Frank%2F40003693 HTTP/1.1" 200 0 "-" "Mozilla/5.0 (Linux; U; Android 4.1.1; zh-cn; GT-N7100 Build/JRO03C) AppleWebKit/534.30 (KHTML, like Gecko) Version/4.0 Mobile Safari/534.30" -
87.101.211.250 - - [27/Apr/2015:00:41:32 +0800][0.000] "GET /v.gif?t=search_do&did=6dc36bac73868fcf&p=app&page=%23%2Ftab%2Fprofit%2Fsearch%3Ffr%3Dadd HTTP/1.1" 304 0 "-" "Mozilla/5.0 (Linux; Android 4.4.4; Coolpad 8675-W00 Build/KTU84P) AppleWebKit/537.36 (KHTML, like Gecko) Version/4.0 Chrome/33.0.0.0 Mobile Safari/537.36" -
87.101.211.250 - - [27/Apr/2015:00:41:32 +0800][0.000] "GET /v.gif?t=add_search_enter&did=6dc36bac73868fcf&p=app&page=%23%2Ftab%2Fprofit%2Fsearch%3Ffr%3Dadd HTTP/1.1" 304 0 "-" "Mozilla/5.0 (Linux; Android 4.4.4; Coolpad 8675-W00 Build/KTU84P) AppleWebKit/537.36 (KHTML, like Gecko) Version/4.0 Chrome/33.0.0.0 Mobile Safari/537.36" -
87.101.211.250 - - [27/Apr/2015:00:41:36 +0800][0.000] "GET /v.gif?t=%E6%B7%BB%E5%8A%A0%E9%A1%B5%E9%9D%A2&did=6dc36bac73868fcf&p=app&page=%23%2Ftab%2Fprofit%2Fadd%2Ffund%2F30002962 HTTP/1.1" 200 0 "-" "Mozilla/5.0 (Linux; Android 4.4.4; Coolpad 8675-W00 Build/KTU84P) AppleWebKit/537.36 (KHTML, like Gecko) Version/4.0 Chrome/33.0.0.0 Mobile Safari/537.36" -
60.3.83.159 - - [27/Apr/2015:00:42:19 +0800][0.000] "GET /v.gif?t=app-start&did=498bea950a033fd4&p=app&page= HTTP/1.1" 304 0 "-" "Mozilla/5.0 (Linux; U; Android 4.2.2; zh-cn; vivo S7i(t) Build/JDQ39) AppleWebKit/534.30 (KHTML, like Gecko) Version/4.0 Mobile Safari/534.30" -
117.136.41.110 - - [27/Apr/2015:00:42:33 +0800][0.000] "GET /v.gif?t=profits_status&did=8ffc2c8faa30ff90&p=app&page=%23%2Ftab%2Fprofit%2Fstatus HTTP/1.1" 200 0 "-" "Mozilla/5.0 (Linux; U; Android 4.1.1; zh-cn; GT-N7100 Build/JRO03C) AppleWebKit/534.30 (KHTML, like Gecko) Version/4.0 Mobile Safari/534.30" -
117.136.41.110 - - [27/Apr/2015:00:42:35 +0800][0.000] "GET /v.gif?t=%E6%96%B0%E6%89%8B%E5%BC%95%E5%AF%BC_%E5%B1%95%E7%8E%B0&did=8ffc2c8faa30ff90&p=app&page=%23%2Ftab%2Frank HTTP/1.1" 200 0 "-" "Mozilla/5.0 (Linux; U; Android 4.1.1; zh-cn; GT-N7100 Build/JRO03C) AppleWebKit/534.30 (KHTML, like Gecko) Version/4.0 Mobile Safari/534.30" -
49.80.132.69 - - [27/Apr/2015:00:42:46 +0800][0.000] "GET /v.gif?t=app-start&did=36d67df0865ec4c7&p=app&page= HTTP/1.1" 200 0 "-" "Mozilla/5.0 (Linux; U; Android 4.1.1; zh-cn; GT-N7100 Build/JRO03C) AppleWebKit/534.30 (KHTML, like Gecko) Version/4.0 Mobile Safari/534.30" -
60.3.83.159 - - [27/Apr/2015:00:43:04 +0800][0.000] "GET /v.gif?rank_list_name=%E4%BF%A1%E6%89%98%E4%BA%A7%E5%93%81%E6%94%B6%E7%9B%8A%E6%8E%92%E8%A1%8C&isSub=true&t=rank_list_click_log&did=498bea950a033fd4&p=app&page=%23%2Ftab%2Frank HTTP/1.1" 200 0 "-" "Mozilla/5.0 (Linux; U; Android 4.2.2; zh-cn; vivo S7i(t) Build/JDQ39) AppleWebKit/534.30 (KHTML, like Gecko) Version/4.0 Mobile Safari/534.30" -
49.80.132.69 - - [27/Apr/2015:00:43:38 +0800][0.000] "GET /v.gif?rank_list_name=%E4%BA%92%E8%81%94%E7%BD%91%E5%AE%9D%E5%AE%9D%E7%B1%BB%E7%90%86%E8%B4%A2%E6%9C%88%E6%8E%92%E8%A1%8C&isSub=true&t=rank_list_click_log&did=36d67df0865ec4c7&p=app&page=%23%2Ftab%2Frank HTTP/1.1" 200 0 "-" "Mozilla/5.0 (Linux; U; Android 4.1.1; zh-cn; GT-N7100 Build/JRO03C) AppleWebKit/534.30 (KHTML, like Gecko) Version/4.0 Mobile Safari/534.30" -
60.3.83.159 - - [27/Apr/2015:00:43:46 +0800][0.000] "GET /v.gif?rank_list_name=%E4%BF%A1%E6%89%98%E4%BA%A7%E5%93%81%E6%94%B6%E7%9B%8A%E6%8E%92%E8%A1%8C&product_name=%E5%A4%AA%E9%BE%99%E9%87%91%E8%8C%82%E5%81%A5%E5%BA%B7%E4%BA%A7%E4%B8%9A%E5%B9%B6%E8%B4%AD%E5%9F%BA%E9%87%91%E9%9B%86%E5%90%88%E8%B5%84%E9%87%91%E4%BF%A1%E6%89%98%E8%AE%A1%E5%88%92&rank_index=1&t=rank_list_item_click_log&did=498bea950a033fd4&p=app&page=%23%2Ftab%2Frank%2Finfo%2F100181714 HTTP/1.1" 200 0 "-" "Mozilla/5.0 (Linux; U; Android 4.2.2; zh-cn; vivo S7i(t) Build/JDQ39) AppleWebKit/534.30 (KHTML, like Gecko) Version/4.0 Mobile Safari/534.30" -
60.3.83.159 - - [27/Apr/2015:00:43:47 +0800][0.000] "GET /v.gif?t=%E8%AF%A6%E6%83%85%E9%A1%B5%E9%9D%A2&did=498bea950a033fd4&p=app&page=%23%2Ftab%2Frank%2F60297421 HTTP/1.1" 200 0 "-" "Mozilla/5.0 (Linux; U; Android 4.2.2; zh-cn; vivo S7i(t) Build/JDQ39) AppleWebKit/534.30 (KHTML, like Gecko) Version/4.0 Mobile Safari/534.30" -
123.86.137.76 - - [27/Apr/2015:00:44:14 +0800][0.000] "GET /v.gif?t=app-start&did=8127adf31fda5104&p=app&page= HTTP/1.1" 200 0 "-" "Mozilla/5.0 (Linux; Android 4.4.2; H60-L11 Build/HDH60-L11) AppleWebKit/537.36 (KHTML, like Gecko) Version/4.0 Chrome/30.0.0.0 Mobile Safari/537.36" -
60.3.83.159 - - [27/Apr/2015:00:44:53 +0800][0.000] "GET /v.gif?t=buying_method_rank&did=498bea950a033fd4&p=app&page=%23%2Ftab%2Frank%2F60297421 HTTP/1.1" 200 0 "-" "Mozilla/5.0 (Linux; U; Android 4.2.2; zh-cn; vivo S7i(t) Build/JDQ39) AppleWebKit/534.30 (KHTML, like Gecko) Version/4.0 Mobile Safari/534.30" -
185.5.153.20 - - [27/Apr/2015:00:44:57 +0800][0.000] "GET /v.gif?t=add_search_enter&did=6dc36bac73868fcf&p=app&page=%23%2Ftab%2Fprofit%2Fsearch%3Ffr%3Dadd HTTP/1.1" 304 0 "-" "Mozilla/5.0 (Linux; Android 4.4.4; Coolpad 8675-W00 Build/KTU84P) AppleWebKit/537.36 (KHTML, like Gecko) Version/4.0 Chrome/33.0.0.0 Mobile Safari/537.36" -
185.5.153.20 - - [27/Apr/2015:00:44:58 +0800][0.000] "GET /v.gif?t=search_do&did=6dc36bac73868fcf&p=app&page=%23%2Ftab%2Fprofit%2Fsearch%3Ffr%3Dadd HTTP/1.1" 304 0 "-" "Mozilla/5.0 (Linux; Android 4.4.4; Coolpad 8675-W00 Build/KTU84P) AppleWebKit/537.36 (KHTML, like Gecko) Version/4.0 Chrome/33.0.0.0 Mobile Safari/537.36" -
185.5.153.20 - - [27/Apr/2015:00:45:03 +0800][0.000] "GET /v.gif?t=%E6%B7%BB%E5%8A%A0%E9%A1%B5%E9%9D%A2&did=6dc36bac73868fcf&p=app&page=%23%2Ftab%2Fprofit%2Fadd%2Ffund%2F30003091 HTTP/1.1" 200 0 "-" "Mozilla/5.0 (Linux; Android 4.4.4; Coolpad 8675-W00 Build/KTU84P) AppleWebKit/537.36 (KHTML, like Gecko) Version/4.0 Chrome/33.0.0.0 Mobile Safari/537.36" -
60.3.83.159 - - [27/Apr/2015:00:45:42 +0800][0.000] "GET /v.gif?rank_list_name=%E4%BF%A1%E6%89%98%E4%BA%A7%E5%93%81%E6%94%B6%E7%9B%8A%E6%8E%92%E8%A1%8C&product_name=%E9%B8%BF%E9%81%93%E5%9B%BD%E4%BC%81%E6%94%B9%E9%9D%A9%E8%AF%81%E5%88%B8%E6%8A%95%E8%B5%84%E9%9B%86%E5%90%88%E8%B5%84%E9%87%91%E4%BF%A1%E6%89%98%E8%AE%A1%E5%88%92&rank_index=2&t=rank_list_item_click_log&did=498bea950a033fd4&p=app&page=%23%2Ftab%2Frank%2Finfo%2F100181714 HTTP/1.1" 200 0 "-" "Mozilla/5.0 (Linux; U; Android 4.2.2; zh-cn; vivo S7i(t) Build/JDQ39) AppleWebKit/534.30 (KHTML, like Gecko) Version/4.0 Mobile Safari/534.30" -
60.3.83.159 - - [27/Apr/2015:00:45:42 +0800][0.000] "GET /v.gif?t=%E8%AF%A6%E6%83%85%E9%A1%B5%E9%9D%A2&did=498bea950a033fd4&p=app&page=%23%2Ftab%2Frank%2F60124609 HTTP/1.1" 200 0 "-" "Mozilla/5.0 (Linux; U; Android 4.2.2; zh-cn; vivo S7i(t) Build/JDQ39) AppleWebKit/534.30 (KHTML, like Gecko) Version/4.0 Mobile Safari/534.30" -
185.5.153.20 - - [27/Apr/2015:00:46:06 +0800][0.000] "GET /v.gif?t=%E8%AF%A6%E6%83%85%E9%A1%B5%E9%9D%A2&did=6dc36bac73868fcf&p=app&page=%23%2Ftab%2Fprofit%2F30003091 HTTP/1.1" 200 0 "-" "Mozilla/5.0 (Linux; Android 4.4.4; Coolpad 8675-W00 Build/KTU84P) AppleWebKit/537.36 (KHTML, like Gecko) Version/4.0 Chrome/33.0.0.0 Mobile Safari/537.36" -
185.5.153.20 - - [27/Apr/2015:00:46:08 +0800][0.000] "GET /v.gif?t=profit2detail&did=6dc36bac73868fcf&p=app&page=%23%2Ftab%2Fprofit%2Fstatus HTTP/1.1" 304 0 "-" "Mozilla/5.0 (Linux; Android 4.4.4; Coolpad 8675-W00 Build/KTU84P) AppleWebKit/537.36 (KHTML, like Gecko) Version/4.0 Chrome/33.0.0.0 Mobile Safari/537.36" -
185.5.153.20 - - [27/Apr/2015:00:46:09 +0800][0.000] "GET /v.gif?t=calculate_profit&did=6dc36bac73868fcf&p=app&page=%23%2Ftab%2Fprofit%2F30003091 HTTP/1.1" 200 0 "-" "Mozilla/5.0 (Linux; Android 4.4.4; Coolpad 8675-W00 Build/KTU84P) AppleWebKit/537.36 (KHTML, like Gecko) Version/4.0 Chrome/33.0.0.0 Mobile Safari/537.36" -
117.135.212.49 - - [27/Apr/2015:00:46:10 +0800][0.000] "GET /v.gif?t=app-start&did=9025e506da55e450&p=app&page= HTTP/1.1" 200 0 "-" "Mozilla/5.0 (Linux; U; Android 4.2.2; zh-cn; HUAWEI G750-T20 Build/HuaweiG750-T20) AppleWebKit/534.30 (KHTML, like Gecko) Version/4.0 Mobile Safari/534.30" -
185.5.153.20 - - [27/Apr/2015:00:46:19 +0800][0.000] "GET /v.gif?t=buying_method_profit&did=6dc36bac73868fcf&p=app&page=%23%2Ftab%2Fprofit%2F30003091 HTTP/1.1" 200 0 "-" "Mozilla/5.0 (Linux; Android 4.4.4; Coolpad 8675-W00 Build/KTU84P) AppleWebKit/537.36 (KHTML, like Gecko) Version/4.0 Chrome/33.0.0.0 Mobile Safari/537.36" -
60.218.226.190 - - [27/Apr/2015:00:46:26 +0800][0.000] "GET /v.gif?t=app-start&did=e0189ac7ca39304d&p=app&page= HTTP/1.1" 200 0 "-" "Mozilla/5.0 (Linux; U; Android 4.2.2; zh-cn; HM NOTE 1TD Build/JDQ39) AppleWebKit/534.30 (KHTML, like Gecko) Version/4.0 Mobile Safari/534.30" -
60.218.226.190 - - [27/Apr/2015:00:46:37 +0800][0.000] "GET /v.gif?t=%E6%9B%B4%E5%A4%9A%E9%A1%B5%E9%9D%A2&did=e0189ac7ca39304d&p=app&page=%23%2Ftab%2Fmore HTTP/1.1" 200 0 "-" "Mozilla/5.0 (Linux; U; Android 4.2.2; zh-cn; HM NOTE 1TD Build/JDQ39) AppleWebKit/534.30 (KHTML, like Gecko) Version/4.0 Mobile Safari/534.30" -
123.86.137.76 - - [27/Apr/2015:00:46:39 +0800][0.000] "GET /v.gif?rank_list_name=%E6%9C%88%E5%BA%A6%E6%9C%80%E8%B5%9A%E5%9F%BA%E9%87%91%E6%8E%92%E8%A1%8C&isSub=true&t=rank_list_click_log&did=8127adf31fda5104&p=app&page=%23%2Ftab%2Frank HTTP/1.1" 200 0 "-" "Mozilla/5.0 (Linux; Android 4.4.2; H60-L11 Build/HDH60-L11) AppleWebKit/537.36 (KHTML, like Gecko) Version/4.0 Chrome/30.0.0.0 Mobile Safari/537.36" -
117.135.212.49 - - [27/Apr/2015:00:46:43 +0800][0.000] "GET /v.gif?t=app-start&did=9025e506da55e450&p=app&page= HTTP/1.1" 304 0 "-" "Mozilla/5.0 (Linux; U; Android 4.2.2; zh-cn; HUAWEI G750-T20 Build/HuaweiG750-T20) AppleWebKit/534.30 (KHTML, like Gecko) Version/4.0 Mobile Safari/534.30" -
117.135.212.49 - - [27/Apr/2015:00:46:49 +0800][0.000] "GET /v.gif?rank_list_name=%E6%9C%80%E5%8F%97%E6%AC%A2%E8%BF%8EP2P%E5%B9%B3%E5%8F%B0%E6%8E%92%E8%A1%8C&isSub=true&t=rank_list_click_log&did=9025e506da55e450&p=app&page=%23%2Ftab%2Frank HTTP/1.1" 200 0 "-" "Mozilla/5.0 (Linux; U; Android 4.2.2; zh-cn; HUAWEI G750-T20 Build/HuaweiG750-T20) AppleWebKit/534.30 (KHTML, like Gecko) Version/4.0 Mobile Safari/534.30" -
185.5.153.20 - - [27/Apr/2015:00:47:00 +0800][0.000] "GET /v.gif?t=profit2detail&did=6dc36bac73868fcf&p=app&page=%23%2Ftab%2Fprofit%2Fstatus HTTP/1.1" 304 0 "-" "Mozilla/5.0 (Linux; Android 4.4.4; Coolpad 8675-W00 Build/KTU84P) AppleWebKit/537.36 (KHTML, like Gecko) Version/4.0 Chrome/33.0.0.0 Mobile Safari/537.36" -
185.5.153.20 - - [27/Apr/2015:00:47:03 +0800][0.000] "GET /v.gif?t=profit2detail&did=6dc36bac73868fcf&p=app&page=%23%2Ftab%2Fprofit%2F30000363 HTTP/1.1" 200 0 "-" "Mozilla/5.0 (Linux; Android 4.4.4; Coolpad 8675-W00 Build/KTU84P) AppleWebKit/537.36 (KHTML, like Gecko) Version/4.0 Chrome/33.0.0.0 Mobile Safari/537.36" -
185.5.153.20 - - [27/Apr/2015:00:47:10 +0800][0.000] "GET /v.gif?t=%E8%AF%A6%E6%83%85%E9%A1%B5%E9%9D%A2&did=6dc36bac73868fcf&p=app&page=%23%2Ftab%2Fprofit%2F30000363 HTTP/1.1" 304 0 "-" "Mozilla/5.0 (Linux; Android 4.4.4; Coolpad 8675-W00 Build/KTU84P) AppleWebKit/537.36 (KHTML, like Gecko) Version/4.0 Chrome/33.0.0.0 Mobile Safari/537.36" -
123.86.137.76 - - [27/Apr/2015:00:47:10 +0800][0.000] "GET /v.gif?t=profits_status&did=8127adf31fda5104&p=app&page=%23%2Ftab%2Fprofit%2Fstatus HTTP/1.1" 200 0 "-" "Mozilla/5.0 (Linux; Android 4.4.2; H60-L11 Build/HDH60-L11) AppleWebKit/537.36 (KHTML, like Gecko) Version/4.0 Chrome/30.0.0.0 Mobile Safari/537.36" -
123.86.137.76 - - [27/Apr/2015:00:47:11 +0800][0.000] "GET /v.gif?t=%E6%96%B0%E6%89%8B%E5%BC%95%E5%AF%BC_%E5%B1%95%E7%8E%B0&did=8127adf31fda5104&p=app&page=%23%2Ftab%2Fprofit%2Fstatus HTTP/1.1" 200 0 "-" "Mozilla/5.0 (Linux; Android 4.4.2; H60-L11 Build/HDH60-L11) AppleWebKit/537.36 (KHTML, like Gecko) Version/4.0 Chrome/30.0.0.0 Mobile Safari/537.36" -
123.86.137.76 - - [27/Apr/2015:00:47:12 +0800][0.000] "GET /v.gif?t=%E5%85%B3%E6%B3%A8%E9%A1%B5%E9%9D%A2&did=8127adf31fda5104&p=app&page=%23%2Ftab%2Fstar HTTP/1.1" 200 0 "-" "Mozilla/5.0 (Linux; Android 4.4.2; H60-L11 Build/HDH60-L11) AppleWebKit/537.36 (KHTML, like Gecko) Version/4.0 Chrome/30.0.0.0 Mobile Safari/537.36" -
117.135.212.49 - - [27/Apr/2015:00:47:13 +0800][0.000] "GET /v.gif?rank_list_name=2015%E5%B9%B4%E4%BA%92%E8%81%94%E7%BD%91%E7%90%86%E8%B4%A2%E5%93%AA%E5%AE%B6%E5%BC%BA&isSub=true&t=rank_list_click_log&did=9025e506da55e450&p=app&page=%23%2Ftab%2Frank HTTP/1.1" 200 0 "-" "Mozilla/5.0 (Linux; U; Android 4.2.2; zh-cn; HUAWEI G750-T20 Build/HuaweiG750-T20) AppleWebKit/534.30 (KHTML, like Gecko) Version/4.0 Mobile Safari/534.30" -
123.86.137.76 - - [27/Apr/2015:00:47:14 +0800][0.000] "GET /v.gif?t=%E6%90%9C%E7%B4%A2%E9%A1%B5%E9%9D%A2&did=8127adf31fda5104&p=app&page=%23%2Ftab%2Fsearch HTTP/1.1" 200 0 "-" "Mozilla/5.0 (Linux; Android 4.4.2; H60-L11 Build/HDH60-L11) AppleWebKit/537.36 (KHTML, like Gecko) Version/4.0 Chrome/30.0.0.0 Mobile Safari/537.36" -
123.86.137.76 - - [27/Apr/2015:00:47:21 +0800][0.000] "GET /v.gif?t=search_do&did=8127adf31fda5104&p=app&page=%23%2Ftab%2Fsearch%2Fresult%3Fquery%3D%25E4%25B8%25AD%25E4%25BF%25A1%25E4%25BF%25A1%25E6%2589%2598%26fr%3D HTTP/1.1" 200 0 "-" "Mozilla/5.0 (Linux; Android 4.4.2; H60-L11 Build/HDH60-L11) AppleWebKit/537.36 (KHTML, like Gecko) Version/4.0 Chrome/30.0.0.0 Mobile Safari/537.36" -
119.88.215.49 - - [27/Apr/2015:00:47:25 +0800][0.000] "GET /v.gif?t=app-start&did=a7461ae049866adf&p=app&page= HTTP/1.1" 200 0 "-" "Mozilla/5.0 (Linux; Android 4.4.4; MI 3 Build/KTU84P) AppleWebKit/537.36 (KHTML, like Gecko) Version/4.0 Chrome/33.0.0.0 Mobile Safari/537.36" -
123.86.137.76 - - [27/Apr/2015:00:47:27 +0800][0.000] "GET /v.gif?t=search2detail&did=8127adf31fda5104&p=app&page=%23%2Ftab%2Fsearch%2Fresult%3Fquery%3D%25E4%25B8%25AD%25E4%25BF%25A1%25E4%25BF%25A1%25E6%2589%2598%26fr%3D HTTP/1.1" 200 0 "-" "Mozilla/5.0 (Linux; Android 4.4.2; H60-L11 Build/HDH60-L11) AppleWebKit/537.36 (KHTML, like Gecko) Version/4.0 Chrome/30.0.0.0 Mobile Safari/537.36" -
123.86.137.76 - - [27/Apr/2015:00:47:28 +0800][0.000] "GET /v.gif?t=%E8%AF%A6%E6%83%85%E9%A1%B5%E9%9D%A2&did=8127adf31fda5104&p=app&page=%23%2Ftab%2Fsearch%2F60007834 HTTP/1.1" 200 0 "-" "Mozilla/5.0 (Linux; Android 4.4.2; H60-L11 Build/HDH60-L11) AppleWebKit/537.36 (KHTML, like Gecko) Version/4.0 Chrome/30.0.0.0 Mobile Safari/537.36" -
119.88.215.49 - - [27/Apr/2015:00:47:36 +0800][0.000] "GET /v.gif?rank_list_name=%E4%BA%92%E8%81%94%E7%BD%91%E5%AE%9D%E5%AE%9D%E7%B1%BB%E7%90%86%E8%B4%A2%E6%9C%88%E6%8E%92%E8%A1%8C&isSub=true&t=rank_list_click_log&did=a7461ae049866adf&p=app&page=%23%2Ftab%2Frank HTTP/1.1" 200 0 "-" "Mozilla/5.0 (Linux; Android 4.4.4; MI 3 Build/KTU84P) AppleWebKit/537.36 (KHTML, like Gecko) Version/4.0 Chrome/33.0.0.0 Mobile Safari/537.36" -
117.135.212.49 - - [27/Apr/2015:00:47:39 +0800][0.000] "GET /v.gif?rank_list_name=2015%E5%B9%B4%E4%BA%92%E8%81%94%E7%BD%91%E7%90%86%E8%B4%A2%E5%93%AA%E5%AE%B6%E5%BC%BA&product_name=%E8%85%BE%E8%AE%AF%E4%BD%A3%E9%87%91%E5%AE%9D&rank_index=1&t=rank_list_item_click_log&did=9025e506da55e450&p=app&page=%23%2Ftab%2Frank%2Finfo%2F100181459 HTTP/1.1" 200 0 "-" "Mozilla/5.0 (Linux; U; Android 4.2.2; zh-cn; HUAWEI G750-T20 Build/HuaweiG750-T20) AppleWebKit/534.30 (KHTML, like Gecko) Version/4.0 Mobile Safari/534.30" -
117.135.212.49 - - [27/Apr/2015:00:47:39 +0800][0.000] "GET /v.gif?t=%E8%AF%A6%E6%83%85%E9%A1%B5%E9%9D%A2&did=9025e506da55e450&p=app&page=%23%2Ftab%2Frank%2F40003633 HTTP/1.1" 200 0 "-" "Mozilla/5.0 (Linux; U; Android 4.2.2; zh-cn; HUAWEI G750-T20 Build/HuaweiG750-T20) AppleWebKit/534.30 (KHTML, like Gecko) Version/4.0 Mobile Safari/534.30" -
119.88.215.49 - - [27/Apr/2015:00:47:55 +0800][0.000] "GET /v.gif?t=app-start&did=a7461ae049866adf&p=app&page= HTTP/1.1" 304 0 "-" "Mozilla/5.0 (Linux; Android 4.4.4; MI 3 Build/KTU84P) AppleWebKit/537.36 (KHTML, like Gecko) Version/4.0 Chrome/33.0.0.0 Mobile Safari/537.36" -
119.88.215.49 - - [27/Apr/2015:00:48:04 +0800][0.000] "GET /v.gif?t=profits_status&did=a7461ae049866adf&p=app&page=%23%2Ftab%2Fprofit%2Fstatus HTTP/1.1" 200 0 "-" "Mozilla/5.0 (Linux; Android 4.4.4; MI 3 Build/KTU84P) AppleWebKit/537.36 (KHTML, like Gecko) Version/4.0 Chrome/33.0.0.0 Mobile Safari/537.36" -
119.88.215.49 - - [27/Apr/2015:00:48:05 +0800][0.000] "GET /v.gif?t=%E6%96%B0%E6%89%8B%E5%BC%95%E5%AF%BC_%E5%B1%95%E7%8E%B0&did=a7461ae049866adf&p=app&page=%23%2Ftab%2Fprofit%2Fstatus HTTP/1.1" 200 0 "-" "Mozilla/5.0 (Linux; Android 4.4.4; MI 3 Build/KTU84P) AppleWebKit/537.36 (KHTML, like Gecko) Version/4.0 Chrome/33.0.0.0 Mobile Safari/537.36" -
223.210.163.101 - - [27/Apr/2015:00:48:06 +0800][0.000] "GET /v.gif?t=app-start&did=25FFE599-0C3C-4386-8220-6BC2C172F7F0&p=app&page=%23%2Ftab%2Frank HTTP/1.1" 200 0 "-" "Mozilla/5.0 (iPhone; CPU iPhone OS 8_2 like Mac OS X) AppleWebKit/600.1.4 (KHTML, like Gecko) Mobile/12D508 (4938861952)" -
119.88.215.49 - - [27/Apr/2015:00:48:08 +0800][0.000] "GET /v.gif?t=%E5%85%B3%E6%B3%A8%E9%A1%B5%E9%9D%A2&did=a7461ae049866adf&p=app&page=%23%2Ftab%2Fstar HTTP/1.1" 200 0 "-" "Mozilla/5.0 (Linux; Android 4.4.4; MI 3 Build/KTU84P) AppleWebKit/537.36 (KHTML, like Gecko) Version/4.0 Chrome/33.0.0.0 Mobile Safari/537.36" -
119.88.215.49 - - [27/Apr/2015:00:48:10 +0800][0.000] "GET /v.gif?t=%E6%90%9C%E7%B4%A2%E9%A1%B5%E9%9D%A2&did=a7461ae049866adf&p=app&page=%23%2Ftab%2Fsearch HTTP/1.1" 200 0 "-" "Mozilla/5.0 (Linux; Android 4.4.4; MI 3 Build/KTU84P) AppleWebKit/537.36 (KHTML, like Gecko) Version/4.0 Chrome/33.0.0.0 Mobile Safari/537.36" -
119.88.215.49 - - [27/Apr/2015:00:48:14 +0800][0.000] "GET /v.gif?t=%E6%9B%B4%E5%A4%9A%E9%A1%B5%E9%9D%A2&did=a7461ae049866adf&p=app&page=%23%2Ftab%2Fmore HTTP/1.1" 200 0 "-" "Mozilla/5.0 (Linux; Android 4.4.4; MI 3 Build/KTU84P) AppleWebKit/537.36 (KHTML, like Gecko) Version/4.0 Chrome/33.0.0.0 Mobile Safari/537.36" -
223.210.163.101 - - [27/Apr/2015:00:48:17 +0800][0.000] "GET /v.gif?rank_list_name=%E7%9F%A5%E5%90%8D%E9%93%B6%E8%A1%8C%E7%9F%AD%E6%9C%9F%E7%90%86%E8%B4%A2%E6%8E%92%E8%A1%8C&isSub=true&t=rank_list_click_log&did=25FFE599-0C3C-4386-8220-6BC2C172F7F0&p=app&page=%23%2Ftab%2Frank HTTP/1.1" 200 0 "-" "Mozilla/5.0 (iPhone; CPU iPhone OS 8_2 like Mac OS X) AppleWebKit/600.1.4 (KHTML, like Gecko) Mobile/12D508 (4938861952)" -
119.88.215.49 - - [27/Apr/2015:00:48:24 +0800][0.000] "GET /v.gif?t=%E6%96%B0%E6%89%8B%E5%BC%95%E5%AF%BC_%E7%AB%8B%E5%8D%B3%E6%B7%BB%E5%8A%A0&did=a7461ae049866adf&p=app&page=%23%2Ftab%2Fprofit%2Fstatus HTTP/1.1" 200 0 "-" "Mozilla/5.0 (Linux; Android 4.4.4; MI 3 Build/KTU84P) AppleWebKit/537.36 (KHTML, like Gecko) Version/4.0 Chrome/33.0.0.0 Mobile Safari/537.36" -
223.210.163.101 - - [27/Apr/2015:00:48:27 +0800][0.000] "GET /v.gif?rank_list_name=2015%E5%B9%B4%E4%BA%92%E8%81%94%E7%BD%91%E7%90%86%E8%B4%A2%E5%93%AA%E5%AE%B6%E5%BC%BA&isSub=true&t=rank_list_click_log&did=25FFE599-0C3C-4386-8220-6BC2C172F7F0&p=app&page=%23%2Ftab%2Frank HTTP/1.1" 200 0 "-" "Mozilla/5.0 (iPhone; CPU iPhone OS 8_2 like Mac OS X) AppleWebKit/600.1.4 (KHTML, like Gecko) Mobile/12D508 (4938861952)" -
117.135.212.49 - - [27/Apr/2015:00:48:29 +0800][0.000] "GET /v.gif?rank_list_name=2015%E5%B9%B4%E4%BA%92%E8%81%94%E7%BD%91%E7%90%86%E8%B4%A2%E5%93%AA%E5%AE%B6%E5%BC%BA&product_name=%E4%BD%99%E9%A2%9D%E5%AE%9D&rank_index=10&t=rank_list_item_click_log&did=9025e506da55e450&p=app&page=%23%2Ftab%2Frank%2Finfo%2F100181459 HTTP/1.1" 200 0 "-" "Mozilla/5.0 (Linux; U; Android 4.2.2; zh-cn; HUAWEI G750-T20 Build/HuaweiG750-T20) AppleWebKit/534.30 (KHTML, like Gecko) Version/4.0 Mobile Safari/534.30" -
117.135.212.49 - - [27/Apr/2015:00:48:29 +0800][0.000] "GET /v.gif?t=%E8%AF%A6%E6%83%85%E9%A1%B5%E9%9D%A2&did=9025e506da55e450&p=app&page=%23%2Ftab%2Frank%2F40003687 HTTP/1.1" 200 0 "-" "Mozilla/5.0 (Linux; U; Android 4.2.2; zh-cn; HUAWEI G750-T20 Build/HuaweiG750-T20) AppleWebKit/534.30 (KHTML, like Gecko) Version/4.0 Mobile Safari/534.30" -
117.135.212.49 - - [27/Apr/2015:00:49:00 +0800][0.000] "GET /v.gif?rank_list_name=%E7%9F%A5%E5%90%8D%E9%93%B6%E8%A1%8C%E7%9F%AD%E6%9C%9F%E7%90%86%E8%B4%A2%E6%8E%92%E8%A1%8C&isSub=true&t=rank_list_click_log&did=9025e506da55e450&p=app&page=%23%2Ftab%2Frank HTTP/1.1" 200 0 "-" "Mozilla/5.0 (Linux; U; Android 4.2.2; zh-cn; HUAWEI G750-T20 Build/HuaweiG750-T20) AppleWebKit/534.30 (KHTML, like Gecko) Version/4.0 Mobile Safari/534.30" -
223.210.163.101 - - [27/Apr/2015:00:49:02 +0800][0.000] "GET /v.gif?rank_list_name=2015%E5%B9%B4%E4%BA%92%E8%81%94%E7%BD%91%E7%90%86%E8%B4%A2%E5%93%AA%E5%AE%B6%E5%BC%BA&product_name=%E8%85%BE%E8%AE%AF%E4%BD%A3%E9%87%91%E5%AE%9D&rank_index=1&t=rank_list_item_click_log&did=25FFE599-0C3C-4386-8220-6BC2C172F7F0&p=app&page=%23%2Ftab%2Frank%2Finfo%2F100181459 HTTP/1.1" 200 0 "-" "Mozilla/5.0 (iPhone; CPU iPhone OS 8_2 like Mac OS X) AppleWebKit/600.1.4 (KHTML, like Gecko) Mobile/12D508 (4938861952)" -
223.210.163.101 - - [27/Apr/2015:00:49:03 +0800][0.000] "GET /v.gif?t=%E8%AF%A6%E6%83%85%E9%A1%B5%E9%9D%A2&did=25FFE599-0C3C-4386-8220-6BC2C172F7F0&p=app&page=%23%2Ftab%2Frank%2F40003633 HTTP/1.1" 200 0 "-" "Mozilla/5.0 (iPhone; CPU iPhone OS 8_2 like Mac OS X) AppleWebKit/600.1.4 (KHTML, like Gecko) Mobile/12D508 (4938861952)" -
223.210.163.101 - - [27/Apr/2015:00:49:07 +0800][0.000] "GET /v.gif?t=buying_method_rank&did=25FFE599-0C3C-4386-8220-6BC2C172F7F0&p=app&page=%23%2Ftab%2Frank%2F40003633 HTTP/1.1" 200 0 "-" "Mozilla/5.0 (iPhone; CPU iPhone OS 8_2 like Mac OS X) AppleWebKit/600.1.4 (KHTML, like Gecko) Mobile/12D508 (4938861952)" -
117.135.212.49 - - [27/Apr/2015:00:49:09 +0800][0.000] "GET /v.gif?rank_list_name=%E7%9F%A5%E5%90%8D%E9%93%B6%E8%A1%8C%E7%9F%AD%E6%9C%9F%E7%90%86%E8%B4%A2%E6%8E%92%E8%A1%8C&product_name=%E9%9D%9E%E5%87%A1%E8%B5%84%E4%BA%A7%E7%AE%A1%E7%90%86%E5%8F%8C%E6%9C%88%E5%A2%9E%E5%88%A9%E7%AC%AC179%E6%9C%9F%EF%BC%88%E6%96%B0%E5%96%9C%EF%BC%89%E6%AC%BE&rank_index=1&t=rank_list_item_click_log&did=9025e506da55e450&p=app&page=%23%2Ftab%2Frank%2Finfo%2F100181460 HTTP/1.1" 200 0 "-" "Mozilla/5.0 (Linux; U; Android 4.2.2; zh-cn; HUAWEI G750-T20 Build/HuaweiG750-T20) AppleWebKit/534.30 (KHTML, like Gecko) Version/4.0 Mobile Safari/534.30" -
117.135.212.49 - - [27/Apr/2015:00:49:10 +0800][0.000] "GET /v.gif?t=%E8%AF%A6%E6%83%85%E9%A1%B5%E9%9D%A2&did=9025e506da55e450&p=app&page=%23%2Ftab%2Frank%2F50335973 HTTP/1.1" 200 0 "-" "Mozilla/5.0 (Linux; U; Android 4.2.2; zh-cn; HUAWEI G750-T20 Build/HuaweiG750-T20) AppleWebKit/534.30 (KHTML, like Gecko) Version/4.0 Mobile Safari/534.30" -
223.210.163.101 - - [27/Apr/2015:00:49:10 +0800][0.000] "GET /v.gif?id=40003633&t=open_buy_link&did=25FFE599-0C3C-4386-8220-6BC2C172F7F0&p=app&page=%23%2Ftab%2Frank%2Fdetail_more%2F%3Ftype%3Dbuying_method%26_id%3D40003633 HTTP/1.1" 200 0 "-" "Mozilla/5.0 (iPhone; CPU iPhone OS 8_2 like Mac OS X) AppleWebKit/600.1.4 (KHTML, like Gecko) Mobile/12D508 (4938861952)" -
117.135.212.49 - - [27/Apr/2015:00:49:30 +0800][0.000] "GET /v.gif?t=buying_method_rank&did=9025e506da55e450&p=app&page=%23%2Ftab%2Frank%2F50335973 HTTP/1.1" 200 0 "-" "Mozilla/5.0 (Linux; U; Android 4.2.2; zh-cn; HUAWEI G750-T20 Build/HuaweiG750-T20) AppleWebKit/534.30 (KHTML, like Gecko) Version/4.0 Mobile Safari/534.30" -
117.135.212.49 - - [27/Apr/2015:00:49:37 +0800][0.000] "GET /v.gif?id=50335973&t=open_buy_link&did=9025e506da55e450&p=app&page=%23%2Ftab%2Frank%2Fdetail_more%2F%3Ftype%3Dbuying_method%26_id%3D50335973 HTTP/1.1" 200 0 "-" "Mozilla/5.0 (Linux; U; Android 4.2.2; zh-cn; HUAWEI G750-T20 Build/HuaweiG750-T20) AppleWebKit/534.30 (KHTML, like Gecko) Version/4.0 Mobile Safari/534.30" -
117.135.212.49 - - [27/Apr/2015:00:50:57 +0800][0.000] "GET /v.gif?rank_list_name=%E6%9C%88%E5%BA%A6%E6%9C%80%E8%B5%9A%E5%9F%BA%E9%87%91%E6%8E%92%E8%A1%8C&isSub=true&t=rank_list_click_log&did=9025e506da55e450&p=app&page=%23%2Ftab%2Frank HTTP/1.1" 200 0 "-" "Mozilla/5.0 (Linux; U; Android 4.2.2; zh-cn; HUAWEI G750-T20 Build/HuaweiG750-T20) AppleWebKit/534.30 (KHTML, like Gecko) Version/4.0 Mobile Safari/534.30" -
219.143.8.242 - - [27/Apr/2015:00:51:10 +0800][0.000] "GET /v.gif?t=app-start&did=8e4566f0f0794779&p=app&page= HTTP/1.1" 304 0 "-" "Mozilla/5.0 (Linux; U; Android 4.3; zh-cn; HM 1SC Build/JLS36C) AppleWebKit/534.30 (KHTML, like Gecko) Version/4.0 Mobile Safari/534.30" 10.56.9.71
219.143.8.242 - - [27/Apr/2015:00:51:16 +0800][0.000] "GET /v.gif?rank_list_name=%E7%9F%A5%E5%90%8D%E9%93%B6%E8%A1%8C%E7%9F%AD%E6%9C%9F%E7%90%86%E8%B4%A2%E6%8E%92%E8%A1%8C&isSub=true&t=rank_list_click_log&did=8e4566f0f0794779&p=app&page=%23%2Ftab%2Frank HTTP/1.1" 304 0 "-" "Mozilla/5.0 (Linux; U; Android 4.3; zh-cn; HM 1SC Build/JLS36C) AppleWebKit/534.30 (KHTML, like Gecko) Version/4.0 Mobile Safari/534.30" 10.56.9.71
117.135.212.49 - - [27/Apr/2015:00:51:30 +0800][0.000] "GET /v.gif?rank_list_name=%E6%9C%88%E5%BA%A6%E6%9C%80%E8%B5%9A%E5%9F%BA%E9%87%91%E6%8E%92%E8%A1%8C&product_name=%E5%AF%8C%E5%9B%BD%E5%8C%BB%E7%96%97%E4%BF%9D%E5%81%A5%E8%A1%8C%E4%B8%9A&rank_index=1&t=rank_list_item_click_log&did=9025e506da55e450&p=app&page=%23%2Ftab%2Frank%2Finfo%2F100181465 HTTP/1.1" 200 0 "-" "Mozilla/5.0 (Linux; U; Android 4.2.2; zh-cn; HUAWEI G750-T20 Build/HuaweiG750-T20) AppleWebKit/534.30 (KHTML, like Gecko) Version/4.0 Mobile Safari/534.30" -
117.135.212.49 - - [27/Apr/2015:00:51:30 +0800][0.000] "GET /v.gif?t=%E8%AF%A6%E6%83%85%E9%A1%B5%E9%9D%A2&did=9025e506da55e450&p=app&page=%23%2Ftab%2Frank%2F30003087 HTTP/1.1" 200 0 "-" "Mozilla/5.0 (Linux; U; Android 4.2.2; zh-cn; HUAWEI G750-T20 Build/HuaweiG750-T20) AppleWebKit/534.30 (KHTML, like Gecko) Version/4.0 Mobile Safari/534.30" -
219.143.8.242 - - [27/Apr/2015:00:51:53 +0800][0.000] "GET /v.gif?rank_list_name=2015%E5%B9%B4%E4%BA%92%E8%81%94%E7%BD%91%E7%90%86%E8%B4%A2%E5%93%AA%E5%AE%B6%E5%BC%BA&isSub=true&t=rank_list_click_log&did=8e4566f0f0794779&p=app&page=%23%2Ftab%2Frank HTTP/1.1" 304 0 "-" "Mozilla/5.0 (Linux; U; Android 4.3; zh-cn; HM 1SC Build/JLS36C) AppleWebKit/534.30 (KHTML, like Gecko) Version/4.0 Mobile Safari/534.30" 10.56.9.71
219.143.8.242 - - [27/Apr/2015:00:52:05 +0800][0.000] "GET /v.gif?rank_list_name=2015%E5%B9%B4%E4%BA%92%E8%81%94%E7%BD%91%E7%90%86%E8%B4%A2%E5%93%AA%E5%AE%B6%E5%BC%BA&product_name=%E8%85%BE%E8%AE%AF%E4%BD%A3%E9%87%91%E5%AE%9D&rank_index=1&t=rank_list_item_click_log&did=8e4566f0f0794779&p=app&page=%23%2Ftab%2Frank%2Finfo%2F100181459 HTTP/1.1" 304 0 "-" "Mozilla/5.0 (Linux; U; Android 4.3; zh-cn; HM 1SC Build/JLS36C) AppleWebKit/534.30 (KHTML, like Gecko) Version/4.0 Mobile Safari/534.30" 10.56.9.71
219.143.8.242 - - [27/Apr/2015:00:52:05 +0800][0.000] "GET /v.gif?rank_list_name=2015%E5%B9%B4%E4%BA%92%E8%81%94%E7%BD%91%E7%90%86%E8%B4%A2%E5%93%AA%E5%AE%B6%E5%BC%BA&product_name=%E8%85%BE%E8%AE%AF%E4%BD%A3%E9%87%91%E5%AE%9D&rank_index=1&t=rank_list_item_click_log&did=8e4566f0f0794779&p=app&page=%23%2Ftab%2Frank%2F40003633 HTTP/1.1" 200 0 "-" "Mozilla/5.0 (Linux; U; Android 4.3; zh-cn; HM 1SC Build/JLS36C) AppleWebKit/534.30 (KHTML, like Gecko) Version/4.0 Mobile Safari/534.30" 10.56.9.71
219.143.8.242 - - [27/Apr/2015:00:52:05 +0800][0.000] "GET /v.gif?t=%E8%AF%A6%E6%83%85%E9%A1%B5%E9%9D%A2&did=8e4566f0f0794779&p=app&page=%23%2Ftab%2Frank%2F40003633 HTTP/1.1" 304 0 "-" "Mozilla/5.0 (Linux; U; Android 4.3; zh-cn; HM 1SC Build/JLS36C) AppleWebKit/534.30 (KHTML, like Gecko) Version/4.0 Mobile Safari/534.30" 10.56.9.71
185.5.153.20 - - [27/Apr/2015:00:52:07 +0800][0.000] "GET /v.gif?t=add_search_enter&did=6dc36bac73868fcf&p=app&page=%23%2Ftab%2Fprofit%2Fsearch%3Ffr%3Dadd HTTP/1.1" 304 0 "-" "Mozilla/5.0 (Linux; Android 4.4.4; Coolpad 8675-W00 Build/KTU84P) AppleWebKit/537.36 (KHTML, like Gecko) Version/4.0 Chrome/33.0.0.0 Mobile Safari/537.36" -
185.5.153.20 - - [27/Apr/2015:00:52:07 +0800][0.000] "GET /v.gif?t=search_do&did=6dc36bac73868fcf&p=app&page=%23%2Ftab%2Fprofit%2Fsearch%3Ffr%3Dadd HTTP/1.1" 304 0 "-" "Mozilla/5.0 (Linux; Android 4.4.4; Coolpad 8675-W00 Build/KTU84P) AppleWebKit/537.36 (KHTML, like Gecko) Version/4.0 Chrome/33.0.0.0 Mobile Safari/537.36" -
117.135.212.49 - - [27/Apr/2015:00:52:19 +0800][0.000] "GET /v.gif?rank_list_name=%E6%9C%88%E5%BA%A6%E6%9C%80%E8%B5%9A%E5%9F%BA%E9%87%91%E6%8E%92%E8%A1%8C&product_name=%E5%AE%9D%E7%9B%88%E6%96%B0%E4%BB%B7%E5%80%BC&rank_index=2&t=rank_list_item_click_log&did=9025e506da55e450&p=app&page=%23%2Ftab%2Frank%2Finfo%2F100181465 HTTP/1.1" 200 0 "-" "Mozilla/5.0 (Linux; U; Android 4.2.2; zh-cn; HUAWEI G750-T20 Build/HuaweiG750-T20) AppleWebKit/534.30 (KHTML, like Gecko) Version/4.0 Mobile Safari/534.30" -
117.135.212.49 - - [27/Apr/2015:00:52:19 +0800][0.000] "GET /v.gif?t=%E8%AF%A6%E6%83%85%E9%A1%B5%E9%9D%A2&did=9025e506da55e450&p=app&page=%23%2Ftab%2Frank%2F30001536 HTTP/1.1" 200 0 "-" "Mozilla/5.0 (Linux; U; Android 4.2.2; zh-cn; HUAWEI G750-T20 Build/HuaweiG750-T20) AppleWebKit/534.30 (KHTML, like Gecko) Version/4.0 Mobile Safari/534.30" -
115.193.186.100 - - [27/Apr/2015:00:52:21 +0800][0.000] "GET /v.gif?t=app-start&did=3F042D7C-16A8-4189-A4C2-3E8233F73F1D&p=app&page=%23%2Ftab%2Frank HTTP/1.1" 200 0 "-" "Mozilla/5.0 (iPhone; CPU iPhone OS 8_1_3 like Mac OS X) AppleWebKit/600.1.4 (KHTML, like Gecko) Mobile/12B466 (5769371616)" -
115.193.186.100 - - [27/Apr/2015:00:52:39 +0800][0.000] "GET /v.gif?rank_list_name=%E4%BA%92%E8%81%94%E7%BD%91%E5%AE%9D%E5%AE%9D%E7%B1%BB%E7%90%86%E8%B4%A2%E6%9C%88%E6%8E%92%E8%A1%8C&isSub=true&t=rank_list_click_log&did=3F042D7C-16A8-4189-A4C2-3E8233F73F1D&p=app&page=%23%2Ftab%2Frank HTTP/1.1" 200 0 "-" "Mozilla/5.0 (iPhone; CPU iPhone OS 8_1_3 like Mac OS X) AppleWebKit/600.1.4 (KHTML, like Gecko) Mobile/12B466 (5769371616)" -
219.143.8.242 - - [27/Apr/2015:00:52:45 +0800][0.000] "GET /v.gif?rank_list_name=2015%E5%B9%B4%E4%BA%92%E8%81%94%E7%BD%91%E7%90%86%E8%B4%A2%E5%93%AA%E5%AE%B6%E5%BC%BA&product_name=%E7%99%BE%E5%BA%A6%E7%99%BE%E8%B5%9A%E5%88%A9%E6%BB%9A%E5%88%A9&rank_index=2&t=rank_list_item_click_log&did=8e4566f0f0794779&p=app&page=%23%2Ftab%2Frank%2Finfo%2F100181459 HTTP/1.1" 304 0 "-" "Mozilla/5.0 (Linux; U; Android 4.3; zh-cn; HM 1SC Build/JLS36C) AppleWebKit/534.30 (KHTML, like Gecko) Version/4.0 Mobile Safari/534.30" 10.56.9.71
219.143.8.242 - - [27/Apr/2015:00:52:46 +0800][0.000] "GET /v.gif?t=%E8%AF%A6%E6%83%85%E9%A1%B5%E9%9D%A2&did=8e4566f0f0794779&p=app&page=%23%2Ftab%2Frank%2F40003682 HTTP/1.1" 304 0 "-" "Mozilla/5.0 (Linux; U; Android 4.3; zh-cn; HM 1SC Build/JLS36C) AppleWebKit/534.30 (KHTML, like Gecko) Version/4.0 Mobile Safari/534.30" 10.56.9.71
117.135.212.49 - - [27/Apr/2015:00:52:48 +0800][0.000] "GET /v.gif?rank_list_name=%E6%9C%88%E5%BA%A6%E6%9C%80%E8%B5%9A%E5%9F%BA%E9%87%91%E6%8E%92%E8%A1%8C&product_name=%E5%8D%97%E6%96%B9%E5%B0%8F%E5%BA%B7ETF&rank_index=3&t=rank_list_item_click_log&did=9025e506da55e450&p=app&page=%23%2Ftab%2Frank%2Finfo%2F100181465 HTTP/1.1" 200 0 "-" "Mozilla/5.0 (Linux; U; Android 4.2.2; zh-cn; HUAWEI G750-T20 Build/HuaweiG750-T20) AppleWebKit/534.30 (KHTML, like Gecko) Version/4.0 Mobile Safari/534.30" -
117.135.212.49 - - [27/Apr/2015:00:52:48 +0800][0.000] "GET /v.gif?t=%E8%AF%A6%E6%83%85%E9%A1%B5%E9%9D%A2&did=9025e506da55e450&p=app&page=%23%2Ftab%2Frank%2F30000192 HTTP/1.1" 200 0 "-" "Mozilla/5.0 (Linux; U; Android 4.2.2; zh-cn; HUAWEI G750-T20 Build/HuaweiG750-T20) AppleWebKit/534.30 (KHTML, like Gecko) Version/4.0 Mobile Safari/534.30" -
115.193.186.100 - - [27/Apr/2015:00:52:48 +0800][0.000] "GET /v.gif?rank_list_name=%E4%BA%92%E8%81%94%E7%BD%91%E5%AE%9D%E5%AE%9D%E7%B1%BB%E7%90%86%E8%B4%A2%E6%9C%88%E6%8E%92%E8%A1%8C&product_name=%E4%B8%AD%E6%B5%B7e%E9%80%9A%E5%AE%9D&rank_index=1&t=rank_list_item_click_log&did=3F042D7C-16A8-4189-A4C2-3E8233F73F1D&p=app&page=%23%2Ftab%2Frank%2Finfo%2F100181419 HTTP/1.1" 200 0 "-" "Mozilla/5.0 (iPhone; CPU iPhone OS 8_1_3 like Mac OS X) AppleWebKit/600.1.4 (KHTML, like Gecko) Mobile/12B466 (5769371616)" -
115.193.186.100 - - [27/Apr/2015:00:52:48 +0800][0.000] "GET /v.gif?t=%E8%AF%A6%E6%83%85%E9%A1%B5%E9%9D%A2&did=3F042D7C-16A8-4189-A4C2-3E8233F73F1D&p=app&page=%23%2Ftab%2Frank%2F40003693 HTTP/1.1" 200 0 "-" "Mozilla/5.0 (iPhone; CPU iPhone OS 8_1_3 like Mac OS X) AppleWebKit/600.1.4 (KHTML, like Gecko) Mobile/12B466 (5769371616)" -
115.193.186.100 - - [27/Apr/2015:00:52:52 +0800][0.000] "GET /v.gif?t=buying_method_rank&did=3F042D7C-16A8-4189-A4C2-3E8233F73F1D&p=app&page=%23%2Ftab%2Frank%2F40003693 HTTP/1.1" 200 0 "-" "Mozilla/5.0 (iPhone; CPU iPhone OS 8_1_3 like Mac OS X) AppleWebKit/600.1.4 (KHTML, like Gecko) Mobile/12B466 (5769371616)" -
219.143.8.242 - - [27/Apr/2015:00:52:55 +0800][0.000] "GET /v.gif?t=%E8%AF%A6%E6%83%85%E9%A1%B5%E9%9D%A2&did=8e4566f0f0794779&p=app&page=%23%2Ftab%2Frank%2F40003651 HTTP/1.1" 304 0 "-" "Mozilla/5.0 (Linux; U; Android 4.3; zh-cn; HM 1SC Build/JLS36C) AppleWebKit/534.30 (KHTML, like Gecko) Version/4.0 Mobile Safari/534.30" 10.56.9.71
219.143.8.242 - - [27/Apr/2015:00:53:01 +0800][0.000] "GET /v.gif?t=buying_method_rank&did=8e4566f0f0794779&p=app&page=%23%2Ftab%2Frank%2F40003651 HTTP/1.1" 304 0 "-" "Mozilla/5.0 (Linux; U; Android 4.3; zh-cn; HM 1SC Build/JLS36C) AppleWebKit/534.30 (KHTML, like Gecko) Version/4.0 Mobile Safari/534.30" 10.56.9.71
219.143.8.242 - - [27/Apr/2015:00:53:03 +0800][0.000] "GET /v.gif?id=40003651&t=open_buy_link&did=8e4566f0f0794779&p=app&page=%23%2Ftab%2Frank%2Fdetail_more%2F%3Ftype%3Dbuying_method%26_id%3D40003651 HTTP/1.1" 304 0 "-" "Mozilla/5.0 (Linux; U; Android 4.3; zh-cn; HM 1SC Build/JLS36C) AppleWebKit/534.30 (KHTML, like Gecko) Version/4.0 Mobile Safari/534.30" 10.56.9.71
115.193.186.100 - - [27/Apr/2015:00:53:04 +0800][0.000] "GET /v.gif?t=%E8%AF%A6%E6%83%85%E9%A1%B5%E9%9D%A2&did=3F042D7C-16A8-4189-A4C2-3E8233F73F1D&p=app&page=%23%2Ftab%2Frank%2F40003651 HTTP/1.1" 200 0 "-" "Mozilla/5.0 (iPhone; CPU iPhone OS 8_1_3 like Mac OS X) AppleWebKit/600.1.4 (KHTML, like Gecko) Mobile/12B466 (5769371616)" -
115.193.186.100 - - [27/Apr/2015:00:53:12 +0800][0.000] "GET /v.gif?t=detail_page_switch_curve_duration&did=3F042D7C-16A8-4189-A4C2-3E8233F73F1D&p=app&page=%23%2Ftab%2Frank%2F40003651 HTTP/1.1" 200 0 "-" "Mozilla/5.0 (iPhone; CPU iPhone OS 8_1_3 like Mac OS X) AppleWebKit/600.1.4 (KHTML, like Gecko) Mobile/12B466 (5769371616)" -
115.193.186.100 - - [27/Apr/2015:00:53:14 +0800][0.000] "GET /v.gif?t=detail_page_switch_curve_duration&did=3F042D7C-16A8-4189-A4C2-3E8233F73F1D&p=app&page=%23%2Ftab%2Frank%2F40003651 HTTP/1.1" 200 0 "-" "Mozilla/5.0 (iPhone; CPU iPhone OS 8_1_3 like Mac OS X) AppleWebKit/600.1.4 (KHTML, like Gecko) Mobile/12B466 (5769371616)" -
117.135.212.49 - - [27/Apr/2015:00:53:15 +0800][0.000] "GET /v.gif?t=buying_method_rank&did=9025e506da55e450&p=app&page=%23%2Ftab%2Frank%2F30000192 HTTP/1.1" 200 0 "-" "Mozilla/5.0 (Linux; U; Android 4.2.2; zh-cn; HUAWEI G750-T20 Build/HuaweiG750-T20) AppleWebKit/534.30 (KHTML, like Gecko) Version/4.0 Mobile Safari/534.30" -
115.193.186.100 - - [27/Apr/2015:00:53:16 +0800][0.000] "GET /v.gif?t=buying_method_rank&did=3F042D7C-16A8-4189-A4C2-3E8233F73F1D&p=app&page=%23%2Ftab%2Frank%2F40003651 HTTP/1.1" 200 0 "-" "Mozilla/5.0 (iPhone; CPU iPhone OS 8_1_3 like Mac OS X) AppleWebKit/600.1.4 (KHTML, like Gecko) Mobile/12B466 (5769371616)" -
115.193.186.100 - - [27/Apr/2015:00:53:25 +0800][0.000] "GET /v.gif?t=profits_status&did=3F042D7C-16A8-4189-A4C2-3E8233F73F1D&p=app&page=%23%2Ftab%2Fprofit%2Fstatus HTTP/1.1" 200 0 "-" "Mozilla/5.0 (iPhone; CPU iPhone OS 8_1_3 like Mac OS X) AppleWebKit/600.1.4 (KHTML, like Gecko) Mobile/12B466 (5769371616)" -
115.193.186.100 - - [27/Apr/2015:00:53:30 +0800][0.000] "GET /v.gif?t=%E5%85%B3%E6%B3%A8%E9%A1%B5%E9%9D%A2&did=3F042D7C-16A8-4189-A4C2-3E8233F73F1D&p=app&page=%23%2Ftab%2Fstar HTTP/1.1" 200 0 "-" "Mozilla/5.0 (iPhone; CPU iPhone OS 8_1_3 like Mac OS X) AppleWebKit/600.1.4 (KHTML, like Gecko) Mobile/12B466 (5769371616)" -
115.193.186.100 - - [27/Apr/2015:00:53:31 +0800][0.000] "GET /v.gif?t=%E6%90%9C%E7%B4%A2%E9%A1%B5%E9%9D%A2&did=3F042D7C-16A8-4189-A4C2-3E8233F73F1D&p=app&page=%23%2Ftab%2Fsearch HTTP/1.1" 200 0 "-" "Mozilla/5.0 (iPhone; CPU iPhone OS 8_1_3 like Mac OS X) AppleWebKit/600.1.4 (KHTML, like Gecko) Mobile/12B466 (5769371616)" -
115.193.186.100 - - [27/Apr/2015:00:53:34 +0800][0.000] "GET /v.gif?t=%E6%9B%B4%E5%A4%9A%E9%A1%B5%E9%9D%A2&did=3F042D7C-16A8-4189-A4C2-3E8233F73F1D&p=app&page=%23%2Ftab%2Fmore HTTP/1.1" 200 0 "-" "Mozilla/5.0 (iPhone; CPU iPhone OS 8_1_3 like Mac OS X) AppleWebKit/600.1.4 (KHTML, like Gecko) Mobile/12B466 (5769371616)" -
117.135.212.49 - - [27/Apr/2015:00:53:39 +0800][0.000] "GET /v.gif?t=%E5%85%B3%E6%B3%A8%E9%A1%B5%E9%9D%A2&did=9025e506da55e450&p=app&page=%23%2Ftab%2Fstar HTTP/1.1" 200 0 "-" "Mozilla/5.0 (Linux; U; Android 4.2.2; zh-cn; HUAWEI G750-T20 Build/HuaweiG750-T20) AppleWebKit/534.30 (KHTML, like Gecko) Version/4.0 Mobile Safari/534.30" -
117.135.212.49 - - [27/Apr/2015:00:53:42 +0800][0.000] "GET /v.gif?t=%E6%9B%B4%E5%A4%9A%E9%A1%B5%E9%9D%A2&did=9025e506da55e450&p=app&page=%23%2Ftab%2Fmore HTTP/1.1" 200 0 "-" "Mozilla/5.0 (Linux; U; Android 4.2.2; zh-cn; HUAWEI G750-T20 Build/HuaweiG750-T20) AppleWebKit/534.30 (KHTML, like Gecko) Version/4.0 Mobile Safari/534.30" -
223.88.154.35 - - [27/Apr/2015:00:55:27 +0800][0.000] "GET /v.gif?t=app-start&did=2e6f9b80278e4e24&p=app&page= HTTP/1.1" 200 0 "-" "Mozilla/4.0 (compatible; MSIE 6.0; Windows NT 5.1; SV1)" -
223.88.154.35 - - [27/Apr/2015:00:55:35 +0800][0.000] "GET /v.gif?rank_list_name=%E6%9C%80%E5%8F%97%E6%AC%A2%E8%BF%8EP2P%E5%B9%B3%E5%8F%B0%E6%8E%92%E8%A1%8C&isSub=true&t=rank_list_click_log&did=2e6f9b80278e4e24&p=app&page=%23%2Ftab%2Frank HTTP/1.1" 200 0 "-" "Mozilla/4.0 (compatible; MSIE 6.0; Windows NT 5.1; SV1)" -
87.101.211.250 - - [27/Apr/2015:00:55:59 +0800][0.000] "GET /v.gif?t=app-start&did=6dc36bac73868fcf&p=app&page= HTTP/1.1" 304 0 "-" "Mozilla/5.0 (Linux; Android 4.4.4; Coolpad 8675-W00 Build/KTU84P) AppleWebKit/537.36 (KHTML, like Gecko) Version/4.0 Chrome/33.0.0.0 Mobile Safari/537.36" -
87.101.211.250 - - [27/Apr/2015:00:56:04 +0800][0.000] "GET /v.gif?rank_list_name=%E4%BA%92%E8%81%94%E7%BD%91%E5%AE%9D%E5%AE%9D%E7%B1%BB%E7%90%86%E8%B4%A2%E6%9C%88%E6%8E%92%E8%A1%8C&isSub=true&t=rank_list_click_log&did=6dc36bac73868fcf&p=app&page=%23%2Ftab%2Frank HTTP/1.1" 200 0 "-" "Mozilla/5.0 (Linux; Android 4.4.4; Coolpad 8675-W00 Build/KTU84P) AppleWebKit/537.36 (KHTML, like Gecko) Version/4.0 Chrome/33.0.0.0 Mobile Safari/537.36" -
87.101.211.250 - - [27/Apr/2015:00:56:39 +0800][0.000] "GET /v.gif?rank_list_name=%E6%9C%80%E5%8F%97%E6%AC%A2%E8%BF%8EP2P%E5%B9%B3%E5%8F%B0%E6%8E%92%E8%A1%8C&isSub=true&t=rank_list_click_log&did=6dc36bac73868fcf&p=app&page=%23%2Ftab%2Frank HTTP/1.1" 200 0 "-" "Mozilla/5.0 (Linux; Android 4.4.4; Coolpad 8675-W00 Build/KTU84P) AppleWebKit/537.36 (KHTML, like Gecko) Version/4.0 Chrome/33.0.0.0 Mobile Safari/537.36" -
87.101.211.250 - - [27/Apr/2015:00:56:51 +0800][0.000] "GET /v.gif?rank_list_name=%E6%9C%80%E5%8F%97%E6%AC%A2%E8%BF%8EP2P%E5%B9%B3%E5%8F%B0%E6%8E%92%E8%A1%8C&product_name=%E4%BA%BA%E4%BA%BA%E8%B4%B7&rank_index=3&t=rank_list_item_click_log&did=6dc36bac73868fcf&p=app&page=%23%2Ftab%2Frank%2Finfo%2F100181471 HTTP/1.1" 200 0 "-" "Mozilla/5.0 (Linux; Android 4.4.4; Coolpad 8675-W00 Build/KTU84P) AppleWebKit/537.36 (KHTML, like Gecko) Version/4.0 Chrome/33.0.0.0 Mobile Safari/537.36" -
87.101.211.250 - - [27/Apr/2015:00:57:00 +0800][0.000] "GET /v.gif?rank_list_name=%E6%9C%80%E5%8F%97%E6%AC%A2%E8%BF%8EP2P%E5%B9%B3%E5%8F%B0%E6%8E%92%E8%A1%8C&isSub=true&t=rank_list_click_log&did=6dc36bac73868fcf&p=app&page=%23%2Ftab%2Frank HTTP/1.1" 304 0 "-" "Mozilla/5.0 (Linux; Android 4.4.4; Coolpad 8675-W00 Build/KTU84P) AppleWebKit/537.36 (KHTML, like Gecko) Version/4.0 Chrome/33.0.0.0 Mobile Safari/537.36" -
223.88.154.35 - - [27/Apr/2015:00:57:02 +0800][0.000] "GET /v.gif?rank_list_name=%E6%9C%80%E5%8F%97%E6%AC%A2%E8%BF%8EP2P%E5%B9%B3%E5%8F%B0%E6%8E%92%E8%A1%8C&isSub=true&t=rank_list_click_log&did=2e6f9b80278e4e24&p=app&page=%23%2Ftab%2Frank HTTP/1.1" 304 0 "-" "Mozilla/4.0 (compatible; MSIE 6.0; Windows NT 5.1; SV1)" -
223.88.154.35 - - [27/Apr/2015:00:57:07 +0800][0.000] "GET /v.gif?rank_list_name=%E6%9C%80%E5%8F%97%E6%AC%A2%E8%BF%8EP2P%E5%B9%B3%E5%8F%B0%E6%8E%92%E8%A1%8C&product_name=%E6%8A%95%E5%93%AA%E7%BD%91&rank_index=7&t=rank_list_item_click_log&did=2e6f9b80278e4e24&p=app&page=%23%2Ftab%2Frank%2Finfo%2F100181471 HTTP/1.1" 200 0 "-" "Mozilla/4.0 (compatible; MSIE 6.0; Windows NT 5.1; SV1)" -
87.101.211.250 - - [27/Apr/2015:00:57:12 +0800][0.000] "GET /v.gif?rank_list_name=%E6%9C%80%E5%8F%97%E6%AC%A2%E8%BF%8EP2P%E5%B9%B3%E5%8F%B0%E6%8E%92%E8%A1%8C&product_name=%E6%9C%89%E5%88%A9%E7%BD%91&rank_index=10&t=rank_list_item_click_log&did=6dc36bac73868fcf&p=app&page=%23%2Ftab%2Frank%2Finfo%2F100181471 HTTP/1.1" 200 0 "-" "Mozilla/5.0 (Linux; Android 4.4.4; Coolpad 8675-W00 Build/KTU84P) AppleWebKit/537.36 (KHTML, like Gecko) Version/4.0 Chrome/33.0.0.0 Mobile Safari/537.36" -
223.88.154.35 - - [27/Apr/2015:00:57:13 +0800][0.000] "GET /v.gif?rank_list_name=%E4%BA%92%E8%81%94%E7%BD%91%E5%AE%9D%E5%AE%9D%E7%B1%BB%E7%90%86%E8%B4%A2%E6%9C%88%E6%8E%92%E8%A1%8C&isSub=true&t=rank_list_click_log&did=2e6f9b80278e4e24&p=app&page=%23%2Ftab%2Frank HTTP/1.1" 200 0 "-" "Mozilla/4.0 (compatible; MSIE 6.0; Windows NT 5.1; SV1)" -
