182.37.246.66 - - [29/Apr/2015:02:30:31 +0800][0.000] "GET /v.gif?rank_list_name=%E4%BE%BF%E6%8D%B7%E5%AD%98%E5%8F%96%E5%AE%9D%E5%AE%9D%E7%B1%BB%E7%90%86%E8%B4%A2%E5%91%A8%E6%8E%92%E8%A1%8C&isSub=false&t=rank_list_click_log&did=1A9F74F0-A6AD-41BB-9DB7-951B5DE3E0B7&p=app&page=%23%2Ftab%2Frank%2Fadd HTTP/1.1" 200 0 "-" "Mozilla/5.0 (iPhone; CPU iPhone OS 7_1_2 like Mac OS X) AppleWebKit/537.51.2 (KHTML, like Gecko) Mobile/11D257 (375240512)" -
1.95.79.146 - - [29/Apr/2015:02:30:33 +0800][0.000] "GET /v.gif?t=user_canceled_upgrade&did=72d1095eea721799&p=app&ver=1.2.0&page=%23%2Ftab%2Fprofit%2Fstatus HTTP/1.1" 200 0 "-" "Mozilla/5.0 (Linux; Android 4.4.4; 2014811 Build/KTU84P) AppleWebKit/537.36 (KHTML, like Gecko) Version/4.0 Chrome/33.0.0.0 Mobile Safari/537.36" -
1.95.79.146 - - [29/Apr/2015:02:30:34 +0800][0.000] "GET /v.gif?t=%E6%9B%B4%E5%A4%9A%E9%A1%B5%E9%9D%A2&did=72d1095eea721799&p=app&ver=1.2.0&page=%23%2Ftab%2Fmore HTTP/1.1" 200 0 "-" "Mozilla/5.0 (Linux; Android 4.4.4; 2014811 Build/KTU84P) AppleWebKit/537.36 (KHTML, like Gecko) Version/4.0 Chrome/33.0.0.0 Mobile Safari/537.36" -
182.37.246.66 - - [29/Apr/2015:02:30:44 +0800][0.000] "GET /v.gif?rank_list_name=%E4%BF%9D%E6%9C%AC%E6%9C%89%E5%90%8E%E5%8F%B0P2P%E5%B9%B3%E5%8F%B0%E6%8E%92%E8%A1%8C&isSub=false&t=rank_list_click_log&did=1A9F74F0-A6AD-41BB-9DB7-951B5DE3E0B7&p=app&page=%23%2Ftab%2Frank%2Fadd HTTP/1.1" 200 0 "-" "Mozilla/5.0 (iPhone; CPU iPhone OS 7_1_2 like Mac OS X) AppleWebKit/537.51.2 (KHTML, like Gecko) Mobile/11D257 (375240512)" -
182.37.246.66 - - [29/Apr/2015:02:30:45 +0800][0.000] "GET /v.gif?rank_list_name=%E5%B9%B4%E5%BA%A6%E6%9C%80%E8%B5%9A%E5%9F%BA%E9%87%91%E6%8E%92%E8%A1%8C&isSub=false&t=rank_list_click_log&did=1A9F74F0-A6AD-41BB-9DB7-951B5DE3E0B7&p=app&page=%23%2Ftab%2Frank%2Fadd HTTP/1.1" 200 0 "-" "Mozilla/5.0 (iPhone; CPU iPhone OS 7_1_2 like Mac OS X) AppleWebKit/537.51.2 (KHTML, like Gecko) Mobile/11D257 (375240512)" -
182.37.246.66 - - [29/Apr/2015:02:30:47 +0800][0.000] "GET /v.gif?rank_list_name=%E9%AB%98%E6%94%B6%E7%9B%8AP2P%E5%B9%B3%E5%8F%B0%E6%8E%92%E8%A1%8C&isSub=false&t=rank_list_click_log&did=1A9F74F0-A6AD-41BB-9DB7-951B5DE3E0B7&p=app&page=%23%2Ftab%2Frank%2Fadd HTTP/1.1" 200 0 "-" "Mozilla/5.0 (iPhone; CPU iPhone OS 7_1_2 like Mac OS X) AppleWebKit/537.51.2 (KHTML, like Gecko) Mobile/11D257 (375240512)" -
182.37.246.66 - - [29/Apr/2015:02:30:51 +0800][0.000] "GET /v.gif?rank_list_name=%E6%9C%80%E5%8F%97%E6%AC%A2%E8%BF%8EP2P%E5%B9%B3%E5%8F%B0%E6%8E%92%E8%A1%8C&isSub=true&t=rank_list_click_log&did=1A9F74F0-A6AD-41BB-9DB7-951B5DE3E0B7&p=app&page=%23%2Ftab%2Frank%2Fadd HTTP/1.1" 200 0 "-" "Mozilla/5.0 (iPhone; CPU iPhone OS 7_1_2 like Mac OS X) AppleWebKit/537.51.2 (KHTML, like Gecko) Mobile/11D257 (375240512)" -
182.37.246.66 - - [29/Apr/2015:02:30:52 +0800][0.000] "GET /v.gif?rank_list_name=%E6%9C%80%E5%8F%97%E6%AC%A2%E8%BF%8EP2P%E5%B9%B3%E5%8F%B0%E6%8E%92%E8%A1%8C&isSub=true&t=rank_list_click_log&did=1A9F74F0-A6AD-41BB-9DB7-951B5DE3E0B7&p=app&page=%23%2Ftab%2Frank%2Fadd HTTP/1.1" 200 0 "-" "Mozilla/5.0 (iPhone; CPU iPhone OS 7_1_2 like Mac OS X) AppleWebKit/537.51.2 (KHTML, like Gecko) Mobile/11D257 (375240512)" -
182.37.246.66 - - [29/Apr/2015:02:30:56 +0800][0.000] "GET /v.gif?rank_list_name=%E6%9C%88%E5%BA%A6%E6%9C%80%E8%B5%9A%E5%9F%BA%E9%87%91%E6%8E%92%E8%A1%8C&isSub=true&t=rank_list_click_log&did=1A9F74F0-A6AD-41BB-9DB7-951B5DE3E0B7&p=app&page=%23%2Ftab%2Frank%2Fadd HTTP/1.1" 200 0 "-" "Mozilla/5.0 (iPhone; CPU iPhone OS 7_1_2 like Mac OS X) AppleWebKit/537.51.2 (KHTML, like Gecko) Mobile/11D257 (375240512)" -
182.37.246.66 - - [29/Apr/2015:02:30:57 +0800][0.000] "GET /v.gif?rank_list_name=%E6%9C%88%E5%BA%A6%E6%9C%80%E8%B5%9A%E5%9F%BA%E9%87%91%E6%8E%92%E8%A1%8C&isSub=true&t=rank_list_click_log&did=1A9F74F0-A6AD-41BB-9DB7-951B5DE3E0B7&p=app&page=%23%2Ftab%2Frank%2Fadd HTTP/1.1" 200 0 "-" "Mozilla/5.0 (iPhone; CPU iPhone OS 7_1_2 like Mac OS X) AppleWebKit/537.51.2 (KHTML, like Gecko) Mobile/11D257 (375240512)" -
182.37.246.66 - - [29/Apr/2015:02:31:05 +0800][0.000] "GET /v.gif?rank_list_name=%E4%BF%9D%E6%9C%AC%E6%9C%89%E5%90%8E%E5%8F%B0P2P%E5%B9%B3%E5%8F%B0%E6%8E%92%E8%A1%8C&isSub=true&t=rank_list_click_log&did=1A9F74F0-A6AD-41BB-9DB7-951B5DE3E0B7&p=app&page=%23%2Ftab%2Frank HTTP/1.1" 200 0 "-" "Mozilla/5.0 (iPhone; CPU iPhone OS 7_1_2 like Mac OS X) AppleWebKit/537.51.2 (KHTML, like Gecko) Mobile/11D257 (375240512)" -
1.95.79.146 - - [29/Apr/2015:02:34:12 +0800][0.000] "GET /v.gif?t=app-start&did=72d1095eea721799&p=app&ver=0.0.1&page= HTTP/1.1" 304 0 "-" "Mozilla/5.0 (Linux; Android 4.4.4; 2014811 Build/KTU84P) AppleWebKit/537.36 (KHTML, like Gecko) Version/4.0 Chrome/33.0.0.0 Mobile Safari/537.36" -
1.95.79.146 - - [29/Apr/2015:02:34:13 +0800][0.000] "GET /v.gif?t=profits_status&did=72d1095eea721799&p=app&ver=0.0.1&page=%23%2Ftab%2Fprofit%2Fstatus HTTP/1.1" 304 0 "-" "Mozilla/5.0 (Linux; Android 4.4.4; 2014811 Build/KTU84P) AppleWebKit/537.36 (KHTML, like Gecko) Version/4.0 Chrome/33.0.0.0 Mobile Safari/537.36" -
1.95.79.146 - - [29/Apr/2015:02:34:16 +0800][0.000] "GET /v.gif?t=manual_upgrade_start&did=72d1095eea721799&p=app&ver=1.2.0&page=%23%2Ftab%2Fprofit%2Fstatus HTTP/1.1" 304 0 "-" "Mozilla/5.0 (Linux; Android 4.4.4; 2014811 Build/KTU84P) AppleWebKit/537.36 (KHTML, like Gecko) Version/4.0 Chrome/33.0.0.0 Mobile Safari/537.36" -
1.95.79.146 - - [29/Apr/2015:02:34:20 +0800][0.000] "GET /v.gif?t=user_canceled_upgrade&did=72d1095eea721799&p=app&ver=1.2.0&page=%23%2Ftab%2Fprofit%2Fstatus HTTP/1.1" 304 0 "-" "Mozilla/5.0 (Linux; Android 4.4.4; 2014811 Build/KTU84P) AppleWebKit/537.36 (KHTML, like Gecko) Version/4.0 Chrome/33.0.0.0 Mobile Safari/537.36" -
1.95.79.146 - - [29/Apr/2015:02:34:28 +0800][0.000] "GET /v.gif?t=%E6%9B%B4%E5%A4%9A%E9%A1%B5%E9%9D%A2&did=72d1095eea721799&p=app&ver=1.2.0&page=%23%2Ftab%2Fmore HTTP/1.1" 304 0 "-" "Mozilla/5.0 (Linux; Android 4.4.4; 2014811 Build/KTU84P) AppleWebKit/537.36 (KHTML, like Gecko) Version/4.0 Chrome/33.0.0.0 Mobile Safari/537.36" -
1.95.79.146 - - [29/Apr/2015:02:34:40 +0800][0.000] "GET /v.gif?t=app-start&did=72d1095eea721799&p=app&ver=0.0.1&page= HTTP/1.1" 304 0 "-" "Mozilla/5.0 (Linux; Android 4.4.4; 2014811 Build/KTU84P) AppleWebKit/537.36 (KHTML, like Gecko) Version/4.0 Chrome/33.0.0.0 Mobile Safari/537.36" -
1.95.79.146 - - [29/Apr/2015:02:34:40 +0800][0.000] "GET /v.gif?t=profits_status&did=72d1095eea721799&p=app&ver=0.0.1&page=%23%2Ftab%2Fprofit%2Fstatus HTTP/1.1" 304 0 "-" "Mozilla/5.0 (Linux; Android 4.4.4; 2014811 Build/KTU84P) AppleWebKit/537.36 (KHTML, like Gecko) Version/4.0 Chrome/33.0.0.0 Mobile Safari/537.36" -
1.95.79.146 - - [29/Apr/2015:02:34:43 +0800][0.000] "GET /v.gif?t=manual_upgrade_start&did=72d1095eea721799&p=app&ver=1.2.0&page=%23%2Ftab%2Fprofit%2Fstatus HTTP/1.1" 304 0 "-" "Mozilla/5.0 (Linux; Android 4.4.4; 2014811 Build/KTU84P) AppleWebKit/537.36 (KHTML, like Gecko) Version/4.0 Chrome/33.0.0.0 Mobile Safari/537.36" -
1.95.79.146 - - [29/Apr/2015:02:34:46 +0800][0.000] "GET /v.gif?t=manual_upgrade_done&did=72d1095eea721799&p=app&ver=1.2.0&page=%23%2Ftab%2Fprofit%2Fstatus HTTP/1.1" 200 0 "-" "Mozilla/5.0 (Linux; Android 4.4.4; 2014811 Build/KTU84P) AppleWebKit/537.36 (KHTML, like Gecko) Version/4.0 Chrome/33.0.0.0 Mobile Safari/537.36" -
1.95.79.146 - - [29/Apr/2015:02:34:53 +0800][0.000] "GET /v.gif?t=app-start&did=72d1095eea721799&p=app&page= HTTP/1.1" 200 0 "-" "Mozilla/5.0 (Linux; Android 4.4.4; 2014811 Build/KTU84P) AppleWebKit/537.36 (KHTML, like Gecko) Version/4.0 Chrome/33.0.0.0 Mobile Safari/537.36" -
1.95.79.146 - - [29/Apr/2015:02:34:54 +0800][0.000] "GET /v.gif?t=profits_status&did=72d1095eea721799&p=app&page=%23%2Ftab%2Fprofit%2Fstatus HTTP/1.1" 200 0 "-" "Mozilla/5.0 (Linux; Android 4.4.4; 2014811 Build/KTU84P) AppleWebKit/537.36 (KHTML, like Gecko) Version/4.0 Chrome/33.0.0.0 Mobile Safari/537.36" -
1.95.79.146 - - [29/Apr/2015:02:35:00 +0800][0.000] "GET /v.gif?t=%E6%9B%B4%E5%A4%9A%E9%A1%B5%E9%9D%A2&did=72d1095eea721799&p=app&page=%23%2Ftab%2Fmore HTTP/1.1" 200 0 "-" "Mozilla/5.0 (Linux; Android 4.4.4; 2014811 Build/KTU84P) AppleWebKit/537.36 (KHTML, like Gecko) Version/4.0 Chrome/33.0.0.0 Mobile Safari/537.36" -
1.95.79.146 - - [29/Apr/2015:02:35:02 +0800][0.000] "GET /v.gif?t=page_enter_search&did=72d1095eea721799&p=app&page=%23%2Ftab%2Fsearch HTTP/1.1" 200 0 "-" "Mozilla/5.0 (Linux; Android 4.4.4; 2014811 Build/KTU84P) AppleWebKit/537.36 (KHTML, like Gecko) Version/4.0 Chrome/33.0.0.0 Mobile Safari/537.36" -
182.37.246.66 - - [29/Apr/2015:02:35:47 +0800][0.000] "GET /v.gif?rank_list_name=%E4%BF%9D%E6%9C%AC%E6%9C%89%E5%90%8E%E5%8F%B0P2P%E5%B9%B3%E5%8F%B0%E6%8E%92%E8%A1%8C&product_name=%E4%BC%97%E4%BF%A1%E9%87%91%E8%9E%8D&rank_index=1&t=rank_list_item_click_log&did=1A9F74F0-A6AD-41BB-9DB7-951B5DE3E0B7&p=app&page=%23%2Ftab%2Frank%2Finfo%2F100181462 HTTP/1.1" 200 0 "-" "Mozilla/5.0 (iPhone; CPU iPhone OS 7_1_2 like Mac OS X) AppleWebKit/537.51.2 (KHTML, like Gecko) Mobile/11D257 (375240512)" -
182.37.246.66 - - [29/Apr/2015:02:35:47 +0800][0.000] "GET /v.gif?rank_list_name=%E4%BF%9D%E6%9C%AC%E6%9C%89%E5%90%8E%E5%8F%B0P2P%E5%B9%B3%E5%8F%B0%E6%8E%92%E8%A1%8C&product_name=%E4%BC%97%E4%BF%A1%E9%87%91%E8%9E%8D&rank_index=1&t=rank_list_item_click_log&did=1A9F74F0-A6AD-41BB-9DB7-951B5DE3E0B7&p=app&page=%23%2Ftab%2Frank%2Fplatform%2F90017236 HTTP/1.1" 200 0 "-" "Mozilla/5.0 (iPhone; CPU iPhone OS 7_1_2 like Mac OS X) AppleWebKit/537.51.2 (KHTML, like Gecko) Mobile/11D257 (375240512)" -
182.37.246.66 - - [29/Apr/2015:02:36:06 +0800][0.000] "GET /v.gif?rank_list_name=%E8%B4%A7%E5%B8%81%E5%9F%BA%E9%87%91%E6%9C%88%E6%8E%92%E8%A1%8C&isSub=true&t=rank_list_click_log&did=1A9F74F0-A6AD-41BB-9DB7-951B5DE3E0B7&p=app&page=%23%2Ftab%2Frank HTTP/1.1" 200 0 "-" "Mozilla/5.0 (iPhone; CPU iPhone OS 7_1_2 like Mac OS X) AppleWebKit/537.51.2 (KHTML, like Gecko) Mobile/11D257 (375240512)" -
182.37.246.66 - - [29/Apr/2015:02:36:22 +0800][0.000] "GET /v.gif?rank_list_name=%E8%B4%A7%E5%B8%81%E5%9F%BA%E9%87%91%E6%9C%88%E6%8E%92%E8%A1%8C&product_name=%E5%A4%A9%E5%BC%98%E5%A2%9E%E7%9B%8A%E5%AE%9D&rank_index=1&t=rank_list_item_click_log&did=1A9F74F0-A6AD-41BB-9DB7-951B5DE3E0B7&p=app&page=%23%2Ftab%2Frank%2Finfo%2F100181469 HTTP/1.1" 200 0 "-" "Mozilla/5.0 (iPhone; CPU iPhone OS 7_1_2 like Mac OS X) AppleWebKit/537.51.2 (KHTML, like Gecko) Mobile/11D257 (375240512)" -
182.37.246.66 - - [29/Apr/2015:02:36:22 +0800][0.000] "GET /v.gif?t=%E8%AF%A6%E6%83%85%E9%A1%B5%E9%9D%A2&did=1A9F74F0-A6AD-41BB-9DB7-951B5DE3E0B7&p=app&page=%23%2Ftab%2Frank%2F30169933 HTTP/1.1" 200 0 "-" "Mozilla/5.0 (iPhone; CPU iPhone OS 7_1_2 like Mac OS X) AppleWebKit/537.51.2 (KHTML, like Gecko) Mobile/11D257 (375240512)" -
220.114.252.69 - - [29/Apr/2015:02:36:48 +0800][0.000] "GET /v.gif?t=app-start&did=93910e6cd486ffda&p=app&page= HTTP/1.1" 200 0 "-" "Mozilla/5.0 (Linux; U; Android 4.3; zh-cn; Coolpad 8729 Build/JLS36C) AppleWebKit/534.30 (KHTML, like Gecko) Version/4.0 Mobile Safari/534.30" -
1.95.79.146 - - [29/Apr/2015:02:36:49 +0800][0.000] "GET /v.gif?t=app-start&did=72d1095eea721799&p=app&ver=0.0.1&page= HTTP/1.1" 200 0 "-" "Mozilla/5.0 (Linux; Android 4.4.4; 2014811 Build/KTU84P) AppleWebKit/537.36 (KHTML, like Gecko) Version/4.0 Chrome/33.0.0.0 Mobile Safari/537.36" -
1.95.79.146 - - [29/Apr/2015:02:36:50 +0800][0.000] "GET /v.gif?t=profits_status&did=72d1095eea721799&p=app&ver=0.0.1&page=%23%2Ftab%2Fprofit%2Fstatus HTTP/1.1" 200 0 "-" "Mozilla/5.0 (Linux; Android 4.4.4; 2014811 Build/KTU84P) AppleWebKit/537.36 (KHTML, like Gecko) Version/4.0 Chrome/33.0.0.0 Mobile Safari/537.36" -
1.95.79.146 - - [29/Apr/2015:02:36:53 +0800][0.000] "GET /v.gif?t=manual_upgrade_start&did=72d1095eea721799&p=app&ver=1.2.0&page=%23%2Ftab%2Fprofit%2Fstatus HTTP/1.1" 200 0 "-" "Mozilla/5.0 (Linux; Android 4.4.4; 2014811 Build/KTU84P) AppleWebKit/537.36 (KHTML, like Gecko) Version/4.0 Chrome/33.0.0.0 Mobile Safari/537.36" -
1.95.79.146 - - [29/Apr/2015:02:36:54 +0800][0.000] "GET /v.gif?t=user_canceled_upgrade&did=72d1095eea721799&p=app&ver=1.2.0&page=%23%2Ftab%2Fprofit%2Fstatus HTTP/1.1" 200 0 "-" "Mozilla/5.0 (Linux; Android 4.4.4; 2014811 Build/KTU84P) AppleWebKit/537.36 (KHTML, like Gecko) Version/4.0 Chrome/33.0.0.0 Mobile Safari/537.36" -
1.95.79.146 - - [29/Apr/2015:02:36:55 +0800][0.000] "GET /v.gif?t=%E6%9B%B4%E5%A4%9A%E9%A1%B5%E9%9D%A2&did=72d1095eea721799&p=app&ver=1.2.0&page=%23%2Ftab%2Fmore HTTP/1.1" 200 0 "-" "Mozilla/5.0 (Linux; Android 4.4.4; 2014811 Build/KTU84P) AppleWebKit/537.36 (KHTML, like Gecko) Version/4.0 Chrome/33.0.0.0 Mobile Safari/537.36" -
1.95.79.146 - - [29/Apr/2015:02:36:57 +0800][0.000] "GET /v.gif?t=page_enter_search&did=72d1095eea721799&p=app&ver=1.2.0&page=%23%2Ftab%2Fsearch HTTP/1.1" 200 0 "-" "Mozilla/5.0 (Linux; Android 4.4.4; 2014811 Build/KTU84P) AppleWebKit/537.36 (KHTML, like Gecko) Version/4.0 Chrome/33.0.0.0 Mobile Safari/537.36" -
182.37.246.66 - - [29/Apr/2015:02:36:58 +0800][0.000] "GET /v.gif?rank_list_name=%E4%BF%A1%E6%89%98%E4%BA%A7%E5%93%81%E6%94%B6%E7%9B%8A%E6%8E%92%E8%A1%8C&isSub=true&t=rank_list_click_log&did=1A9F74F0-A6AD-41BB-9DB7-951B5DE3E0B7&p=app&page=%23%2Ftab%2Frank HTTP/1.1" 200 0 "-" "Mozilla/5.0 (iPhone; CPU iPhone OS 7_1_2 like Mac OS X) AppleWebKit/537.51.2 (KHTML, like Gecko) Mobile/11D257 (375240512)" -
183.230.117.136 - - [29/Apr/2015:02:36:58 +0800][0.000] "GET /v.gif?t=app-start&did=66e334080341d13b&p=app&page= HTTP/1.1" 200 0 "-" "Mozilla/5.0 (Linux; U; Android 4.2.2; zh-cn; SCH-P709 Build/JDQ39) AppleWebKit/534.30 (KHTML, like Gecko) Version/4.0 Mobile Safari/534.30" -
1.95.79.146 - - [29/Apr/2015:02:37:05 +0800][0.000] "GET /v.gif?t=manual_upgrade_start&did=72d1095eea721799&p=app&ver=1.2.0&page= HTTP/1.1" 200 0 "-" "Mozilla/5.0 (Linux; Android 4.4.4; 2014811 Build/KTU84P) AppleWebKit/537.36 (KHTML, like Gecko) Version/4.0 Chrome/33.0.0.0 Mobile Safari/537.36" -
1.95.79.146 - - [29/Apr/2015:02:37:06 +0800][0.000] "GET /v.gif?t=user_canceled_upgrade&did=72d1095eea721799&p=app&ver=1.2.0&page= HTTP/1.1" 200 0 "-" "Mozilla/5.0 (Linux; Android 4.4.4; 2014811 Build/KTU84P) AppleWebKit/537.36 (KHTML, like Gecko) Version/4.0 Chrome/33.0.0.0 Mobile Safari/537.36" -
182.37.246.66 - - [29/Apr/2015:02:37:09 +0800][0.000] "GET /v.gif?rank_list_name=%E4%BF%A1%E6%89%98%E4%BA%A7%E5%93%81%E6%94%B6%E7%9B%8A%E6%8E%92%E8%A1%8C&product_name=%E9%B8%BF%E9%81%93%E5%9B%BD%E4%BC%81%E6%94%B9%E9%9D%A9%E8%AF%81%E5%88%B8%E6%8A%95%E8%B5%84%E9%9B%86%E5%90%88%E8%B5%84%E9%87%91%E4%BF%A1%E6%89%98%E8%AE%A1%E5%88%92&rank_index=2&t=rank_list_item_click_log&did=1A9F74F0-A6AD-41BB-9DB7-951B5DE3E0B7&p=app&page=%23%2Ftab%2Frank%2Finfo%2F100181714 HTTP/1.1" 200 0 "-" "Mozilla/5.0 (iPhone; CPU iPhone OS 7_1_2 like Mac OS X) AppleWebKit/537.51.2 (KHTML, like Gecko) Mobile/11D257 (375240512)" -
182.37.246.66 - - [29/Apr/2015:02:37:09 +0800][0.000] "GET /v.gif?t=%E8%AF%A6%E6%83%85%E9%A1%B5%E9%9D%A2&did=1A9F74F0-A6AD-41BB-9DB7-951B5DE3E0B7&p=app&page=%23%2Ftab%2Frank%2F60124609 HTTP/1.1" 200 0 "-" "Mozilla/5.0 (iPhone; CPU iPhone OS 7_1_2 like Mac OS X) AppleWebKit/537.51.2 (KHTML, like Gecko) Mobile/11D257 (375240512)" -
183.230.117.136 - - [29/Apr/2015:02:37:10 +0800][0.000] "GET /v.gif?rank_list_name=2015%E5%B9%B4%E4%BA%92%E8%81%94%E7%BD%91%E7%90%86%E8%B4%A2%E5%93%AA%E5%AE%B6%E5%BC%BA&isSub=true&t=rank_list_click_log&did=66e334080341d13b&p=app&page=%23%2Ftab%2Frank HTTP/1.1" 200 0 "-" "Mozilla/5.0 (Linux; U; Android 4.2.2; zh-cn; SCH-P709 Build/JDQ39) AppleWebKit/534.30 (KHTML, like Gecko) Version/4.0 Mobile Safari/534.30" -
182.37.246.66 - - [29/Apr/2015:02:37:16 +0800][0.000] "GET /v.gif?t=calculate_profit&did=1A9F74F0-A6AD-41BB-9DB7-951B5DE3E0B7&p=app&page=%23%2Ftab%2Frank%2F60124609 HTTP/1.1" 200 0 "-" "Mozilla/5.0 (iPhone; CPU iPhone OS 7_1_2 like Mac OS X) AppleWebKit/537.51.2 (KHTML, like Gecko) Mobile/11D257 (375240512)" -
220.114.252.69 - - [29/Apr/2015:02:37:17 +0800][0.000] "GET /v.gif?rank_list_name=%E4%BA%92%E8%81%94%E7%BD%91%E5%AE%9D%E5%AE%9D%E7%B1%BB%E7%90%86%E8%B4%A2%E6%9C%88%E6%8E%92%E8%A1%8C&isSub=true&t=rank_list_click_log&did=93910e6cd486ffda&p=app&page=%23%2Ftab%2Frank HTTP/1.1" 200 0 "-" "Mozilla/5.0 (Linux; U; Android 4.3; zh-cn; Coolpad 8729 Build/JLS36C) AppleWebKit/534.30 (KHTML, like Gecko) Version/4.0 Mobile Safari/534.30" -
183.230.117.136 - - [29/Apr/2015:02:37:17 +0800][0.000] "GET /v.gif?t=%E6%90%9C%E7%B4%A2%E9%A1%B5%E9%9D%A2&did=66e334080341d13b&p=app&page=%23%2Ftab%2Fsearch HTTP/1.1" 200 0 "-" "Mozilla/5.0 (Linux; U; Android 4.2.2; zh-cn; SCH-P709 Build/JDQ39) AppleWebKit/534.30 (KHTML, like Gecko) Version/4.0 Mobile Safari/534.30" -
183.230.117.136 - - [29/Apr/2015:02:37:20 +0800][0.000] "GET /v.gif?t=%E6%9B%B4%E5%A4%9A%E9%A1%B5%E9%9D%A2&did=66e334080341d13b&p=app&page=%23%2Ftab%2Fmore HTTP/1.1" 200 0 "-" "Mozilla/5.0 (Linux; U; Android 4.2.2; zh-cn; SCH-P709 Build/JDQ39) AppleWebKit/534.30 (KHTML, like Gecko) Version/4.0 Mobile Safari/534.30" -
183.230.117.136 - - [29/Apr/2015:02:37:24 +0800][0.000] "GET /v.gif?rank_list_name=%E4%BF%A1%E6%89%98%E4%BA%A7%E5%93%81%E6%94%B6%E7%9B%8A%E6%8E%92%E8%A1%8C&isSub=true&t=rank_list_click_log&did=66e334080341d13b&p=app&page=%23%2Ftab%2Frank HTTP/1.1" 200 0 "-" "Mozilla/5.0 (Linux; U; Android 4.2.2; zh-cn; SCH-P709 Build/JDQ39) AppleWebKit/534.30 (KHTML, like Gecko) Version/4.0 Mobile Safari/534.30" -
183.230.117.136 - - [29/Apr/2015:02:37:33 +0800][0.000] "GET /v.gif?rank_list_name=%E4%BF%A1%E6%89%98%E4%BA%A7%E5%93%81%E6%94%B6%E7%9B%8A%E6%8E%92%E8%A1%8C&product_name=%E5%A4%AA%E9%BE%99%E9%87%91%E8%8C%82%E5%81%A5%E5%BA%B7%E4%BA%A7%E4%B8%9A%E5%B9%B6%E8%B4%AD%E5%9F%BA%E9%87%91%E9%9B%86%E5%90%88%E8%B5%84%E9%87%91%E4%BF%A1%E6%89%98%E8%AE%A1%E5%88%92&rank_index=1&t=rank_list_item_click_log&did=66e334080341d13b&p=app&page=%23%2Ftab%2Frank%2Finfo%2F100181714 HTTP/1.1" 200 0 "-" "Mozilla/5.0 (Linux; U; Android 4.2.2; zh-cn; SCH-P709 Build/JDQ39) AppleWebKit/534.30 (KHTML, like Gecko) Version/4.0 Mobile Safari/534.30" -
183.230.117.136 - - [29/Apr/2015:02:37:33 +0800][0.000] "GET /v.gif?t=%E8%AF%A6%E6%83%85%E9%A1%B5%E9%9D%A2&did=66e334080341d13b&p=app&page=%23%2Ftab%2Frank%2F60297421 HTTP/1.1" 200 0 "-" "Mozilla/5.0 (Linux; U; Android 4.2.2; zh-cn; SCH-P709 Build/JDQ39) AppleWebKit/534.30 (KHTML, like Gecko) Version/4.0 Mobile Safari/534.30" -
115.183.128.252 - - [29/Apr/2015:02:37:35 +0800][0.000] "GET /v.gif?t=app-start&did=69d0963ea05b701c&p=app&page= HTTP/1.1" 304 0 "-" "Mozilla/5.0 (Linux; Android 4.4.4; Nexus 5 Build/KTU84P) AppleWebKit/537.36 (KHTML, like Gecko) Version/4.0 Chrome/33.0.0.0 Mobile Safari/537.36" -
115.183.128.252 - - [29/Apr/2015:02:37:37 +0800][0.000] "GET /v.gif?rank_list_name=%E8%A5%BF%E4%BA%8C%E6%97%97%E7%A0%81%E5%86%9C%E5%B7%A5%E8%B5%84%E4%B9%B0%E4%BB%80%E4%B9%88&isSub=true&t=rank_list_click_log&did=69d0963ea05b701c&p=app&page=%23%2Ftab%2Frank HTTP/1.1" 304 0 "-" "Mozilla/5.0 (Linux; Android 4.4.4; Nexus 5 Build/KTU84P) AppleWebKit/537.36 (KHTML, like Gecko) Version/4.0 Chrome/33.0.0.0 Mobile Safari/537.36" -
182.37.246.66 - - [29/Apr/2015:02:37:52 +0800][0.000] "GET /v.gif?rank_list_name=%E5%B9%B4%E5%BA%A6%E6%9C%80%E8%B5%9A%E5%9F%BA%E9%87%91%E6%8E%92%E8%A1%8C&isSub=true&t=rank_list_click_log&did=1A9F74F0-A6AD-41BB-9DB7-951B5DE3E0B7&p=app&page=%23%2Ftab%2Frank HTTP/1.1" 200 0 "-" "Mozilla/5.0 (iPhone; CPU iPhone OS 7_1_2 like Mac OS X) AppleWebKit/537.51.2 (KHTML, like Gecko) Mobile/11D257 (375240512)" -
220.114.252.69 - - [29/Apr/2015:02:38:01 +0800][0.000] "GET /v.gif?rank_list_name=%E6%9C%88%E5%BA%A6%E6%9C%80%E8%B5%9A%E5%9F%BA%E9%87%91%E6%8E%92%E8%A1%8C&isSub=true&t=rank_list_click_log&did=93910e6cd486ffda&p=app&page=%23%2Ftab%2Frank HTTP/1.1" 200 0 "-" "Mozilla/5.0 (Linux; U; Android 4.3; zh-cn; Coolpad 8729 Build/JLS36C) AppleWebKit/534.30 (KHTML, like Gecko) Version/4.0 Mobile Safari/534.30" -
182.37.246.66 - - [29/Apr/2015:02:38:07 +0800][0.000] "GET /v.gif?rank_list_name=%E5%B9%B4%E5%BA%A6%E6%9C%80%E8%B5%9A%E5%9F%BA%E9%87%91%E6%8E%92%E8%A1%8C&product_name=%E7%94%B3%E4%B8%87%E8%8F%B1%E4%BF%A1%E7%94%B3%E4%B8%87%E6%8C%87%E6%95%B0&rank_index=1&t=rank_list_item_click_log&did=1A9F74F0-A6AD-41BB-9DB7-951B5DE3E0B7&p=app&page=%23%2Ftab%2Frank%2Finfo%2F100181464 HTTP/1.1" 200 0 "-" "Mozilla/5.0 (iPhone; CPU iPhone OS 7_1_2 like Mac OS X) AppleWebKit/537.51.2 (KHTML, like Gecko) Mobile/11D257 (375240512)" -
182.37.246.66 - - [29/Apr/2015:02:38:07 +0800][0.000] "GET /v.gif?t=%E8%AF%A6%E6%83%85%E9%A1%B5%E9%9D%A2&did=1A9F74F0-A6AD-41BB-9DB7-951B5DE3E0B7&p=app&page=%23%2Ftab%2Frank%2F30000828 HTTP/1.1" 200 0 "-" "Mozilla/5.0 (iPhone; CPU iPhone OS 7_1_2 like Mac OS X) AppleWebKit/537.51.2 (KHTML, like Gecko) Mobile/11D257 (375240512)" -
220.114.252.69 - - [29/Apr/2015:02:38:17 +0800][0.000] "GET /v.gif?rank_list_name=2015%E5%B9%B4%E4%BA%92%E8%81%94%E7%BD%91%E7%90%86%E8%B4%A2%E5%93%AA%E5%AE%B6%E5%BC%BA&isSub=true&t=rank_list_click_log&did=93910e6cd486ffda&p=app&page=%23%2Ftab%2Frank HTTP/1.1" 200 0 "-" "Mozilla/5.0 (Linux; U; Android 4.3; zh-cn; Coolpad 8729 Build/JLS36C) AppleWebKit/534.30 (KHTML, like Gecko) Version/4.0 Mobile Safari/534.30" -
182.37.246.66 - - [29/Apr/2015:02:38:37 +0800][0.000] "GET /v.gif?rank_list_name=%E5%B9%B4%E5%BA%A6%E6%9C%80%E8%B5%9A%E5%9F%BA%E9%87%91%E6%8E%92%E8%A1%8C&product_name=%E7%94%B3%E4%B8%87%E8%8F%B1%E4%BF%A1%E7%94%B3%E4%B8%87%E6%8C%87%E6%95%B0&rank_index=1&t=rank_list_item_click_log&did=1A9F74F0-A6AD-41BB-9DB7-951B5DE3E0B7&p=app&page=%23%2Ftab%2Frank%2Finfo%2F100181464 HTTP/1.1" 200 0 "-" "Mozilla/5.0 (iPhone; CPU iPhone OS 7_1_2 like Mac OS X) AppleWebKit/537.51.2 (KHTML, like Gecko) Mobile/11D257 (375240512)" -
182.37.246.66 - - [29/Apr/2015:02:38:37 +0800][0.000] "GET /v.gif?t=%E8%AF%A6%E6%83%85%E9%A1%B5%E9%9D%A2&did=1A9F74F0-A6AD-41BB-9DB7-951B5DE3E0B7&p=app&page=%23%2Ftab%2Frank%2F30000828 HTTP/1.1" 200 0 "-" "Mozilla/5.0 (iPhone; CPU iPhone OS 7_1_2 like Mac OS X) AppleWebKit/537.51.2 (KHTML, like Gecko) Mobile/11D257 (375240512)" -
182.37.246.66 - - [29/Apr/2015:02:38:40 +0800][0.000] "GET /v.gif?t=calculate_profit&did=1A9F74F0-A6AD-41BB-9DB7-951B5DE3E0B7&p=app&page=%23%2Ftab%2Frank%2F30000828 HTTP/1.1" 200 0 "-" "Mozilla/5.0 (iPhone; CPU iPhone OS 7_1_2 like Mac OS X) AppleWebKit/537.51.2 (KHTML, like Gecko) Mobile/11D257 (375240512)" -
182.37.246.66 - - [29/Apr/2015:02:39:19 +0800][0.000] "GET /v.gif?t=buying_method_rank&did=1A9F74F0-A6AD-41BB-9DB7-951B5DE3E0B7&p=app&page=%23%2Ftab%2Frank%2F30000828 HTTP/1.1" 200 0 "-" "Mozilla/5.0 (iPhone; CPU iPhone OS 7_1_2 like Mac OS X) AppleWebKit/537.51.2 (KHTML, like Gecko) Mobile/11D257 (375240512)" -
182.37.246.66 - - [29/Apr/2015:02:39:26 +0800][0.000] "GET /v.gif?id=30000828&t=open_buy_link&did=1A9F74F0-A6AD-41BB-9DB7-951B5DE3E0B7&p=app&page=%23%2Ftab%2Frank%2Fdetail_more%2F%3Ftype%3Dbuying_method%26_id%3D30000828 HTTP/1.1" 200 0 "-" "Mozilla/5.0 (iPhone; CPU iPhone OS 7_1_2 like Mac OS X) AppleWebKit/537.51.2 (KHTML, like Gecko) Mobile/11D257 (375240512)" -
120.35.166.171 - - [29/Apr/2015:02:43:41 +0800][0.000] "GET /v.gif?t=app-start&did=e007d1b2b3ce0473&p=app&page= HTTP/1.1" 200 0 "-" "Mozilla/5.0 (Linux; U; Android 4.3; zh-cn; X9007 Build/JLS36C) AppleWebKit/534.30 (KHTML, like Gecko) Version/4.0 Mobile Safari/534.30" -
1.95.79.146 - - [29/Apr/2015:02:44:48 +0800][0.000] "GET /v.gif?t=app-start&did=72d1095eea721799&p=app&ver=0.0.1&page= HTTP/1.1" 200 0 "-" "Mozilla/5.0 (Linux; Android 4.4.4; 2014811 Build/KTU84P) AppleWebKit/537.36 (KHTML, like Gecko) Version/4.0 Chrome/33.0.0.0 Mobile Safari/537.36" -
1.95.79.146 - - [29/Apr/2015:02:44:48 +0800][0.000] "GET /v.gif?t=profits_status&did=72d1095eea721799&p=app&ver=0.0.1&page=%23%2Ftab%2Fprofit%2Fstatus HTTP/1.1" 200 0 "-" "Mozilla/5.0 (Linux; Android 4.4.4; 2014811 Build/KTU84P) AppleWebKit/537.36 (KHTML, like Gecko) Version/4.0 Chrome/33.0.0.0 Mobile Safari/537.36" -
1.95.79.146 - - [29/Apr/2015:02:44:51 +0800][0.000] "GET /v.gif?t=manual_upgrade_start&did=72d1095eea721799&p=app&ver=1.2.0&page=%23%2Ftab%2Fprofit%2Fstatus HTTP/1.1" 200 0 "-" "Mozilla/5.0 (Linux; Android 4.4.4; 2014811 Build/KTU84P) AppleWebKit/537.36 (KHTML, like Gecko) Version/4.0 Chrome/33.0.0.0 Mobile Safari/537.36" -
1.95.79.146 - - [29/Apr/2015:02:44:53 +0800][0.000] "GET /v.gif?t=user_canceled_upgrade&did=72d1095eea721799&p=app&ver=1.2.0&page=%23%2Ftab%2Fprofit%2Fstatus HTTP/1.1" 200 0 "-" "Mozilla/5.0 (Linux; Android 4.4.4; 2014811 Build/KTU84P) AppleWebKit/537.36 (KHTML, like Gecko) Version/4.0 Chrome/33.0.0.0 Mobile Safari/537.36" -
1.95.79.146 - - [29/Apr/2015:02:45:03 +0800][0.000] "GET /v.gif?t=%E6%9B%B4%E5%A4%9A%E9%A1%B5%E9%9D%A2&did=72d1095eea721799&p=app&ver=1.2.0&page=%23%2Ftab%2Fmore HTTP/1.1" 200 0 "-" "Mozilla/5.0 (Linux; Android 4.4.4; 2014811 Build/KTU84P) AppleWebKit/537.36 (KHTML, like Gecko) Version/4.0 Chrome/33.0.0.0 Mobile Safari/537.36" -
1.95.79.146 - - [29/Apr/2015:02:45:04 +0800][0.000] "GET /v.gif?t=page_enter_search&did=72d1095eea721799&p=app&ver=1.2.0&page=%23%2Ftab%2Fsearch HTTP/1.1" 200 0 "-" "Mozilla/5.0 (Linux; Android 4.4.4; 2014811 Build/KTU84P) AppleWebKit/537.36 (KHTML, like Gecko) Version/4.0 Chrome/33.0.0.0 Mobile Safari/537.36" -
120.35.166.171 - - [29/Apr/2015:02:45:15 +0800][0.000] "GET /v.gif?rank_list_name=%E4%BA%92%E8%81%94%E7%BD%91%E5%AE%9D%E5%AE%9D%E7%B1%BB%E7%90%86%E8%B4%A2%E6%9C%88%E6%8E%92%E8%A1%8C&isSub=true&t=rank_list_click_log&did=e007d1b2b3ce0473&p=app&page=%23%2Ftab%2Frank%2Fadd HTTP/1.1" 200 0 "-" "Mozilla/5.0 (Linux; U; Android 4.3; zh-cn; X9007 Build/JLS36C) AppleWebKit/534.30 (KHTML, like Gecko) Version/4.0 Mobile Safari/534.30" -
120.35.166.171 - - [29/Apr/2015:02:45:43 +0800][0.000] "GET /v.gif?rank_list_name=%E4%BA%92%E8%81%94%E7%BD%91%E5%AE%9D%E5%AE%9D%E7%B1%BB%E7%90%86%E8%B4%A2%E6%9C%88%E6%8E%92%E8%A1%8C&product_name=%E4%B8%AD%E6%B5%B7e%E9%80%9A%E5%AE%9D&rank_index=2&t=rank_list_item_click_log&did=e007d1b2b3ce0473&p=app&page=%23%2Ftab%2Frank%2Finfo%2F100181419 HTTP/1.1" 200 0 "-" "Mozilla/5.0 (Linux; U; Android 4.3; zh-cn; X9007 Build/JLS36C) AppleWebKit/534.30 (KHTML, like Gecko) Version/4.0 Mobile Safari/534.30" -
120.35.166.171 - - [29/Apr/2015:02:45:43 +0800][0.000] "GET /v.gif?t=%E8%AF%A6%E6%83%85%E9%A1%B5%E9%9D%A2&did=e007d1b2b3ce0473&p=app&page=%23%2Ftab%2Frank%2F40003693 HTTP/1.1" 200 0 "-" "Mozilla/5.0 (Linux; U; Android 4.3; zh-cn; X9007 Build/JLS36C) AppleWebKit/534.30 (KHTML, like Gecko) Version/4.0 Mobile Safari/534.30" -
124.160.216.177 - - [29/Apr/2015:02:47:26 +0800][0.000] "GET /v.gif?t=app-start&did=229b8d138f3f8a05&p=app&page= HTTP/1.1" 200 0 "-" "Mozilla/5.0 (Linux; U; Android 4.1.1; zh-cn; MI 2 Build/JRO03L) AppleWebKit/534.30 (KHTML, like Gecko) Version/4.0 Mobile Safari/534.30" -
120.236.76.200 - - [29/Apr/2015:02:53:40 +0800][0.000] "GET /v.gif?t=app-start&did=11eec6b060044498&p=app&page= HTTP/1.1" 304 0 "-" "Mozilla/5.0 (Linux; Android 4.4.4; HM NOTE 1LTE Build/KTU84P) AppleWebKit/537.36 (KHTML, like Gecko) Version/4.0 Chrome/33.0.0.0 Mobile Safari/537.36" -
120.236.76.200 - - [29/Apr/2015:02:53:44 +0800][0.000] "GET /v.gif?t=profits_status&did=11eec6b060044498&p=app&page=%23%2Ftab%2Fprofit%2Fstatus HTTP/1.1" 304 0 "-" "Mozilla/5.0 (Linux; Android 4.4.4; HM NOTE 1LTE Build/KTU84P) AppleWebKit/537.36 (KHTML, like Gecko) Version/4.0 Chrome/33.0.0.0 Mobile Safari/537.36" -
117.70.196.99 - - [29/Apr/2015:02:56:15 +0800][0.000] "GET /v.gif?t=app-start&did=4e633d451fc03330&p=app&page= HTTP/1.1" 200 0 "-" "Mozilla/5.0 (Linux; U; Android 4.2.1; zh-cn; 2013022 Build/HM2013022) AppleWebKit/534.30 (KHTML, like Gecko) Version/4.0 Mobile Safari/534.30" -
117.70.196.99 - - [29/Apr/2015:02:56:41 +0800][0.000] "GET /v.gif?rank_list_name=%E4%BA%92%E8%81%94%E7%BD%91%E5%AE%9D%E5%AE%9D%E7%B1%BB%E7%90%86%E8%B4%A2%E6%9C%88%E6%8E%92%E8%A1%8C&isSub=true&t=rank_list_click_log&did=4e633d451fc03330&p=app&page=%23%2Ftab%2Frank HTTP/1.1" 200 0 "-" "Mozilla/5.0 (Linux; U; Android 4.2.1; zh-cn; 2013022 Build/HM2013022) AppleWebKit/534.30 (KHTML, like Gecko) Version/4.0 Mobile Safari/534.30" -
1.95.79.146 - - [29/Apr/2015:02:57:02 +0800][0.000] "GET /v.gif?t=profits_status&did=undefined&p=app&ver=0.0.1&page=%23%2Ftab%2Fprofit%2Fstatus HTTP/1.1" 200 0 "-" "Mozilla/5.0 (iPhone; CPU iPhone OS 8_3 like Mac OS X) AppleWebKit/600.1.4 (KHTML, like Gecko) Mobile/12F70 (384473664)" -
1.95.79.146 - - [29/Apr/2015:02:57:03 +0800][0.000] "GET /v.gif?t=app-start&did=195B6C77-B018-48D6-9EF2-5C0AF801EEC9&p=app&ver=1.2.0&page=%23%2Ftab%2Fprofit%2Fstatus HTTP/1.1" 200 0 "-" "Mozilla/5.0 (iPhone; CPU iPhone OS 8_3 like Mac OS X) AppleWebKit/600.1.4 (KHTML, like Gecko) Mobile/12F70 (384473664)" -
1.95.79.146 - - [29/Apr/2015:02:57:04 +0800][0.000] "GET /v.gif?t=manual_upgrade_start&did=195B6C77-B018-48D6-9EF2-5C0AF801EEC9&p=app&ver=1.2.0&page=%23%2Ftab%2Fprofit%2Fstatus HTTP/1.1" 200 0 "-" "Mozilla/5.0 (iPhone; CPU iPhone OS 8_3 like Mac OS X) AppleWebKit/600.1.4 (KHTML, like Gecko) Mobile/12F70 (384473664)" -
117.70.196.99 - - [29/Apr/2015:02:57:05 +0800][0.000] "GET /v.gif?rank_list_name=%E4%BA%92%E8%81%94%E7%BD%91%E5%AE%9D%E5%AE%9D%E7%B1%BB%E7%90%86%E8%B4%A2%E6%9C%88%E6%8E%92%E8%A1%8C&product_name=%E4%B8%AD%E5%8A%A0%E5%A4%A9%E6%B7%BB%E5%AE%9D&rank_index=1&t=rank_list_item_click_log&did=4e633d451fc03330&p=app&page=%23%2Ftab%2Frank%2Finfo%2F100181419 HTTP/1.1" 200 0 "-" "Mozilla/5.0 (Linux; U; Android 4.2.1; zh-cn; 2013022 Build/HM2013022) AppleWebKit/534.30 (KHTML, like Gecko) Version/4.0 Mobile Safari/534.30" -
117.70.196.99 - - [29/Apr/2015:02:57:06 +0800][0.000] "GET /v.gif?t=%E8%AF%A6%E6%83%85%E9%A1%B5%E9%9D%A2&did=4e633d451fc03330&p=app&page=%23%2Ftab%2Frank%2F40003651 HTTP/1.1" 200 0 "-" "Mozilla/5.0 (Linux; U; Android 4.2.1; zh-cn; 2013022 Build/HM2013022) AppleWebKit/534.30 (KHTML, like Gecko) Version/4.0 Mobile Safari/534.30" -
1.95.79.146 - - [29/Apr/2015:02:57:06 +0800][0.000] "GET /v.gif?t=user_canceled_upgrade&did=195B6C77-B018-48D6-9EF2-5C0AF801EEC9&p=app&ver=1.2.0&page=%23%2Ftab%2Fprofit%2Fstatus HTTP/1.1" 200 0 "-" "Mozilla/5.0 (iPhone; CPU iPhone OS 8_3 like Mac OS X) AppleWebKit/600.1.4 (KHTML, like Gecko) Mobile/12F70 (384473664)" -
1.95.79.146 - - [29/Apr/2015:02:57:25 +0800][0.000] "GET /v.gif?t=%E5%85%B3%E6%B3%A8%E9%A1%B5%E9%9D%A2&did=195B6C77-B018-48D6-9EF2-5C0AF801EEC9&p=app&ver=1.2.0&page=%23%2Ftab%2Fstar HTTP/1.1" 200 0 "-" "Mozilla/5.0 (iPhone; CPU iPhone OS 8_3 like Mac OS X) AppleWebKit/600.1.4 (KHTML, like Gecko) Mobile/12F70 (384473664)" -
1.95.79.146 - - [29/Apr/2015:02:57:27 +0800][0.000] "GET /v.gif?t=page_enter_search&did=195B6C77-B018-48D6-9EF2-5C0AF801EEC9&p=app&ver=1.2.0&page=%23%2Ftab%2Fsearch HTTP/1.1" 200 0 "-" "Mozilla/5.0 (iPhone; CPU iPhone OS 8_3 like Mac OS X) AppleWebKit/600.1.4 (KHTML, like Gecko) Mobile/12F70 (384473664)" -
1.95.79.146 - - [29/Apr/2015:02:57:28 +0800][0.000] "GET /v.gif?t=%E6%9B%B4%E5%A4%9A%E9%A1%B5%E9%9D%A2&did=195B6C77-B018-48D6-9EF2-5C0AF801EEC9&p=app&ver=1.2.0&page=%23%2Ftab%2Fmore HTTP/1.1" 200 0 "-" "Mozilla/5.0 (iPhone; CPU iPhone OS 8_3 like Mac OS X) AppleWebKit/600.1.4 (KHTML, like Gecko) Mobile/12F70 (384473664)" -
1.95.79.146 - - [29/Apr/2015:02:57:45 +0800][0.000] "GET /v.gif?t=profits_status&did=undefined&p=app&ver=0.0.1&page=%23%2Ftab%2Fprofit%2Fstatus HTTP/1.1" 200 0 "-" "Mozilla/5.0 (iPhone; CPU iPhone OS 8_3 like Mac OS X) AppleWebKit/600.1.4 (KHTML, like Gecko) Mobile/12F70 (367387008)" -
1.95.79.146 - - [29/Apr/2015:02:57:45 +0800][0.000] "GET /v.gif?t=app-start&did=195B6C77-B018-48D6-9EF2-5C0AF801EEC9&p=app&ver=1.2.0&page=%23%2Ftab%2Fprofit%2Fstatus HTTP/1.1" 200 0 "-" "Mozilla/5.0 (iPhone; CPU iPhone OS 8_3 like Mac OS X) AppleWebKit/600.1.4 (KHTML, like Gecko) Mobile/12F70 (367387008)" -
1.95.79.146 - - [29/Apr/2015:02:57:46 +0800][0.000] "GET /v.gif?t=manual_upgrade_start&did=195B6C77-B018-48D6-9EF2-5C0AF801EEC9&p=app&ver=1.2.0&page=%23%2Ftab%2Fprofit%2Fstatus HTTP/1.1" 200 0 "-" "Mozilla/5.0 (iPhone; CPU iPhone OS 8_3 like Mac OS X) AppleWebKit/600.1.4 (KHTML, like Gecko) Mobile/12F70 (367387008)" -
117.70.196.99 - - [29/Apr/2015:02:57:49 +0800][0.000] "GET /v.gif?t=%E8%AF%A6%E6%83%85%E9%A1%B5%E9%9D%A2&did=4e633d451fc03330&p=app&page=%23%2Ftab%2Frank%2F40003639 HTTP/1.1" 200 0 "-" "Mozilla/5.0 (Linux; U; Android 4.2.1; zh-cn; 2013022 Build/HM2013022) AppleWebKit/534.30 (KHTML, like Gecko) Version/4.0 Mobile Safari/534.30" -
1.95.79.146 - - [29/Apr/2015:02:57:51 +0800][0.000] "GET /v.gif?t=manual_upgrade_done&did=195B6C77-B018-48D6-9EF2-5C0AF801EEC9&p=app&ver=1.2.0&page=%23%2Ftab%2Fprofit%2Fstatus HTTP/1.1" 200 0 "-" "Mozilla/5.0 (iPhone; CPU iPhone OS 8_3 like Mac OS X) AppleWebKit/600.1.4 (KHTML, like Gecko) Mobile/12F70 (367387008)" -
1.95.79.146 - - [29/Apr/2015:02:57:54 +0800][0.000] "GET /v.gif?t=profits_status&did=undefined&p=app&ver=0.0.1&page=%23%2Ftab%2Fprofit%2Fstatus HTTP/1.1" 200 0 "-" "Mozilla/5.0 (iPhone; CPU iPhone OS 8_3 like Mac OS X) AppleWebKit/600.1.4 (KHTML, like Gecko) Mobile/12F70 (367387008)" -
1.95.79.146 - - [29/Apr/2015:02:57:54 +0800][0.000] "GET /v.gif?t=app-start&did=195B6C77-B018-48D6-9EF2-5C0AF801EEC9&p=app&ver=1.2.0&page=%23%2Ftab%2Fprofit%2Fstatus HTTP/1.1" 200 0 "-" "Mozilla/5.0 (iPhone; CPU iPhone OS 8_3 like Mac OS X) AppleWebKit/600.1.4 (KHTML, like Gecko) Mobile/12F70 (367387008)" -
1.95.79.146 - - [29/Apr/2015:02:58:01 +0800][0.000] "GET /v.gif?t=%E5%85%B3%E6%B3%A8%E9%A1%B5%E9%9D%A2&did=195B6C77-B018-48D6-9EF2-5C0AF801EEC9&p=app&ver=1.2.0&page=%23%2Ftab%2Fstar HTTP/1.1" 200 0 "-" "Mozilla/5.0 (iPhone; CPU iPhone OS 8_3 like Mac OS X) AppleWebKit/600.1.4 (KHTML, like Gecko) Mobile/12F70 (367387008)" -
1.95.79.146 - - [29/Apr/2015:02:58:02 +0800][0.000] "GET /v.gif?t=page_enter_search&did=195B6C77-B018-48D6-9EF2-5C0AF801EEC9&p=app&ver=1.2.0&page=%23%2Ftab%2Fsearch HTTP/1.1" 200 0 "-" "Mozilla/5.0 (iPhone; CPU iPhone OS 8_3 like Mac OS X) AppleWebKit/600.1.4 (KHTML, like Gecko) Mobile/12F70 (367387008)" -
1.95.79.146 - - [29/Apr/2015:02:58:03 +0800][0.000] "GET /v.gif?t=%E6%9B%B4%E5%A4%9A%E9%A1%B5%E9%9D%A2&did=195B6C77-B018-48D6-9EF2-5C0AF801EEC9&p=app&ver=1.2.0&page=%23%2Ftab%2Fmore HTTP/1.1" 200 0 "-" "Mozilla/5.0 (iPhone; CPU iPhone OS 8_3 like Mac OS X) AppleWebKit/600.1.4 (KHTML, like Gecko) Mobile/12F70 (367387008)" -
1.95.79.146 - - [29/Apr/2015:02:58:15 +0800][0.000] "GET /v.gif?t=profits_status&did=undefined&p=app&ver=0.0.1&page=%23%2Ftab%2Fprofit%2Fstatus HTTP/1.1" 200 0 "-" "Mozilla/5.0 (iPhone; CPU iPhone OS 8_3 like Mac OS X) AppleWebKit/600.1.4 (KHTML, like Gecko) Mobile/12F70 (374847536)" -
1.95.79.146 - - [29/Apr/2015:02:58:16 +0800][0.000] "GET /v.gif?t=app-start&did=195B6C77-B018-48D6-9EF2-5C0AF801EEC9&p=app&ver=1.2.0&page=%23%2Ftab%2Fprofit%2Fstatus HTTP/1.1" 200 0 "-" "Mozilla/5.0 (iPhone; CPU iPhone OS 8_3 like Mac OS X) AppleWebKit/600.1.4 (KHTML, like Gecko) Mobile/12F70 (374847536)" -
1.95.79.146 - - [29/Apr/2015:02:58:20 +0800][0.000] "GET /v.gif?t=%E5%85%B3%E6%B3%A8%E9%A1%B5%E9%9D%A2&did=195B6C77-B018-48D6-9EF2-5C0AF801EEC9&p=app&ver=1.2.0&page=%23%2Ftab%2Fstar HTTP/1.1" 200 0 "-" "Mozilla/5.0 (iPhone; CPU iPhone OS 8_3 like Mac OS X) AppleWebKit/600.1.4 (KHTML, like Gecko) Mobile/12F70 (374847536)" -
1.95.79.146 - - [29/Apr/2015:02:58:21 +0800][0.000] "GET /v.gif?t=page_enter_search&did=195B6C77-B018-48D6-9EF2-5C0AF801EEC9&p=app&ver=1.2.0&page=%23%2Ftab%2Fsearch HTTP/1.1" 200 0 "-" "Mozilla/5.0 (iPhone; CPU iPhone OS 8_3 like Mac OS X) AppleWebKit/600.1.4 (KHTML, like Gecko) Mobile/12F70 (374847536)" -
1.95.79.146 - - [29/Apr/2015:02:58:22 +0800][0.000] "GET /v.gif?t=%E6%9B%B4%E5%A4%9A%E9%A1%B5%E9%9D%A2&did=195B6C77-B018-48D6-9EF2-5C0AF801EEC9&p=app&ver=1.2.0&page=%23%2Ftab%2Fmore HTTP/1.1" 200 0 "-" "Mozilla/5.0 (iPhone; CPU iPhone OS 8_3 like Mac OS X) AppleWebKit/600.1.4 (KHTML, like Gecko) Mobile/12F70 (374847536)" -
1.95.79.146 - - [29/Apr/2015:02:58:40 +0800][0.000] "GET /v.gif?t=profits_status&did=undefined&p=app&ver=0.0.1&page=%23%2Ftab%2Fprofit%2Fstatus HTTP/1.1" 200 0 "-" "Mozilla/5.0 (iPhone; CPU iPhone OS 8_3 like Mac OS X) AppleWebKit/600.1.4 (KHTML, like Gecko) Mobile/12F70 (374847536)" -
1.95.79.146 - - [29/Apr/2015:02:58:40 +0800][0.000] "GET /v.gif?t=app-start&did=195B6C77-B018-48D6-9EF2-5C0AF801EEC9&p=app&ver=1.2.0&page=%23%2Ftab%2Fprofit%2Fstatus HTTP/1.1" 200 0 "-" "Mozilla/5.0 (iPhone; CPU iPhone OS 8_3 like Mac OS X) AppleWebKit/600.1.4 (KHTML, like Gecko) Mobile/12F70 (374847536)" -
1.95.79.146 - - [29/Apr/2015:02:58:41 +0800][0.000] "GET /v.gif?t=profits_status&did=undefined&p=app&ver=0.0.1&page=%23%2Ftab%2Fprofit%2Fstatus HTTP/1.1" 200 0 "-" "Mozilla/5.0 (iPhone; CPU iPhone OS 8_3 like Mac OS X) AppleWebKit/600.1.4 (KHTML, like Gecko) Mobile/12F70 (374847536)" -
1.95.79.146 - - [29/Apr/2015:02:58:41 +0800][0.000] "GET /v.gif?t=app-start&did=195B6C77-B018-48D6-9EF2-5C0AF801EEC9&p=app&ver=1.2.0&page=%23%2Ftab%2Fprofit%2Fstatus HTTP/1.1" 200 0 "-" "Mozilla/5.0 (iPhone; CPU iPhone OS 8_3 like Mac OS X) AppleWebKit/600.1.4 (KHTML, like Gecko) Mobile/12F70 (374847536)" -
1.95.79.146 - - [29/Apr/2015:02:58:42 +0800][0.000] "GET /v.gif?t=manual_upgrade_start&did=195B6C77-B018-48D6-9EF2-5C0AF801EEC9&p=app&ver=1.2.0&page=%23%2Ftab%2Fprofit%2Fstatus HTTP/1.1" 200 0 "-" "Mozilla/5.0 (iPhone; CPU iPhone OS 8_3 like Mac OS X) AppleWebKit/600.1.4 (KHTML, like Gecko) Mobile/12F70 (374847536)" -
1.95.79.146 - - [29/Apr/2015:02:58:43 +0800][0.000] "GET /v.gif?t=user_canceled_upgrade&did=195B6C77-B018-48D6-9EF2-5C0AF801EEC9&p=app&ver=1.2.0&page=%23%2Ftab%2Fprofit%2Fstatus HTTP/1.1" 200 0 "-" "Mozilla/5.0 (iPhone; CPU iPhone OS 8_3 like Mac OS X) AppleWebKit/600.1.4 (KHTML, like Gecko) Mobile/12F70 (374847536)" -
1.95.79.146 - - [29/Apr/2015:02:58:44 +0800][0.000] "GET /v.gif?t=%E6%9B%B4%E5%A4%9A%E9%A1%B5%E9%9D%A2&did=195B6C77-B018-48D6-9EF2-5C0AF801EEC9&p=app&ver=1.2.0&page=%23%2Ftab%2Fmore HTTP/1.1" 200 0 "-" "Mozilla/5.0 (iPhone; CPU iPhone OS 8_3 like Mac OS X) AppleWebKit/600.1.4 (KHTML, like Gecko) Mobile/12F70 (374847536)" -
1.95.79.146 - - [29/Apr/2015:02:58:57 +0800][0.000] "GET /v.gif?t=profits_status&did=undefined&p=app&ver=0.0.1&page=%23%2Ftab%2Fprofit%2Fstatus HTTP/1.1" 200 0 "-" "Mozilla/5.0 (iPhone; CPU iPhone OS 8_3 like Mac OS X) AppleWebKit/600.1.4 (KHTML, like Gecko) Mobile/12F70 (349736496)" -
1.95.79.146 - - [29/Apr/2015:02:58:57 +0800][0.000] "GET /v.gif?t=app-start&did=195B6C77-B018-48D6-9EF2-5C0AF801EEC9&p=app&ver=1.2.0&page=%23%2Ftab%2Fprofit%2Fstatus HTTP/1.1" 200 0 "-" "Mozilla/5.0 (iPhone; CPU iPhone OS 8_3 like Mac OS X) AppleWebKit/600.1.4 (KHTML, like Gecko) Mobile/12F70 (349736496)" -
1.95.79.146 - - [29/Apr/2015:02:58:58 +0800][0.000] "GET /v.gif?t=manual_upgrade_start&did=195B6C77-B018-48D6-9EF2-5C0AF801EEC9&p=app&ver=1.2.0&page=%23%2Ftab%2Fprofit%2Fstatus HTTP/1.1" 200 0 "-" "Mozilla/5.0 (iPhone; CPU iPhone OS 8_3 like Mac OS X) AppleWebKit/600.1.4 (KHTML, like Gecko) Mobile/12F70 (349736496)" -
1.95.79.146 - - [29/Apr/2015:02:59:01 +0800][0.000] "GET /v.gif?t=user_canceled_upgrade&did=195B6C77-B018-48D6-9EF2-5C0AF801EEC9&p=app&ver=1.2.0&page=%23%2Ftab%2Fprofit%2Fstatus HTTP/1.1" 200 0 "-" "Mozilla/5.0 (iPhone; CPU iPhone OS 8_3 like Mac OS X) AppleWebKit/600.1.4 (KHTML, like Gecko) Mobile/12F70 (349736496)" -
1.95.79.146 - - [29/Apr/2015:02:59:03 +0800][0.000] "GET /v.gif?t=%E5%85%B3%E6%B3%A8%E9%A1%B5%E9%9D%A2&did=195B6C77-B018-48D6-9EF2-5C0AF801EEC9&p=app&ver=1.2.0&page=%23%2Ftab%2Fstar HTTP/1.1" 200 0 "-" "Mozilla/5.0 (iPhone; CPU iPhone OS 8_3 like Mac OS X) AppleWebKit/600.1.4 (KHTML, like Gecko) Mobile/12F70 (349736496)" -
1.95.79.146 - - [29/Apr/2015:02:59:04 +0800][0.000] "GET /v.gif?t=page_enter_search&did=195B6C77-B018-48D6-9EF2-5C0AF801EEC9&p=app&ver=1.2.0&page=%23%2Ftab%2Fsearch HTTP/1.1" 200 0 "-" "Mozilla/5.0 (iPhone; CPU iPhone OS 8_3 like Mac OS X) AppleWebKit/600.1.4 (KHTML, like Gecko) Mobile/12F70 (349736496)" -
1.95.79.146 - - [29/Apr/2015:02:59:05 +0800][0.000] "GET /v.gif?t=%E6%9B%B4%E5%A4%9A%E9%A1%B5%E9%9D%A2&did=195B6C77-B018-48D6-9EF2-5C0AF801EEC9&p=app&ver=1.2.0&page=%23%2Ftab%2Fmore HTTP/1.1" 200 0 "-" "Mozilla/5.0 (iPhone; CPU iPhone OS 8_3 like Mac OS X) AppleWebKit/600.1.4 (KHTML, like Gecko) Mobile/12F70 (349736496)" -
1.95.79.146 - - [29/Apr/2015:02:59:12 +0800][0.000] "GET /v.gif?t=manual_upgrade_start&did=195B6C77-B018-48D6-9EF2-5C0AF801EEC9&p=app&ver=1.2.0&page= HTTP/1.1" 200 0 "-" "Mozilla/5.0 (iPhone; CPU iPhone OS 8_3 like Mac OS X) AppleWebKit/600.1.4 (KHTML, like Gecko) Mobile/12F70 (349736496)" -
1.95.79.146 - - [29/Apr/2015:02:59:14 +0800][0.000] "GET /v.gif?t=user_canceled_upgrade&did=195B6C77-B018-48D6-9EF2-5C0AF801EEC9&p=app&ver=1.2.0&page= HTTP/1.1" 200 0 "-" "Mozilla/5.0 (iPhone; CPU iPhone OS 8_3 like Mac OS X) AppleWebKit/600.1.4 (KHTML, like Gecko) Mobile/12F70 (349736496)" -
1.95.79.146 - - [29/Apr/2015:02:59:15 +0800][0.000] "GET /v.gif?t=manual_upgrade_start&did=195B6C77-B018-48D6-9EF2-5C0AF801EEC9&p=app&ver=1.2.0&page= HTTP/1.1" 200 0 "-" "Mozilla/5.0 (iPhone; CPU iPhone OS 8_3 like Mac OS X) AppleWebKit/600.1.4 (KHTML, like Gecko) Mobile/12F70 (349736496)" -
117.70.196.99 - - [29/Apr/2015:02:59:16 +0800][0.000] "GET /v.gif?rank_list_name=2015%E5%B9%B4%E4%BA%92%E8%81%94%E7%BD%91%E7%90%86%E8%B4%A2%E5%93%AA%E5%AE%B6%E5%BC%BA&isSub=true&t=rank_list_click_log&did=4e633d451fc03330&p=app&page=%23%2Ftab%2Frank HTTP/1.1" 200 0 "-" "Mozilla/5.0 (Linux; U; Android 4.2.1; zh-cn; 2013022 Build/HM2013022) AppleWebKit/534.30 (KHTML, like Gecko) Version/4.0 Mobile Safari/534.30" -
1.95.79.146 - - [29/Apr/2015:02:59:19 +0800][0.000] "GET /v.gif?t=manual_upgrade_done&did=195B6C77-B018-48D6-9EF2-5C0AF801EEC9&p=app&ver=1.2.0&page= HTTP/1.1" 200 0 "-" "Mozilla/5.0 (iPhone; CPU iPhone OS 8_3 like Mac OS X) AppleWebKit/600.1.4 (KHTML, like Gecko) Mobile/12F70 (349736496)" -
1.95.79.146 - - [29/Apr/2015:02:59:20 +0800][0.000] "GET /v.gif?t=app-start&did=195B6C77-B018-48D6-9EF2-5C0AF801EEC9&p=app&ver=1.2.0&page=%23%2Ftab%2Fprofit%2Fstatus HTTP/1.1" 200 0 "-" "Mozilla/5.0 (iPhone; CPU iPhone OS 8_3 like Mac OS X) AppleWebKit/600.1.4 (KHTML, like Gecko) Mobile/12F70 (349736496)" -
1.95.79.146 - - [29/Apr/2015:02:59:20 +0800][0.000] "GET /v.gif?t=profits_status&did=195B6C77-B018-48D6-9EF2-5C0AF801EEC9&p=app&ver=1.2.0&page=%23%2Ftab%2Fprofit%2Fstatus HTTP/1.1" 200 0 "-" "Mozilla/5.0 (iPhone; CPU iPhone OS 8_3 like Mac OS X) AppleWebKit/600.1.4 (KHTML, like Gecko) Mobile/12F70 (349736496)" -
1.95.79.146 - - [29/Apr/2015:02:59:24 +0800][0.000] "GET /v.gif?t=%E6%9B%B4%E5%A4%9A%E9%A1%B5%E9%9D%A2&did=195B6C77-B018-48D6-9EF2-5C0AF801EEC9&p=app&ver=1.2.0&page=%23%2Ftab%2Fmore HTTP/1.1" 200 0 "-" "Mozilla/5.0 (iPhone; CPU iPhone OS 8_3 like Mac OS X) AppleWebKit/600.1.4 (KHTML, like Gecko) Mobile/12F70 (349736496)" -
117.70.196.99 - - [29/Apr/2015:02:59:40 +0800][0.000] "GET /v.gif?rank_list_name=2015%E5%B9%B4%E4%BA%92%E8%81%94%E7%BD%91%E7%90%86%E8%B4%A2%E5%93%AA%E5%AE%B6%E5%BC%BA&isSub=true&t=rank_list_click_log&did=4e633d451fc03330&p=app&page=%23%2Ftab%2Frank HTTP/1.1" 304 0 "-" "Mozilla/5.0 (Linux; U; Android 4.2.1; zh-cn; 2013022 Build/HM2013022) AppleWebKit/534.30 (KHTML, like Gecko) Version/4.0 Mobile Safari/534.30" -
117.70.196.99 - - [29/Apr/2015:02:59:47 +0800][0.000] "GET /v.gif?rank_list_name=%E6%9C%88%E5%BA%A6%E6%9C%80%E8%B5%9A%E5%9F%BA%E9%87%91%E6%8E%92%E8%A1%8C&isSub=true&t=rank_list_click_log&did=4e633d451fc03330&p=app&page=%23%2Ftab%2Frank HTTP/1.1" 200 0 "-" "Mozilla/5.0 (Linux; U; Android 4.2.1; zh-cn; 2013022 Build/HM2013022) AppleWebKit/534.30 (KHTML, like Gecko) Version/4.0 Mobile Safari/534.30" -
117.70.196.99 - - [29/Apr/2015:03:00:14 +0800][0.000] "GET /v.gif?t=profits_status&did=4e633d451fc03330&p=app&page=%23%2Ftab%2Fprofit%2Fstatus HTTP/1.1" 200 0 "-" "Mozilla/5.0 (Linux; U; Android 4.2.1; zh-cn; 2013022 Build/HM2013022) AppleWebKit/534.30 (KHTML, like Gecko) Version/4.0 Mobile Safari/534.30" -
117.70.196.99 - - [29/Apr/2015:03:00:15 +0800][0.000] "GET /v.gif?t=%E6%96%B0%E6%89%8B%E5%BC%95%E5%AF%BC_%E5%B1%95%E7%8E%B0&did=4e633d451fc03330&p=app&page=%23%2Ftab%2Fprofit%2Fstatus HTTP/1.1" 200 0 "-" "Mozilla/5.0 (Linux; U; Android 4.2.1; zh-cn; 2013022 Build/HM2013022) AppleWebKit/534.30 (KHTML, like Gecko) Version/4.0 Mobile Safari/534.30" -
1.95.79.146 - - [29/Apr/2015:03:00:40 +0800][0.000] "GET /v.gif?t=profits_status&did=undefined&p=app&ver=0.0.1&page=%23%2Ftab%2Fprofit%2Fstatus HTTP/1.1" 200 0 "-" "Mozilla/5.0 (iPhone; CPU iPhone OS 8_3 like Mac OS X) AppleWebKit/600.1.4 (KHTML, like Gecko) Mobile/12F70 (367376160)" -
1.95.79.146 - - [29/Apr/2015:03:00:40 +0800][0.000] "GET /v.gif?t=app-start&did=195B6C77-B018-48D6-9EF2-5C0AF801EEC9&p=app&ver=1.2.0&page=%23%2Ftab%2Fprofit%2Fstatus HTTP/1.1" 200 0 "-" "Mozilla/5.0 (iPhone; CPU iPhone OS 8_3 like Mac OS X) AppleWebKit/600.1.4 (KHTML, like Gecko) Mobile/12F70 (367376160)" -
1.95.79.146 - - [29/Apr/2015:03:00:45 +0800][0.000] "GET /v.gif?t=%E6%9B%B4%E5%A4%9A%E9%A1%B5%E9%9D%A2&did=195B6C77-B018-48D6-9EF2-5C0AF801EEC9&p=app&ver=1.2.0&page=%23%2Ftab%2Fmore HTTP/1.1" 200 0 "-" "Mozilla/5.0 (iPhone; CPU iPhone OS 8_3 like Mac OS X) AppleWebKit/600.1.4 (KHTML, like Gecko) Mobile/12F70 (367376160)" -
115.215.37.244 - - [29/Apr/2015:03:00:58 +0800][0.000] "GET /v.gif?t=app-start&did=5619A7C0-53C7-4E6C-B5F9-9CC2369F3570&p=app&page=%23%2Ftab%2Frank HTTP/1.1" 200 0 "-" "Mozilla/5.0 (iPhone; CPU iPhone OS 8_3 like Mac OS X) AppleWebKit/600.1.4 (KHTML, like Gecko) Mobile/12F70 (5181109488)" -
1.95.79.146 - - [29/Apr/2015:03:00:59 +0800][0.000] "GET /v.gif?t=%E5%85%B3%E6%B3%A8%E9%A1%B5%E9%9D%A2&did=195B6C77-B018-48D6-9EF2-5C0AF801EEC9&p=app&ver=1.2.0&page=%23%2Ftab%2Fstar HTTP/1.1" 200 0 "-" "Mozilla/5.0 (iPhone; CPU iPhone OS 8_3 like Mac OS X) AppleWebKit/600.1.4 (KHTML, like Gecko) Mobile/12F70 (367376160)" -
115.215.37.244 - - [29/Apr/2015:03:01:01 +0800][0.000] "GET /v.gif?t=profits_status&did=5619A7C0-53C7-4E6C-B5F9-9CC2369F3570&p=app&page=%23%2Ftab%2Fprofit%2Fstatus HTTP/1.1" 200 0 "-" "Mozilla/5.0 (iPhone; CPU iPhone OS 8_3 like Mac OS X) AppleWebKit/600.1.4 (KHTML, like Gecko) Mobile/12F70 (5181109488)" -
115.215.37.244 - - [29/Apr/2015:03:01:05 +0800][0.000] "GET /v.gif?t=profit2detail&did=5619A7C0-53C7-4E6C-B5F9-9CC2369F3570&p=app&page=%23%2Ftab%2Fprofit%2Fstatus HTTP/1.1" 200 0 "-" "Mozilla/5.0 (iPhone; CPU iPhone OS 8_3 like Mac OS X) AppleWebKit/600.1.4 (KHTML, like Gecko) Mobile/12F70 (5181109488)" -
115.215.37.244 - - [29/Apr/2015:03:01:05 +0800][0.000] "GET /v.gif?t=%E8%AF%A6%E6%83%85%E9%A1%B5%E9%9D%A2&did=5619A7C0-53C7-4E6C-B5F9-9CC2369F3570&p=app&page=%23%2Ftab%2Fprofit%2F30000699 HTTP/1.1" 200 0 "-" "Mozilla/5.0 (iPhone; CPU iPhone OS 8_3 like Mac OS X) AppleWebKit/600.1.4 (KHTML, like Gecko) Mobile/12F70 (5181109488)" -
115.215.37.244 - - [29/Apr/2015:03:01:11 +0800][0.000] "GET /v.gif?t=%E6%9B%B4%E5%A4%9A%E9%A1%B5%E9%9D%A2&did=5619A7C0-53C7-4E6C-B5F9-9CC2369F3570&p=app&page=%23%2Ftab%2Fmore HTTP/1.1" 200 0 "-" "Mozilla/5.0 (iPhone; CPU iPhone OS 8_3 like Mac OS X) AppleWebKit/600.1.4 (KHTML, like Gecko) Mobile/12F70 (5181109488)" -
115.215.37.244 - - [29/Apr/2015:03:01:55 +0800][0.000] "GET /v.gif?t=profit2detail&did=5619A7C0-53C7-4E6C-B5F9-9CC2369F3570&p=app&page=%23%2Ftab%2Fprofit%2Fstatus HTTP/1.1" 200 0 "-" "Mozilla/5.0 (iPhone; CPU iPhone OS 8_3 like Mac OS X) AppleWebKit/600.1.4 (KHTML, like Gecko) Mobile/12F70 (5181109488)" -
115.215.37.244 - - [29/Apr/2015:03:01:56 +0800][0.000] "GET /v.gif?t=%E8%AF%A6%E6%83%85%E9%A1%B5%E9%9D%A2&did=5619A7C0-53C7-4E6C-B5F9-9CC2369F3570&p=app&page=%23%2Ftab%2Fprofit%2F30000699 HTTP/1.1" 200 0 "-" "Mozilla/5.0 (iPhone; CPU iPhone OS 8_3 like Mac OS X) AppleWebKit/600.1.4 (KHTML, like Gecko) Mobile/12F70 (5181109488)" -
1.95.79.146 - - [29/Apr/2015:03:04:05 +0800][0.000] "GET /v.gif?t=app-start&did=72d1095eea721799&p=app&ver=0.0.1&page= HTTP/1.1" 304 0 "-" "Mozilla/5.0 (Linux; Android 4.4.4; 2014811 Build/KTU84P) AppleWebKit/537.36 (KHTML, like Gecko) Version/4.0 Chrome/33.0.0.0 Mobile Safari/537.36" -
1.95.79.146 - - [29/Apr/2015:03:04:05 +0800][0.000] "GET /v.gif?t=profits_status&did=72d1095eea721799&p=app&ver=0.0.1&page=%23%2Ftab%2Fprofit%2Fstatus HTTP/1.1" 304 0 "-" "Mozilla/5.0 (Linux; Android 4.4.4; 2014811 Build/KTU84P) AppleWebKit/537.36 (KHTML, like Gecko) Version/4.0 Chrome/33.0.0.0 Mobile Safari/537.36" -
1.95.79.146 - - [29/Apr/2015:03:04:08 +0800][0.000] "GET /v.gif?t=manual_upgrade_start&did=72d1095eea721799&p=app&ver=1.2.0&page=%23%2Ftab%2Fprofit%2Fstatus HTTP/1.1" 304 0 "-" "Mozilla/5.0 (Linux; Android 4.4.4; 2014811 Build/KTU84P) AppleWebKit/537.36 (KHTML, like Gecko) Version/4.0 Chrome/33.0.0.0 Mobile Safari/537.36" -
1.95.79.146 - - [29/Apr/2015:03:05:07 +0800][0.000] "GET /v.gif?t=user_canceled_upgrade&did=72d1095eea721799&p=app&ver=1.2.0&page=%23%2Ftab%2Fprofit%2Fstatus HTTP/1.1" 304 0 "-" "Mozilla/5.0 (Linux; Android 4.4.4; 2014811 Build/KTU84P) AppleWebKit/537.36 (KHTML, like Gecko) Version/4.0 Chrome/33.0.0.0 Mobile Safari/537.36" -
1.95.79.146 - - [29/Apr/2015:03:06:03 +0800][0.000] "GET /v.gif?t=page_enter_search&did=195B6C77-B018-48D6-9EF2-5C0AF801EEC9&p=app&ver=1.2.0&page=%23%2Ftab%2Fsearch HTTP/1.1" 200 0 "-" "Mozilla/5.0 (iPhone; CPU iPhone OS 8_3 like Mac OS X) AppleWebKit/600.1.4 (KHTML, like Gecko) Mobile/12F70 (367376160)" -
115.215.37.244 - - [29/Apr/2015:03:07:18 +0800][0.000] "GET /v.gif?t=profit2detail&did=5619A7C0-53C7-4E6C-B5F9-9CC2369F3570&p=app&page=%23%2Ftab%2Fprofit%2Fstatus HTTP/1.1" 200 0 "-" "Mozilla/5.0 (iPhone; CPU iPhone OS 8_3 like Mac OS X) AppleWebKit/600.1.4 (KHTML, like Gecko) Mobile/12F70 (5181109488)" -
115.215.37.244 - - [29/Apr/2015:03:07:18 +0800][0.000] "GET /v.gif?t=%E8%AF%A6%E6%83%85%E9%A1%B5%E9%9D%A2&did=5619A7C0-53C7-4E6C-B5F9-9CC2369F3570&p=app&page=%23%2Ftab%2Fprofit%2F30000748 HTTP/1.1" 200 0 "-" "Mozilla/5.0 (iPhone; CPU iPhone OS 8_3 like Mac OS X) AppleWebKit/600.1.4 (KHTML, like Gecko) Mobile/12F70 (5181109488)" -
115.215.37.244 - - [29/Apr/2015:03:07:23 +0800][0.000] "GET /v.gif?t=buying_method_profit&did=5619A7C0-53C7-4E6C-B5F9-9CC2369F3570&p=app&page=%23%2Ftab%2Fprofit%2F30000748 HTTP/1.1" 200 0 "-" "Mozilla/5.0 (iPhone; CPU iPhone OS 8_3 like Mac OS X) AppleWebKit/600.1.4 (KHTML, like Gecko) Mobile/12F70 (5181109488)" -
