183.69.197.134 - - [27/Apr/2015:00:32:15 +0800][0.000] "GET /v.gif?rank_list_name=%E4%BA%92%E8%81%94%E7%BD%91%E5%AE%9D%E5%AE%9D%E7%B1%BB%E7%90%86%E8%B4%A2%E6%9C%88%E6%8E%92%E8%A1%8C&isSub=true&t=rank_list_click_log&did=7B2FED51-8420-4AC8-B274-57ACE1425F03&p=app&page=%23%2Ftab%2Frank%2Finfo%2F100181419 HTTP/1.1" 200 0 "-" "Mozilla/5.0 (iPhone; CPU iPhone OS 8_2 like Mac OS X) AppleWebKit/600.1.4 (KHTML, like Gecko) Mobile/12D508 (4938891776)" -
183.69.197.134 - - [27/Apr/2015:00:32:18 +0800][0.000] "GET /v.gif?rank_list_name=%E4%BA%92%E8%81%94%E7%BD%91%E5%AE%9D%E5%AE%9D%E7%B1%BB%E7%90%86%E8%B4%A2%E6%9C%88%E6%8E%92%E8%A1%8C&product_name=%E4%B8%AD%E6%B5%B7e%E9%80%9A%E5%AE%9D&rank_index=1&t=rank_list_item_click_log&did=7B2FED51-8420-4AC8-B274-57ACE1425F03&p=app&page=%23%2Ftab%2Frank%2Finfo%2F100181419 HTTP/1.1" 200 0 "-" "Mozilla/5.0 (iPhone; CPU iPhone OS 8_2 like Mac OS X) AppleWebKit/600.1.4 (KHTML, like Gecko) Mobile/12D508 (4938891776)" -
183.69.197.134 - - [27/Apr/2015:00:32:19 +0800][0.000] "GET /v.gif?t=%E8%AF%A6%E6%83%85%E9%A1%B5%E9%9D%A2&did=7B2FED51-8420-4AC8-B274-57ACE1425F03&p=app&page=%23%2Ftab%2Frank%2F40003693 HTTP/1.1" 200 0 "-" "Mozilla/5.0 (iPhone; CPU iPhone OS 8_2 like Mac OS X) AppleWebKit/600.1.4 (KHTML, like Gecko) Mobile/12D508 (4938891776)" -
223.73.241.119 - - [27/Apr/2015:00:32:21 +0800][0.000] "GET /v.gif?t=detail_page_switch_curve_duration&did=4DD476D6-E39D-4C00-BB6F-5AE4CEDAE078&p=app&page=%23%2Ftab%2Frank%2F40003633 HTTP/1.1" 200 0 "-" "Mozilla/5.0 (iPhone; CPU iPhone OS 8_3 like Mac OS X) AppleWebKit/600.1.4 (KHTML, like Gecko) Mobile/12F70 (4298189136)" -
115.193.186.100 - - [27/Apr/2015:00:32:24 +0800][0.000] "GET /v.gif?t=tab_%E7%90%86%E8%B4%A2%E8%AF%8A%E6%96%AD&did=3F042D7C-16A8-4189-A4C2-3E8233F73F1D&p=app&page=%23%2Ftab%2Fprofit%2Fstatus HTTP/1.1" 200 0 "-" "Mozilla/5.0 (iPhone; CPU iPhone OS 8_1_3 like Mac OS X) AppleWebKit/600.1.4 (KHTML, like Gecko) Mobile/12B466 (5717941264)" -
115.193.186.100 - - [27/Apr/2015:00:32:27 +0800][0.000] "GET /v.gif?t=tab_%E5%B7%B2%E8%B4%AD%E4%BA%A7%E5%93%81&did=3F042D7C-16A8-4189-A4C2-3E8233F73F1D&p=app&page=%23%2Ftab%2Fprofit%2Fstatus HTTP/1.1" 200 0 "-" "Mozilla/5.0 (iPhone; CPU iPhone OS 8_1_3 like Mac OS X) AppleWebKit/600.1.4 (KHTML, like Gecko) Mobile/12B466 (5717941264)" -
115.193.186.100 - - [27/Apr/2015:00:32:30 +0800][0.000] "GET /v.gif?t=tab_%E5%88%B0%E6%9C%9F%E6%8F%90%E9%86%92&did=3F042D7C-16A8-4189-A4C2-3E8233F73F1D&p=app&page=%23%2Ftab%2Fprofit%2Fstatus HTTP/1.1" 200 0 "-" "Mozilla/5.0 (iPhone; CPU iPhone OS 8_1_3 like Mac OS X) AppleWebKit/600.1.4 (KHTML, like Gecko) Mobile/12B466 (5717941264)" -
182.124.116.247 - - [27/Apr/2015:00:32:31 +0800][0.000] "GET /v.gif?t=app-start&did=B92CE805-912C-4836-A1E0-EE228B168FE2&p=app&page= HTTP/1.1" 200 0 "-" "Mozilla/5.0 (iPhone; CPU iPhone OS 7_1_2 like Mac OS X) AppleWebKit/537.51.2 (KHTML, like Gecko) Mobile/11D257 (341275936)" -
115.193.186.100 - - [27/Apr/2015:00:32:31 +0800][0.000] "GET /v.gif?t=%E5%85%B3%E6%B3%A8%E9%A1%B5%E9%9D%A2&did=3F042D7C-16A8-4189-A4C2-3E8233F73F1D&p=app&page=%23%2Ftab%2Fstar HTTP/1.1" 200 0 "-" "Mozilla/5.0 (iPhone; CPU iPhone OS 8_1_3 like Mac OS X) AppleWebKit/600.1.4 (KHTML, like Gecko) Mobile/12B466 (5717941264)" -
115.193.186.100 - - [27/Apr/2015:00:32:32 +0800][0.000] "GET /v.gif?t=%E6%90%9C%E7%B4%A2%E9%A1%B5%E9%9D%A2&did=3F042D7C-16A8-4189-A4C2-3E8233F73F1D&p=app&page=%23%2Ftab%2Fsearch HTTP/1.1" 200 0 "-" "Mozilla/5.0 (iPhone; CPU iPhone OS 8_1_3 like Mac OS X) AppleWebKit/600.1.4 (KHTML, like Gecko) Mobile/12B466 (5717941264)" -
115.193.186.100 - - [27/Apr/2015:00:32:36 +0800][0.000] "GET /v.gif?t=%E6%9B%B4%E5%A4%9A%E9%A1%B5%E9%9D%A2&did=3F042D7C-16A8-4189-A4C2-3E8233F73F1D&p=app&page=%23%2Ftab%2Fmore HTTP/1.1" 200 0 "-" "Mozilla/5.0 (iPhone; CPU iPhone OS 8_1_3 like Mac OS X) AppleWebKit/600.1.4 (KHTML, like Gecko) Mobile/12B466 (5717941264)" -
223.73.241.119 - - [27/Apr/2015:00:32:37 +0800][0.000] "GET /v.gif?rank_list_name=2015%E5%B9%B4%E4%BA%92%E8%81%94%E7%BD%91%E7%90%86%E8%B4%A2%E5%93%AA%E5%AE%B6%E5%BC%BA&product_name=%E7%99%BE%E5%BA%A6%E7%99%BE%E8%B5%9A&rank_index=4&t=rank_list_item_click_log&did=4DD476D6-E39D-4C00-BB6F-5AE4CEDAE078&p=app&page=%23%2Ftab%2Frank%2Finfo%2F100181459 HTTP/1.1" 200 0 "-" "Mozilla/5.0 (iPhone; CPU iPhone OS 8_3 like Mac OS X) AppleWebKit/600.1.4 (KHTML, like Gecko) Mobile/12F70 (4298189136)" -
223.73.241.119 - - [27/Apr/2015:00:32:37 +0800][0.000] "GET /v.gif?t=%E8%AF%A6%E6%83%85%E9%A1%B5%E9%9D%A2&did=4DD476D6-E39D-4C00-BB6F-5AE4CEDAE078&p=app&page=%23%2Ftab%2Frank%2F40003666 HTTP/1.1" 200 0 "-" "Mozilla/5.0 (iPhone; CPU iPhone OS 8_3 like Mac OS X) AppleWebKit/600.1.4 (KHTML, like Gecko) Mobile/12F70 (4298189136)" -
182.124.116.247 - - [27/Apr/2015:00:32:41 +0800][0.000] "GET /v.gif?t=profits_status&did=B92CE805-912C-4836-A1E0-EE228B168FE2&p=app&page=%23%2Ftab%2Fprofit%2Fstatus HTTP/1.1" 200 0 "-" "Mozilla/5.0 (iPhone; CPU iPhone OS 7_1_2 like Mac OS X) AppleWebKit/537.51.2 (KHTML, like Gecko) Mobile/11D257 (341275936)" -
115.193.186.100 - - [27/Apr/2015:00:32:43 +0800][0.000] "GET /v.gif?t=tab_%E5%B7%B2%E8%B4%AD%E4%BA%A7%E5%93%81&did=3F042D7C-16A8-4189-A4C2-3E8233F73F1D&p=app&page=%23%2Ftab%2Fprofit%2Fstatus HTTP/1.1" 200 0 "-" "Mozilla/5.0 (iPhone; CPU iPhone OS 8_1_3 like Mac OS X) AppleWebKit/600.1.4 (KHTML, like Gecko) Mobile/12B466 (5717941264)" -
223.73.241.119 - - [27/Apr/2015:00:32:44 +0800][0.000] "GET /v.gif?rank_list_name=%E4%BF%A1%E6%89%98%E4%BA%A7%E5%93%81%E6%94%B6%E7%9B%8A%E6%8E%92%E8%A1%8C&isSub=true&t=rank_list_click_log&did=4DD476D6-E39D-4C00-BB6F-5AE4CEDAE078&p=app&page=%23%2Ftab%2Frank HTTP/1.1" 200 0 "-" "Mozilla/5.0 (iPhone; CPU iPhone OS 8_3 like Mac OS X) AppleWebKit/600.1.4 (KHTML, like Gecko) Mobile/12F70 (4298189136)" -
183.69.197.134 - - [27/Apr/2015:00:32:44 +0800][0.000] "GET /v.gif?rank_list_name=%E4%BA%92%E8%81%94%E7%BD%91%E5%AE%9D%E5%AE%9D%E7%B1%BB%E7%90%86%E8%B4%A2%E6%9C%88%E6%8E%92%E8%A1%8C&product_name=%E4%BD%99%E9%A2%9D%E5%AE%9D&rank_index=45&t=rank_list_item_click_log&did=7B2FED51-8420-4AC8-B274-57ACE1425F03&p=app&page=%23%2Ftab%2Frank%2Finfo%2F100181419 HTTP/1.1" 200 0 "-" "Mozilla/5.0 (iPhone; CPU iPhone OS 8_2 like Mac OS X) AppleWebKit/600.1.4 (KHTML, like Gecko) Mobile/12D508 (4938891776)" -
115.193.186.100 - - [27/Apr/2015:00:32:44 +0800][0.000] "GET /v.gif?t=%E6%90%9C%E7%B4%A2%E9%A1%B5%E9%9D%A2&did=3F042D7C-16A8-4189-A4C2-3E8233F73F1D&p=app&page=%23%2Ftab%2Fprofit%2Fsearch%3Ffr%3Dadd HTTP/1.1" 200 0 "-" "Mozilla/5.0 (iPhone; CPU iPhone OS 8_1_3 like Mac OS X) AppleWebKit/600.1.4 (KHTML, like Gecko) Mobile/12B466 (5717941264)" -
182.124.116.247 - - [27/Apr/2015:00:32:44 +0800][0.000] "GET /v.gif?t=%E6%96%B0%E6%89%8B%E5%BC%95%E5%AF%BC_%E5%B1%95%E7%8E%B0&did=B92CE805-912C-4836-A1E0-EE228B168FE2&p=app&page=%23%2Ftab%2Fprofit%2Fstatus HTTP/1.1" 200 0 "-" "Mozilla/5.0 (iPhone; CPU iPhone OS 7_1_2 like Mac OS X) AppleWebKit/537.51.2 (KHTML, like Gecko) Mobile/11D257 (341275936)" -
183.69.197.134 - - [27/Apr/2015:00:32:46 +0800][0.000] "GET /v.gif?t=%E8%AF%A6%E6%83%85%E9%A1%B5%E9%9D%A2&did=7B2FED51-8420-4AC8-B274-57ACE1425F03&p=app&page=%23%2Ftab%2Frank%2F40003687 HTTP/1.1" 200 0 "-" "Mozilla/5.0 (iPhone; CPU iPhone OS 8_2 like Mac OS X) AppleWebKit/600.1.4 (KHTML, like Gecko) Mobile/12D508 (4938891776)" -
120.32.179.110 - - [27/Apr/2015:00:32:46 +0800][0.000] "GET /v.gif?rank_list_name=2015%E5%B9%B4%E4%BA%92%E8%81%94%E7%BD%91%E7%90%86%E8%B4%A2%E5%93%AA%E5%AE%B6%E5%BC%BA&product_name=%E7%99%BE%E5%BA%A6%E7%99%BE%E8%B5%9A&rank_index=4&t=rank_list_item_click_log&did=990a712c80e585f6&p=app&page=%23%2Ftab%2Frank%2Finfo%2F100181459 HTTP/1.1" 200 0 "-" "Mozilla/5.0 (Linux; Android 4.4.4; MI 4W Build/KTU84P) AppleWebKit/537.36 (KHTML, like Gecko) Version/4.0 Chrome/33.0.0.0 Mobile Safari/537.36" -
120.32.179.110 - - [27/Apr/2015:00:32:46 +0800][0.000] "GET /v.gif?t=%E8%AF%A6%E6%83%85%E9%A1%B5%E9%9D%A2&did=990a712c80e585f6&p=app&page=%23%2Ftab%2Frank%2F40003666 HTTP/1.1" 200 0 "-" "Mozilla/5.0 (Linux; Android 4.4.4; MI 4W Build/KTU84P) AppleWebKit/537.36 (KHTML, like Gecko) Version/4.0 Chrome/33.0.0.0 Mobile Safari/537.36" -
182.124.116.247 - - [27/Apr/2015:00:32:46 +0800][0.000] "GET /v.gif?t=%E5%85%B3%E6%B3%A8%E9%A1%B5%E9%9D%A2&did=B92CE805-912C-4836-A1E0-EE228B168FE2&p=app&page=%23%2Ftab%2Fstar HTTP/1.1" 200 0 "-" "Mozilla/5.0 (iPhone; CPU iPhone OS 7_1_2 like Mac OS X) AppleWebKit/537.51.2 (KHTML, like Gecko) Mobile/11D257 (341275936)" -
182.124.116.247 - - [27/Apr/2015:00:32:48 +0800][0.000] "GET /v.gif?t=%E6%90%9C%E7%B4%A2%E9%A1%B5%E9%9D%A2&did=B92CE805-912C-4836-A1E0-EE228B168FE2&p=app&page=%23%2Ftab%2Fsearch HTTP/1.1" 200 0 "-" "Mozilla/5.0 (iPhone; CPU iPhone OS 7_1_2 like Mac OS X) AppleWebKit/537.51.2 (KHTML, like Gecko) Mobile/11D257 (341275936)" -
223.73.241.119 - - [27/Apr/2015:00:32:50 +0800][0.000] "GET /v.gif?rank_list_name=%E4%BF%A1%E6%89%98%E4%BA%A7%E5%93%81%E6%94%B6%E7%9B%8A%E6%8E%92%E8%A1%8C&product_name=%E5%A4%AA%E9%BE%99%E9%87%91%E8%8C%82%E5%81%A5%E5%BA%B7%E4%BA%A7%E4%B8%9A%E5%B9%B6%E8%B4%AD%E5%9F%BA%E9%87%91%E9%9B%86%E5%90%88%E8%B5%84%E9%87%91%E4%BF%A1%E6%89%98%E8%AE%A1%E5%88%92&rank_index=1&t=rank_list_item_click_log&did=4DD476D6-E39D-4C00-BB6F-5AE4CEDAE078&p=app&page=%23%2Ftab%2Frank%2Finfo%2F100181714 HTTP/1.1" 200 0 "-" "Mozilla/5.0 (iPhone; CPU iPhone OS 8_3 like Mac OS X) AppleWebKit/600.1.4 (KHTML, like Gecko) Mobile/12F70 (4298189136)" -
223.73.241.119 - - [27/Apr/2015:00:32:50 +0800][0.000] "GET /v.gif?t=%E8%AF%A6%E6%83%85%E9%A1%B5%E9%9D%A2&did=4DD476D6-E39D-4C00-BB6F-5AE4CEDAE078&p=app&page=%23%2Ftab%2Frank%2F60297421 HTTP/1.1" 200 0 "-" "Mozilla/5.0 (iPhone; CPU iPhone OS 8_3 like Mac OS X) AppleWebKit/600.1.4 (KHTML, like Gecko) Mobile/12F70 (4298189136)" -
115.193.186.100 - - [27/Apr/2015:00:32:58 +0800][0.000] "GET /v.gif?rank_list_name=%E6%9C%88%E5%BA%A6%E6%9C%80%E8%B5%9A%E5%9F%BA%E9%87%91%E6%8E%92%E8%A1%8C&isSub=true&t=rank_list_click_log&did=3F042D7C-16A8-4189-A4C2-3E8233F73F1D&p=app&page=%23%2Ftab%2Frank HTTP/1.1" 200 0 "-" "Mozilla/5.0 (iPhone; CPU iPhone OS 8_1_3 like Mac OS X) AppleWebKit/600.1.4 (KHTML, like Gecko) Mobile/12B466 (5717941264)" -
182.124.116.247 - - [27/Apr/2015:00:32:58 +0800][0.000] "GET /v.gif?t=search_do&did=B92CE805-912C-4836-A1E0-EE228B168FE2&p=app&page=%23%2Ftab%2Fsearch%2Fresult%3Fquery%3D%25E4%25BD%2599%25E9%25A2%259D%25E5%25AE%259D%26fr%3D HTTP/1.1" 200 0 "-" "Mozilla/5.0 (iPhone; CPU iPhone OS 7_1_2 like Mac OS X) AppleWebKit/537.51.2 (KHTML, like Gecko) Mobile/11D257 (341275936)" -
183.69.197.134 - - [27/Apr/2015:00:33:08 +0800][0.000] "GET /v.gif?rank_list_name=%E4%BA%92%E8%81%94%E7%BD%91%E5%AE%9D%E5%AE%9D%E7%B1%BB%E7%90%86%E8%B4%A2%E6%9C%88%E6%8E%92%E8%A1%8C&product_name=%E5%BE%AE%E4%BF%A1%E7%90%86%E8%B4%A2%E9%80%9A&rank_index=43&t=rank_list_item_click_log&did=7B2FED51-8420-4AC8-B274-57ACE1425F03&p=app&page=%23%2Ftab%2Frank%2Finfo%2F100181419 HTTP/1.1" 200 0 "-" "Mozilla/5.0 (iPhone; CPU iPhone OS 8_2 like Mac OS X) AppleWebKit/600.1.4 (KHTML, like Gecko) Mobile/12D508 (4938891776)" -
183.69.197.134 - - [27/Apr/2015:00:33:08 +0800][0.000] "GET /v.gif?t=%E8%AF%A6%E6%83%85%E9%A1%B5%E9%9D%A2&did=7B2FED51-8420-4AC8-B274-57ACE1425F03&p=app&page=%23%2Ftab%2Frank%2F40003684 HTTP/1.1" 200 0 "-" "Mozilla/5.0 (iPhone; CPU iPhone OS 8_2 like Mac OS X) AppleWebKit/600.1.4 (KHTML, like Gecko) Mobile/12D508 (4938891776)" -
115.193.186.100 - - [27/Apr/2015:00:33:09 +0800][0.000] "GET /v.gif?rank_list_name=%E6%9C%88%E5%BA%A6%E6%9C%80%E8%B5%9A%E5%9F%BA%E9%87%91%E6%8E%92%E8%A1%8C&product_name=%E5%AF%8C%E5%9B%BD%E5%8C%BB%E7%96%97%E4%BF%9D%E5%81%A5%E8%A1%8C%E4%B8%9A&rank_index=1&t=rank_list_item_click_log&did=3F042D7C-16A8-4189-A4C2-3E8233F73F1D&p=app&page=%23%2Ftab%2Frank%2Finfo%2F100181465 HTTP/1.1" 200 0 "-" "Mozilla/5.0 (iPhone; CPU iPhone OS 8_1_3 like Mac OS X) AppleWebKit/600.1.4 (KHTML, like Gecko) Mobile/12B466 (5717941264)" -
182.124.116.247 - - [27/Apr/2015:00:33:09 +0800][0.000] "GET /v.gif?t=search2detail&did=B92CE805-912C-4836-A1E0-EE228B168FE2&p=app&page=%23%2Ftab%2Fsearch%2Fresult%3Fquery%3D%25E4%25BD%2599%25E9%25A2%259D%25E5%25AE%259D%26fr%3D HTTP/1.1" 200 0 "-" "Mozilla/5.0 (iPhone; CPU iPhone OS 7_1_2 like Mac OS X) AppleWebKit/537.51.2 (KHTML, like Gecko) Mobile/11D257 (341275936)" -
115.193.186.100 - - [27/Apr/2015:00:33:09 +0800][0.000] "GET /v.gif?t=%E8%AF%A6%E6%83%85%E9%A1%B5%E9%9D%A2&did=3F042D7C-16A8-4189-A4C2-3E8233F73F1D&p=app&page=%23%2Ftab%2Frank%2F30003087 HTTP/1.1" 200 0 "-" "Mozilla/5.0 (iPhone; CPU iPhone OS 8_1_3 like Mac OS X) AppleWebKit/600.1.4 (KHTML, like Gecko) Mobile/12B466 (5717941264)" -
223.73.241.119 - - [27/Apr/2015:00:33:09 +0800][0.000] "GET /v.gif?rank_list_name=2015%E5%B9%B4%E4%BA%92%E8%81%94%E7%BD%91%E7%90%86%E8%B4%A2%E5%93%AA%E5%AE%B6%E5%BC%BA&isSub=true&t=rank_list_click_log&did=4DD476D6-E39D-4C00-BB6F-5AE4CEDAE078&p=app&page=%23%2Ftab%2Frank HTTP/1.1" 200 0 "-" "Mozilla/5.0 (iPhone; CPU iPhone OS 8_3 like Mac OS X) AppleWebKit/600.1.4 (KHTML, like Gecko) Mobile/12F70 (4298189136)" -
120.32.179.110 - - [27/Apr/2015:00:33:09 +0800][0.000] "GET /v.gif?rank_list_name=%E7%9F%A5%E5%90%8D%E9%93%B6%E8%A1%8C%E7%9F%AD%E6%9C%9F%E7%90%86%E8%B4%A2%E6%8E%92%E8%A1%8C&isSub=true&t=rank_list_click_log&did=990a712c80e585f6&p=app&page=%23%2Ftab%2Frank HTTP/1.1" 200 0 "-" "Mozilla/5.0 (Linux; Android 4.4.4; MI 4W Build/KTU84P) AppleWebKit/537.36 (KHTML, like Gecko) Version/4.0 Chrome/33.0.0.0 Mobile Safari/537.36" -
58.16.47.223 - - [27/Apr/2015:00:33:15 +0800][0.000] "GET /v.gif?t=app-start&did=C8DCF95D-A271-4ADA-8151-69F23A09ADA4&p=app&page=%23%2Ftab%2Frank HTTP/1.1" 200 0 "-" "Mozilla/5.0 (iPhone; CPU iPhone OS 8_1_2 like Mac OS X) AppleWebKit/600.1.4 (KHTML, like Gecko) Mobile/12B440 (5718007376)" -
183.69.197.134 - - [27/Apr/2015:00:33:16 +0800][0.000] "GET /v.gif?rank_list_name=%E4%BA%92%E8%81%94%E7%BD%91%E5%AE%9D%E5%AE%9D%E7%B1%BB%E7%90%86%E8%B4%A2%E6%9C%88%E6%8E%92%E8%A1%8C&isSub=true&t=rank_list_click_log&did=7B2FED51-8420-4AC8-B274-57ACE1425F03&p=app&page=%23%2Ftab%2Frank HTTP/1.1" 200 0 "-" "Mozilla/5.0 (iPhone; CPU iPhone OS 8_2 like Mac OS X) AppleWebKit/600.1.4 (KHTML, like Gecko) Mobile/12D508 (4938891776)" -
58.16.47.223 - - [27/Apr/2015:00:33:18 +0800][0.000] "GET /v.gif?rank_list_name=%E8%B4%A7%E5%B8%81%E5%9F%BA%E9%87%91%E6%9C%88%E6%8E%92%E8%A1%8C&isSub=true&t=rank_list_click_log&did=C8DCF95D-A271-4ADA-8151-69F23A09ADA4&p=app&page=%23%2Ftab%2Frank HTTP/1.1" 200 0 "-" "Mozilla/5.0 (iPhone; CPU iPhone OS 8_1_2 like Mac OS X) AppleWebKit/600.1.4 (KHTML, like Gecko) Mobile/12B440 (5718007376)" -
182.124.116.247 - - [27/Apr/2015:00:33:19 +0800][0.000] "GET /v.gif?rank_list_name=%E4%BA%92%E8%81%94%E7%BD%91%E5%AE%9D%E5%AE%9D%E7%B1%BB%E7%90%86%E8%B4%A2%E6%9C%88%E6%8E%92%E8%A1%8C&isSub=true&t=rank_list_click_log&did=B92CE805-912C-4836-A1E0-EE228B168FE2&p=app&page=%23%2Ftab%2Frank HTTP/1.1" 200 0 "-" "Mozilla/5.0 (iPhone; CPU iPhone OS 7_1_2 like Mac OS X) AppleWebKit/537.51.2 (KHTML, like Gecko) Mobile/11D257 (341275936)" -
223.73.241.119 - - [27/Apr/2015:00:33:20 +0800][0.000] "GET /v.gif?rank_list_name=%E6%9C%88%E5%BA%A6%E6%9C%80%E8%B5%9A%E5%9F%BA%E9%87%91%E6%8E%92%E8%A1%8C&isSub=true&t=rank_list_click_log&did=4DD476D6-E39D-4C00-BB6F-5AE4CEDAE078&p=app&page=%23%2Ftab%2Frank HTTP/1.1" 200 0 "-" "Mozilla/5.0 (iPhone; CPU iPhone OS 8_3 like Mac OS X) AppleWebKit/600.1.4 (KHTML, like Gecko) Mobile/12F70 (4298189136)" -
120.32.179.110 - - [27/Apr/2015:00:33:22 +0800][0.000] "GET /v.gif?rank_list_name=2015%E5%B9%B4%E4%BA%92%E8%81%94%E7%BD%91%E7%90%86%E8%B4%A2%E5%93%AA%E5%AE%B6%E5%BC%BA&isSub=true&t=rank_list_click_log&did=990a712c80e585f6&p=app&page=%23%2Ftab%2Frank HTTP/1.1" 304 0 "-" "Mozilla/5.0 (Linux; Android 4.4.4; MI 4W Build/KTU84P) AppleWebKit/537.36 (KHTML, like Gecko) Version/4.0 Chrome/33.0.0.0 Mobile Safari/537.36" -
115.193.186.100 - - [27/Apr/2015:00:33:23 +0800][0.000] "GET /v.gif?rank_list_name=%E6%9C%88%E5%BA%A6%E6%9C%80%E8%B5%9A%E5%9F%BA%E9%87%91%E6%8E%92%E8%A1%8C&product_name=%E4%B8%8A%E8%AF%81%E5%A4%AE%E4%BC%81ETF&rank_index=22&t=rank_list_item_click_log&did=3F042D7C-16A8-4189-A4C2-3E8233F73F1D&p=app&page=%23%2Ftab%2Frank%2Finfo%2F100181465 HTTP/1.1" 200 0 "-" "Mozilla/5.0 (iPhone; CPU iPhone OS 8_1_3 like Mac OS X) AppleWebKit/600.1.4 (KHTML, like Gecko) Mobile/12B466 (5717941264)" -
115.193.186.100 - - [27/Apr/2015:00:33:23 +0800][0.000] "GET /v.gif?t=%E8%AF%A6%E6%83%85%E9%A1%B5%E9%9D%A2&did=3F042D7C-16A8-4189-A4C2-3E8233F73F1D&p=app&page=%23%2Ftab%2Frank%2F30000221 HTTP/1.1" 200 0 "-" "Mozilla/5.0 (iPhone; CPU iPhone OS 8_1_3 like Mac OS X) AppleWebKit/600.1.4 (KHTML, like Gecko) Mobile/12B466 (5717941264)" -
58.16.47.223 - - [27/Apr/2015:00:33:24 +0800][0.000] "GET /v.gif?t=profits_status&did=C8DCF95D-A271-4ADA-8151-69F23A09ADA4&p=app&page=%23%2Ftab%2Fprofit%2Fstatus HTTP/1.1" 200 0 "-" "Mozilla/5.0 (iPhone; CPU iPhone OS 8_1_2 like Mac OS X) AppleWebKit/600.1.4 (KHTML, like Gecko) Mobile/12B440 (5718007376)" -
115.193.186.100 - - [27/Apr/2015:00:33:30 +0800][0.000] "GET /v.gif?rank_list_name=%E6%9C%88%E5%BA%A6%E6%9C%80%E8%B5%9A%E5%9F%BA%E9%87%91%E6%8E%92%E8%A1%8C&product_name=%E8%A5%BF%E9%83%A8%E5%88%A9%E5%BE%97%E6%96%B0%E5%8A%A8%E5%90%91&rank_index=27&t=rank_list_item_click_log&did=3F042D7C-16A8-4189-A4C2-3E8233F73F1D&p=app&page=%23%2Ftab%2Frank%2Finfo%2F100181465 HTTP/1.1" 200 0 "-" "Mozilla/5.0 (iPhone; CPU iPhone OS 8_1_3 like Mac OS X) AppleWebKit/600.1.4 (KHTML, like Gecko) Mobile/12B466 (5717941264)" -
115.193.186.100 - - [27/Apr/2015:00:33:30 +0800][0.000] "GET /v.gif?t=%E8%AF%A6%E6%83%85%E9%A1%B5%E9%9D%A2&did=3F042D7C-16A8-4189-A4C2-3E8233F73F1D&p=app&page=%23%2Ftab%2Frank%2F30001270 HTTP/1.1" 200 0 "-" "Mozilla/5.0 (iPhone; CPU iPhone OS 8_1_3 like Mac OS X) AppleWebKit/600.1.4 (KHTML, like Gecko) Mobile/12B466 (5717941264)" -
120.32.179.110 - - [27/Apr/2015:00:33:30 +0800][0.000] "GET /v.gif?rank_list_name=%E7%9F%A5%E5%90%8D%E9%93%B6%E8%A1%8C%E7%9F%AD%E6%9C%9F%E7%90%86%E8%B4%A2%E6%8E%92%E8%A1%8C&isSub=true&t=rank_list_click_log&did=990a712c80e585f6&p=app&page=%23%2Ftab%2Frank HTTP/1.1" 304 0 "-" "Mozilla/5.0 (Linux; Android 4.4.4; MI 4W Build/KTU84P) AppleWebKit/537.36 (KHTML, like Gecko) Version/4.0 Chrome/33.0.0.0 Mobile Safari/537.36" -
182.124.116.247 - - [27/Apr/2015:00:33:39 +0800][0.000] "GET /v.gif?rank_list_name=2015%E5%B9%B4%E4%BA%92%E8%81%94%E7%BD%91%E7%90%86%E8%B4%A2%E5%93%AA%E5%AE%B6%E5%BC%BA&isSub=true&t=rank_list_click_log&did=B92CE805-912C-4836-A1E0-EE228B168FE2&p=app&page=%23%2Ftab%2Frank HTTP/1.1" 200 0 "-" "Mozilla/5.0 (iPhone; CPU iPhone OS 7_1_2 like Mac OS X) AppleWebKit/537.51.2 (KHTML, like Gecko) Mobile/11D257 (341275936)" -
115.193.186.100 - - [27/Apr/2015:00:33:42 +0800][0.000] "GET /v.gif?rank_list_name=%E4%BA%92%E8%81%94%E7%BD%91%E5%AE%9D%E5%AE%9D%E7%B1%BB%E7%90%86%E8%B4%A2%E6%9C%88%E6%8E%92%E8%A1%8C&isSub=true&t=rank_list_click_log&did=3F042D7C-16A8-4189-A4C2-3E8233F73F1D&p=app&page=%23%2Ftab%2Frank HTTP/1.1" 200 0 "-" "Mozilla/5.0 (iPhone; CPU iPhone OS 8_1_3 like Mac OS X) AppleWebKit/600.1.4 (KHTML, like Gecko) Mobile/12B466 (5717941264)" -
182.124.116.247 - - [27/Apr/2015:00:33:48 +0800][0.000] "GET /v.gif?rank_list_name=2015%E5%B9%B4%E4%BA%92%E8%81%94%E7%BD%91%E7%90%86%E8%B4%A2%E5%93%AA%E5%AE%B6%E5%BC%BA&product_name=%E8%85%BE%E8%AE%AF%E4%BD%A3%E9%87%91%E5%AE%9D&rank_index=1&t=rank_list_item_click_log&did=B92CE805-912C-4836-A1E0-EE228B168FE2&p=app&page=%23%2Ftab%2Frank%2Finfo%2F100181459 HTTP/1.1" 200 0 "-" "Mozilla/5.0 (iPhone; CPU iPhone OS 7_1_2 like Mac OS X) AppleWebKit/537.51.2 (KHTML, like Gecko) Mobile/11D257 (341275936)" -
182.124.116.247 - - [27/Apr/2015:00:33:51 +0800][0.000] "GET /v.gif?t=%E8%AF%A6%E6%83%85%E9%A1%B5%E9%9D%A2&did=B92CE805-912C-4836-A1E0-EE228B168FE2&p=app&page=%23%2Ftab%2Frank%2F40003633 HTTP/1.1" 200 0 "-" "Mozilla/5.0 (iPhone; CPU iPhone OS 7_1_2 like Mac OS X) AppleWebKit/537.51.2 (KHTML, like Gecko) Mobile/11D257 (341275936)" -
183.69.197.134 - - [27/Apr/2015:00:33:51 +0800][0.000] "GET /v.gif?t=profits_status&did=7B2FED51-8420-4AC8-B274-57ACE1425F03&p=app&page=%23%2Ftab%2Fprofit%2Fstatus HTTP/1.1" 200 0 "-" "Mozilla/5.0 (iPhone; CPU iPhone OS 8_2 like Mac OS X) AppleWebKit/600.1.4 (KHTML, like Gecko) Mobile/12D508 (4938891776)" -
120.32.179.110 - - [27/Apr/2015:00:33:55 +0800][0.000] "GET /v.gif?rank_list_name=%E7%9F%A5%E5%90%8D%E9%93%B6%E8%A1%8C%E7%9F%AD%E6%9C%9F%E7%90%86%E8%B4%A2%E6%8E%92%E8%A1%8C&product_name=T%E8%AE%A1%E5%88%92424-36%E5%A4%A9&rank_index=5&t=rank_list_item_click_log&did=990a712c80e585f6&p=app&page=%23%2Ftab%2Frank%2Finfo%2F100181460 HTTP/1.1" 200 0 "-" "Mozilla/5.0 (Linux; Android 4.4.4; MI 4W Build/KTU84P) AppleWebKit/537.36 (KHTML, like Gecko) Version/4.0 Chrome/33.0.0.0 Mobile Safari/537.36" -
120.32.179.110 - - [27/Apr/2015:00:33:56 +0800][0.000] "GET /v.gif?t=%E8%AF%A6%E6%83%85%E9%A1%B5%E9%9D%A2&did=990a712c80e585f6&p=app&page=%23%2Ftab%2Frank%2F50352310 HTTP/1.1" 200 0 "-" "Mozilla/5.0 (Linux; Android 4.4.4; MI 4W Build/KTU84P) AppleWebKit/537.36 (KHTML, like Gecko) Version/4.0 Chrome/33.0.0.0 Mobile Safari/537.36" -
87.101.211.250 - - [27/Apr/2015:00:33:56 +0800][0.000] "GET /v.gif?t=tab_%E7%90%86%E8%B4%A2%E8%AF%8A%E6%96%AD&did=6dc36bac73868fcf&p=app&page=%23%2Ftab%2Fprofit%2Fstatus HTTP/1.1" 304 0 "-" "Mozilla/5.0 (Linux; Android 4.4.4; Coolpad 8675-W00 Build/KTU84P) AppleWebKit/537.36 (KHTML, like Gecko) Version/4.0 Chrome/33.0.0.0 Mobile Safari/537.36" -
183.69.197.134 - - [27/Apr/2015:00:33:58 +0800][0.000] "GET /v.gif?t=tab_%E7%90%86%E8%B4%A2%E8%AF%8A%E6%96%AD&did=7B2FED51-8420-4AC8-B274-57ACE1425F03&p=app&page=%23%2Ftab%2Fprofit%2Fstatus HTTP/1.1" 200 0 "-" "Mozilla/5.0 (iPhone; CPU iPhone OS 8_2 like Mac OS X) AppleWebKit/600.1.4 (KHTML, like Gecko) Mobile/12D508 (4938891776)" -
182.124.116.247 - - [27/Apr/2015:00:33:59 +0800][0.000] "GET /v.gif?t=buying_method_rank&did=B92CE805-912C-4836-A1E0-EE228B168FE2&p=app&page=%23%2Ftab%2Frank%2F40003633 HTTP/1.1" 200 0 "-" "Mozilla/5.0 (iPhone; CPU iPhone OS 7_1_2 like Mac OS X) AppleWebKit/537.51.2 (KHTML, like Gecko) Mobile/11D257 (341275936)" -
183.69.197.134 - - [27/Apr/2015:00:34:00 +0800][0.000] "GET /v.gif?t=tab_%E5%88%B0%E6%9C%9F%E6%8F%90%E9%86%92&did=7B2FED51-8420-4AC8-B274-57ACE1425F03&p=app&page=%23%2Ftab%2Fprofit%2Fstatus HTTP/1.1" 200 0 "-" "Mozilla/5.0 (iPhone; CPU iPhone OS 8_2 like Mac OS X) AppleWebKit/600.1.4 (KHTML, like Gecko) Mobile/12D508 (4938891776)" -
87.101.211.250 - - [27/Apr/2015:00:34:02 +0800][0.000] "GET /v.gif?t=tab_%E5%B7%B2%E8%B4%AD%E4%BA%A7%E5%93%81&did=6dc36bac73868fcf&p=app&page=%23%2Ftab%2Fprofit%2Fstatus HTTP/1.1" 200 0 "-" "Mozilla/5.0 (Linux; Android 4.4.4; Coolpad 8675-W00 Build/KTU84P) AppleWebKit/537.36 (KHTML, like Gecko) Version/4.0 Chrome/33.0.0.0 Mobile Safari/537.36" -
123.246.57.181 - - [27/Apr/2015:00:34:03 +0800][0.000] "GET /v.gif?t=app-start&did=69db5e4863c1212d&p=app&page= HTTP/1.1" 304 0 "-" "Mozilla/5.0 (Linux; Android 4.4.4; HM NOTE 1S Build/KTU84P) AppleWebKit/537.36 (KHTML, like Gecko) Version/4.0 Chrome/33.0.0.0 Mobile Safari/537.36" -
183.69.197.134 - - [27/Apr/2015:00:34:03 +0800][0.000] "GET /v.gif?t=tab_%E5%B7%B2%E8%B4%AD%E4%BA%A7%E5%93%81&did=7B2FED51-8420-4AC8-B274-57ACE1425F03&p=app&page=%23%2Ftab%2Fprofit%2Fstatus HTTP/1.1" 200 0 "-" "Mozilla/5.0 (iPhone; CPU iPhone OS 8_2 like Mac OS X) AppleWebKit/600.1.4 (KHTML, like Gecko) Mobile/12D508 (4938891776)" -
182.124.116.247 - - [27/Apr/2015:00:34:04 +0800][0.000] "GET /v.gif?id=40003633&t=open_buy_link&did=B92CE805-912C-4836-A1E0-EE228B168FE2&p=app&page=%23%2Ftab%2Frank%2Fdetail_more%2F%3Ftype%3Dbuying_method%26_id%3D40003633 HTTP/1.1" 200 0 "-" "Mozilla/5.0 (iPhone; CPU iPhone OS 7_1_2 like Mac OS X) AppleWebKit/537.51.2 (KHTML, like Gecko) Mobile/11D257 (341275936)" -
123.246.57.181 - - [27/Apr/2015:00:34:05 +0800][0.000] "GET /v.gif?t=%E6%9B%B4%E5%A4%9A%E9%A1%B5%E9%9D%A2&did=69db5e4863c1212d&p=app&page=%23%2Ftab%2Fmore HTTP/1.1" 304 0 "-" "Mozilla/5.0 (Linux; Android 4.4.4; HM NOTE 1S Build/KTU84P) AppleWebKit/537.36 (KHTML, like Gecko) Version/4.0 Chrome/33.0.0.0 Mobile Safari/537.36" -
87.101.211.250 - - [27/Apr/2015:00:34:07 +0800][0.000] "GET /v.gif?t=profit2detail&did=6dc36bac73868fcf&p=app&page=%23%2Ftab%2Fprofit%2Fstatus HTTP/1.1" 304 0 "-" "Mozilla/5.0 (Linux; Android 4.4.4; Coolpad 8675-W00 Build/KTU84P) AppleWebKit/537.36 (KHTML, like Gecko) Version/4.0 Chrome/33.0.0.0 Mobile Safari/537.36" -
87.101.211.250 - - [27/Apr/2015:00:34:11 +0800][0.000] "GET /v.gif?t=%E8%AF%A6%E6%83%85%E9%A1%B5%E9%9D%A2&did=6dc36bac73868fcf&p=app&page=%23%2Ftab%2Fprofit%2F30001142 HTTP/1.1" 304 0 "-" "Mozilla/5.0 (Linux; Android 4.4.4; Coolpad 8675-W00 Build/KTU84P) AppleWebKit/537.36 (KHTML, like Gecko) Version/4.0 Chrome/33.0.0.0 Mobile Safari/537.36" -
183.69.197.134 - - [27/Apr/2015:00:34:17 +0800][0.000] "GET /v.gif?t=%E6%90%9C%E7%B4%A2%E9%A1%B5%E9%9D%A2&did=7B2FED51-8420-4AC8-B274-57ACE1425F03&p=app&page=%23%2Ftab%2Fprofit%2Fsearch%3Ffr%3Dadd HTTP/1.1" 200 0 "-" "Mozilla/5.0 (iPhone; CPU iPhone OS 8_2 like Mac OS X) AppleWebKit/600.1.4 (KHTML, like Gecko) Mobile/12D508 (4938891776)" -
183.69.197.134 - - [27/Apr/2015:00:34:21 +0800][0.000] "GET /v.gif?t=search_do&did=7B2FED51-8420-4AC8-B274-57ACE1425F03&p=app&page=%23%2Ftab%2Fprofit%2Fsearch%2Fresult%3Fquery%3D%25E4%25BD%2599%25E9%25A2%259D%25E5%25AE%259D%26fr%3Dadd HTTP/1.1" 200 0 "-" "Mozilla/5.0 (iPhone; CPU iPhone OS 8_2 like Mac OS X) AppleWebKit/600.1.4 (KHTML, like Gecko) Mobile/12D508 (4938891776)" -
183.69.197.134 - - [27/Apr/2015:00:34:27 +0800][0.000] "GET /v.gif?t=search_do&did=7B2FED51-8420-4AC8-B274-57ACE1425F03&p=app&page=%23%2Ftab%2Fprofit%2Fsearch%2Fresult%3Fquery%3D%25E4%25BD%2599%25E9%25A2%259D%25E5%25AE%259D%26fr%3Dadd HTTP/1.1" 200 0 "-" "Mozilla/5.0 (iPhone; CPU iPhone OS 8_2 like Mac OS X) AppleWebKit/600.1.4 (KHTML, like Gecko) Mobile/12D508 (4938891776)" -
183.69.197.134 - - [27/Apr/2015:00:34:31 +0800][0.000] "GET /v.gif?t=%E6%B7%BB%E5%8A%A0%E9%A1%B5%E9%9D%A2&did=7B2FED51-8420-4AC8-B274-57ACE1425F03&p=app&page=%23%2Ftab%2Fprofit%2Fadd%2Fbaby%2F40003687 HTTP/1.1" 200 0 "-" "Mozilla/5.0 (iPhone; CPU iPhone OS 8_2 like Mac OS X) AppleWebKit/600.1.4 (KHTML, like Gecko) Mobile/12D508 (4938891776)" -
113.67.132.16 - - [27/Apr/2015:00:34:33 +0800][0.000] "GET /v.gif?t=app-start&did=59b2565e5f1fc9b4&p=app&page= HTTP/1.1" 200 0 "-" "Mozilla/5.0 (Linux; Android 4.4.2; HUAWEI P7-L09 Build/HuaweiP7-L09) AppleWebKit/537.36 (KHTML, like Gecko) Version/4.0 Chrome/30.0.0.0 Mobile Safari/537.36" -
182.124.116.247 - - [27/Apr/2015:00:34:33 +0800][0.000] "GET /v.gif?t=app-start&did=B92CE805-912C-4836-A1E0-EE228B168FE2&p=app&page=%23%2Ftab%2Frank HTTP/1.1" 200 0 "-" "Mozilla/5.0 (iPhone; CPU iPhone OS 7_1_2 like Mac OS X) AppleWebKit/537.51.2 (KHTML, like Gecko) Mobile/11D257 (383591600)" -
182.124.116.247 - - [27/Apr/2015:00:34:36 +0800][0.000] "GET /v.gif?rank_list_name=%E6%9C%88%E5%BA%A6%E6%9C%80%E8%B5%9A%E5%9F%BA%E9%87%91%E6%8E%92%E8%A1%8C&isSub=true&t=rank_list_click_log&did=B92CE805-912C-4836-A1E0-EE228B168FE2&p=app&page=%23%2Ftab%2Frank HTTP/1.1" 200 0 "-" "Mozilla/5.0 (iPhone; CPU iPhone OS 7_1_2 like Mac OS X) AppleWebKit/537.51.2 (KHTML, like Gecko) Mobile/11D257 (383591600)" -
115.193.186.100 - - [27/Apr/2015:00:34:38 +0800][0.000] "GET /v.gif?rank_list_name=%E4%BA%92%E8%81%94%E7%BD%91%E5%AE%9D%E5%AE%9D%E7%B1%BB%E7%90%86%E8%B4%A2%E6%9C%88%E6%8E%92%E8%A1%8C&product_name=%E4%BD%99%E9%A2%9D%E5%AE%9D&rank_index=45&t=rank_list_item_click_log&did=3F042D7C-16A8-4189-A4C2-3E8233F73F1D&p=app&page=%23%2Ftab%2Frank%2Finfo%2F100181419 HTTP/1.1" 200 0 "-" "Mozilla/5.0 (iPhone; CPU iPhone OS 8_1_3 like Mac OS X) AppleWebKit/600.1.4 (KHTML, like Gecko) Mobile/12B466 (5717941264)" -
115.193.186.100 - - [27/Apr/2015:00:34:38 +0800][0.000] "GET /v.gif?t=%E8%AF%A6%E6%83%85%E9%A1%B5%E9%9D%A2&did=3F042D7C-16A8-4189-A4C2-3E8233F73F1D&p=app&page=%23%2Ftab%2Frank%2F40003687 HTTP/1.1" 200 0 "-" "Mozilla/5.0 (iPhone; CPU iPhone OS 8_1_3 like Mac OS X) AppleWebKit/600.1.4 (KHTML, like Gecko) Mobile/12B466 (5717941264)" -
182.124.116.247 - - [27/Apr/2015:00:34:58 +0800][0.000] "GET /v.gif?rank_list_name=2015%E5%B9%B4%E4%BA%92%E8%81%94%E7%BD%91%E7%90%86%E8%B4%A2%E5%93%AA%E5%AE%B6%E5%BC%BA&isSub=true&t=rank_list_click_log&did=B92CE805-912C-4836-A1E0-EE228B168FE2&p=app&page=%23%2Ftab%2Frank HTTP/1.1" 200 0 "-" "Mozilla/5.0 (iPhone; CPU iPhone OS 7_1_2 like Mac OS X) AppleWebKit/537.51.2 (KHTML, like Gecko) Mobile/11D257 (383591600)" -
115.193.186.100 - - [27/Apr/2015:00:35:01 +0800][0.000] "GET /v.gif?rank_list_name=%E6%9C%80%E5%8F%97%E6%AC%A2%E8%BF%8EP2P%E5%B9%B3%E5%8F%B0%E6%8E%92%E8%A1%8C&isSub=true&t=rank_list_click_log&did=3F042D7C-16A8-4189-A4C2-3E8233F73F1D&p=app&page=%23%2Ftab%2Frank HTTP/1.1" 200 0 "-" "Mozilla/5.0 (iPhone; CPU iPhone OS 8_1_3 like Mac OS X) AppleWebKit/600.1.4 (KHTML, like Gecko) Mobile/12B466 (5717941264)" -
183.69.197.134 - - [27/Apr/2015:00:35:05 +0800][0.000] "GET /v.gif?t=search_do&did=7B2FED51-8420-4AC8-B274-57ACE1425F03&p=app&page=%23%2Ftab%2Fprofit%2Fsearch%2Fresult%3Fquery%3D%25E7%2599%25BE%25E5%25BA%25A6%25E7%2599%25BE%25E8%25B5%259A%25E5%2588%25A9%25E6%25BB%259A%25E5%2588%25A9%26fr%3Dadd HTTP/1.1" 200 0 "-" "Mozilla/5.0 (iPhone; CPU iPhone OS 8_2 like Mac OS X) AppleWebKit/600.1.4 (KHTML, like Gecko) Mobile/12D508 (4938891776)" -
115.193.186.100 - - [27/Apr/2015:00:35:07 +0800][0.000] "GET /v.gif?rank_list_name=%E6%9C%80%E5%8F%97%E6%AC%A2%E8%BF%8EP2P%E5%B9%B3%E5%8F%B0%E6%8E%92%E8%A1%8C&product_name=%E7%BA%A2%E5%B2%AD%E5%88%9B%E6%8A%95&rank_index=1&t=rank_list_item_click_log&did=3F042D7C-16A8-4189-A4C2-3E8233F73F1D&p=app&page=%23%2Ftab%2Frank%2Finfo%2F100181471 HTTP/1.1" 200 0 "-" "Mozilla/5.0 (iPhone; CPU iPhone OS 8_1_3 like Mac OS X) AppleWebKit/600.1.4 (KHTML, like Gecko) Mobile/12B466 (5717941264)" -
183.69.197.134 - - [27/Apr/2015:00:35:12 +0800][0.000] "GET /v.gif?t=search_do&did=7B2FED51-8420-4AC8-B274-57ACE1425F03&p=app&page=%23%2Ftab%2Fprofit%2Fsearch%2Fresult%3Fquery%3D%25E7%2599%25BE%25E5%25BA%25A6%25E7%2599%25BE%25E8%25B5%259A%25E5%2588%25A9%25E6%25BB%259A%25E5%2588%25A9%26fr%3Dadd HTTP/1.1" 200 0 "-" "Mozilla/5.0 (iPhone; CPU iPhone OS 8_2 like Mac OS X) AppleWebKit/600.1.4 (KHTML, like Gecko) Mobile/12D508 (4938891776)" -
115.193.186.100 - - [27/Apr/2015:00:35:15 +0800][0.000] "GET /v.gif?rank_list_name=%E7%9F%A5%E5%90%8D%E9%93%B6%E8%A1%8C%E7%9F%AD%E6%9C%9F%E7%90%86%E8%B4%A2%E6%8E%92%E8%A1%8C&isSub=true&t=rank_list_click_log&did=3F042D7C-16A8-4189-A4C2-3E8233F73F1D&p=app&page=%23%2Ftab%2Frank HTTP/1.1" 200 0 "-" "Mozilla/5.0 (iPhone; CPU iPhone OS 8_1_3 like Mac OS X) AppleWebKit/600.1.4 (KHTML, like Gecko) Mobile/12B466 (5717941264)" -
115.193.186.100 - - [27/Apr/2015:00:35:23 +0800][0.000] "GET /v.gif?rank_list_name=%E7%9F%A5%E5%90%8D%E9%93%B6%E8%A1%8C%E7%9F%AD%E6%9C%9F%E7%90%86%E8%B4%A2%E6%8E%92%E8%A1%8C&product_name=%E2%80%9C%E6%99%BA%E7%9B%88%E5%AE%9D%E2%80%9D2015%E5%B9%B4%E7%AC%AC16%E6%9C%9F3MA%E6%AC%BE&rank_index=12&t=rank_list_item_click_log&did=3F042D7C-16A8-4189-A4C2-3E8233F73F1D&p=app&page=%23%2Ftab%2Frank%2Finfo%2F100181460 HTTP/1.1" 200 0 "-" "Mozilla/5.0 (iPhone; CPU iPhone OS 8_1_3 like Mac OS X) AppleWebKit/600.1.4 (KHTML, like Gecko) Mobile/12B466 (5717941264)" -
115.193.186.100 - - [27/Apr/2015:00:35:24 +0800][0.000] "GET /v.gif?t=%E8%AF%A6%E6%83%85%E9%A1%B5%E9%9D%A2&did=3F042D7C-16A8-4189-A4C2-3E8233F73F1D&p=app&page=%23%2Ftab%2Frank%2F50326431 HTTP/1.1" 200 0 "-" "Mozilla/5.0 (iPhone; CPU iPhone OS 8_1_3 like Mac OS X) AppleWebKit/600.1.4 (KHTML, like Gecko) Mobile/12B466 (5717941264)" -
115.193.186.100 - - [27/Apr/2015:00:35:30 +0800][0.000] "GET /v.gif?t=calculate_profit&did=3F042D7C-16A8-4189-A4C2-3E8233F73F1D&p=app&page=%23%2Ftab%2Frank%2F50326431 HTTP/1.1" 200 0 "-" "Mozilla/5.0 (iPhone; CPU iPhone OS 8_1_3 like Mac OS X) AppleWebKit/600.1.4 (KHTML, like Gecko) Mobile/12B466 (5717941264)" -
182.124.116.247 - - [27/Apr/2015:00:35:32 +0800][0.000] "GET /v.gif?rank_list_name=%E6%9C%80%E5%8F%97%E6%AC%A2%E8%BF%8EP2P%E5%B9%B3%E5%8F%B0%E6%8E%92%E8%A1%8C&isSub=true&t=rank_list_click_log&did=B92CE805-912C-4836-A1E0-EE228B168FE2&p=app&page=%23%2Ftab%2Frank HTTP/1.1" 200 0 "-" "Mozilla/5.0 (iPhone; CPU iPhone OS 7_1_2 like Mac OS X) AppleWebKit/537.51.2 (KHTML, like Gecko) Mobile/11D257 (383591600)" -
183.69.197.134 - - [27/Apr/2015:00:35:33 +0800][0.000] "GET /v.gif?t=search_do&did=7B2FED51-8420-4AC8-B274-57ACE1425F03&p=app&page=%23%2Ftab%2Fprofit%2Fsearch%2Fresult%3Fquery%3D%25E4%25BA%25BA%25E4%25BA%25BA%25E8%25B4%25B7%26fr%3Dadd HTTP/1.1" 200 0 "-" "Mozilla/5.0 (iPhone; CPU iPhone OS 8_2 like Mac OS X) AppleWebKit/600.1.4 (KHTML, like Gecko) Mobile/12D508 (4938891776)" -
115.193.186.100 - - [27/Apr/2015:00:35:46 +0800][0.000] "GET /v.gif?rank_list_name=%E7%9F%A5%E5%90%8D%E9%93%B6%E8%A1%8C%E7%9F%AD%E6%9C%9F%E7%90%86%E8%B4%A2%E6%8E%92%E8%A1%8C&product_name=%E9%9D%9E%E5%87%A1%E8%B5%84%E4%BA%A7%E7%AE%A1%E7%90%86%E5%8F%8C%E6%9C%88%E5%A2%9E%E5%88%A9%E7%AC%AC179%E6%9C%9F%EF%BC%88%E6%96%B0%E5%96%9C%EF%BC%89%E6%AC%BE&rank_index=1&t=rank_list_item_click_log&did=3F042D7C-16A8-4189-A4C2-3E8233F73F1D&p=app&page=%23%2Ftab%2Frank%2Finfo%2F100181460 HTTP/1.1" 200 0 "-" "Mozilla/5.0 (iPhone; CPU iPhone OS 8_1_3 like Mac OS X) AppleWebKit/600.1.4 (KHTML, like Gecko) Mobile/12B466 (5717941264)" -
115.193.186.100 - - [27/Apr/2015:00:35:46 +0800][0.000] "GET /v.gif?t=%E8%AF%A6%E6%83%85%E9%A1%B5%E9%9D%A2&did=3F042D7C-16A8-4189-A4C2-3E8233F73F1D&p=app&page=%23%2Ftab%2Frank%2F50335973 HTTP/1.1" 200 0 "-" "Mozilla/5.0 (iPhone; CPU iPhone OS 8_1_3 like Mac OS X) AppleWebKit/600.1.4 (KHTML, like Gecko) Mobile/12B466 (5717941264)" -
183.69.197.134 - - [27/Apr/2015:00:35:48 +0800][0.000] "GET /v.gif?t=search_do&did=7B2FED51-8420-4AC8-B274-57ACE1425F03&p=app&page=%23%2Ftab%2Fprofit%2Fsearch%2Fresult%3Fquery%3D%25E9%2599%2586%25E9%2587%2591%25E6%2589%2580%26fr%3Dadd HTTP/1.1" 200 0 "-" "Mozilla/5.0 (iPhone; CPU iPhone OS 8_2 like Mac OS X) AppleWebKit/600.1.4 (KHTML, like Gecko) Mobile/12D508 (4938891776)" -
182.124.116.247 - - [27/Apr/2015:00:35:49 +0800][0.000] "GET /v.gif?rank_list_name=%E6%9C%80%E5%8F%97%E6%AC%A2%E8%BF%8EP2P%E5%B9%B3%E5%8F%B0%E6%8E%92%E8%A1%8C&product_name=%E9%87%91%E8%9E%8D%E5%B7%A5%E5%9C%BA&rank_index=23&t=rank_list_item_click_log&did=B92CE805-912C-4836-A1E0-EE228B168FE2&p=app&page=%23%2Ftab%2Frank%2Finfo%2F100181471 HTTP/1.1" 200 0 "-" "Mozilla/5.0 (iPhone; CPU iPhone OS 7_1_2 like Mac OS X) AppleWebKit/537.51.2 (KHTML, like Gecko) Mobile/11D257 (383591600)" -
115.193.186.100 - - [27/Apr/2015:00:35:49 +0800][0.000] "GET /v.gif?t=calculate_profit&did=3F042D7C-16A8-4189-A4C2-3E8233F73F1D&p=app&page=%23%2Ftab%2Frank%2F50335973 HTTP/1.1" 200 0 "-" "Mozilla/5.0 (iPhone; CPU iPhone OS 8_1_3 like Mac OS X) AppleWebKit/600.1.4 (KHTML, like Gecko) Mobile/12B466 (5717941264)" -
183.69.197.134 - - [27/Apr/2015:00:36:06 +0800][0.000] "GET /v.gif?t=search_do&did=7B2FED51-8420-4AC8-B274-57ACE1425F03&p=app&page=%23%2Ftab%2Fprofit%2Fsearch%2Fresult%3Fquery%3D%25E9%2599%2586%25E9%2587%2591%25E6%2589%2580%26fr%3Dadd HTTP/1.1" 200 0 "-" "Mozilla/5.0 (iPhone; CPU iPhone OS 8_2 like Mac OS X) AppleWebKit/600.1.4 (KHTML, like Gecko) Mobile/12D508 (4938891776)" -
115.193.186.100 - - [27/Apr/2015:00:36:07 +0800][0.000] "GET /v.gif?rank_list_name=2015%E5%B9%B4%E4%BA%92%E8%81%94%E7%BD%91%E7%90%86%E8%B4%A2%E5%93%AA%E5%AE%B6%E5%BC%BA&isSub=true&t=rank_list_click_log&did=3F042D7C-16A8-4189-A4C2-3E8233F73F1D&p=app&page=%23%2Ftab%2Frank HTTP/1.1" 200 0 "-" "Mozilla/5.0 (iPhone; CPU iPhone OS 8_1_3 like Mac OS X) AppleWebKit/600.1.4 (KHTML, like Gecko) Mobile/12B466 (5717941264)" -
182.124.116.247 - - [27/Apr/2015:00:36:12 +0800][0.000] "GET /v.gif?rank_list_name=%E4%BA%92%E8%81%94%E7%BD%91%E5%AE%9D%E5%AE%9D%E7%B1%BB%E7%90%86%E8%B4%A2%E6%9C%88%E6%8E%92%E8%A1%8C&isSub=true&t=rank_list_click_log&did=B92CE805-912C-4836-A1E0-EE228B168FE2&p=app&page=%23%2Ftab%2Frank HTTP/1.1" 200 0 "-" "Mozilla/5.0 (iPhone; CPU iPhone OS 7_1_2 like Mac OS X) AppleWebKit/537.51.2 (KHTML, like Gecko) Mobile/11D257 (383591600)" -
115.193.186.100 - - [27/Apr/2015:00:36:15 +0800][0.000] "GET /v.gif?rank_list_name=2015%E5%B9%B4%E4%BA%92%E8%81%94%E7%BD%91%E7%90%86%E8%B4%A2%E5%93%AA%E5%AE%B6%E5%BC%BA&product_name=%E8%85%BE%E8%AE%AF%E4%BD%A3%E9%87%91%E5%AE%9D&rank_index=1&t=rank_list_item_click_log&did=3F042D7C-16A8-4189-A4C2-3E8233F73F1D&p=app&page=%23%2Ftab%2Frank%2Finfo%2F100181459 HTTP/1.1" 200 0 "-" "Mozilla/5.0 (iPhone; CPU iPhone OS 8_1_3 like Mac OS X) AppleWebKit/600.1.4 (KHTML, like Gecko) Mobile/12B466 (5717941264)" -
115.193.186.100 - - [27/Apr/2015:00:36:16 +0800][0.000] "GET /v.gif?t=%E8%AF%A6%E6%83%85%E9%A1%B5%E9%9D%A2&did=3F042D7C-16A8-4189-A4C2-3E8233F73F1D&p=app&page=%23%2Ftab%2Frank%2F40003633 HTTP/1.1" 200 0 "-" "Mozilla/5.0 (iPhone; CPU iPhone OS 8_1_3 like Mac OS X) AppleWebKit/600.1.4 (KHTML, like Gecko) Mobile/12B466 (5717941264)" -
182.124.116.247 - - [27/Apr/2015:00:36:16 +0800][0.000] "GET /v.gif?rank_list_name=%E4%BA%92%E8%81%94%E7%BD%91%E5%AE%9D%E5%AE%9D%E7%B1%BB%E7%90%86%E8%B4%A2%E6%9C%88%E6%8E%92%E8%A1%8C&isSub=true&t=rank_list_click_log&did=B92CE805-912C-4836-A1E0-EE228B168FE2&p=app&page=%23%2Ftab%2Frank%2Finfo%2F100181419 HTTP/1.1" 200 0 "-" "Mozilla/5.0 (iPhone; CPU iPhone OS 7_1_2 like Mac OS X) AppleWebKit/537.51.2 (KHTML, like Gecko) Mobile/11D257 (383591600)" -
183.69.197.134 - - [27/Apr/2015:00:36:19 +0800][0.000] "GET /v.gif?t=%E6%B7%BB%E5%8A%A0%E9%A1%B5%E9%9D%A2&did=7B2FED51-8420-4AC8-B274-57ACE1425F03&p=app&page=%23%2Ftab%2Fprofit%2Fadd%2Fp2p%2F90070974 HTTP/1.1" 200 0 "-" "Mozilla/5.0 (iPhone; CPU iPhone OS 8_2 like Mac OS X) AppleWebKit/600.1.4 (KHTML, like Gecko) Mobile/12D508 (4938891776)" -
115.193.186.100 - - [27/Apr/2015:00:36:32 +0800][0.000] "GET /v.gif?rank_list_name=2015%E5%B9%B4%E4%BA%92%E8%81%94%E7%BD%91%E7%90%86%E8%B4%A2%E5%93%AA%E5%AE%B6%E5%BC%BA&product_name=%E5%BE%AE%E4%BF%A1%E7%90%86%E8%B4%A2%E9%80%9A&rank_index=3&t=rank_list_item_click_log&did=3F042D7C-16A8-4189-A4C2-3E8233F73F1D&p=app&page=%23%2Ftab%2Frank%2Finfo%2F100181459 HTTP/1.1" 200 0 "-" "Mozilla/5.0 (iPhone; CPU iPhone OS 8_1_3 like Mac OS X) AppleWebKit/600.1.4 (KHTML, like Gecko) Mobile/12B466 (5717941264)" -
115.193.186.100 - - [27/Apr/2015:00:36:33 +0800][0.000] "GET /v.gif?t=%E8%AF%A6%E6%83%85%E9%A1%B5%E9%9D%A2&did=3F042D7C-16A8-4189-A4C2-3E8233F73F1D&p=app&page=%23%2Ftab%2Frank%2F40003684 HTTP/1.1" 200 0 "-" "Mozilla/5.0 (iPhone; CPU iPhone OS 8_1_3 like Mac OS X) AppleWebKit/600.1.4 (KHTML, like Gecko) Mobile/12B466 (5717941264)" -
115.193.186.100 - - [27/Apr/2015:00:36:37 +0800][0.000] "GET /v.gif?rank_list_name=2015%E5%B9%B4%E4%BA%92%E8%81%94%E7%BD%91%E7%90%86%E8%B4%A2%E5%93%AA%E5%AE%B6%E5%BC%BA&product_name=%E7%99%BE%E5%BA%A6%E7%99%BE%E8%B5%9A%E5%88%A9%E6%BB%9A%E5%88%A9&rank_index=2&t=rank_list_item_click_log&did=3F042D7C-16A8-4189-A4C2-3E8233F73F1D&p=app&page=%23%2Ftab%2Frank%2Finfo%2F100181459 HTTP/1.1" 200 0 "-" "Mozilla/5.0 (iPhone; CPU iPhone OS 8_1_3 like Mac OS X) AppleWebKit/600.1.4 (KHTML, like Gecko) Mobile/12B466 (5717941264)" -
115.193.186.100 - - [27/Apr/2015:00:36:37 +0800][0.000] "GET /v.gif?t=%E8%AF%A6%E6%83%85%E9%A1%B5%E9%9D%A2&did=3F042D7C-16A8-4189-A4C2-3E8233F73F1D&p=app&page=%23%2Ftab%2Frank%2F40003682 HTTP/1.1" 200 0 "-" "Mozilla/5.0 (iPhone; CPU iPhone OS 8_1_3 like Mac OS X) AppleWebKit/600.1.4 (KHTML, like Gecko) Mobile/12B466 (5717941264)" -
115.193.186.100 - - [27/Apr/2015:00:36:45 +0800][0.000] "GET /v.gif?rank_list_name=%E4%BF%A1%E6%89%98%E4%BA%A7%E5%93%81%E6%94%B6%E7%9B%8A%E6%8E%92%E8%A1%8C&isSub=true&t=rank_list_click_log&did=3F042D7C-16A8-4189-A4C2-3E8233F73F1D&p=app&page=%23%2Ftab%2Frank HTTP/1.1" 200 0 "-" "Mozilla/5.0 (iPhone; CPU iPhone OS 8_1_3 like Mac OS X) AppleWebKit/600.1.4 (KHTML, like Gecko) Mobile/12B466 (5717941264)" -
115.193.186.100 - - [27/Apr/2015:00:36:48 +0800][0.000] "GET /v.gif?rank_list_name=%E4%BF%A1%E6%89%98%E4%BA%A7%E5%93%81%E6%94%B6%E7%9B%8A%E6%8E%92%E8%A1%8C&product_name=%E5%A4%AA%E9%BE%99%E9%87%91%E8%8C%82%E5%81%A5%E5%BA%B7%E4%BA%A7%E4%B8%9A%E5%B9%B6%E8%B4%AD%E5%9F%BA%E9%87%91%E9%9B%86%E5%90%88%E8%B5%84%E9%87%91%E4%BF%A1%E6%89%98%E8%AE%A1%E5%88%92&rank_index=1&t=rank_list_item_click_log&did=3F042D7C-16A8-4189-A4C2-3E8233F73F1D&p=app&page=%23%2Ftab%2Frank%2Finfo%2F100181714 HTTP/1.1" 200 0 "-" "Mozilla/5.0 (iPhone; CPU iPhone OS 8_1_3 like Mac OS X) AppleWebKit/600.1.4 (KHTML, like Gecko) Mobile/12B466 (5717941264)" -
115.193.186.100 - - [27/Apr/2015:00:36:49 +0800][0.000] "GET /v.gif?t=%E8%AF%A6%E6%83%85%E9%A1%B5%E9%9D%A2&did=3F042D7C-16A8-4189-A4C2-3E8233F73F1D&p=app&page=%23%2Ftab%2Frank%2F60297421 HTTP/1.1" 200 0 "-" "Mozilla/5.0 (iPhone; CPU iPhone OS 8_1_3 like Mac OS X) AppleWebKit/600.1.4 (KHTML, like Gecko) Mobile/12B466 (5717941264)" -
115.193.186.100 - - [27/Apr/2015:00:36:55 +0800][0.000] "GET /v.gif?rank_list_name=%E4%BF%A1%E6%89%98%E4%BA%A7%E5%93%81%E6%94%B6%E7%9B%8A%E6%8E%92%E8%A1%8C&product_name=%E9%B8%BF%E9%81%93%E5%9B%BD%E4%BC%81%E6%94%B9%E9%9D%A9%E8%AF%81%E5%88%B8%E6%8A%95%E8%B5%84%E9%9B%86%E5%90%88%E8%B5%84%E9%87%91%E4%BF%A1%E6%89%98%E8%AE%A1%E5%88%92&rank_index=2&t=rank_list_item_click_log&did=3F042D7C-16A8-4189-A4C2-3E8233F73F1D&p=app&page=%23%2Ftab%2Frank%2Finfo%2F100181714 HTTP/1.1" 200 0 "-" "Mozilla/5.0 (iPhone; CPU iPhone OS 8_1_3 like Mac OS X) AppleWebKit/600.1.4 (KHTML, like Gecko) Mobile/12B466 (5717941264)" -
115.193.186.100 - - [27/Apr/2015:00:36:56 +0800][0.000] "GET /v.gif?t=%E8%AF%A6%E6%83%85%E9%A1%B5%E9%9D%A2&did=3F042D7C-16A8-4189-A4C2-3E8233F73F1D&p=app&page=%23%2Ftab%2Frank%2F60124609 HTTP/1.1" 200 0 "-" "Mozilla/5.0 (iPhone; CPU iPhone OS 8_1_3 like Mac OS X) AppleWebKit/600.1.4 (KHTML, like Gecko) Mobile/12B466 (5717941264)" -
182.124.116.247 - - [27/Apr/2015:00:37:02 +0800][0.000] "GET /v.gif?rank_list_name=2015%E5%B9%B4%E4%BA%92%E8%81%94%E7%BD%91%E7%90%86%E8%B4%A2%E5%93%AA%E5%AE%B6%E5%BC%BA&isSub=true&t=rank_list_click_log&did=B92CE805-912C-4836-A1E0-EE228B168FE2&p=app&page=%23%2Ftab%2Frank HTTP/1.1" 200 0 "-" "Mozilla/5.0 (iPhone; CPU iPhone OS 7_1_2 like Mac OS X) AppleWebKit/537.51.2 (KHTML, like Gecko) Mobile/11D257 (383591600)" -
115.193.186.100 - - [27/Apr/2015:00:37:09 +0800][0.000] "GET /v.gif?rank_list_name=%E4%BF%A1%E6%89%98%E4%BA%A7%E5%93%81%E6%94%B6%E7%9B%8A%E6%8E%92%E8%A1%8C&product_name=%E4%B8%AD%E5%8E%9F%E8%B4%A2%E5%AF%8C-%E5%AE%8F%E4%B8%9A147%E6%9C%9F-%E9%9B%86%E5%90%88%E4%BF%A1%E6%89%98%E8%AE%A1%E5%88%92&rank_index=4&t=rank_list_item_click_log&did=3F042D7C-16A8-4189-A4C2-3E8233F73F1D&p=app&page=%23%2Ftab%2Frank%2Finfo%2F100181714 HTTP/1.1" 200 0 "-" "Mozilla/5.0 (iPhone; CPU iPhone OS 8_1_3 like Mac OS X) AppleWebKit/600.1.4 (KHTML, like Gecko) Mobile/12B466 (5717941264)" -
115.193.186.100 - - [27/Apr/2015:00:37:09 +0800][0.000] "GET /v.gif?t=%E8%AF%A6%E6%83%85%E9%A1%B5%E9%9D%A2&did=3F042D7C-16A8-4189-A4C2-3E8233F73F1D&p=app&page=%23%2Ftab%2Frank%2F60162515 HTTP/1.1" 200 0 "-" "Mozilla/5.0 (iPhone; CPU iPhone OS 8_1_3 like Mac OS X) AppleWebKit/600.1.4 (KHTML, like Gecko) Mobile/12B466 (5717941264)" -
182.124.116.247 - - [27/Apr/2015:00:37:12 +0800][0.000] "GET /v.gif?rank_list_name=%E6%9C%88%E5%BA%A6%E6%9C%80%E8%B5%9A%E5%9F%BA%E9%87%91%E6%8E%92%E8%A1%8C&isSub=true&t=rank_list_click_log&did=B92CE805-912C-4836-A1E0-EE228B168FE2&p=app&page=%23%2Ftab%2Frank HTTP/1.1" 200 0 "-" "Mozilla/5.0 (iPhone; CPU iPhone OS 7_1_2 like Mac OS X) AppleWebKit/537.51.2 (KHTML, like Gecko) Mobile/11D257 (383591600)" -
115.193.186.100 - - [27/Apr/2015:00:37:15 +0800][0.000] "GET /v.gif?rank_list_name=%E4%BF%A1%E6%89%98%E4%BA%A7%E5%93%81%E6%94%B6%E7%9B%8A%E6%8E%92%E8%A1%8C&product_name=%E5%A4%AA%E9%BE%99%E9%87%91%E8%8C%82%E5%81%A5%E5%BA%B7%E4%BA%A7%E4%B8%9A%E5%B9%B6%E8%B4%AD%E5%9F%BA%E9%87%91%E9%9B%86%E5%90%88%E8%B5%84%E9%87%91%E4%BF%A1%E6%89%98%E8%AE%A1%E5%88%92&rank_index=1&t=rank_list_item_click_log&did=3F042D7C-16A8-4189-A4C2-3E8233F73F1D&p=app&page=%23%2Ftab%2Frank HTTP/1.1" 200 0 "-" "Mozilla/5.0 (iPhone; CPU iPhone OS 8_1_3 like Mac OS X) AppleWebKit/600.1.4 (KHTML, like Gecko) Mobile/12B466 (5717941264)" -
115.193.186.100 - - [27/Apr/2015:00:37:15 +0800][0.000] "GET /v.gif?t=%E8%AF%A6%E6%83%85%E9%A1%B5%E9%9D%A2&did=3F042D7C-16A8-4189-A4C2-3E8233F73F1D&p=app&page=%23%2Ftab%2Frank%2F60297421 HTTP/1.1" 200 0 "-" "Mozilla/5.0 (iPhone; CPU iPhone OS 8_1_3 like Mac OS X) AppleWebKit/600.1.4 (KHTML, like Gecko) Mobile/12B466 (5717941264)" -
115.193.186.100 - - [27/Apr/2015:00:37:18 +0800][0.000] "GET /v.gif?rank_list_name=%E4%BF%A1%E6%89%98%E4%BA%A7%E5%93%81%E6%94%B6%E7%9B%8A%E6%8E%92%E8%A1%8C&isSub=true&t=rank_list_click_log&did=3F042D7C-16A8-4189-A4C2-3E8233F73F1D&p=app&page=%23%2Ftab%2Frank HTTP/1.1" 200 0 "-" "Mozilla/5.0 (iPhone; CPU iPhone OS 8_1_3 like Mac OS X) AppleWebKit/600.1.4 (KHTML, like Gecko) Mobile/12B466 (5717941264)" -
113.67.132.183 - - [27/Apr/2015:00:37:19 +0800][0.000] "GET /v.gif?rank_list_name=%E4%BA%92%E8%81%94%E7%BD%91%E5%AE%9D%E5%AE%9D%E7%B1%BB%E7%90%86%E8%B4%A2%E6%9C%88%E6%8E%92%E8%A1%8C&isSub=true&t=rank_list_click_log&did=59b2565e5f1fc9b4&p=app&page=%23%2Ftab%2Frank HTTP/1.1" 200 0 "-" "Mozilla/5.0 (Linux; Android 4.4.2; HUAWEI P7-L09 Build/HuaweiP7-L09) AppleWebKit/537.36 (KHTML, like Gecko) Version/4.0 Chrome/30.0.0.0 Mobile Safari/537.36" -
182.124.116.247 - - [27/Apr/2015:00:37:20 +0800][0.000] "GET /v.gif?rank_list_name=%E7%9F%A5%E5%90%8D%E9%93%B6%E8%A1%8C%E7%9F%AD%E6%9C%9F%E7%90%86%E8%B4%A2%E6%8E%92%E8%A1%8C&isSub=true&t=rank_list_click_log&did=B92CE805-912C-4836-A1E0-EE228B168FE2&p=app&page=%23%2Ftab%2Frank HTTP/1.1" 200 0 "-" "Mozilla/5.0 (iPhone; CPU iPhone OS 7_1_2 like Mac OS X) AppleWebKit/537.51.2 (KHTML, like Gecko) Mobile/11D257 (383591600)" -
182.124.116.247 - - [27/Apr/2015:00:37:30 +0800][0.000] "GET /v.gif?rank_list_name=%E7%9F%A5%E5%90%8D%E9%93%B6%E8%A1%8C%E7%9F%AD%E6%9C%9F%E7%90%86%E8%B4%A2%E6%8E%92%E8%A1%8C&product_name=%E2%80%9C%E6%99%BA%E7%9B%88%E5%AE%9D%E2%80%9D2015%E5%B9%B4%E7%AC%AC16%E6%9C%9F3MA%E6%AC%BE&rank_index=12&t=rank_list_item_click_log&did=B92CE805-912C-4836-A1E0-EE228B168FE2&p=app&page=%23%2Ftab%2Frank%2Finfo%2F100181460 HTTP/1.1" 200 0 "-" "Mozilla/5.0 (iPhone; CPU iPhone OS 7_1_2 like Mac OS X) AppleWebKit/537.51.2 (KHTML, like Gecko) Mobile/11D257 (383591600)" -
182.124.116.247 - - [27/Apr/2015:00:37:30 +0800][0.000] "GET /v.gif?t=%E8%AF%A6%E6%83%85%E9%A1%B5%E9%9D%A2&did=B92CE805-912C-4836-A1E0-EE228B168FE2&p=app&page=%23%2Ftab%2Frank%2F50326431 HTTP/1.1" 200 0 "-" "Mozilla/5.0 (iPhone; CPU iPhone OS 7_1_2 like Mac OS X) AppleWebKit/537.51.2 (KHTML, like Gecko) Mobile/11D257 (383591600)" -
182.124.116.247 - - [27/Apr/2015:00:37:49 +0800][0.000] "GET /v.gif?rank_list_name=%E9%93%B6%E8%A1%8C%E7%B3%BB%E5%AE%9D%E5%AE%9D%E7%B1%BB%E7%90%86%E8%B4%A2%E6%9C%88%E6%8E%92%E8%A1%8C&isSub=false&t=rank_list_click_log&did=B92CE805-912C-4836-A1E0-EE228B168FE2&p=app&page=%23%2Ftab%2Frank%2Fadd HTTP/1.1" 200 0 "-" "Mozilla/5.0 (iPhone; CPU iPhone OS 7_1_2 like Mac OS X) AppleWebKit/537.51.2 (KHTML, like Gecko) Mobile/11D257 (383591600)" -
115.193.186.100 - - [27/Apr/2015:00:37:55 +0800][0.000] "GET /v.gif?rank_list_name=%E4%BF%9D%E6%9C%AC%E6%9C%89%E5%90%8E%E5%8F%B0P2P%E5%B9%B3%E5%8F%B0%E6%8E%92%E8%A1%8C&isSub=false&t=rank_list_click_log&did=3F042D7C-16A8-4189-A4C2-3E8233F73F1D&p=app&page=%23%2Ftab%2Frank%2Fadd HTTP/1.1" 200 0 "-" "Mozilla/5.0 (iPhone; CPU iPhone OS 8_1_3 like Mac OS X) AppleWebKit/600.1.4 (KHTML, like Gecko) Mobile/12B466 (5717941264)" -
115.193.186.100 - - [27/Apr/2015:00:38:00 +0800][0.000] "GET /v.gif?rank_list_name=%E6%9C%80%E5%8F%97%E6%AC%A2%E8%BF%8EP2P%E5%B9%B3%E5%8F%B0%E6%8E%92%E8%A1%8C&isSub=true&t=rank_list_click_log&did=3F042D7C-16A8-4189-A4C2-3E8233F73F1D&p=app&page=%23%2Ftab%2Frank%2Fadd HTTP/1.1" 200 0 "-" "Mozilla/5.0 (iPhone; CPU iPhone OS 8_1_3 like Mac OS X) AppleWebKit/600.1.4 (KHTML, like Gecko) Mobile/12B466 (5717941264)" -
115.193.186.100 - - [27/Apr/2015:00:38:01 +0800][0.000] "GET /v.gif?rank_list_name=%E6%9C%80%E5%8F%97%E6%AC%A2%E8%BF%8EP2P%E5%B9%B3%E5%8F%B0%E6%8E%92%E8%A1%8C&isSub=true&t=rank_list_click_log&did=3F042D7C-16A8-4189-A4C2-3E8233F73F1D&p=app&page=%23%2Ftab%2Frank%2Fadd HTTP/1.1" 200 0 "-" "Mozilla/5.0 (iPhone; CPU iPhone OS 8_1_3 like Mac OS X) AppleWebKit/600.1.4 (KHTML, like Gecko) Mobile/12B466 (5717941264)" -
182.124.116.247 - - [27/Apr/2015:00:38:15 +0800][0.000] "GET /v.gif?rank_list_name=2015%E5%B9%B4%E4%BA%92%E8%81%94%E7%BD%91%E7%90%86%E8%B4%A2%E5%93%AA%E5%AE%B6%E5%BC%BA&isSub=true&t=rank_list_click_log&did=B92CE805-912C-4836-A1E0-EE228B168FE2&p=app&page=%23%2Ftab%2Frank HTTP/1.1" 200 0 "-" "Mozilla/5.0 (iPhone; CPU iPhone OS 7_1_2 like Mac OS X) AppleWebKit/537.51.2 (KHTML, like Gecko) Mobile/11D257 (383591600)" -
182.124.116.247 - - [27/Apr/2015:00:38:17 +0800][0.000] "GET /v.gif?rank_list_name=%E9%93%B6%E8%A1%8C%E7%B3%BB%E5%AE%9D%E5%AE%9D%E7%B1%BB%E7%90%86%E8%B4%A2%E6%9C%88%E6%8E%92%E8%A1%8C&isSub=true&t=rank_list_click_log&did=B92CE805-912C-4836-A1E0-EE228B168FE2&p=app&page=%23%2Ftab%2Frank%2Finfo%2F100181459 HTTP/1.1" 200 0 "-" "Mozilla/5.0 (iPhone; CPU iPhone OS 7_1_2 like Mac OS X) AppleWebKit/537.51.2 (KHTML, like Gecko) Mobile/11D257 (383591600)" -
182.124.116.247 - - [27/Apr/2015:00:38:22 +0800][0.000] "GET /v.gif?rank_list_name=%E9%93%B6%E8%A1%8C%E7%B3%BB%E5%AE%9D%E5%AE%9D%E7%B1%BB%E7%90%86%E8%B4%A2%E6%9C%88%E6%8E%92%E8%A1%8C&isSub=true&t=rank_list_click_log&did=B92CE805-912C-4836-A1E0-EE228B168FE2&p=app&page=%23%2Ftab%2Frank%2Finfo%2F100181425 HTTP/1.1" 200 0 "-" "Mozilla/5.0 (iPhone; CPU iPhone OS 7_1_2 like Mac OS X) AppleWebKit/537.51.2 (KHTML, like Gecko) Mobile/11D257 (383591600)" -
115.193.186.100 - - [27/Apr/2015:00:38:23 +0800][0.000] "GET /v.gif?rank_list_name=%E4%BF%A1%E6%89%98%E4%BA%A7%E5%93%81%E6%94%B6%E7%9B%8A%E6%8E%92%E8%A1%8C&isSub=true&t=rank_list_click_log&did=3F042D7C-16A8-4189-A4C2-3E8233F73F1D&p=app&page=%23%2Ftab%2Frank%2Fadd HTTP/1.1" 200 0 "-" "Mozilla/5.0 (iPhone; CPU iPhone OS 8_1_3 like Mac OS X) AppleWebKit/600.1.4 (KHTML, like Gecko) Mobile/12B466 (5717941264)" -
